Exp2  arms=['A5']  order=main  seeds=[10]  B=8 c=1 epochs=5 arch=flat alloc=per_budget prior=discriminative head=fixed beta_u=0.1 replay_k=1 λ=(1.0,1.0,1.0)
  ▶ A5 (Ours (Replay+KD+eq)) seed=10
    ── stage 0: tcga_lung
      epoch 1/5 n=771 mean_loss=0.5431
      epoch 2/5 n=771 mean_loss=0.4441
      epoch 3/5 n=771 mean_loss=0.3960
      epoch 4/5 n=771 mean_loss=0.3671
      epoch 5/5 n=771 mean_loss=0.3826
       記憶體 +771 → |M|=512
       eval tcga_lung  class-IL=0.8778 task-IL=0.8778
    ── stage 1: tcga_brca
      epoch 1/5 n=763 mean_loss=1.5648
      epoch 2/5 n=763 mean_loss=1.4976
      epoch 3/5 n=763 mean_loss=1.2683
      epoch 4/5 n=763 mean_loss=0.9488
      epoch 5/5 n=763 mean_loss=1.0849
       記憶體 +763 → |M|=512
       eval tcga_lung  class-IL=0.8556 task-IL=0.8778
       eval tcga_brca  class-IL=0.8242 task-IL=0.8681
    ── stage 2: tcga_rcc
      epoch 1/5 n=618 mean_loss=1.4233
      epoch 2/5 n=618 mean_loss=1.2251
      epoch 3/5 n=618 mean_loss=1.2013
      epoch 4/5 n=618 mean_loss=0.9682
      epoch 5/5 n=618 mean_loss=1.0872
       記憶體 +618 → |M|=512
       eval tcga_lung  class-IL=0.8778 task-IL=0.9111
       eval tcga_brca  class-IL=0.8571 task-IL=0.8791
       eval tcga_rcc   class-IL=0.9054 task-IL=0.9459
    ── stage 3: tcga_esca
      epoch 1/5 n=121 mean_loss=3.2651
      epoch 2/5 n=121 mean_loss=1.8583
      epoch 3/5 n=121 mean_loss=2.5706
      epoch 4/5 n=121 mean_loss=1.6075
      epoch 5/5 n=121 mean_loss=1.7392
       記憶體 +121 → |M|=512
       eval tcga_lung  class-IL=0.7556 task-IL=0.8778
       eval tcga_brca  class-IL=0.8791 task-IL=0.9121
       eval tcga_rcc   class-IL=0.9054 task-IL=0.9324
       eval tcga_esca  class-IL=0.9286 task-IL=1.0000

→ outputs/exp3/sota_fixed/EXP2.md
