Exp2  arms=['A5']  order=main  seeds=[3]  B=8 c=1 epochs=5 arch=hier alloc=per_budget prior=discriminative head=accumulating uold=current beta_u=0.1 replay_k=1 λ=(1.0,1.0,1.0)
  ▶ A5 (Ours (Replay+KD+eq)) seed=3
    ── stage 0: tcga_lung
      epoch 1/5 n=765 mean_loss=0.5310
      epoch 2/5 n=765 mean_loss=0.4204
      epoch 3/5 n=765 mean_loss=0.3523
      epoch 4/5 n=765 mean_loss=0.4665
      epoch 5/5 n=765 mean_loss=0.3344
       記憶體 +765 → |M|=512
       eval tcga_lung  class-IL=0.8692 task-IL=0.8692
    ── stage 1: tcga_brca
      epoch 1/5 n=763 mean_loss=1.9063
      epoch 2/5 n=763 mean_loss=1.5775
      epoch 3/5 n=763 mean_loss=1.3789
      epoch 4/5 n=763 mean_loss=1.3623
      epoch 5/5 n=763 mean_loss=1.2521
       記憶體 +763 → |M|=512
       eval tcga_lung  class-IL=0.8224 task-IL=0.8879
       eval tcga_brca  class-IL=0.7917 task-IL=0.8438
    ── stage 2: tcga_rcc
      epoch 1/5 n=617 mean_loss=1.5377
      epoch 2/5 n=617 mean_loss=1.3638
      epoch 3/5 n=617 mean_loss=1.0076
      epoch 4/5 n=617 mean_loss=1.0278
      epoch 5/5 n=617 mean_loss=1.1211
       記憶體 +617 → |M|=512
       eval tcga_lung  class-IL=0.8318 task-IL=0.8785
       eval tcga_brca  class-IL=0.7812 task-IL=0.8542
       eval tcga_rcc   class-IL=0.9474 task-IL=0.9605
    ── stage 3: tcga_esca
      epoch 1/5 n=120 mean_loss=2.2871
      epoch 2/5 n=120 mean_loss=2.1657
      epoch 3/5 n=120 mean_loss=1.5140
      epoch 4/5 n=120 mean_loss=1.3537
      epoch 5/5 n=120 mean_loss=1.8285
       記憶體 +120 → |M|=512
       eval tcga_lung  class-IL=0.7477 task-IL=0.8505
       eval tcga_brca  class-IL=0.7812 task-IL=0.8854
       eval tcga_rcc   class-IL=0.9474 task-IL=0.9868
       eval tcga_esca  class-IL=0.8000 task-IL=0.8667

→ outputs/exp3/sota_ucur/EXP2_hier.md
