[2026-09-07 02:49:08] fold 1 開始
[2026-09-07 02:49:13] fold 2 開始
[2026-09-07 02:49:18] fold 3 開始
[2026-09-07 03:07:15] ✅ fold 3 完成，17 分 57 秒
[2026-09-07 03:07:24] fold 4 開始
[2026-09-07 03:07:53] ✅ fold 1 完成，18 分 45 秒
[2026-09-07 03:08:09] fold 5 開始
[2026-09-07 03:10:01] ✅ fold 2 完成，20 分 48 秒
[2026-09-07 03:10:14] fold 6 開始
[2026-09-07 03:27:42] ✅ fold 6 完成，17 分 28 秒
[2026-09-07 03:28:00] fold 7 開始
[2026-09-07 03:28:19] ❌ fold 7 失敗 rc=1（見 /workspace/repro_qpmil/logs/fold_7.log）
[2026-09-07 03:28:25] fold 8 開始
[2026-09-07 03:30:36] ✅ fold 4 完成，23 分 12 秒
[2026-09-07 03:30:41] ✅ fold 5 完成，22 分 32 秒
[2026-09-07 03:30:50] fold 9 開始
[2026-09-07 03:30:55] fold 10 開始
[2026-09-07 03:48:14] ✅ fold 8 完成，19 分 49 秒
[2026-09-07 03:49:35] ✅ fold 9 完成，18 分 45 秒
[2026-09-07 03:50:18] ❌ fold 10 失敗 rc=1（見 /workspace/repro_qpmil/logs/fold_10.log）
[2026-09-07 03:50:18] ═══ 全部結束 ═══
完成折數：8/10
