Exp2  arms=['B2']  order=reverse  seeds=[0]  B=8 c=1 epochs=5 arch=flat alloc=per_budget prior=discriminative head=accumulating beta_u=0.1 replay_k=1 λ=(1.0,1.0,1.0)
  ▶ B2 (只 eq (λ_r=λ_kd=0)) seed=0
    ── stage 0: tcga_esca
      epoch 1/5 n=120 mean_loss=0.4049
      epoch 2/5 n=120 mean_loss=0.1213
      epoch 3/5 n=120 mean_loss=0.0553
      epoch 4/5 n=120 mean_loss=0.0247
      epoch 5/5 n=120 mean_loss=0.0207
       記憶體 +120 → |M|=120
       eval tcga_esca  class-IL=1.0000 task-IL=1.0000
    ── stage 1: tcga_rcc
      epoch 1/5 n=616 mean_loss=0.3850
      epoch 2/5 n=616 mean_loss=0.2765
      epoch 3/5 n=616 mean_loss=0.2531
      epoch 4/5 n=616 mean_loss=0.2538
      epoch 5/5 n=616 mean_loss=0.2025
       記憶體 +616 → |M|=512
       eval tcga_esca  class-IL=0.9333 task-IL=1.0000
       eval tcga_rcc   class-IL=0.9342 task-IL=0.9342
    ── stage 2: tcga_brca
      epoch 1/5 n=763 mean_loss=0.5576
      epoch 2/5 n=763 mean_loss=0.4432
      epoch 3/5 n=763 mean_loss=0.3844
      epoch 4/5 n=763 mean_loss=0.4521
      epoch 5/5 n=763 mean_loss=0.5056
       記憶體 +763 → |M|=512
       eval tcga_esca  class-IL=0.3333 task-IL=0.8000
       eval tcga_rcc   class-IL=0.8947 task-IL=0.9342
       eval tcga_brca  class-IL=0.8817 task-IL=0.9032
    ── stage 3: tcga_lung
      epoch 1/5 n=774 mean_loss=1.2443
      epoch 2/5 n=774 mean_loss=0.9893
      epoch 3/5 n=774 mean_loss=0.8165
      epoch 4/5 n=774 mean_loss=0.7486
      epoch 5/5 n=774 mean_loss=0.8248
       記憶體 +774 → |M|=512
       eval tcga_esca  class-IL=0.2000 task-IL=0.8667
       eval tcga_rcc   class-IL=0.8816 task-IL=0.9342
       eval tcga_brca  class-IL=0.6559 task-IL=0.8065
       eval tcga_lung  class-IL=0.8737 task-IL=0.8737

→ outputs/exp3/dr053_trace/EXP2.md
trace：continual_terms 呼叫 10765 筆，stored==used==expected 的筆數 10765 → /Users/aaron/research/02_pathselect/outputs/exp3/dr053/TRACE_B2_seed0.json
