Exp2  arms=['A5']  order=reverse  seeds=[0]  B=8 c=1 epochs=5 arch=flat alloc=per_budget prior=discriminative head=fixed beta_u=0.1 replay_k=1 λ=(1.0,1.0,1.0)
  ▶ A5 (Ours (Replay+KD+eq)) seed=0
    ── stage 0: tcga_esca
      epoch 1/5 n=120 mean_loss=0.5796
      epoch 2/5 n=120 mean_loss=0.1847
      epoch 3/5 n=120 mean_loss=0.0653
      epoch 4/5 n=120 mean_loss=0.0417
      epoch 5/5 n=120 mean_loss=0.1188
       記憶體 +120 → |M|=120
       eval tcga_esca  class-IL=0.8000 task-IL=0.8667
    ── stage 1: tcga_rcc
      epoch 1/5 n=616 mean_loss=0.7227
      epoch 2/5 n=616 mean_loss=0.4397
      epoch 3/5 n=616 mean_loss=0.3176
      epoch 4/5 n=616 mean_loss=0.2920
      epoch 5/5 n=616 mean_loss=0.3459
       記憶體 +616 → |M|=512
       eval tcga_esca  class-IL=0.8667 task-IL=0.9333
       eval tcga_rcc   class-IL=0.9211 task-IL=0.9474
    ── stage 2: tcga_brca
      epoch 1/5 n=763 mean_loss=1.2222
      epoch 2/5 n=763 mean_loss=1.1433
      epoch 3/5 n=763 mean_loss=0.9104
      epoch 4/5 n=763 mean_loss=1.0326
      epoch 5/5 n=763 mean_loss=0.9722
       記憶體 +763 → |M|=512
       eval tcga_esca  class-IL=0.8000 task-IL=0.8667
       eval tcga_rcc   class-IL=0.9474 task-IL=0.9605
       eval tcga_brca  class-IL=0.7957 task-IL=0.8710
    ── stage 3: tcga_lung
      epoch 1/5 n=774 mean_loss=2.1491
      epoch 2/5 n=774 mean_loss=1.8320
      epoch 3/5 n=774 mean_loss=1.2533
      epoch 4/5 n=774 mean_loss=1.4354
      epoch 5/5 n=774 mean_loss=1.3408
       記憶體 +774 → |M|=512
       eval tcga_esca  class-IL=0.8000 task-IL=0.9333
       eval tcga_rcc   class-IL=0.9079 task-IL=0.9605
       eval tcga_brca  class-IL=0.7849 task-IL=0.9140
       eval tcga_lung  class-IL=0.8105 task-IL=0.8316

→ outputs/exp3/ablation_fixed/EXP2.md
