Exp2  arms=['A5']  order=reverse  seeds=[6]  B=4 c=1 epochs=5 arch=hier alloc=per_budget prior=discriminative head=accumulating uold=current beta_u=0.1 replay_k=1 λ=(1.0,1.0,1.0)
  ▶ A5 (Ours (Replay+KD+eq)) seed=6
    ── stage 0: tcga_esca
      epoch 1/5 n=119 mean_loss=0.2311
      epoch 2/5 n=119 mean_loss=0.0504
      epoch 3/5 n=119 mean_loss=0.0961
      epoch 4/5 n=119 mean_loss=0.1557
      epoch 5/5 n=119 mean_loss=0.0300
       記憶體 +119 → |M|=119
       eval tcga_esca  class-IL=0.8750 task-IL=0.8750
    ── stage 1: tcga_rcc
      epoch 1/5 n=616 mean_loss=0.6675
      epoch 2/5 n=616 mean_loss=0.4573
      epoch 3/5 n=616 mean_loss=0.4064
      epoch 4/5 n=616 mean_loss=0.3671
      epoch 5/5 n=616 mean_loss=0.2498
       記憶體 +616 → |M|=512
       eval tcga_esca  class-IL=0.9375 task-IL=0.9375
       eval tcga_rcc   class-IL=0.9610 task-IL=0.9740
    ── stage 2: tcga_brca
      epoch 1/5 n=758 mean_loss=1.5014
      epoch 2/5 n=758 mean_loss=1.3150
      epoch 3/5 n=758 mean_loss=0.9266
      epoch 4/5 n=758 mean_loss=1.0376
      epoch 5/5 n=758 mean_loss=1.0159
       記憶體 +758 → |M|=512
       eval tcga_esca  class-IL=0.6250 task-IL=0.9375
       eval tcga_rcc   class-IL=0.9481 task-IL=0.9610
       eval tcga_brca  class-IL=0.9082 task-IL=0.9184
    ── stage 3: tcga_lung
      epoch 1/5 n=759 mean_loss=1.8255
      epoch 2/5 n=759 mean_loss=1.6997
      epoch 3/5 n=759 mean_loss=1.6126
      epoch 4/5 n=759 mean_loss=1.7418
      epoch 5/5 n=759 mean_loss=1.5799
       記憶體 +759 → |M|=512
       eval tcga_esca  class-IL=0.7500 task-IL=0.8750
       eval tcga_rcc   class-IL=0.9351 task-IL=0.9610
       eval tcga_brca  class-IL=0.8571 task-IL=0.8980
       eval tcga_lung  class-IL=0.8977 task-IL=0.9091

→ outputs/exp3/sota_ucur_b4/EXP2.md
