Exp2  arms=['A5']  order=main  seeds=[7]  B=4 c=1 epochs=5 arch=hier alloc=per_budget prior=discriminative head=accumulating uold=current beta_u=0.1 replay_k=1 λ=(1.0,1.0,1.0)
  ▶ A5 (Ours (Replay+KD+eq)) seed=7
    ── stage 0: tcga_lung
      epoch 1/5 n=774 mean_loss=0.6922
      epoch 2/5 n=774 mean_loss=0.4252
      epoch 3/5 n=774 mean_loss=0.4741
      epoch 4/5 n=774 mean_loss=0.4614
      epoch 5/5 n=774 mean_loss=0.3809
       記憶體 +774 → |M|=512
       eval tcga_lung  class-IL=0.9175 task-IL=0.9175
    ── stage 1: tcga_brca
      epoch 1/5 n=760 mean_loss=2.5174
      epoch 2/5 n=760 mean_loss=2.1468
      epoch 3/5 n=760 mean_loss=1.7670
      epoch 4/5 n=760 mean_loss=1.8001
      epoch 5/5 n=760 mean_loss=1.8720
       記憶體 +760 → |M|=512
       eval tcga_lung  class-IL=0.8763 task-IL=0.9072
       eval tcga_brca  class-IL=0.8646 task-IL=0.9062
    ── stage 2: tcga_rcc
      epoch 1/5 n=615 mean_loss=1.8550
      epoch 2/5 n=615 mean_loss=1.8367
      epoch 3/5 n=615 mean_loss=1.7330
      epoch 4/5 n=615 mean_loss=1.5700
      epoch 5/5 n=615 mean_loss=1.5009
       記憶體 +615 → |M|=512
       eval tcga_lung  class-IL=0.8557 task-IL=0.9072
       eval tcga_brca  class-IL=0.8750 task-IL=0.9062
       eval tcga_rcc   class-IL=0.8667 task-IL=0.9200
    ── stage 3: tcga_esca
      epoch 1/5 n=120 mean_loss=3.5047
      epoch 2/5 n=120 mean_loss=2.6358
      epoch 3/5 n=120 mean_loss=2.0774
      epoch 4/5 n=120 mean_loss=2.2482
      epoch 5/5 n=120 mean_loss=1.9579
       記憶體 +120 → |M|=512
       eval tcga_lung  class-IL=0.7526 task-IL=0.9175
       eval tcga_brca  class-IL=0.8125 task-IL=0.9062
       eval tcga_rcc   class-IL=0.8800 task-IL=0.9200
       eval tcga_esca  class-IL=0.8000 task-IL=0.9333

→ outputs/exp3/sota_ucur_b4/EXP2.md
