Exp2  arms=['A5']  order=main  seeds=[8]  B=8 c=1 epochs=5 arch=hier alloc=per_budget prior=discriminative head=accumulating uold=current beta_u=0.1 replay_k=1 λ=(1.0,1.0,1.0)
  ▶ A5 (Ours (Replay+KD+eq)) seed=8
    ── stage 0: tcga_lung
      epoch 1/5 n=777 mean_loss=0.7337
      epoch 2/5 n=777 mean_loss=0.4825
      epoch 3/5 n=777 mean_loss=0.3742
      epoch 4/5 n=777 mean_loss=0.3594
      epoch 5/5 n=777 mean_loss=0.4066
       記憶體 +777 → |M|=512
       eval tcga_lung  class-IL=0.8172 task-IL=0.8172
    ── stage 1: tcga_brca
      epoch 1/5 n=762 mean_loss=2.0317
      epoch 2/5 n=762 mean_loss=1.7038
      epoch 3/5 n=762 mean_loss=1.5305
      epoch 4/5 n=762 mean_loss=1.2910
      epoch 5/5 n=762 mean_loss=1.3287
       記憶體 +762 → |M|=512
       eval tcga_lung  class-IL=0.7957 task-IL=0.8387
       eval tcga_brca  class-IL=0.8438 task-IL=0.8750
    ── stage 2: tcga_rcc
      epoch 1/5 n=617 mean_loss=1.3088
      epoch 2/5 n=617 mean_loss=1.1720
      epoch 3/5 n=617 mean_loss=1.2745
      epoch 4/5 n=617 mean_loss=1.0574
      epoch 5/5 n=617 mean_loss=1.0920
       記憶體 +617 → |M|=512
       eval tcga_lung  class-IL=0.7849 task-IL=0.8280
       eval tcga_brca  class-IL=0.8438 task-IL=0.8542
       eval tcga_rcc   class-IL=0.9474 task-IL=0.9605
    ── stage 3: tcga_esca
      epoch 1/5 n=120 mean_loss=2.7663
      epoch 2/5 n=120 mean_loss=2.0933
      epoch 3/5 n=120 mean_loss=1.5886
      epoch 4/5 n=120 mean_loss=1.8898
      epoch 5/5 n=120 mean_loss=1.7126
       記憶體 +120 → |M|=512
       eval tcga_lung  class-IL=0.6129 task-IL=0.7957
       eval tcga_brca  class-IL=0.7917 task-IL=0.8438
       eval tcga_rcc   class-IL=0.9342 task-IL=0.9474
       eval tcga_esca  class-IL=0.8667 task-IL=0.9333

→ outputs/exp3/sota_ucur/EXP2_hier.md
