Exp2  arms=['B2']  order=reverse  seeds=[4]  B=8 c=1 epochs=5 arch=flat alloc=per_budget prior=discriminative head=accumulating uold=current beta_u=0.1 replay_k=1 λ=(1.0,1.0,1.0)
  ▶ B2 (只 eq (λ_r=λ_kd=0)) seed=4
    ── stage 0: tcga_esca
      epoch 1/5 n=120 mean_loss=0.3262
      epoch 2/5 n=120 mean_loss=0.0376
      epoch 3/5 n=120 mean_loss=0.0349
      epoch 4/5 n=120 mean_loss=0.0801
      epoch 5/5 n=120 mean_loss=0.0328
       記憶體 +120 → |M|=120
       eval tcga_esca  class-IL=0.9333 task-IL=0.9333
    ── stage 1: tcga_rcc
      epoch 1/5 n=616 mean_loss=0.4941
      epoch 2/5 n=616 mean_loss=0.2809
      epoch 3/5 n=616 mean_loss=0.2734
      epoch 4/5 n=616 mean_loss=0.3115
      epoch 5/5 n=616 mean_loss=0.2231
       記憶體 +616 → |M|=512
       eval tcga_esca  class-IL=1.0000 task-IL=1.0000
       eval tcga_rcc   class-IL=0.9342 task-IL=0.9342
    ── stage 2: tcga_brca
      epoch 1/5 n=763 mean_loss=0.9022
      epoch 2/5 n=763 mean_loss=0.7218
      epoch 3/5 n=763 mean_loss=0.7208
      epoch 4/5 n=763 mean_loss=0.6396
      epoch 5/5 n=763 mean_loss=0.7791
       記憶體 +763 → |M|=512
       eval tcga_esca  class-IL=0.9333 task-IL=1.0000
       eval tcga_rcc   class-IL=0.9079 task-IL=0.9474
       eval tcga_brca  class-IL=0.8495 task-IL=0.8925
    ── stage 3: tcga_lung
      epoch 1/5 n=774 mean_loss=1.1248
      epoch 2/5 n=774 mean_loss=0.9436
      epoch 3/5 n=774 mean_loss=0.9278
      epoch 4/5 n=774 mean_loss=0.8607
      epoch 5/5 n=774 mean_loss=0.7980
       記憶體 +774 → |M|=512
       eval tcga_esca  class-IL=0.6000 task-IL=0.9333
       eval tcga_rcc   class-IL=0.8684 task-IL=0.9211
       eval tcga_brca  class-IL=0.8710 task-IL=0.9140
       eval tcga_lung  class-IL=0.8526 task-IL=0.8526

→ outputs/exp3/ablation_ucur/EXP2.md
