Exp2  arms=['A5']  order=reverse  seeds=[6]  B=8 c=1 epochs=5 arch=flat alloc=per_budget prior=discriminative head=accumulating uold=current beta_u=0.1 replay_k=1 λ=(1.0,1.0,1.0)
  ▶ A5 (Ours (Replay+KD+eq)) seed=6
    ── stage 0: tcga_esca
      epoch 1/5 n=119 mean_loss=0.2372
      epoch 2/5 n=119 mean_loss=0.0858
      epoch 3/5 n=119 mean_loss=0.0473
      epoch 4/5 n=119 mean_loss=0.1829
      epoch 5/5 n=119 mean_loss=0.0981
       記憶體 +119 → |M|=119
       eval tcga_esca  class-IL=0.8125 task-IL=0.8125
    ── stage 1: tcga_rcc
      epoch 1/5 n=616 mean_loss=0.4371
      epoch 2/5 n=616 mean_loss=0.3206
      epoch 3/5 n=616 mean_loss=0.2493
      epoch 4/5 n=616 mean_loss=0.2535
      epoch 5/5 n=616 mean_loss=0.2947
       記憶體 +616 → |M|=512
       eval tcga_esca  class-IL=0.8750 task-IL=0.8750
       eval tcga_rcc   class-IL=0.9610 task-IL=0.9610
    ── stage 2: tcga_brca
      epoch 1/5 n=758 mean_loss=1.3662
      epoch 2/5 n=758 mean_loss=1.1786
      epoch 3/5 n=758 mean_loss=0.9638
      epoch 4/5 n=758 mean_loss=0.8832
      epoch 5/5 n=758 mean_loss=0.8600
       記憶體 +758 → |M|=512
       eval tcga_esca  class-IL=0.8750 task-IL=0.8750
       eval tcga_rcc   class-IL=0.9740 task-IL=0.9740
       eval tcga_brca  class-IL=0.8673 task-IL=0.9184
    ── stage 3: tcga_lung
      epoch 1/5 n=759 mean_loss=1.4744
      epoch 2/5 n=759 mean_loss=1.2223
      epoch 3/5 n=759 mean_loss=1.1307
      epoch 4/5 n=759 mean_loss=1.0517
      epoch 5/5 n=759 mean_loss=1.0032
       記憶體 +759 → |M|=512
       eval tcga_esca  class-IL=0.6875 task-IL=0.9375
       eval tcga_rcc   class-IL=0.9610 task-IL=0.9740
       eval tcga_brca  class-IL=0.8980 task-IL=0.9286
       eval tcga_lung  class-IL=0.8295 task-IL=0.9659

→ outputs/exp3/sota_ucur/EXP2.md
