Exp2  arms=['A2']  order=reverse  seeds=[2]  B=8 c=1 epochs=5 arch=flat alloc=per_budget prior=discriminative head=fixed beta_u=0.1 replay_k=1 λ=(1.0,1.0,1.0)
  ▶ A2 (+ LoRA merge) seed=2
    ── stage 0: tcga_esca
      epoch 1/5 n=120 mean_loss=0.5715
      epoch 2/5 n=120 mean_loss=0.2234
      epoch 3/5 n=120 mean_loss=0.0734
      epoch 4/5 n=120 mean_loss=0.1335
      epoch 5/5 n=120 mean_loss=0.1558
       eval tcga_esca  class-IL=0.8667 task-IL=0.9333
    ── stage 1: tcga_rcc
      epoch 1/5 n=616 mean_loss=0.2741
      epoch 2/5 n=616 mean_loss=0.1788
      epoch 3/5 n=616 mean_loss=0.1599
      epoch 4/5 n=616 mean_loss=0.1701
      epoch 5/5 n=616 mean_loss=0.1450
       eval tcga_esca  class-IL=0.2000 task-IL=0.4667
       eval tcga_rcc   class-IL=0.9474 task-IL=0.9474
    ── stage 2: tcga_brca
      epoch 1/5 n=763 mean_loss=0.4326
      epoch 2/5 n=763 mean_loss=0.3283
      epoch 3/5 n=763 mean_loss=0.3062
      epoch 4/5 n=763 mean_loss=0.3128
      epoch 5/5 n=763 mean_loss=0.2973
       eval tcga_esca  class-IL=0.1333 task-IL=0.6000
       eval tcga_rcc   class-IL=0.2632 task-IL=0.7500
       eval tcga_brca  class-IL=0.9247 task-IL=0.9247
    ── stage 3: tcga_lung
      epoch 1/5 n=774 mean_loss=0.7462
      epoch 2/5 n=774 mean_loss=0.3799
      epoch 3/5 n=774 mean_loss=0.4166
      epoch 4/5 n=774 mean_loss=0.3506
      epoch 5/5 n=774 mean_loss=0.3576
       eval tcga_esca  class-IL=0.2000 task-IL=0.8000
       eval tcga_rcc   class-IL=0.1316 task-IL=0.6184
       eval tcga_brca  class-IL=0.2151 task-IL=0.7957
       eval tcga_lung  class-IL=0.8842 task-IL=0.8842

→ outputs/exp3/ablation_fixed/EXP2.md
