Exp2  arms=['A5']  order=main  seeds=[9]  B=8 c=1 epochs=5 arch=flat alloc=per_budget prior=discriminative head=accumulating beta_u=0.1 replay_k=1 λ=(1.0,1.0,1.0)
  ▶ A5 (Ours (Replay+KD+eq)) seed=9
    ── stage 0: tcga_lung
      epoch 1/5 n=762 mean_loss=0.5737
      epoch 2/5 n=762 mean_loss=0.3931
      epoch 3/5 n=762 mean_loss=0.3695
      epoch 4/5 n=762 mean_loss=0.3262
      epoch 5/5 n=762 mean_loss=0.3616
       記憶體 +762 → |M|=512
       eval tcga_lung  class-IL=0.7717 task-IL=0.7717
    ── stage 1: tcga_brca
      epoch 1/5 n=760 mean_loss=1.5250
      epoch 2/5 n=760 mean_loss=1.5165
      epoch 3/5 n=760 mean_loss=1.3117
      epoch 4/5 n=760 mean_loss=1.2659
      epoch 5/5 n=760 mean_loss=1.2422
       記憶體 +760 → |M|=512
       eval tcga_lung  class-IL=0.8261 task-IL=0.8478
       eval tcga_brca  class-IL=0.8485 task-IL=0.8788
    ── stage 2: tcga_rcc
      epoch 1/5 n=612 mean_loss=1.2981
      epoch 2/5 n=612 mean_loss=0.9139
      epoch 3/5 n=612 mean_loss=1.1109
      epoch 4/5 n=612 mean_loss=1.1527
      epoch 5/5 n=612 mean_loss=0.8471
       記憶體 +612 → |M|=512
       eval tcga_lung  class-IL=0.7935 task-IL=0.8804
       eval tcga_brca  class-IL=0.8687 task-IL=0.8889
       eval tcga_rcc   class-IL=0.9136 task-IL=0.9383
    ── stage 3: tcga_esca
      epoch 1/5 n=121 mean_loss=2.3781
      epoch 2/5 n=121 mean_loss=1.8449
      epoch 3/5 n=121 mean_loss=1.7018
      epoch 4/5 n=121 mean_loss=1.5551
      epoch 5/5 n=121 mean_loss=1.0448
       記憶體 +121 → |M|=512
       eval tcga_lung  class-IL=0.7935 task-IL=0.8913
       eval tcga_brca  class-IL=0.8384 task-IL=0.8586
       eval tcga_rcc   class-IL=0.9259 task-IL=0.9259
       eval tcga_esca  class-IL=0.8571 task-IL=1.0000

→ outputs/exp3/sota_acc/EXP2.md
