Exp2  arms=['A5']  order=reverse  seeds=[3]  B=8 c=1 epochs=5 arch=flat alloc=per_budget prior=discriminative head=accumulating beta_u=0.1 replay_k=1 λ=(1.0,1.0,1.0)
  ▶ A5 (Ours (Replay+KD+eq)) seed=3
    ── stage 0: tcga_esca
      epoch 1/5 n=120 mean_loss=0.2726
      epoch 2/5 n=120 mean_loss=0.0528
      epoch 3/5 n=120 mean_loss=0.0201
      epoch 4/5 n=120 mean_loss=0.0132
      epoch 5/5 n=120 mean_loss=0.0154
       記憶體 +120 → |M|=120
       eval tcga_esca  class-IL=1.0000 task-IL=1.0000
    ── stage 1: tcga_rcc
      epoch 1/5 n=616 mean_loss=0.4885
      epoch 2/5 n=616 mean_loss=0.2636
      epoch 3/5 n=616 mean_loss=0.3239
      epoch 4/5 n=616 mean_loss=0.3437
      epoch 5/5 n=616 mean_loss=0.2437
       記憶體 +616 → |M|=512
       eval tcga_esca  class-IL=1.0000 task-IL=1.0000
       eval tcga_rcc   class-IL=0.9342 task-IL=0.9342
    ── stage 2: tcga_brca
      epoch 1/5 n=763 mean_loss=1.0668
      epoch 2/5 n=763 mean_loss=0.9212
      epoch 3/5 n=763 mean_loss=0.8952
      epoch 4/5 n=763 mean_loss=0.7837
      epoch 5/5 n=763 mean_loss=0.7060
       記憶體 +763 → |M|=512
       eval tcga_esca  class-IL=0.8000 task-IL=0.9333
       eval tcga_rcc   class-IL=0.9079 task-IL=0.9737
       eval tcga_brca  class-IL=0.8172 task-IL=0.8495
    ── stage 3: tcga_lung
      epoch 1/5 n=774 mean_loss=1.5144
      epoch 2/5 n=774 mean_loss=1.4129
      epoch 3/5 n=774 mean_loss=1.1169
      epoch 4/5 n=774 mean_loss=1.2661
      epoch 5/5 n=774 mean_loss=0.9972
       記憶體 +774 → |M|=512
       eval tcga_esca  class-IL=0.5333 task-IL=0.9333
       eval tcga_rcc   class-IL=0.8816 task-IL=0.9342
       eval tcga_brca  class-IL=0.8387 task-IL=0.8710
       eval tcga_lung  class-IL=0.7895 task-IL=0.8316

→ outputs/exp3/ablation_acc/EXP2.md
