Exp2  arms=['A5']  order=reverse  seeds=[10]  B=16 c=1 epochs=5 arch=hier alloc=per_budget prior=discriminative head=accumulating uold=current beta_u=0.1 replay_k=1 λ=(1.0,1.0,1.0)
  ▶ A5 (Ours (Replay+KD+eq)) seed=10
    ── stage 0: tcga_esca
      epoch 1/5 n=121 mean_loss=0.2722
      epoch 2/5 n=121 mean_loss=0.0993
      epoch 3/5 n=121 mean_loss=0.0685
      epoch 4/5 n=121 mean_loss=0.0579
      epoch 5/5 n=121 mean_loss=0.0348
       記憶體 +121 → |M|=121
       eval tcga_esca  class-IL=1.0000 task-IL=1.0000
    ── stage 1: tcga_rcc
      epoch 1/5 n=618 mean_loss=0.3770
      epoch 2/5 n=618 mean_loss=0.3147
      epoch 3/5 n=618 mean_loss=0.3251
      epoch 4/5 n=618 mean_loss=0.2039
      epoch 5/5 n=618 mean_loss=0.2420
       記憶體 +618 → |M|=512
       eval tcga_esca  class-IL=1.0000 task-IL=1.0000
       eval tcga_rcc   class-IL=0.9595 task-IL=0.9730
    ── stage 2: tcga_brca
      epoch 1/5 n=763 mean_loss=0.9126
      epoch 2/5 n=763 mean_loss=0.7611
      epoch 3/5 n=763 mean_loss=0.6951
      epoch 4/5 n=763 mean_loss=0.7005
      epoch 5/5 n=763 mean_loss=0.6201
       記憶體 +763 → |M|=512
       eval tcga_esca  class-IL=0.9286 task-IL=1.0000
       eval tcga_rcc   class-IL=0.9054 task-IL=0.9459
       eval tcga_brca  class-IL=0.9231 task-IL=0.9231
    ── stage 3: tcga_lung
      epoch 1/5 n=771 mean_loss=1.4648
      epoch 2/5 n=771 mean_loss=1.4339
      epoch 3/5 n=771 mean_loss=1.0707
      epoch 4/5 n=771 mean_loss=1.0375
      epoch 5/5 n=771 mean_loss=1.0434
       記憶體 +771 → |M|=512
       eval tcga_esca  class-IL=0.7857 task-IL=1.0000
       eval tcga_rcc   class-IL=0.9054 task-IL=0.9324
       eval tcga_brca  class-IL=0.8681 task-IL=0.9011
       eval tcga_lung  class-IL=0.8111 task-IL=0.8444

→ outputs/exp3/sota_ucur_b16/EXP2.md
