Exp2  arms=['A5']  order=reverse  seeds=[3]  B=4 c=1 epochs=5 arch=hier alloc=per_budget prior=discriminative head=accumulating uold=current beta_u=0.1 replay_k=1 λ=(1.0,1.0,1.0)
  ▶ A5 (Ours (Replay+KD+eq)) seed=3
    ── stage 0: tcga_esca
      epoch 1/5 n=120 mean_loss=0.3166
      epoch 2/5 n=120 mean_loss=0.2772
      epoch 3/5 n=120 mean_loss=0.1204
      epoch 4/5 n=120 mean_loss=0.0461
      epoch 5/5 n=120 mean_loss=0.0333
       記憶體 +120 → |M|=120
       eval tcga_esca  class-IL=1.0000 task-IL=1.0000
    ── stage 1: tcga_rcc
      epoch 1/5 n=617 mean_loss=0.5562
      epoch 2/5 n=617 mean_loss=0.4550
      epoch 3/5 n=617 mean_loss=0.3542
      epoch 4/5 n=617 mean_loss=0.3620
      epoch 5/5 n=617 mean_loss=0.3139
       記憶體 +617 → |M|=512
       eval tcga_esca  class-IL=1.0000 task-IL=1.0000
       eval tcga_rcc   class-IL=0.9605 task-IL=0.9737
    ── stage 2: tcga_brca
      epoch 1/5 n=763 mean_loss=1.3072
      epoch 2/5 n=763 mean_loss=1.0061
      epoch 3/5 n=763 mean_loss=1.0847
      epoch 4/5 n=763 mean_loss=0.9749
      epoch 5/5 n=763 mean_loss=0.8863
       記憶體 +763 → |M|=512
       eval tcga_esca  class-IL=0.8667 task-IL=1.0000
       eval tcga_rcc   class-IL=0.9605 task-IL=0.9737
       eval tcga_brca  class-IL=0.8750 task-IL=0.9062
    ── stage 3: tcga_lung
      epoch 1/5 n=765 mean_loss=1.7052
      epoch 2/5 n=765 mean_loss=1.3814
      epoch 3/5 n=765 mean_loss=1.2282
      epoch 4/5 n=765 mean_loss=1.4539
      epoch 5/5 n=765 mean_loss=1.2110
       記憶體 +765 → |M|=512
       eval tcga_esca  class-IL=0.6000 task-IL=0.9333
       eval tcga_rcc   class-IL=0.9342 task-IL=0.9474
       eval tcga_brca  class-IL=0.8750 task-IL=0.9062
       eval tcga_lung  class-IL=0.8037 task-IL=0.8598

→ outputs/exp3/sota_ucur_b4/EXP2.md
