Exp2  arms=['A3']  order=main  seeds=[5]  B=8 c=1 epochs=5 arch=flat alloc=per_budget prior=discriminative head=accumulating beta_u=0.1 replay_k=1 λ=(1.0,1.0,1.0)
  ▶ A3 (+ Replay) seed=5
    ── stage 0: tcga_lung
      epoch 1/5 n=764 mean_loss=0.4447
      epoch 2/5 n=764 mean_loss=0.3599
      epoch 3/5 n=764 mean_loss=0.3498
      epoch 4/5 n=764 mean_loss=0.3123
      epoch 5/5 n=764 mean_loss=0.2843
       記憶體 +764 → |M|=512
       eval tcga_lung  class-IL=0.9167 task-IL=0.9167
    ── stage 1: tcga_brca
      epoch 1/5 n=763 mean_loss=1.3341
      epoch 2/5 n=763 mean_loss=1.0335
      epoch 3/5 n=763 mean_loss=0.8919
      epoch 4/5 n=763 mean_loss=0.7638
      epoch 5/5 n=763 mean_loss=0.7596
       記憶體 +763 → |M|=512
       eval tcga_lung  class-IL=0.8438 task-IL=0.8750
       eval tcga_brca  class-IL=0.9468 task-IL=0.9468
    ── stage 2: tcga_rcc
      epoch 1/5 n=619 mean_loss=1.3813
      epoch 2/5 n=619 mean_loss=0.7457
      epoch 3/5 n=619 mean_loss=0.6557
      epoch 4/5 n=619 mean_loss=0.7166
      epoch 5/5 n=619 mean_loss=0.6080
       記憶體 +619 → |M|=512
       eval tcga_lung  class-IL=0.8333 task-IL=0.8854
       eval tcga_brca  class-IL=0.8830 task-IL=0.9362
       eval tcga_rcc   class-IL=0.9730 task-IL=0.9730
    ── stage 3: tcga_esca
      epoch 1/5 n=120 mean_loss=1.4418
      epoch 2/5 n=120 mean_loss=1.0348
      epoch 3/5 n=120 mean_loss=0.9666
      epoch 4/5 n=120 mean_loss=0.7598
      epoch 5/5 n=120 mean_loss=0.5234
       記憶體 +120 → |M|=512
       eval tcga_lung  class-IL=0.7708 task-IL=0.9167
       eval tcga_brca  class-IL=0.7872 task-IL=0.8936
       eval tcga_rcc   class-IL=0.9730 task-IL=0.9865
       eval tcga_esca  class-IL=0.9333 task-IL=1.0000

→ outputs/exp3/sota_acc/EXP2.md
