Exp2  arms=['A5']  order=reverse  seeds=[1]  B=8 c=1 epochs=5 arch=flat alloc=per_budget prior=discriminative head=accumulating uold=current beta_u=0.1 replay_k=1 λ=(1.0,1.0,1.0)
  ▶ A5 (Ours (Replay+KD+eq)) seed=1
    ── stage 0: tcga_esca
      epoch 1/5 n=120 mean_loss=0.1700
      epoch 2/5 n=120 mean_loss=0.1838
      epoch 3/5 n=120 mean_loss=0.0211
      epoch 4/5 n=120 mean_loss=0.0660
      epoch 5/5 n=120 mean_loss=0.0135
       記憶體 +120 → |M|=120
       eval tcga_esca  class-IL=1.0000 task-IL=1.0000
    ── stage 1: tcga_rcc
      epoch 1/5 n=616 mean_loss=0.4442
      epoch 2/5 n=616 mean_loss=0.4304
      epoch 3/5 n=616 mean_loss=0.3031
      epoch 4/5 n=616 mean_loss=0.2064
      epoch 5/5 n=616 mean_loss=0.2726
       記憶體 +616 → |M|=512
       eval tcga_esca  class-IL=1.0000 task-IL=1.0000
       eval tcga_rcc   class-IL=0.9605 task-IL=0.9605
    ── stage 2: tcga_brca
      epoch 1/5 n=763 mean_loss=0.8550
      epoch 2/5 n=763 mean_loss=0.7621
      epoch 3/5 n=763 mean_loss=0.8585
      epoch 4/5 n=763 mean_loss=0.7502
      epoch 5/5 n=763 mean_loss=0.7749
       記憶體 +763 → |M|=512
       eval tcga_esca  class-IL=0.9333 task-IL=1.0000
       eval tcga_rcc   class-IL=0.9211 task-IL=0.9474
       eval tcga_brca  class-IL=0.8387 task-IL=0.9140
    ── stage 3: tcga_lung
      epoch 1/5 n=774 mean_loss=1.6346
      epoch 2/5 n=774 mean_loss=1.4297
      epoch 3/5 n=774 mean_loss=1.3364
      epoch 4/5 n=774 mean_loss=1.2782
      epoch 5/5 n=774 mean_loss=1.2876
       記憶體 +774 → |M|=512
       eval tcga_esca  class-IL=0.6667 task-IL=0.9333
       eval tcga_rcc   class-IL=0.8816 task-IL=0.9474
       eval tcga_brca  class-IL=0.8387 task-IL=0.9032
       eval tcga_lung  class-IL=0.8421 task-IL=0.8737

→ outputs/exp3/ablation_ucur/EXP2.md
