Exp2  arms=['A4']  order=reverse  seeds=[4]  B=8 c=1 epochs=5 arch=flat alloc=per_budget prior=discriminative head=fixed beta_u=0.1 replay_k=1 λ=(1.0,1.0,1.0)
  ▶ A4 (+ Replay + KD) seed=4
    ── stage 0: tcga_esca
      epoch 1/5 n=120 mean_loss=1.6190
      epoch 2/5 n=120 mean_loss=0.1774
      epoch 3/5 n=120 mean_loss=0.0753
      epoch 4/5 n=120 mean_loss=0.1064
      epoch 5/5 n=120 mean_loss=0.2032
       記憶體 +120 → |M|=120
       eval tcga_esca  class-IL=0.8667 task-IL=0.8667
    ── stage 1: tcga_rcc
      epoch 1/5 n=616 mean_loss=0.5568
      epoch 2/5 n=616 mean_loss=0.4109
      epoch 3/5 n=616 mean_loss=0.3883
      epoch 4/5 n=616 mean_loss=0.3076
      epoch 5/5 n=616 mean_loss=0.2492
       記憶體 +616 → |M|=512
       eval tcga_esca  class-IL=0.8667 task-IL=0.8667
       eval tcga_rcc   class-IL=0.9474 task-IL=0.9474
    ── stage 2: tcga_brca
      epoch 1/5 n=763 mean_loss=1.0968
      epoch 2/5 n=763 mean_loss=0.8541
      epoch 3/5 n=763 mean_loss=0.7732
      epoch 4/5 n=763 mean_loss=0.7827
      epoch 5/5 n=763 mean_loss=0.8069
       記憶體 +763 → |M|=512
       eval tcga_esca  class-IL=0.8667 task-IL=0.9333
       eval tcga_rcc   class-IL=0.9211 task-IL=0.9474
       eval tcga_brca  class-IL=0.8172 task-IL=0.8925
    ── stage 3: tcga_lung
      epoch 1/5 n=774 mean_loss=1.5921
      epoch 2/5 n=774 mean_loss=1.1715
      epoch 3/5 n=774 mean_loss=1.3244
      epoch 4/5 n=774 mean_loss=1.0239
      epoch 5/5 n=774 mean_loss=0.9864
       記憶體 +774 → |M|=512
       eval tcga_esca  class-IL=0.7333 task-IL=1.0000
       eval tcga_rcc   class-IL=0.9079 task-IL=0.9474
       eval tcga_brca  class-IL=0.8280 task-IL=0.8817
       eval tcga_lung  class-IL=0.7789 task-IL=0.8526

→ outputs/exp3/ablation_fixed/EXP2.md
