Exp2  arms=['A2']  order=reverse  seeds=[0]  B=8 c=1 epochs=5 arch=flat alloc=per_budget prior=discriminative head=fixed beta_u=0.1 replay_k=1 λ=(1.0,1.0,1.0)
  ▶ A2 (+ LoRA merge) seed=0
    ── stage 0: tcga_esca
      epoch 1/5 n=120 mean_loss=0.5796
      epoch 2/5 n=120 mean_loss=0.1847
      epoch 3/5 n=120 mean_loss=0.0653
      epoch 4/5 n=120 mean_loss=0.0417
      epoch 5/5 n=120 mean_loss=0.1188
       eval tcga_esca  class-IL=0.8000 task-IL=0.8667
    ── stage 1: tcga_rcc
      epoch 1/5 n=616 mean_loss=0.3134
      epoch 2/5 n=616 mean_loss=0.1926
      epoch 3/5 n=616 mean_loss=0.1861
      epoch 4/5 n=616 mean_loss=0.1798
      epoch 5/5 n=616 mean_loss=0.1686
       eval tcga_esca  class-IL=0.2667 task-IL=0.4667
       eval tcga_rcc   class-IL=0.9605 task-IL=0.9605
    ── stage 2: tcga_brca
      epoch 1/5 n=763 mean_loss=0.3863
      epoch 2/5 n=763 mean_loss=0.3298
      epoch 3/5 n=763 mean_loss=0.3123
      epoch 4/5 n=763 mean_loss=0.2810
      epoch 5/5 n=763 mean_loss=0.3236
       eval tcga_esca  class-IL=0.2000 task-IL=0.6000
       eval tcga_rcc   class-IL=0.2105 task-IL=0.8684
       eval tcga_brca  class-IL=0.8817 task-IL=0.8817
    ── stage 3: tcga_lung
      epoch 1/5 n=774 mean_loss=0.6083
      epoch 2/5 n=774 mean_loss=0.4288
      epoch 3/5 n=774 mean_loss=0.3166
      epoch 4/5 n=774 mean_loss=0.3936
      epoch 5/5 n=774 mean_loss=0.3512
       eval tcga_esca  class-IL=0.2667 task-IL=0.9333
       eval tcga_rcc   class-IL=0.1053 task-IL=0.6316
       eval tcga_brca  class-IL=0.5161 task-IL=0.8172
       eval tcga_lung  class-IL=0.8737 task-IL=0.8737

→ outputs/exp3/ablation_fixed/EXP2.md
