Exp2  arms=['A5']  order=main  seeds=[1]  B=8 c=1 epochs=5 arch=flat alloc=per_budget prior=discriminative head=accumulating uold=current beta_u=0.1 replay_k=1 λ=(1.0,1.0,1.0)
  ▶ A5 (Ours (Replay+KD+eq)) seed=1
    ── stage 0: tcga_lung
      epoch 1/5 n=774 mean_loss=0.5030
      epoch 2/5 n=774 mean_loss=0.3710
      epoch 3/5 n=774 mean_loss=0.3167
      epoch 4/5 n=774 mean_loss=0.2993
      epoch 5/5 n=774 mean_loss=0.2885
       記憶體 +774 → |M|=512
       eval tcga_lung  class-IL=0.8737 task-IL=0.8737
    ── stage 1: tcga_brca
      epoch 1/5 n=763 mean_loss=1.3746
      epoch 2/5 n=763 mean_loss=1.0850
      epoch 3/5 n=763 mean_loss=1.0589
      epoch 4/5 n=763 mean_loss=1.0790
      epoch 5/5 n=763 mean_loss=0.8549
       記憶體 +763 → |M|=512
       eval tcga_lung  class-IL=0.8737 task-IL=0.8947
       eval tcga_brca  class-IL=0.8710 task-IL=0.9140
    ── stage 2: tcga_rcc
      epoch 1/5 n=616 mean_loss=1.2192
      epoch 2/5 n=616 mean_loss=0.7531
      epoch 3/5 n=616 mean_loss=0.8011
      epoch 4/5 n=616 mean_loss=0.8058
      epoch 5/5 n=616 mean_loss=0.6155
       記憶體 +616 → |M|=512
       eval tcga_lung  class-IL=0.7789 task-IL=0.8526
       eval tcga_brca  class-IL=0.8817 task-IL=0.9140
       eval tcga_rcc   class-IL=0.9605 task-IL=0.9737
    ── stage 3: tcga_esca
      epoch 1/5 n=120 mean_loss=1.8098
      epoch 2/5 n=120 mean_loss=1.8203
      epoch 3/5 n=120 mean_loss=1.9416
      epoch 4/5 n=120 mean_loss=1.4123
      epoch 5/5 n=120 mean_loss=0.9447
       記憶體 +120 → |M|=512
       eval tcga_lung  class-IL=0.7368 task-IL=0.7895
       eval tcga_brca  class-IL=0.7312 task-IL=0.8387
       eval tcga_rcc   class-IL=0.8816 task-IL=0.9342
       eval tcga_esca  class-IL=0.8000 task-IL=0.8667

→ outputs/exp3/sota_ucur/EXP2.md
