Exp2  arms=['A5']  order=reverse  seeds=[10]  B=8 c=1 epochs=5 arch=hier alloc=per_budget prior=discriminative head=accumulating beta_u=0.1 replay_k=1 λ=(1.0,1.0,1.0)
  ▶ A5 (Ours (Replay+KD+eq)) seed=10
    ── stage 0: tcga_esca
      epoch 1/5 n=121 mean_loss=0.3532
      epoch 2/5 n=121 mean_loss=0.1183
      epoch 3/5 n=121 mean_loss=0.0516
      epoch 4/5 n=121 mean_loss=0.0598
      epoch 5/5 n=121 mean_loss=0.0271
       記憶體 +121 → |M|=121
       eval tcga_esca  class-IL=1.0000 task-IL=1.0000
    ── stage 1: tcga_rcc
      epoch 1/5 n=618 mean_loss=0.4734
      epoch 2/5 n=618 mean_loss=0.4193
      epoch 3/5 n=618 mean_loss=0.2853
      epoch 4/5 n=618 mean_loss=0.2891
      epoch 5/5 n=618 mean_loss=0.2410
       記憶體 +618 → |M|=512
       eval tcga_esca  class-IL=1.0000 task-IL=1.0000
       eval tcga_rcc   class-IL=0.9459 task-IL=0.9595
    ── stage 2: tcga_brca
      epoch 1/5 n=763 mean_loss=1.0583
      epoch 2/5 n=763 mean_loss=0.8581
      epoch 3/5 n=763 mean_loss=0.8610
      epoch 4/5 n=763 mean_loss=0.7757
      epoch 5/5 n=763 mean_loss=0.6352
       記憶體 +763 → |M|=512
       eval tcga_esca  class-IL=0.8571 task-IL=1.0000
       eval tcga_rcc   class-IL=0.9324 task-IL=0.9595
       eval tcga_brca  class-IL=0.8791 task-IL=0.8901
    ── stage 3: tcga_lung
      epoch 1/5 n=771 mean_loss=1.7704
      epoch 2/5 n=771 mean_loss=1.5415
      epoch 3/5 n=771 mean_loss=1.2558
      epoch 4/5 n=771 mean_loss=1.2521
      epoch 5/5 n=771 mean_loss=1.1080
       記憶體 +771 → |M|=512
       eval tcga_esca  class-IL=0.5714 task-IL=1.0000
       eval tcga_rcc   class-IL=0.9189 task-IL=0.9730
       eval tcga_brca  class-IL=0.8901 task-IL=0.9341
       eval tcga_lung  class-IL=0.7667 task-IL=0.7667

→ outputs/exp3/sota_acc/EXP2.md
