Exp2  arms=['A3']  order=reverse  seeds=[3]  B=8 c=1 epochs=5 arch=flat alloc=per_budget prior=discriminative head=accumulating beta_u=0.1 replay_k=1 λ=(1.0,1.0,1.0)
  ▶ A3 (+ Replay) seed=3
    ── stage 0: tcga_esca
      epoch 1/5 n=120 mean_loss=0.2726
      epoch 2/5 n=120 mean_loss=0.0528
      epoch 3/5 n=120 mean_loss=0.0201
      epoch 4/5 n=120 mean_loss=0.0132
      epoch 5/5 n=120 mean_loss=0.0154
       記憶體 +120 → |M|=120
       eval tcga_esca  class-IL=1.0000 task-IL=1.0000
    ── stage 1: tcga_rcc
      epoch 1/5 n=616 mean_loss=0.4598
      epoch 2/5 n=616 mean_loss=0.2829
      epoch 3/5 n=616 mean_loss=0.2811
      epoch 4/5 n=616 mean_loss=0.2749
      epoch 5/5 n=616 mean_loss=0.3406
       記憶體 +616 → |M|=512
       eval tcga_esca  class-IL=1.0000 task-IL=1.0000
       eval tcga_rcc   class-IL=0.9474 task-IL=0.9605
    ── stage 2: tcga_brca
      epoch 1/5 n=763 mean_loss=1.0439
      epoch 2/5 n=763 mean_loss=0.7752
      epoch 3/5 n=763 mean_loss=0.7922
      epoch 4/5 n=763 mean_loss=0.7430
      epoch 5/5 n=763 mean_loss=0.6981
       記憶體 +763 → |M|=512
       eval tcga_esca  class-IL=0.7333 task-IL=0.8667
       eval tcga_rcc   class-IL=0.9079 task-IL=0.9211
       eval tcga_brca  class-IL=0.8387 task-IL=0.8710
    ── stage 3: tcga_lung
      epoch 1/5 n=774 mean_loss=1.2762
      epoch 2/5 n=774 mean_loss=1.2584
      epoch 3/5 n=774 mean_loss=1.1766
      epoch 4/5 n=774 mean_loss=1.0339
      epoch 5/5 n=774 mean_loss=1.0323
       記憶體 +774 → |M|=512
       eval tcga_esca  class-IL=0.6000 task-IL=1.0000
       eval tcga_rcc   class-IL=0.9079 task-IL=0.9342
       eval tcga_brca  class-IL=0.8280 task-IL=0.8817
       eval tcga_lung  class-IL=0.8316 task-IL=0.8737

→ outputs/exp3/ablation_acc/EXP2.md
