Exp2  arms=['A2']  order=reverse  seeds=[1]  B=8 c=1 epochs=5 arch=flat alloc=per_budget prior=discriminative head=fixed beta_u=0.1 replay_k=1 λ=(1.0,1.0,1.0)
  ▶ A2 (+ LoRA merge) seed=1
    ── stage 0: tcga_esca
      epoch 1/5 n=120 mean_loss=0.4838
      epoch 2/5 n=120 mean_loss=0.1656
      epoch 3/5 n=120 mean_loss=0.1271
      epoch 4/5 n=120 mean_loss=0.1091
      epoch 5/5 n=120 mean_loss=0.1208
       eval tcga_esca  class-IL=0.8667 task-IL=0.9333
    ── stage 1: tcga_rcc
      epoch 1/5 n=616 mean_loss=0.3639
      epoch 2/5 n=616 mean_loss=0.2162
      epoch 3/5 n=616 mean_loss=0.1827
      epoch 4/5 n=616 mean_loss=0.1261
      epoch 5/5 n=616 mean_loss=0.1336
       eval tcga_esca  class-IL=0.1333 task-IL=0.4667
       eval tcga_rcc   class-IL=0.9342 task-IL=0.9342
    ── stage 2: tcga_brca
      epoch 1/5 n=763 mean_loss=0.4443
      epoch 2/5 n=763 mean_loss=0.3319
      epoch 3/5 n=763 mean_loss=0.3056
      epoch 4/5 n=763 mean_loss=0.3083
      epoch 5/5 n=763 mean_loss=0.3126
       eval tcga_esca  class-IL=0.2667 task-IL=0.6000
       eval tcga_rcc   class-IL=0.2500 task-IL=0.8816
       eval tcga_brca  class-IL=0.8710 task-IL=0.8710
    ── stage 3: tcga_lung
      epoch 1/5 n=774 mean_loss=0.7336
      epoch 2/5 n=774 mean_loss=0.3828
      epoch 3/5 n=774 mean_loss=0.3961
      epoch 4/5 n=774 mean_loss=0.3258
      epoch 5/5 n=774 mean_loss=0.3139
       eval tcga_esca  class-IL=0.3333 task-IL=0.8667
       eval tcga_rcc   class-IL=0.2237 task-IL=0.6711
       eval tcga_brca  class-IL=0.5806 task-IL=0.8065
       eval tcga_lung  class-IL=0.8737 task-IL=0.8842

→ outputs/exp3/ablation_fixed/EXP2.md
