Exp2  arms=['A5']  order=main  seeds=[2]  B=8 c=1 epochs=5 arch=flat alloc=per_budget prior=discriminative head=accumulating beta_u=0.1 replay_k=1 λ=(1.0,1.0,1.0)
  ▶ A5 (Ours (Replay+KD+eq)) seed=2
    ── stage 0: tcga_lung
      epoch 1/5 n=761 mean_loss=0.5551
      epoch 2/5 n=761 mean_loss=0.3962
      epoch 3/5 n=761 mean_loss=0.3474
      epoch 4/5 n=761 mean_loss=0.3308
      epoch 5/5 n=761 mean_loss=0.3459
       記憶體 +761 → |M|=512
       eval tcga_lung  class-IL=0.9158 task-IL=0.9158
    ── stage 1: tcga_brca
      epoch 1/5 n=764 mean_loss=1.5192
      epoch 2/5 n=764 mean_loss=1.2935
      epoch 3/5 n=764 mean_loss=1.1441
      epoch 4/5 n=764 mean_loss=1.1959
      epoch 5/5 n=764 mean_loss=0.9047
       記憶體 +764 → |M|=512
       eval tcga_lung  class-IL=0.9158 task-IL=0.9158
       eval tcga_brca  class-IL=0.9053 task-IL=0.9263
    ── stage 2: tcga_rcc
      epoch 1/5 n=613 mean_loss=1.0372
      epoch 2/5 n=613 mean_loss=0.9760
      epoch 3/5 n=613 mean_loss=1.1214
      epoch 4/5 n=613 mean_loss=0.8575
      epoch 5/5 n=613 mean_loss=0.7940
       記憶體 +613 → |M|=512
       eval tcga_lung  class-IL=0.9053 task-IL=0.9474
       eval tcga_brca  class-IL=0.8947 task-IL=0.9158
       eval tcga_rcc   class-IL=0.9630 task-IL=0.9753
    ── stage 3: tcga_esca
      epoch 1/5 n=120 mean_loss=2.5776
      epoch 2/5 n=120 mean_loss=2.0506
      epoch 3/5 n=120 mean_loss=1.3890
      epoch 4/5 n=120 mean_loss=1.4507
      epoch 5/5 n=120 mean_loss=1.8154
       記憶體 +120 → |M|=512
       eval tcga_lung  class-IL=0.7789 task-IL=0.9158
       eval tcga_brca  class-IL=0.8737 task-IL=0.9158
       eval tcga_rcc   class-IL=0.9630 task-IL=0.9630
       eval tcga_esca  class-IL=0.8000 task-IL=0.9333

→ outputs/exp3/sota_acc/EXP2.md
