Exp2  arms=['B1']  order=reverse  seeds=[1]  B=8 c=1 epochs=5 arch=flat alloc=per_budget prior=discriminative head=accumulating beta_u=0.1 replay_k=1 λ=(1.0,1.0,1.0)
  ▶ B1 (只 KD (λ_r=λ_eq=0)) seed=1
    ── stage 0: tcga_esca
      epoch 1/5 n=120 mean_loss=0.1700
      epoch 2/5 n=120 mean_loss=0.1838
      epoch 3/5 n=120 mean_loss=0.0211
      epoch 4/5 n=120 mean_loss=0.0660
      epoch 5/5 n=120 mean_loss=0.0135
       記憶體 +120 → |M|=120
       eval tcga_esca  class-IL=1.0000 task-IL=1.0000
    ── stage 1: tcga_rcc
      epoch 1/5 n=616 mean_loss=0.2321
      epoch 2/5 n=616 mean_loss=0.1911
      epoch 3/5 n=616 mean_loss=0.1987
      epoch 4/5 n=616 mean_loss=0.1071
      epoch 5/5 n=616 mean_loss=0.1576
       記憶體 +616 → |M|=512
       eval tcga_esca  class-IL=0.6667 task-IL=0.8000
       eval tcga_rcc   class-IL=0.9474 task-IL=0.9474
    ── stage 2: tcga_brca
      epoch 1/5 n=763 mean_loss=0.3902
      epoch 2/5 n=763 mean_loss=0.3287
      epoch 3/5 n=763 mean_loss=0.3591
      epoch 4/5 n=763 mean_loss=0.2869
      epoch 5/5 n=763 mean_loss=0.2999
       記憶體 +763 → |M|=512
       eval tcga_esca  class-IL=0.3333 task-IL=0.7333
       eval tcga_rcc   class-IL=0.8158 task-IL=0.9605
       eval tcga_brca  class-IL=0.8925 task-IL=0.8925
    ── stage 3: tcga_lung
      epoch 1/5 n=774 mean_loss=0.6166
      epoch 2/5 n=774 mean_loss=0.4426
      epoch 3/5 n=774 mean_loss=0.3772
      epoch 4/5 n=774 mean_loss=0.3517
      epoch 5/5 n=774 mean_loss=0.3324
       記憶體 +774 → |M|=512
       eval tcga_esca  class-IL=0.3333 task-IL=0.8000
       eval tcga_rcc   class-IL=0.6316 task-IL=0.8816
       eval tcga_brca  class-IL=0.6774 task-IL=0.8710
       eval tcga_lung  class-IL=0.8842 task-IL=0.8842

→ outputs/exp3/ablation_acc/EXP2.md
