Exp2  arms=['A4']  order=reverse  seeds=[1]  B=8 c=1 epochs=5 arch=flat alloc=per_budget prior=discriminative head=accumulating beta_u=0.1 replay_k=1 λ=(1.0,1.0,1.0)
  ▶ A4 (+ Replay + KD) seed=1
    ── stage 0: tcga_esca
      epoch 1/5 n=120 mean_loss=0.1700
      epoch 2/5 n=120 mean_loss=0.1838
      epoch 3/5 n=120 mean_loss=0.0211
      epoch 4/5 n=120 mean_loss=0.0660
      epoch 5/5 n=120 mean_loss=0.0135
       記憶體 +120 → |M|=120
       eval tcga_esca  class-IL=1.0000 task-IL=1.0000
    ── stage 1: tcga_rcc
      epoch 1/5 n=616 mean_loss=0.4151
      epoch 2/5 n=616 mean_loss=0.2993
      epoch 3/5 n=616 mean_loss=0.2991
      epoch 4/5 n=616 mean_loss=0.2245
      epoch 5/5 n=616 mean_loss=0.2389
       記憶體 +616 → |M|=512
       eval tcga_esca  class-IL=1.0000 task-IL=1.0000
       eval tcga_rcc   class-IL=0.9342 task-IL=0.9342
    ── stage 2: tcga_brca
      epoch 1/5 n=763 mean_loss=0.7792
      epoch 2/5 n=763 mean_loss=0.7640
      epoch 3/5 n=763 mean_loss=0.7960
      epoch 4/5 n=763 mean_loss=0.6550
      epoch 5/5 n=763 mean_loss=0.7380
       記憶體 +763 → |M|=512
       eval tcga_esca  class-IL=0.8000 task-IL=1.0000
       eval tcga_rcc   class-IL=0.9211 task-IL=0.9342
       eval tcga_brca  class-IL=0.8495 task-IL=0.8925
    ── stage 3: tcga_lung
      epoch 1/5 n=774 mean_loss=1.3592
      epoch 2/5 n=774 mean_loss=1.1713
      epoch 3/5 n=774 mean_loss=1.2063
      epoch 4/5 n=774 mean_loss=1.0046
      epoch 5/5 n=774 mean_loss=1.1846
       記憶體 +774 → |M|=512
       eval tcga_esca  class-IL=0.5333 task-IL=0.9333
       eval tcga_rcc   class-IL=0.9079 task-IL=0.9474
       eval tcga_brca  class-IL=0.8602 task-IL=0.9032
       eval tcga_lung  class-IL=0.8211 task-IL=0.8632

→ outputs/exp3/ablation_acc/EXP2.md
