Exp2  arms=['A5']  order=reverse  seeds=[3]  B=16 c=1 epochs=5 arch=hier alloc=per_budget prior=discriminative head=accumulating uold=current beta_u=0.1 replay_k=1 λ=(1.0,1.0,1.0)
  ▶ A5 (Ours (Replay+KD+eq)) seed=3
    ── stage 0: tcga_esca
      epoch 1/5 n=120 mean_loss=0.2338
      epoch 2/5 n=120 mean_loss=0.0993
      epoch 3/5 n=120 mean_loss=0.0277
      epoch 4/5 n=120 mean_loss=0.0222
      epoch 5/5 n=120 mean_loss=0.0557
       記憶體 +120 → |M|=120
       eval tcga_esca  class-IL=1.0000 task-IL=1.0000
    ── stage 1: tcga_rcc
      epoch 1/5 n=617 mean_loss=0.4465
      epoch 2/5 n=617 mean_loss=0.3362
      epoch 3/5 n=617 mean_loss=0.2369
      epoch 4/5 n=617 mean_loss=0.2459
      epoch 5/5 n=617 mean_loss=0.2193
       記憶體 +617 → |M|=512
       eval tcga_esca  class-IL=1.0000 task-IL=1.0000
       eval tcga_rcc   class-IL=0.9211 task-IL=0.9474
    ── stage 2: tcga_brca
      epoch 1/5 n=763 mean_loss=1.1278
      epoch 2/5 n=763 mean_loss=0.9548
      epoch 3/5 n=763 mean_loss=0.8072
      epoch 4/5 n=763 mean_loss=0.9073
      epoch 5/5 n=763 mean_loss=0.8639
       記憶體 +763 → |M|=512
       eval tcga_esca  class-IL=0.8667 task-IL=0.9333
       eval tcga_rcc   class-IL=0.9342 task-IL=0.9474
       eval tcga_brca  class-IL=0.8750 task-IL=0.9167
    ── stage 3: tcga_lung
      epoch 1/5 n=765 mean_loss=1.6777
      epoch 2/5 n=765 mean_loss=1.1726
      epoch 3/5 n=765 mean_loss=1.2028
      epoch 4/5 n=765 mean_loss=1.1171
      epoch 5/5 n=765 mean_loss=1.3226
       記憶體 +765 → |M|=512
       eval tcga_esca  class-IL=0.6000 task-IL=1.0000
       eval tcga_rcc   class-IL=0.9211 task-IL=0.9474
       eval tcga_brca  class-IL=0.8646 task-IL=0.9062
       eval tcga_lung  class-IL=0.8598 task-IL=0.8879

→ outputs/exp3/sota_ucur_b16/EXP2.md
