Exp2  arms=['A5']  order=reverse  seeds=[8]  B=16 c=1 epochs=5 arch=hier alloc=per_budget prior=discriminative head=accumulating uold=current beta_u=0.1 replay_k=1 λ=(1.0,1.0,1.0)
  ▶ A5 (Ours (Replay+KD+eq)) seed=8
    ── stage 0: tcga_esca
      epoch 1/5 n=120 mean_loss=0.2613
      epoch 2/5 n=120 mean_loss=0.0507
      epoch 3/5 n=120 mean_loss=0.0435
      epoch 4/5 n=120 mean_loss=0.0302
      epoch 5/5 n=120 mean_loss=0.0127
       記憶體 +120 → |M|=120
       eval tcga_esca  class-IL=0.8667 task-IL=0.8667
    ── stage 1: tcga_rcc
      epoch 1/5 n=617 mean_loss=0.3226
      epoch 2/5 n=617 mean_loss=0.2923
      epoch 3/5 n=617 mean_loss=0.2829
      epoch 4/5 n=617 mean_loss=0.2270
      epoch 5/5 n=617 mean_loss=0.2136
       記憶體 +617 → |M|=512
       eval tcga_esca  class-IL=0.8667 task-IL=0.8667
       eval tcga_rcc   class-IL=0.8947 task-IL=0.8947
    ── stage 2: tcga_brca
      epoch 1/5 n=762 mean_loss=0.8982
      epoch 2/5 n=762 mean_loss=0.7674
      epoch 3/5 n=762 mean_loss=0.8407
      epoch 4/5 n=762 mean_loss=0.7449
      epoch 5/5 n=762 mean_loss=0.6621
       記憶體 +762 → |M|=512
       eval tcga_esca  class-IL=0.9333 task-IL=0.9333
       eval tcga_rcc   class-IL=0.9605 task-IL=0.9605
       eval tcga_brca  class-IL=0.8854 task-IL=0.8854
    ── stage 3: tcga_lung
      epoch 1/5 n=777 mean_loss=1.4533
      epoch 2/5 n=777 mean_loss=1.2752
      epoch 3/5 n=777 mean_loss=1.1835
      epoch 4/5 n=777 mean_loss=1.1442
      epoch 5/5 n=777 mean_loss=0.9851
       記憶體 +777 → |M|=512
       eval tcga_esca  class-IL=0.6000 task-IL=0.8667
       eval tcga_rcc   class-IL=0.9474 task-IL=0.9605
       eval tcga_brca  class-IL=0.8646 task-IL=0.8854
       eval tcga_lung  class-IL=0.7849 task-IL=0.8495

→ outputs/exp3/sota_ucur_b16/EXP2.md
