=== |M| = 64 ===
Exp2  arms=['A3', 'A5']  order=reverse  seeds=[0, 1, 2, 3, 4]  B=8 c=1 epochs=5 beta_u=0.1 replay_k=1 λ=(1.0,1.0,1.0)
  ▶ A3 (+ Replay) seed=0
    ── stage 0: tcga_esca
      epoch 1/5 n=120 mean_loss=0.5796
      epoch 2/5 n=120 mean_loss=0.1847
      epoch 3/5 n=120 mean_loss=0.0653
      epoch 4/5 n=120 mean_loss=0.0417
      epoch 5/5 n=120 mean_loss=0.1188
       記憶體 +120 → |M|=64
       eval tcga_esca  class-IL=0.8000 task-IL=0.8667
    ── stage 1: tcga_rcc
      epoch 1/5 n=616 mean_loss=0.5953
      epoch 2/5 n=616 mean_loss=0.3279
      epoch 3/5 n=616 mean_loss=0.2787
      epoch 4/5 n=616 mean_loss=0.2401
      epoch 5/5 n=616 mean_loss=0.2847
       記憶體 +616 → |M|=64
       eval tcga_esca  class-IL=0.8667 task-IL=0.9333
       eval tcga_rcc   class-IL=0.9474 task-IL=0.9605
    ── stage 2: tcga_brca
      epoch 1/5 n=763 mean_loss=1.3744
      epoch 2/5 n=763 mean_loss=0.8070
      epoch 3/5 n=763 mean_loss=0.6414
      epoch 4/5 n=763 mean_loss=0.5316
      epoch 5/5 n=763 mean_loss=0.4975
       記憶體 +763 → |M|=64
       eval tcga_esca  class-IL=0.4667 task-IL=0.7333
       eval tcga_rcc   class-IL=0.9079 task-IL=0.9342
       eval tcga_brca  class-IL=0.8925 task-IL=0.9247
    ── stage 3: tcga_lung
      epoch 1/5 n=774 mean_loss=1.2282
      epoch 2/5 n=774 mean_loss=0.9100
      epoch 3/5 n=774 mean_loss=0.7989
      epoch 4/5 n=774 mean_loss=0.7091
      epoch 5/5 n=774 mean_loss=0.7555
       記憶體 +774 → |M|=64
       eval tcga_esca  class-IL=0.3333 task-IL=0.8000
       eval tcga_rcc   class-IL=0.8816 task-IL=0.9474
       eval tcga_brca  class-IL=0.7849 task-IL=0.8710
       eval tcga_lung  class-IL=0.8421 task-IL=0.8421
  ▶ A3 (+ Replay) seed=1
    ── stage 0: tcga_esca
      epoch 1/5 n=120 mean_loss=0.4838
      epoch 2/5 n=120 mean_loss=0.1656
      epoch 3/5 n=120 mean_loss=0.1271
      epoch 4/5 n=120 mean_loss=0.1091
      epoch 5/5 n=120 mean_loss=0.1208
       記憶體 +120 → |M|=64
       eval tcga_esca  class-IL=0.8667 task-IL=0.9333
    ── stage 1: tcga_rcc
      epoch 1/5 n=616 mean_loss=0.4243
      epoch 2/5 n=616 mean_loss=0.2764
      epoch 3/5 n=616 mean_loss=0.3758
      epoch 4/5 n=616 mean_loss=0.2338
      epoch 5/5 n=616 mean_loss=0.2965
       記憶體 +616 → |M|=64
       eval tcga_esca  class-IL=0.8000 task-IL=0.9333
       eval tcga_rcc   class-IL=0.9605 task-IL=0.9605
    ── stage 2: tcga_brca
      epoch 1/5 n=763 mean_loss=0.8638
      epoch 2/5 n=763 mean_loss=0.6701
      epoch 3/5 n=763 mean_loss=0.6522
      epoch 4/5 n=763 mean_loss=0.5474
      epoch 5/5 n=763 mean_loss=0.5345
       記憶體 +763 → |M|=64
       eval tcga_esca  class-IL=0.5333 task-IL=0.8667
       eval tcga_rcc   class-IL=0.9605 task-IL=0.9605
       eval tcga_brca  class-IL=0.8495 task-IL=0.8925
    ── stage 3: tcga_lung
      epoch 1/5 n=774 mean_loss=1.4729
      epoch 2/5 n=774 mean_loss=0.9877
      epoch 3/5 n=774 mean_loss=0.7283
      epoch 4/5 n=774 mean_loss=0.6418
      epoch 5/5 n=774 mean_loss=0.6421
       記憶體 +774 → |M|=64
       eval tcga_esca  class-IL=0.3333 task-IL=0.7333
       eval tcga_rcc   class-IL=0.8289 task-IL=0.9211
       eval tcga_brca  class-IL=0.7312 task-IL=0.8387
       eval tcga_lung  class-IL=0.8632 task-IL=0.8632
  ▶ A3 (+ Replay) seed=2
    ── stage 0: tcga_esca
      epoch 1/5 n=120 mean_loss=0.5715
      epoch 2/5 n=120 mean_loss=0.2234
      epoch 3/5 n=120 mean_loss=0.0734
      epoch 4/5 n=120 mean_loss=0.1335
      epoch 5/5 n=120 mean_loss=0.1558
       記憶體 +120 → |M|=64
       eval tcga_esca  class-IL=0.8667 task-IL=0.9333
    ── stage 1: tcga_rcc
      epoch 1/5 n=616 mean_loss=0.4483
      epoch 2/5 n=616 mean_loss=0.3671
      epoch 3/5 n=616 mean_loss=0.2710
      epoch 4/5 n=616 mean_loss=0.2305
      epoch 5/5 n=616 mean_loss=0.2597
       記憶體 +616 → |M|=64
       eval tcga_esca  class-IL=0.8000 task-IL=0.9333
       eval tcga_rcc   class-IL=0.9342 task-IL=0.9342
    ── stage 2: tcga_brca
      epoch 1/5 n=763 mean_loss=0.9687
      epoch 2/5 n=763 mean_loss=0.7513
      epoch 3/5 n=763 mean_loss=0.6217
      epoch 4/5 n=763 mean_loss=0.7134
      epoch 5/5 n=763 mean_loss=0.6952
       記憶體 +763 → |M|=64
       eval tcga_esca  class-IL=0.4000 task-IL=0.7333
       eval tcga_rcc   class-IL=0.8947 task-IL=0.9079
       eval tcga_brca  class-IL=0.9032 task-IL=0.9140
    ── stage 3: tcga_lung
      epoch 1/5 n=774 mean_loss=1.3680
      epoch 2/5 n=774 mean_loss=0.9078
      epoch 3/5 n=774 mean_loss=0.7640
      epoch 4/5 n=774 mean_loss=0.7171
      epoch 5/5 n=774 mean_loss=0.6590
       記憶體 +774 → |M|=64
       eval tcga_esca  class-IL=0.4000 task-IL=0.9333
       eval tcga_rcc   class-IL=0.7632 task-IL=0.8816
       eval tcga_brca  class-IL=0.7097 task-IL=0.8602
       eval tcga_lung  class-IL=0.8842 task-IL=0.8842
  ▶ A3 (+ Replay) seed=3
    ── stage 0: tcga_esca
      epoch 1/5 n=120 mean_loss=0.5415
      epoch 2/5 n=120 mean_loss=0.2037
      epoch 3/5 n=120 mean_loss=0.1161
      epoch 4/5 n=120 mean_loss=0.0515
      epoch 5/5 n=120 mean_loss=0.0385
       記憶體 +120 → |M|=64
       eval tcga_esca  class-IL=0.8000 task-IL=0.8667
    ── stage 1: tcga_rcc
      epoch 1/5 n=616 mean_loss=0.4497
      epoch 2/5 n=616 mean_loss=0.3508
      epoch 3/5 n=616 mean_loss=0.3681
      epoch 4/5 n=616 mean_loss=0.2688
      epoch 5/5 n=616 mean_loss=0.2390
       記憶體 +616 → |M|=64
       eval tcga_esca  class-IL=0.8000 task-IL=0.8667
       eval tcga_rcc   class-IL=0.9342 task-IL=0.9342
    ── stage 2: tcga_brca
      epoch 1/5 n=763 mean_loss=1.0762
      epoch 2/5 n=763 mean_loss=0.7775
      epoch 3/5 n=763 mean_loss=0.6334
      epoch 4/5 n=763 mean_loss=0.5506
      epoch 5/5 n=763 mean_loss=0.5859
       記憶體 +763 → |M|=64
       eval tcga_esca  class-IL=0.3333 task-IL=0.8000
       eval tcga_rcc   class-IL=0.8947 task-IL=0.9079
       eval tcga_brca  class-IL=0.8602 task-IL=0.8925
    ── stage 3: tcga_lung
      epoch 1/5 n=774 mean_loss=1.3479
      epoch 2/5 n=774 mean_loss=1.1065
      epoch 3/5 n=774 mean_loss=0.8480
      epoch 4/5 n=774 mean_loss=0.7369
      epoch 5/5 n=774 mean_loss=0.6774
       記憶體 +774 → |M|=64
       eval tcga_esca  class-IL=0.2667 task-IL=0.8000
       eval tcga_rcc   class-IL=0.8816 task-IL=0.9211
       eval tcga_brca  class-IL=0.7419 task-IL=0.8495
       eval tcga_lung  class-IL=0.7684 task-IL=0.8105
  ▶ A3 (+ Replay) seed=4
    ── stage 0: tcga_esca
      epoch 1/5 n=120 mean_loss=1.6190
      epoch 2/5 n=120 mean_loss=0.1774
      epoch 3/5 n=120 mean_loss=0.0753
      epoch 4/5 n=120 mean_loss=0.1064
      epoch 5/5 n=120 mean_loss=0.2032
       記憶體 +120 → |M|=64
       eval tcga_esca  class-IL=0.8667 task-IL=0.8667
    ── stage 1: tcga_rcc
      epoch 1/5 n=616 mean_loss=0.5764
      epoch 2/5 n=616 mean_loss=0.3682
      epoch 3/5 n=616 mean_loss=0.3005
      epoch 4/5 n=616 mean_loss=0.2515
      epoch 5/5 n=616 mean_loss=0.2140
       記憶體 +616 → |M|=64
       eval tcga_esca  class-IL=0.8667 task-IL=0.8667
       eval tcga_rcc   class-IL=0.9474 task-IL=0.9474
    ── stage 2: tcga_brca
      epoch 1/5 n=763 mean_loss=1.1542
      epoch 2/5 n=763 mean_loss=0.8559
      epoch 3/5 n=763 mean_loss=0.6995
      epoch 4/5 n=763 mean_loss=0.5417
      epoch 5/5 n=763 mean_loss=0.4587
       記憶體 +763 → |M|=64
       eval tcga_esca  class-IL=0.4667 task-IL=0.7333
       eval tcga_rcc   class-IL=0.8684 task-IL=0.8947
       eval tcga_brca  class-IL=0.9032 task-IL=0.9140
    ── stage 3: tcga_lung
      epoch 1/5 n=774 mean_loss=1.5341
      epoch 2/5 n=774 mean_loss=0.9628
      epoch 3/5 n=774 mean_loss=0.7951
      epoch 4/5 n=774 mean_loss=0.6650
      epoch 5/5 n=774 mean_loss=0.7035
       記憶體 +774 → |M|=64
       eval tcga_esca  class-IL=0.4000 task-IL=0.8667
       eval tcga_rcc   class-IL=0.9211 task-IL=0.9474
       eval tcga_brca  class-IL=0.7204 task-IL=0.8172
       eval tcga_lung  class-IL=0.8211 task-IL=0.8211
  ▶ A5 (Ours (Replay+KD+eq)) seed=0
    ── stage 0: tcga_esca
      epoch 1/5 n=120 mean_loss=0.5796
      epoch 2/5 n=120 mean_loss=0.1847
      epoch 3/5 n=120 mean_loss=0.0653
      epoch 4/5 n=120 mean_loss=0.0417
      epoch 5/5 n=120 mean_loss=0.1188
       記憶體 +120 → |M|=64
       eval tcga_esca  class-IL=0.8000 task-IL=0.8667
    ── stage 1: tcga_rcc
      epoch 1/5 n=616 mean_loss=0.6865
      epoch 2/5 n=616 mean_loss=0.3690
      epoch 3/5 n=616 mean_loss=0.2844
      epoch 4/5 n=616 mean_loss=0.4325
      epoch 5/5 n=616 mean_loss=0.2782
       記憶體 +616 → |M|=64
       eval tcga_esca  class-IL=0.8667 task-IL=0.9333
       eval tcga_rcc   class-IL=0.9342 task-IL=0.9474
    ── stage 2: tcga_brca
      epoch 1/5 n=763 mean_loss=1.3201
      epoch 2/5 n=763 mean_loss=0.7201
      epoch 3/5 n=763 mean_loss=0.7397
      epoch 4/5 n=763 mean_loss=0.6306
      epoch 5/5 n=763 mean_loss=0.6292
       記憶體 +763 → |M|=64
       eval tcga_esca  class-IL=0.4000 task-IL=0.6000
       eval tcga_rcc   class-IL=0.8816 task-IL=0.9211
       eval tcga_brca  class-IL=0.9140 task-IL=0.9247
    ── stage 3: tcga_lung
      epoch 1/5 n=774 mean_loss=1.8234
      epoch 2/5 n=774 mean_loss=0.9125
      epoch 3/5 n=774 mean_loss=0.7574
      epoch 4/5 n=774 mean_loss=0.7663
      epoch 5/5 n=774 mean_loss=0.7735
       記憶體 +774 → |M|=64
       eval tcga_esca  class-IL=0.4000 task-IL=0.8667
       eval tcga_rcc   class-IL=0.8684 task-IL=0.9474
       eval tcga_brca  class-IL=0.7634 task-IL=0.8280
       eval tcga_lung  class-IL=0.8421 task-IL=0.8737
  ▶ A5 (Ours (Replay+KD+eq)) seed=1
    ── stage 0: tcga_esca
      epoch 1/5 n=120 mean_loss=0.4838
      epoch 2/5 n=120 mean_loss=0.1656
      epoch 3/5 n=120 mean_loss=0.1271
      epoch 4/5 n=120 mean_loss=0.1091
      epoch 5/5 n=120 mean_loss=0.1208
       記憶體 +120 → |M|=64
       eval tcga_esca  class-IL=0.8667 task-IL=0.9333
    ── stage 1: tcga_rcc
      epoch 1/5 n=616 mean_loss=0.5658
      epoch 2/5 n=616 mean_loss=0.3032
      epoch 3/5 n=616 mean_loss=0.3276
      epoch 4/5 n=616 mean_loss=0.2744
      epoch 5/5 n=616 mean_loss=0.3052
       記憶體 +616 → |M|=64
       eval tcga_esca  class-IL=0.8000 task-IL=0.8667
       eval tcga_rcc   class-IL=0.9474 task-IL=0.9474
    ── stage 2: tcga_brca
      epoch 1/5 n=763 mean_loss=1.2765
      epoch 2/5 n=763 mean_loss=0.9163
      epoch 3/5 n=763 mean_loss=0.8510
      epoch 4/5 n=763 mean_loss=0.8153
      epoch 5/5 n=763 mean_loss=0.8262
       記憶體 +763 → |M|=64
       eval tcga_esca  class-IL=0.8000 task-IL=0.9333
       eval tcga_rcc   class-IL=0.9211 task-IL=0.9211
       eval tcga_brca  class-IL=0.7957 task-IL=0.8495
    ── stage 3: tcga_lung
      epoch 1/5 n=774 mean_loss=1.4787
      epoch 2/5 n=774 mean_loss=1.2738
      epoch 3/5 n=774 mean_loss=0.8153
      epoch 4/5 n=774 mean_loss=0.8129
      epoch 5/5 n=774 mean_loss=0.8223
       記憶體 +774 → |M|=64
       eval tcga_esca  class-IL=0.5333 task-IL=0.9333
       eval tcga_rcc   class-IL=0.7632 task-IL=0.8026
       eval tcga_brca  class-IL=0.8280 task-IL=0.8710
       eval tcga_lung  class-IL=0.7579 task-IL=0.8000
  ▶ A5 (Ours (Replay+KD+eq)) seed=2
    ── stage 0: tcga_esca
      epoch 1/5 n=120 mean_loss=0.5715
      epoch 2/5 n=120 mean_loss=0.2234
      epoch 3/5 n=120 mean_loss=0.0734
      epoch 4/5 n=120 mean_loss=0.1335
      epoch 5/5 n=120 mean_loss=0.1558
       記憶體 +120 → |M|=64
       eval tcga_esca  class-IL=0.8667 task-IL=0.9333
    ── stage 1: tcga_rcc
      epoch 1/5 n=616 mean_loss=0.4941
      epoch 2/5 n=616 mean_loss=0.2698
      epoch 3/5 n=616 mean_loss=0.3651
      epoch 4/5 n=616 mean_loss=0.2401
      epoch 5/5 n=616 mean_loss=0.2286
       記憶體 +616 → |M|=64
       eval tcga_esca  class-IL=0.8667 task-IL=0.9333
       eval tcga_rcc   class-IL=0.9474 task-IL=0.9474
    ── stage 2: tcga_brca
      epoch 1/5 n=763 mean_loss=1.0419
      epoch 2/5 n=763 mean_loss=0.8046
      epoch 3/5 n=763 mean_loss=0.7374
      epoch 4/5 n=763 mean_loss=0.7340
      epoch 5/5 n=763 mean_loss=0.6858
       記憶體 +763 → |M|=64
       eval tcga_esca  class-IL=0.3333 task-IL=0.6667
       eval tcga_rcc   class-IL=0.9342 task-IL=0.9342
       eval tcga_brca  class-IL=0.8925 task-IL=0.9032
    ── stage 3: tcga_lung
      epoch 1/5 n=774 mean_loss=1.7252
      epoch 2/5 n=774 mean_loss=1.1955
      epoch 3/5 n=774 mean_loss=0.7570
      epoch 4/5 n=774 mean_loss=0.6253
      epoch 5/5 n=774 mean_loss=0.5856
       記憶體 +774 → |M|=64
       eval tcga_esca  class-IL=0.5333 task-IL=0.9333
       eval tcga_rcc   class-IL=0.7368 task-IL=0.9211
       eval tcga_brca  class-IL=0.7527 task-IL=0.8710
       eval tcga_lung  class-IL=0.8316 task-IL=0.8421
  ▶ A5 (Ours (Replay+KD+eq)) seed=3
    ── stage 0: tcga_esca
      epoch 1/5 n=120 mean_loss=0.5415
      epoch 2/5 n=120 mean_loss=0.2037
      epoch 3/5 n=120 mean_loss=0.1161
      epoch 4/5 n=120 mean_loss=0.0515
      epoch 5/5 n=120 mean_loss=0.0385
       記憶體 +120 → |M|=64
       eval tcga_esca  class-IL=0.8000 task-IL=0.8667
    ── stage 1: tcga_rcc
      epoch 1/5 n=616 mean_loss=0.5221
      epoch 2/5 n=616 mean_loss=0.2871
      epoch 3/5 n=616 mean_loss=0.3706
      epoch 4/5 n=616 mean_loss=0.2705
      epoch 5/5 n=616 mean_loss=0.2840
       記憶體 +616 → |M|=64
       eval tcga_esca  class-IL=0.9333 task-IL=1.0000
       eval tcga_rcc   class-IL=0.9474 task-IL=0.9474
    ── stage 2: tcga_brca
      epoch 1/5 n=763 mean_loss=1.3220
      epoch 2/5 n=763 mean_loss=0.8835
      epoch 3/5 n=763 mean_loss=0.7340
      epoch 4/5 n=763 mean_loss=0.5946
      epoch 5/5 n=763 mean_loss=0.5300
       記憶體 +763 → |M|=64
       eval tcga_esca  class-IL=0.3333 task-IL=0.7333
       eval tcga_rcc   class-IL=0.8816 task-IL=0.9211
       eval tcga_brca  class-IL=0.8817 task-IL=0.8925
    ── stage 3: tcga_lung
      epoch 1/5 n=774 mean_loss=1.4051
      epoch 2/5 n=774 mean_loss=1.2686
      epoch 3/5 n=774 mean_loss=0.7845
      epoch 4/5 n=774 mean_loss=0.6639
      epoch 5/5 n=774 mean_loss=0.7009
       記憶體 +774 → |M|=64
       eval tcga_esca  class-IL=0.6667 task-IL=0.9333
       eval tcga_rcc   class-IL=0.8158 task-IL=0.9079
       eval tcga_brca  class-IL=0.7097 task-IL=0.8280
       eval tcga_lung  class-IL=0.8842 task-IL=0.9053
  ▶ A5 (Ours (Replay+KD+eq)) seed=4
    ── stage 0: tcga_esca
      epoch 1/5 n=120 mean_loss=1.6190
      epoch 2/5 n=120 mean_loss=0.1774
      epoch 3/5 n=120 mean_loss=0.0753
      epoch 4/5 n=120 mean_loss=0.1064
      epoch 5/5 n=120 mean_loss=0.2032
       記憶體 +120 → |M|=64
       eval tcga_esca  class-IL=0.8667 task-IL=0.8667
    ── stage 1: tcga_rcc
      epoch 1/5 n=616 mean_loss=0.5678
      epoch 2/5 n=616 mean_loss=0.4020
      epoch 3/5 n=616 mean_loss=0.2439
      epoch 4/5 n=616 mean_loss=0.2521
      epoch 5/5 n=616 mean_loss=0.2132
       記憶體 +616 → |M|=64
       eval tcga_esca  class-IL=0.8667 task-IL=0.8667
       eval tcga_rcc   class-IL=0.9474 task-IL=0.9474
    ── stage 2: tcga_brca
      epoch 1/5 n=763 mean_loss=1.3312
      epoch 2/5 n=763 mean_loss=1.0113
      epoch 3/5 n=763 mean_loss=0.7327
      epoch 4/5 n=763 mean_loss=0.6782
      epoch 5/5 n=763 mean_loss=0.6088
       記憶體 +763 → |M|=64
       eval tcga_esca  class-IL=0.7333 task-IL=0.9333
       eval tcga_rcc   class-IL=0.9342 task-IL=0.9342
       eval tcga_brca  class-IL=0.8817 task-IL=0.8925
    ── stage 3: tcga_lung
      epoch 1/5 n=774 mean_loss=1.6041
      epoch 2/5 n=774 mean_loss=1.1007
      epoch 3/5 n=774 mean_loss=0.9141
      epoch 4/5 n=774 mean_loss=0.9538
      epoch 5/5 n=774 mean_loss=0.7788
       記憶體 +774 → |M|=64
       eval tcga_esca  class-IL=0.6000 task-IL=0.9333
       eval tcga_rcc   class-IL=0.9079 task-IL=0.9342
       eval tcga_brca  class-IL=0.8602 task-IL=0.9032
       eval tcga_lung  class-IL=0.7895 task-IL=0.8421

→ /Users/aaron/research/02_pathselect/outputs/exp2/memory/EXP2.md
=== |M| = 128 ===
Exp2  arms=['A3', 'A5']  order=reverse  seeds=[0, 1, 2, 3, 4]  B=8 c=1 epochs=5 beta_u=0.1 replay_k=1 λ=(1.0,1.0,1.0)
  ▶ A3 (+ Replay) seed=0
    ── stage 0: tcga_esca
      epoch 1/5 n=120 mean_loss=0.5796
      epoch 2/5 n=120 mean_loss=0.1847
      epoch 3/5 n=120 mean_loss=0.0653
      epoch 4/5 n=120 mean_loss=0.0417
      epoch 5/5 n=120 mean_loss=0.1188
       記憶體 +120 → |M|=120
       eval tcga_esca  class-IL=0.8000 task-IL=0.8667
    ── stage 1: tcga_rcc
      epoch 1/5 n=616 mean_loss=0.6425
      epoch 2/5 n=616 mean_loss=0.4753
      epoch 3/5 n=616 mean_loss=0.3329
      epoch 4/5 n=616 mean_loss=0.2997
      epoch 5/5 n=616 mean_loss=0.2493
       記憶體 +616 → |M|=128
       eval tcga_esca  class-IL=0.8667 task-IL=0.8667
       eval tcga_rcc   class-IL=0.9474 task-IL=0.9605
    ── stage 2: tcga_brca
      epoch 1/5 n=763 mean_loss=1.0557
      epoch 2/5 n=763 mean_loss=0.9658
      epoch 3/5 n=763 mean_loss=0.7132
      epoch 4/5 n=763 mean_loss=0.6989
      epoch 5/5 n=763 mean_loss=0.6372
       記憶體 +763 → |M|=128
       eval tcga_esca  class-IL=0.6667 task-IL=0.7333
       eval tcga_rcc   class-IL=0.9474 task-IL=0.9605
       eval tcga_brca  class-IL=0.8710 task-IL=0.9355
    ── stage 3: tcga_lung
      epoch 1/5 n=774 mean_loss=1.5019
      epoch 2/5 n=774 mean_loss=1.1500
      epoch 3/5 n=774 mean_loss=1.1232
      epoch 4/5 n=774 mean_loss=0.9248
      epoch 5/5 n=774 mean_loss=0.7627
       記憶體 +774 → |M|=128
       eval tcga_esca  class-IL=0.7333 task-IL=0.9333
       eval tcga_rcc   class-IL=0.9211 task-IL=0.9474
       eval tcga_brca  class-IL=0.7849 task-IL=0.8817
       eval tcga_lung  class-IL=0.7684 task-IL=0.8316
  ▶ A3 (+ Replay) seed=1
    ── stage 0: tcga_esca
      epoch 1/5 n=120 mean_loss=0.4838
      epoch 2/5 n=120 mean_loss=0.1656
      epoch 3/5 n=120 mean_loss=0.1271
      epoch 4/5 n=120 mean_loss=0.1091
      epoch 5/5 n=120 mean_loss=0.1208
       記憶體 +120 → |M|=120
       eval tcga_esca  class-IL=0.8667 task-IL=0.9333
    ── stage 1: tcga_rcc
      epoch 1/5 n=616 mean_loss=0.4799
      epoch 2/5 n=616 mean_loss=0.4206
      epoch 3/5 n=616 mean_loss=0.2551
      epoch 4/5 n=616 mean_loss=0.2281
      epoch 5/5 n=616 mean_loss=0.2621
       記憶體 +616 → |M|=128
       eval tcga_esca  class-IL=0.8000 task-IL=0.8667
       eval tcga_rcc   class-IL=0.9342 task-IL=0.9342
    ── stage 2: tcga_brca
      epoch 1/5 n=763 mean_loss=0.9022
      epoch 2/5 n=763 mean_loss=0.7435
      epoch 3/5 n=763 mean_loss=0.7098
      epoch 4/5 n=763 mean_loss=0.5727
      epoch 5/5 n=763 mean_loss=0.6282
       記憶體 +763 → |M|=128
       eval tcga_esca  class-IL=0.6000 task-IL=0.9333
       eval tcga_rcc   class-IL=0.9474 task-IL=0.9605
       eval tcga_brca  class-IL=0.8925 task-IL=0.9247
    ── stage 3: tcga_lung
      epoch 1/5 n=774 mean_loss=1.3574
      epoch 2/5 n=774 mean_loss=1.1535
      epoch 3/5 n=774 mean_loss=1.1164
      epoch 4/5 n=774 mean_loss=0.7878
      epoch 5/5 n=774 mean_loss=0.8610
       記憶體 +774 → |M|=128
       eval tcga_esca  class-IL=0.6667 task-IL=0.8667
       eval tcga_rcc   class-IL=0.9342 task-IL=0.9474
       eval tcga_brca  class-IL=0.7419 task-IL=0.8495
       eval tcga_lung  class-IL=0.8000 task-IL=0.8421
  ▶ A3 (+ Replay) seed=2
    ── stage 0: tcga_esca
      epoch 1/5 n=120 mean_loss=0.5715
      epoch 2/5 n=120 mean_loss=0.2234
      epoch 3/5 n=120 mean_loss=0.0734
      epoch 4/5 n=120 mean_loss=0.1335
      epoch 5/5 n=120 mean_loss=0.1558
       記憶體 +120 → |M|=120
       eval tcga_esca  class-IL=0.8667 task-IL=0.9333
    ── stage 1: tcga_rcc
      epoch 1/5 n=616 mean_loss=0.4876
      epoch 2/5 n=616 mean_loss=0.4813
      epoch 3/5 n=616 mean_loss=0.3544
      epoch 4/5 n=616 mean_loss=0.3063
      epoch 5/5 n=616 mean_loss=0.3104
       記憶體 +616 → |M|=128
       eval tcga_esca  class-IL=0.8000 task-IL=0.9333
       eval tcga_rcc   class-IL=0.9474 task-IL=0.9474
    ── stage 2: tcga_brca
      epoch 1/5 n=763 mean_loss=1.0436
      epoch 2/5 n=763 mean_loss=0.8530
      epoch 3/5 n=763 mean_loss=0.8475
      epoch 4/5 n=763 mean_loss=0.7304
      epoch 5/5 n=763 mean_loss=0.6910
       記憶體 +763 → |M|=128
       eval tcga_esca  class-IL=0.6667 task-IL=0.8000
       eval tcga_rcc   class-IL=0.9474 task-IL=0.9605
       eval tcga_brca  class-IL=0.8495 task-IL=0.8602
    ── stage 3: tcga_lung
      epoch 1/5 n=774 mean_loss=1.5423
      epoch 2/5 n=774 mean_loss=1.0296
      epoch 3/5 n=774 mean_loss=1.0085
      epoch 4/5 n=774 mean_loss=0.9095
      epoch 5/5 n=774 mean_loss=0.7689
       記憶體 +774 → |M|=128
       eval tcga_esca  class-IL=0.8667 task-IL=0.9333
       eval tcga_rcc   class-IL=0.9211 task-IL=0.9605
       eval tcga_brca  class-IL=0.7849 task-IL=0.8817
       eval tcga_lung  class-IL=0.8421 task-IL=0.8526
  ▶ A3 (+ Replay) seed=3
    ── stage 0: tcga_esca
      epoch 1/5 n=120 mean_loss=0.5415
      epoch 2/5 n=120 mean_loss=0.2037
      epoch 3/5 n=120 mean_loss=0.1161
      epoch 4/5 n=120 mean_loss=0.0515
      epoch 5/5 n=120 mean_loss=0.0385
       記憶體 +120 → |M|=120
       eval tcga_esca  class-IL=0.8000 task-IL=0.8667
    ── stage 1: tcga_rcc
      epoch 1/5 n=616 mean_loss=0.5611
      epoch 2/5 n=616 mean_loss=0.4551
      epoch 3/5 n=616 mean_loss=0.3669
      epoch 4/5 n=616 mean_loss=0.3923
      epoch 5/5 n=616 mean_loss=0.2913
       記憶體 +616 → |M|=128
       eval tcga_esca  class-IL=0.8000 task-IL=0.8667
       eval tcga_rcc   class-IL=0.9474 task-IL=0.9474
    ── stage 2: tcga_brca
      epoch 1/5 n=763 mean_loss=1.1827
      epoch 2/5 n=763 mean_loss=0.8160
      epoch 3/5 n=763 mean_loss=0.8198
      epoch 4/5 n=763 mean_loss=0.7168
      epoch 5/5 n=763 mean_loss=0.7518
       記憶體 +763 → |M|=128
       eval tcga_esca  class-IL=0.8667 task-IL=0.9333
       eval tcga_rcc   class-IL=0.9211 task-IL=0.9605
       eval tcga_brca  class-IL=0.8172 task-IL=0.8495
    ── stage 3: tcga_lung
      epoch 1/5 n=774 mean_loss=1.4769
      epoch 2/5 n=774 mean_loss=0.9989
      epoch 3/5 n=774 mean_loss=1.0475
      epoch 4/5 n=774 mean_loss=0.8875
      epoch 5/5 n=774 mean_loss=0.8548
       記憶體 +774 → |M|=128
       eval tcga_esca  class-IL=0.8000 task-IL=0.9333
       eval tcga_rcc   class-IL=0.9211 task-IL=0.9474
       eval tcga_brca  class-IL=0.7957 task-IL=0.8710
       eval tcga_lung  class-IL=0.8105 task-IL=0.8526
  ▶ A3 (+ Replay) seed=4
    ── stage 0: tcga_esca
      epoch 1/5 n=120 mean_loss=1.6190
      epoch 2/5 n=120 mean_loss=0.1774
      epoch 3/5 n=120 mean_loss=0.0753
      epoch 4/5 n=120 mean_loss=0.1064
      epoch 5/5 n=120 mean_loss=0.2032
       記憶體 +120 → |M|=120
       eval tcga_esca  class-IL=0.8667 task-IL=0.8667
    ── stage 1: tcga_rcc
      epoch 1/5 n=616 mean_loss=0.6025
      epoch 2/5 n=616 mean_loss=0.3624
      epoch 3/5 n=616 mean_loss=0.3811
      epoch 4/5 n=616 mean_loss=0.3085
      epoch 5/5 n=616 mean_loss=0.2959
       記憶體 +616 → |M|=128
       eval tcga_esca  class-IL=0.8667 task-IL=0.8667
       eval tcga_rcc   class-IL=0.9342 task-IL=0.9342
    ── stage 2: tcga_brca
      epoch 1/5 n=763 mean_loss=1.0042
      epoch 2/5 n=763 mean_loss=0.8370
      epoch 3/5 n=763 mean_loss=0.7120
      epoch 4/5 n=763 mean_loss=0.6755
      epoch 5/5 n=763 mean_loss=0.6935
       記憶體 +763 → |M|=128
       eval tcga_esca  class-IL=0.4667 task-IL=0.7333
       eval tcga_rcc   class-IL=0.6316 task-IL=0.9079
       eval tcga_brca  class-IL=0.8495 task-IL=0.8602
    ── stage 3: tcga_lung
      epoch 1/5 n=774 mean_loss=1.8541
      epoch 2/5 n=774 mean_loss=1.1846
      epoch 3/5 n=774 mean_loss=0.9268
      epoch 4/5 n=774 mean_loss=0.8198
      epoch 5/5 n=774 mean_loss=0.7621
       記憶體 +774 → |M|=128
       eval tcga_esca  class-IL=0.6667 task-IL=0.8667
       eval tcga_rcc   class-IL=0.8684 task-IL=0.9211
       eval tcga_brca  class-IL=0.8602 task-IL=0.9462
       eval tcga_lung  class-IL=0.7789 task-IL=0.8000
  ▶ A5 (Ours (Replay+KD+eq)) seed=0
    ── stage 0: tcga_esca
      epoch 1/5 n=120 mean_loss=0.5796
      epoch 2/5 n=120 mean_loss=0.1847
      epoch 3/5 n=120 mean_loss=0.0653
      epoch 4/5 n=120 mean_loss=0.0417
      epoch 5/5 n=120 mean_loss=0.1188
       記憶體 +120 → |M|=120
       eval tcga_esca  class-IL=0.8000 task-IL=0.8667
    ── stage 1: tcga_rcc
      epoch 1/5 n=616 mean_loss=0.7227
      epoch 2/5 n=616 mean_loss=0.4397
      epoch 3/5 n=616 mean_loss=0.3176
      epoch 4/5 n=616 mean_loss=0.2920
      epoch 5/5 n=616 mean_loss=0.3459
       記憶體 +616 → |M|=128
       eval tcga_esca  class-IL=0.8667 task-IL=0.9333
       eval tcga_rcc   class-IL=0.9211 task-IL=0.9474
    ── stage 2: tcga_brca
      epoch 1/5 n=763 mean_loss=1.2485
      epoch 2/5 n=763 mean_loss=0.8260
      epoch 3/5 n=763 mean_loss=0.7796
      epoch 4/5 n=763 mean_loss=0.8625
      epoch 5/5 n=763 mean_loss=0.6038
       記憶體 +763 → |M|=128
       eval tcga_esca  class-IL=0.5333 task-IL=0.8667
       eval tcga_rcc   class-IL=0.9474 task-IL=0.9474
       eval tcga_brca  class-IL=0.9140 task-IL=0.9247
    ── stage 3: tcga_lung
      epoch 1/5 n=774 mean_loss=1.9243
      epoch 2/5 n=774 mean_loss=1.0254
      epoch 3/5 n=774 mean_loss=1.1384
      epoch 4/5 n=774 mean_loss=1.0159
      epoch 5/5 n=774 mean_loss=0.9782
       記憶體 +774 → |M|=128
       eval tcga_esca  class-IL=0.7333 task-IL=0.8667
       eval tcga_rcc   class-IL=0.9342 task-IL=0.9605
       eval tcga_brca  class-IL=0.8280 task-IL=0.9355
       eval tcga_lung  class-IL=0.8316 task-IL=0.8737
  ▶ A5 (Ours (Replay+KD+eq)) seed=1
    ── stage 0: tcga_esca
      epoch 1/5 n=120 mean_loss=0.4838
      epoch 2/5 n=120 mean_loss=0.1656
      epoch 3/5 n=120 mean_loss=0.1271
      epoch 4/5 n=120 mean_loss=0.1091
      epoch 5/5 n=120 mean_loss=0.1208
       記憶體 +120 → |M|=120
       eval tcga_esca  class-IL=0.8667 task-IL=0.9333
    ── stage 1: tcga_rcc
      epoch 1/5 n=616 mean_loss=0.5541
      epoch 2/5 n=616 mean_loss=0.3550
      epoch 3/5 n=616 mean_loss=0.3300
      epoch 4/5 n=616 mean_loss=0.2779
      epoch 5/5 n=616 mean_loss=0.4621
       記憶體 +616 → |M|=128
       eval tcga_esca  class-IL=0.8667 task-IL=0.9333
       eval tcga_rcc   class-IL=0.9605 task-IL=0.9605
    ── stage 2: tcga_brca
      epoch 1/5 n=763 mean_loss=1.0762
      epoch 2/5 n=763 mean_loss=1.1380
      epoch 3/5 n=763 mean_loss=0.8199
      epoch 4/5 n=763 mean_loss=0.7756
      epoch 5/5 n=763 mean_loss=0.7991
       記憶體 +763 → |M|=128
       eval tcga_esca  class-IL=0.7333 task-IL=0.8667
       eval tcga_rcc   class-IL=0.9474 task-IL=0.9474
       eval tcga_brca  class-IL=0.8280 task-IL=0.8817
    ── stage 3: tcga_lung
      epoch 1/5 n=774 mean_loss=1.5119
      epoch 2/5 n=774 mean_loss=1.2752
      epoch 3/5 n=774 mean_loss=1.0155
      epoch 4/5 n=774 mean_loss=0.9371
      epoch 5/5 n=774 mean_loss=1.0535
       記憶體 +774 → |M|=128
       eval tcga_esca  class-IL=0.7333 task-IL=0.8667
       eval tcga_rcc   class-IL=0.9211 task-IL=0.9474
       eval tcga_brca  class-IL=0.8065 task-IL=0.8602
       eval tcga_lung  class-IL=0.7368 task-IL=0.8211
  ▶ A5 (Ours (Replay+KD+eq)) seed=2
    ── stage 0: tcga_esca
      epoch 1/5 n=120 mean_loss=0.5715
      epoch 2/5 n=120 mean_loss=0.2234
      epoch 3/5 n=120 mean_loss=0.0734
      epoch 4/5 n=120 mean_loss=0.1335
      epoch 5/5 n=120 mean_loss=0.1558
       記憶體 +120 → |M|=120
       eval tcga_esca  class-IL=0.8667 task-IL=0.9333
    ── stage 1: tcga_rcc
      epoch 1/5 n=616 mean_loss=0.5300
      epoch 2/5 n=616 mean_loss=0.3479
      epoch 3/5 n=616 mean_loss=0.3540
      epoch 4/5 n=616 mean_loss=0.3722
      epoch 5/5 n=616 mean_loss=0.3493
       記憶體 +616 → |M|=128
       eval tcga_esca  class-IL=0.8667 task-IL=0.9333
       eval tcga_rcc   class-IL=0.9605 task-IL=0.9605
    ── stage 2: tcga_brca
      epoch 1/5 n=763 mean_loss=0.9362
      epoch 2/5 n=763 mean_loss=0.9355
      epoch 3/5 n=763 mean_loss=0.8352
      epoch 4/5 n=763 mean_loss=0.7082
      epoch 5/5 n=763 mean_loss=0.6262
       記憶體 +763 → |M|=128
       eval tcga_esca  class-IL=0.6000 task-IL=0.8667
       eval tcga_rcc   class-IL=0.9211 task-IL=0.9342
       eval tcga_brca  class-IL=0.8710 task-IL=0.8817
    ── stage 3: tcga_lung
      epoch 1/5 n=774 mean_loss=1.4933
      epoch 2/5 n=774 mean_loss=1.0552
      epoch 3/5 n=774 mean_loss=0.9258
      epoch 4/5 n=774 mean_loss=0.9788
      epoch 5/5 n=774 mean_loss=0.8561
       記憶體 +774 → |M|=128
       eval tcga_esca  class-IL=0.7333 task-IL=0.8667
       eval tcga_rcc   class-IL=0.9342 task-IL=0.9605
       eval tcga_brca  class-IL=0.8495 task-IL=0.9355
       eval tcga_lung  class-IL=0.8211 task-IL=0.8737
  ▶ A5 (Ours (Replay+KD+eq)) seed=3
    ── stage 0: tcga_esca
      epoch 1/5 n=120 mean_loss=0.5415
      epoch 2/5 n=120 mean_loss=0.2037
      epoch 3/5 n=120 mean_loss=0.1161
      epoch 4/5 n=120 mean_loss=0.0515
      epoch 5/5 n=120 mean_loss=0.0385
       記憶體 +120 → |M|=120
       eval tcga_esca  class-IL=0.8000 task-IL=0.8667
    ── stage 1: tcga_rcc
      epoch 1/5 n=616 mean_loss=0.5702
      epoch 2/5 n=616 mean_loss=0.4001
      epoch 3/5 n=616 mean_loss=0.3172
      epoch 4/5 n=616 mean_loss=0.3436
      epoch 5/5 n=616 mean_loss=0.4424
       記憶體 +616 → |M|=128
       eval tcga_esca  class-IL=0.8000 task-IL=0.8667
       eval tcga_rcc   class-IL=0.9342 task-IL=0.9342
    ── stage 2: tcga_brca
      epoch 1/5 n=763 mean_loss=1.2452
      epoch 2/5 n=763 mean_loss=1.0696
      epoch 3/5 n=763 mean_loss=0.9267
      epoch 4/5 n=763 mean_loss=0.5972
      epoch 5/5 n=763 mean_loss=0.7430
       記憶體 +763 → |M|=128
       eval tcga_esca  class-IL=0.7333 task-IL=0.9333
       eval tcga_rcc   class-IL=0.9342 task-IL=0.9605
       eval tcga_brca  class-IL=0.7527 task-IL=0.8387
    ── stage 3: tcga_lung
      epoch 1/5 n=774 mean_loss=1.8925
      epoch 2/5 n=774 mean_loss=1.2522
      epoch 3/5 n=774 mean_loss=1.2102
      epoch 4/5 n=774 mean_loss=0.9591
      epoch 5/5 n=774 mean_loss=0.8162
       記憶體 +774 → |M|=128
       eval tcga_esca  class-IL=0.8000 task-IL=0.8667
       eval tcga_rcc   class-IL=0.9079 task-IL=0.9474
       eval tcga_brca  class-IL=0.8065 task-IL=0.9032
       eval tcga_lung  class-IL=0.8632 task-IL=0.9053
  ▶ A5 (Ours (Replay+KD+eq)) seed=4
    ── stage 0: tcga_esca
      epoch 1/5 n=120 mean_loss=1.6190
      epoch 2/5 n=120 mean_loss=0.1774
      epoch 3/5 n=120 mean_loss=0.0753
      epoch 4/5 n=120 mean_loss=0.1064
      epoch 5/5 n=120 mean_loss=0.2032
       記憶體 +120 → |M|=120
       eval tcga_esca  class-IL=0.8667 task-IL=0.8667
    ── stage 1: tcga_rcc
      epoch 1/5 n=616 mean_loss=0.6927
      epoch 2/5 n=616 mean_loss=0.4234
      epoch 3/5 n=616 mean_loss=0.5127
      epoch 4/5 n=616 mean_loss=0.3914
      epoch 5/5 n=616 mean_loss=0.3186
       記憶體 +616 → |M|=128
       eval tcga_esca  class-IL=0.8667 task-IL=0.8667
       eval tcga_rcc   class-IL=0.9474 task-IL=0.9474
    ── stage 2: tcga_brca
      epoch 1/5 n=763 mean_loss=1.1461
      epoch 2/5 n=763 mean_loss=0.9429
      epoch 3/5 n=763 mean_loss=0.8573
      epoch 4/5 n=763 mean_loss=0.7484
      epoch 5/5 n=763 mean_loss=0.7973
       記憶體 +763 → |M|=128
       eval tcga_esca  class-IL=0.8000 task-IL=0.8667
       eval tcga_rcc   class-IL=0.9342 task-IL=0.9474
       eval tcga_brca  class-IL=0.8925 task-IL=0.9247
    ── stage 3: tcga_lung
      epoch 1/5 n=774 mean_loss=1.8337
      epoch 2/5 n=774 mean_loss=1.0996
      epoch 3/5 n=774 mean_loss=1.1346
      epoch 4/5 n=774 mean_loss=0.9831
      epoch 5/5 n=774 mean_loss=0.8278
       記憶體 +774 → |M|=128
       eval tcga_esca  class-IL=0.7333 task-IL=0.8667
       eval tcga_rcc   class-IL=0.8947 task-IL=0.9474
       eval tcga_brca  class-IL=0.8172 task-IL=0.9247
       eval tcga_lung  class-IL=0.8211 task-IL=0.8421

→ /Users/aaron/research/02_pathselect/outputs/exp2/memory/EXP2.md
=== |M| = 256 ===
Exp2  arms=['A3', 'A5']  order=reverse  seeds=[0, 1, 2, 3, 4]  B=8 c=1 epochs=5 beta_u=0.1 replay_k=1 λ=(1.0,1.0,1.0)
  ▶ A3 (+ Replay) seed=0
    ── stage 0: tcga_esca
      epoch 1/5 n=120 mean_loss=0.5796
      epoch 2/5 n=120 mean_loss=0.1847
      epoch 3/5 n=120 mean_loss=0.0653
      epoch 4/5 n=120 mean_loss=0.0417
      epoch 5/5 n=120 mean_loss=0.1188
       記憶體 +120 → |M|=120
       eval tcga_esca  class-IL=0.8000 task-IL=0.8667
    ── stage 1: tcga_rcc
      epoch 1/5 n=616 mean_loss=0.6425
      epoch 2/5 n=616 mean_loss=0.4753
      epoch 3/5 n=616 mean_loss=0.3329
      epoch 4/5 n=616 mean_loss=0.2997
      epoch 5/5 n=616 mean_loss=0.2493
       記憶體 +616 → |M|=256
       eval tcga_esca  class-IL=0.8667 task-IL=0.8667
       eval tcga_rcc   class-IL=0.9474 task-IL=0.9605
    ── stage 2: tcga_brca
      epoch 1/5 n=763 mean_loss=1.1855
      epoch 2/5 n=763 mean_loss=0.8735
      epoch 3/5 n=763 mean_loss=0.8839
      epoch 4/5 n=763 mean_loss=0.8228
      epoch 5/5 n=763 mean_loss=0.8406
       記憶體 +763 → |M|=256
       eval tcga_esca  class-IL=0.6667 task-IL=0.8667
       eval tcga_rcc   class-IL=0.9474 task-IL=0.9605
       eval tcga_brca  class-IL=0.8495 task-IL=0.8925
    ── stage 3: tcga_lung
      epoch 1/5 n=774 mean_loss=1.5953
      epoch 2/5 n=774 mean_loss=1.1794
      epoch 3/5 n=774 mean_loss=0.9546
      epoch 4/5 n=774 mean_loss=0.9465
      epoch 5/5 n=774 mean_loss=0.8599
       記憶體 +774 → |M|=256
       eval tcga_esca  class-IL=0.6000 task-IL=0.8000
       eval tcga_rcc   class-IL=0.8816 task-IL=0.9474
       eval tcga_brca  class-IL=0.7634 task-IL=0.9032
       eval tcga_lung  class-IL=0.8421 task-IL=0.8421
  ▶ A3 (+ Replay) seed=1
    ── stage 0: tcga_esca
      epoch 1/5 n=120 mean_loss=0.4838
      epoch 2/5 n=120 mean_loss=0.1656
      epoch 3/5 n=120 mean_loss=0.1271
      epoch 4/5 n=120 mean_loss=0.1091
      epoch 5/5 n=120 mean_loss=0.1208
       記憶體 +120 → |M|=120
       eval tcga_esca  class-IL=0.8667 task-IL=0.9333
    ── stage 1: tcga_rcc
      epoch 1/5 n=616 mean_loss=0.4799
      epoch 2/5 n=616 mean_loss=0.4206
      epoch 3/5 n=616 mean_loss=0.2551
      epoch 4/5 n=616 mean_loss=0.2281
      epoch 5/5 n=616 mean_loss=0.2621
       記憶體 +616 → |M|=256
       eval tcga_esca  class-IL=0.8000 task-IL=0.8667
       eval tcga_rcc   class-IL=0.9342 task-IL=0.9342
    ── stage 2: tcga_brca
      epoch 1/5 n=763 mean_loss=1.0448
      epoch 2/5 n=763 mean_loss=0.8498
      epoch 3/5 n=763 mean_loss=0.8115
      epoch 4/5 n=763 mean_loss=0.7766
      epoch 5/5 n=763 mean_loss=0.6780
       記憶體 +763 → |M|=256
       eval tcga_esca  class-IL=0.8667 task-IL=0.9333
       eval tcga_rcc   class-IL=0.9474 task-IL=0.9474
       eval tcga_brca  class-IL=0.8387 task-IL=0.8925
    ── stage 3: tcga_lung
      epoch 1/5 n=774 mean_loss=1.5073
      epoch 2/5 n=774 mean_loss=1.0687
      epoch 3/5 n=774 mean_loss=1.0227
      epoch 4/5 n=774 mean_loss=0.9229
      epoch 5/5 n=774 mean_loss=0.9740
       記憶體 +774 → |M|=256
       eval tcga_esca  class-IL=0.8000 task-IL=0.8667
       eval tcga_rcc   class-IL=0.9211 task-IL=0.9605
       eval tcga_brca  class-IL=0.8065 task-IL=0.8817
       eval tcga_lung  class-IL=0.8316 task-IL=0.8737
  ▶ A3 (+ Replay) seed=2
    ── stage 0: tcga_esca
      epoch 1/5 n=120 mean_loss=0.5715
      epoch 2/5 n=120 mean_loss=0.2234
      epoch 3/5 n=120 mean_loss=0.0734
      epoch 4/5 n=120 mean_loss=0.1335
      epoch 5/5 n=120 mean_loss=0.1558
       記憶體 +120 → |M|=120
       eval tcga_esca  class-IL=0.8667 task-IL=0.9333
    ── stage 1: tcga_rcc
      epoch 1/5 n=616 mean_loss=0.4876
      epoch 2/5 n=616 mean_loss=0.4813
      epoch 3/5 n=616 mean_loss=0.3544
      epoch 4/5 n=616 mean_loss=0.3063
      epoch 5/5 n=616 mean_loss=0.3104
       記憶體 +616 → |M|=256
       eval tcga_esca  class-IL=0.8000 task-IL=0.9333
       eval tcga_rcc   class-IL=0.9474 task-IL=0.9474
    ── stage 2: tcga_brca
      epoch 1/5 n=763 mean_loss=1.0576
      epoch 2/5 n=763 mean_loss=0.9634
      epoch 3/5 n=763 mean_loss=0.9504
      epoch 4/5 n=763 mean_loss=0.8052
      epoch 5/5 n=763 mean_loss=0.7583
       記憶體 +763 → |M|=256
       eval tcga_esca  class-IL=0.8000 task-IL=0.8667
       eval tcga_rcc   class-IL=0.9474 task-IL=0.9605
       eval tcga_brca  class-IL=0.8280 task-IL=0.8710
    ── stage 3: tcga_lung
      epoch 1/5 n=774 mean_loss=1.6225
      epoch 2/5 n=774 mean_loss=1.0912
      epoch 3/5 n=774 mean_loss=0.9931
      epoch 4/5 n=774 mean_loss=0.9842
      epoch 5/5 n=774 mean_loss=0.8835
       記憶體 +774 → |M|=256
       eval tcga_esca  class-IL=0.8000 task-IL=0.9333
       eval tcga_rcc   class-IL=0.9079 task-IL=0.9474
       eval tcga_brca  class-IL=0.8387 task-IL=0.8925
       eval tcga_lung  class-IL=0.8105 task-IL=0.8632
  ▶ A3 (+ Replay) seed=3
    ── stage 0: tcga_esca
      epoch 1/5 n=120 mean_loss=0.5415
      epoch 2/5 n=120 mean_loss=0.2037
      epoch 3/5 n=120 mean_loss=0.1161
      epoch 4/5 n=120 mean_loss=0.0515
      epoch 5/5 n=120 mean_loss=0.0385
       記憶體 +120 → |M|=120
       eval tcga_esca  class-IL=0.8000 task-IL=0.8667
    ── stage 1: tcga_rcc
      epoch 1/5 n=616 mean_loss=0.5611
      epoch 2/5 n=616 mean_loss=0.4551
      epoch 3/5 n=616 mean_loss=0.3669
      epoch 4/5 n=616 mean_loss=0.3923
      epoch 5/5 n=616 mean_loss=0.2913
       記憶體 +616 → |M|=256
       eval tcga_esca  class-IL=0.8000 task-IL=0.8667
       eval tcga_rcc   class-IL=0.9474 task-IL=0.9474
    ── stage 2: tcga_brca
      epoch 1/5 n=763 mean_loss=1.1960
      epoch 2/5 n=763 mean_loss=0.8988
      epoch 3/5 n=763 mean_loss=0.7185
      epoch 4/5 n=763 mean_loss=0.7574
      epoch 5/5 n=763 mean_loss=0.6813
       記憶體 +763 → |M|=256
       eval tcga_esca  class-IL=0.8000 task-IL=0.9333
       eval tcga_rcc   class-IL=0.9342 task-IL=0.9605
       eval tcga_brca  class-IL=0.8065 task-IL=0.8387
    ── stage 3: tcga_lung
      epoch 1/5 n=774 mean_loss=1.5352
      epoch 2/5 n=774 mean_loss=1.1685
      epoch 3/5 n=774 mean_loss=0.9577
      epoch 4/5 n=774 mean_loss=1.1145
      epoch 5/5 n=774 mean_loss=0.9986
       記憶體 +774 → |M|=256
       eval tcga_esca  class-IL=0.8000 task-IL=0.9333
       eval tcga_rcc   class-IL=0.8684 task-IL=0.9474
       eval tcga_brca  class-IL=0.8065 task-IL=0.8925
       eval tcga_lung  class-IL=0.8421 task-IL=0.8737
  ▶ A3 (+ Replay) seed=4
    ── stage 0: tcga_esca
      epoch 1/5 n=120 mean_loss=1.6190
      epoch 2/5 n=120 mean_loss=0.1774
      epoch 3/5 n=120 mean_loss=0.0753
      epoch 4/5 n=120 mean_loss=0.1064
      epoch 5/5 n=120 mean_loss=0.2032
       記憶體 +120 → |M|=120
       eval tcga_esca  class-IL=0.8667 task-IL=0.8667
    ── stage 1: tcga_rcc
      epoch 1/5 n=616 mean_loss=0.6025
      epoch 2/5 n=616 mean_loss=0.3624
      epoch 3/5 n=616 mean_loss=0.3811
      epoch 4/5 n=616 mean_loss=0.3085
      epoch 5/5 n=616 mean_loss=0.2959
       記憶體 +616 → |M|=256
       eval tcga_esca  class-IL=0.8667 task-IL=0.8667
       eval tcga_rcc   class-IL=0.9342 task-IL=0.9342
    ── stage 2: tcga_brca
      epoch 1/5 n=763 mean_loss=0.9887
      epoch 2/5 n=763 mean_loss=0.9225
      epoch 3/5 n=763 mean_loss=0.8402
      epoch 4/5 n=763 mean_loss=0.8882
      epoch 5/5 n=763 mean_loss=0.7564
       記憶體 +763 → |M|=256
       eval tcga_esca  class-IL=0.8000 task-IL=0.9333
       eval tcga_rcc   class-IL=0.9605 task-IL=0.9605
       eval tcga_brca  class-IL=0.8172 task-IL=0.8817
    ── stage 3: tcga_lung
      epoch 1/5 n=774 mean_loss=1.6528
      epoch 2/5 n=774 mean_loss=1.1540
      epoch 3/5 n=774 mean_loss=1.0367
      epoch 4/5 n=774 mean_loss=1.0053
      epoch 5/5 n=774 mean_loss=0.7257
       記憶體 +774 → |M|=256
       eval tcga_esca  class-IL=0.7333 task-IL=0.9333
       eval tcga_rcc   class-IL=0.8816 task-IL=0.9474
       eval tcga_brca  class-IL=0.8280 task-IL=0.8710
       eval tcga_lung  class-IL=0.8421 task-IL=0.8737
  ▶ A5 (Ours (Replay+KD+eq)) seed=0
    ── stage 0: tcga_esca
      epoch 1/5 n=120 mean_loss=0.5796
      epoch 2/5 n=120 mean_loss=0.1847
      epoch 3/5 n=120 mean_loss=0.0653
      epoch 4/5 n=120 mean_loss=0.0417
      epoch 5/5 n=120 mean_loss=0.1188
       記憶體 +120 → |M|=120
       eval tcga_esca  class-IL=0.8000 task-IL=0.8667
    ── stage 1: tcga_rcc
      epoch 1/5 n=616 mean_loss=0.7227
      epoch 2/5 n=616 mean_loss=0.4397
      epoch 3/5 n=616 mean_loss=0.3176
      epoch 4/5 n=616 mean_loss=0.2920
      epoch 5/5 n=616 mean_loss=0.3459
       記憶體 +616 → |M|=256
       eval tcga_esca  class-IL=0.8667 task-IL=0.9333
       eval tcga_rcc   class-IL=0.9211 task-IL=0.9474
    ── stage 2: tcga_brca
      epoch 1/5 n=763 mean_loss=1.3207
      epoch 2/5 n=763 mean_loss=1.0067
      epoch 3/5 n=763 mean_loss=1.0545
      epoch 4/5 n=763 mean_loss=1.0464
      epoch 5/5 n=763 mean_loss=0.8831
       記憶體 +763 → |M|=256
       eval tcga_esca  class-IL=0.6000 task-IL=0.8667
       eval tcga_rcc   class-IL=0.9474 task-IL=0.9474
       eval tcga_brca  class-IL=0.8602 task-IL=0.9032
    ── stage 3: tcga_lung
      epoch 1/5 n=774 mean_loss=1.5525
      epoch 2/5 n=774 mean_loss=1.2811
      epoch 3/5 n=774 mean_loss=1.1296
      epoch 4/5 n=774 mean_loss=1.1953
      epoch 5/5 n=774 mean_loss=1.1627
       記憶體 +774 → |M|=256
       eval tcga_esca  class-IL=0.8000 task-IL=0.9333
       eval tcga_rcc   class-IL=0.9079 task-IL=0.9605
       eval tcga_brca  class-IL=0.7957 task-IL=0.9032
       eval tcga_lung  class-IL=0.7895 task-IL=0.8526
  ▶ A5 (Ours (Replay+KD+eq)) seed=1
    ── stage 0: tcga_esca
      epoch 1/5 n=120 mean_loss=0.4838
      epoch 2/5 n=120 mean_loss=0.1656
      epoch 3/5 n=120 mean_loss=0.1271
      epoch 4/5 n=120 mean_loss=0.1091
      epoch 5/5 n=120 mean_loss=0.1208
       記憶體 +120 → |M|=120
       eval tcga_esca  class-IL=0.8667 task-IL=0.9333
    ── stage 1: tcga_rcc
      epoch 1/5 n=616 mean_loss=0.5541
      epoch 2/5 n=616 mean_loss=0.3550
      epoch 3/5 n=616 mean_loss=0.3300
      epoch 4/5 n=616 mean_loss=0.2779
      epoch 5/5 n=616 mean_loss=0.4621
       記憶體 +616 → |M|=256
       eval tcga_esca  class-IL=0.8667 task-IL=0.9333
       eval tcga_rcc   class-IL=0.9605 task-IL=0.9605
    ── stage 2: tcga_brca
      epoch 1/5 n=763 mean_loss=1.3072
      epoch 2/5 n=763 mean_loss=1.0747
      epoch 3/5 n=763 mean_loss=1.0184
      epoch 4/5 n=763 mean_loss=0.9158
      epoch 5/5 n=763 mean_loss=0.9845
       記憶體 +763 → |M|=256
       eval tcga_esca  class-IL=0.8000 task-IL=0.8667
       eval tcga_rcc   class-IL=0.9605 task-IL=0.9605
       eval tcga_brca  class-IL=0.8387 task-IL=0.8817
    ── stage 3: tcga_lung
      epoch 1/5 n=774 mean_loss=1.8514
      epoch 2/5 n=774 mean_loss=1.2579
      epoch 3/5 n=774 mean_loss=1.2277
      epoch 4/5 n=774 mean_loss=1.1213
      epoch 5/5 n=774 mean_loss=1.1878
       記憶體 +774 → |M|=256
       eval tcga_esca  class-IL=0.6667 task-IL=0.9333
       eval tcga_rcc   class-IL=0.9342 task-IL=0.9605
       eval tcga_brca  class-IL=0.8387 task-IL=0.9032
       eval tcga_lung  class-IL=0.8421 task-IL=0.8947
  ▶ A5 (Ours (Replay+KD+eq)) seed=2
    ── stage 0: tcga_esca
      epoch 1/5 n=120 mean_loss=0.5715
      epoch 2/5 n=120 mean_loss=0.2234
      epoch 3/5 n=120 mean_loss=0.0734
      epoch 4/5 n=120 mean_loss=0.1335
      epoch 5/5 n=120 mean_loss=0.1558
       記憶體 +120 → |M|=120
       eval tcga_esca  class-IL=0.8667 task-IL=0.9333
    ── stage 1: tcga_rcc
      epoch 1/5 n=616 mean_loss=0.5300
      epoch 2/5 n=616 mean_loss=0.3479
      epoch 3/5 n=616 mean_loss=0.3540
      epoch 4/5 n=616 mean_loss=0.3722
      epoch 5/5 n=616 mean_loss=0.3493
       記憶體 +616 → |M|=256
       eval tcga_esca  class-IL=0.8667 task-IL=0.9333
       eval tcga_rcc   class-IL=0.9605 task-IL=0.9605
    ── stage 2: tcga_brca
      epoch 1/5 n=763 mean_loss=1.1111
      epoch 2/5 n=763 mean_loss=1.0278
      epoch 3/5 n=763 mean_loss=1.0246
      epoch 4/5 n=763 mean_loss=1.0054
      epoch 5/5 n=763 mean_loss=0.9698
       記憶體 +763 → |M|=256
       eval tcga_esca  class-IL=0.6667 task-IL=0.9333
       eval tcga_rcc   class-IL=0.9342 task-IL=0.9474
       eval tcga_brca  class-IL=0.8495 task-IL=0.8710
    ── stage 3: tcga_lung
      epoch 1/5 n=774 mean_loss=1.7887
      epoch 2/5 n=774 mean_loss=1.4275
      epoch 3/5 n=774 mean_loss=0.9521
      epoch 4/5 n=774 mean_loss=1.1997
      epoch 5/5 n=774 mean_loss=1.0869
       記憶體 +774 → |M|=256
       eval tcga_esca  class-IL=0.8000 task-IL=0.9333
       eval tcga_rcc   class-IL=0.9342 task-IL=0.9737
       eval tcga_brca  class-IL=0.8280 task-IL=0.8710
       eval tcga_lung  class-IL=0.7579 task-IL=0.8421
  ▶ A5 (Ours (Replay+KD+eq)) seed=3
    ── stage 0: tcga_esca
      epoch 1/5 n=120 mean_loss=0.5415
      epoch 2/5 n=120 mean_loss=0.2037
      epoch 3/5 n=120 mean_loss=0.1161
      epoch 4/5 n=120 mean_loss=0.0515
      epoch 5/5 n=120 mean_loss=0.0385
       記憶體 +120 → |M|=120
       eval tcga_esca  class-IL=0.8000 task-IL=0.8667
    ── stage 1: tcga_rcc
      epoch 1/5 n=616 mean_loss=0.5702
      epoch 2/5 n=616 mean_loss=0.4001
      epoch 3/5 n=616 mean_loss=0.3172
      epoch 4/5 n=616 mean_loss=0.3436
      epoch 5/5 n=616 mean_loss=0.4424
       記憶體 +616 → |M|=256
       eval tcga_esca  class-IL=0.8000 task-IL=0.8667
       eval tcga_rcc   class-IL=0.9342 task-IL=0.9342
    ── stage 2: tcga_brca
      epoch 1/5 n=763 mean_loss=1.5298
      epoch 2/5 n=763 mean_loss=1.1884
      epoch 3/5 n=763 mean_loss=0.9043
      epoch 4/5 n=763 mean_loss=1.0483
      epoch 5/5 n=763 mean_loss=0.9724
       記憶體 +763 → |M|=256
       eval tcga_esca  class-IL=0.8000 task-IL=0.8667
       eval tcga_rcc   class-IL=0.8947 task-IL=0.9211
       eval tcga_brca  class-IL=0.8495 task-IL=0.8925
    ── stage 3: tcga_lung
      epoch 1/5 n=774 mean_loss=1.4667
      epoch 2/5 n=774 mean_loss=1.2001
      epoch 3/5 n=774 mean_loss=1.1209
      epoch 4/5 n=774 mean_loss=1.0118
      epoch 5/5 n=774 mean_loss=1.2419
       記憶體 +774 → |M|=256
       eval tcga_esca  class-IL=0.7333 task-IL=0.7333
       eval tcga_rcc   class-IL=0.9342 task-IL=0.9342
       eval tcga_brca  class-IL=0.8065 task-IL=0.8602
       eval tcga_lung  class-IL=0.7789 task-IL=0.8526
  ▶ A5 (Ours (Replay+KD+eq)) seed=4
    ── stage 0: tcga_esca
      epoch 1/5 n=120 mean_loss=1.6190
      epoch 2/5 n=120 mean_loss=0.1774
      epoch 3/5 n=120 mean_loss=0.0753
      epoch 4/5 n=120 mean_loss=0.1064
      epoch 5/5 n=120 mean_loss=0.2032
       記憶體 +120 → |M|=120
       eval tcga_esca  class-IL=0.8667 task-IL=0.8667
    ── stage 1: tcga_rcc
      epoch 1/5 n=616 mean_loss=0.6927
      epoch 2/5 n=616 mean_loss=0.4234
      epoch 3/5 n=616 mean_loss=0.5127
      epoch 4/5 n=616 mean_loss=0.3914
      epoch 5/5 n=616 mean_loss=0.3186
       記憶體 +616 → |M|=256
       eval tcga_esca  class-IL=0.8667 task-IL=0.8667
       eval tcga_rcc   class-IL=0.9474 task-IL=0.9474
    ── stage 2: tcga_brca
      epoch 1/5 n=763 mean_loss=1.3288
      epoch 2/5 n=763 mean_loss=1.0360
      epoch 3/5 n=763 mean_loss=1.2227
      epoch 4/5 n=763 mean_loss=0.8760
      epoch 5/5 n=763 mean_loss=0.7686
       記憶體 +763 → |M|=256
       eval tcga_esca  class-IL=0.8000 task-IL=0.9333
       eval tcga_rcc   class-IL=0.9342 task-IL=0.9474
       eval tcga_brca  class-IL=0.8387 task-IL=0.9032
    ── stage 3: tcga_lung
      epoch 1/5 n=774 mean_loss=1.7605
      epoch 2/5 n=774 mean_loss=1.3686
      epoch 3/5 n=774 mean_loss=1.1317
      epoch 4/5 n=774 mean_loss=1.0126
      epoch 5/5 n=774 mean_loss=0.9860
       記憶體 +774 → |M|=256
       eval tcga_esca  class-IL=0.7333 task-IL=0.8667
       eval tcga_rcc   class-IL=0.8553 task-IL=0.8947
       eval tcga_brca  class-IL=0.9032 task-IL=0.9247
       eval tcga_lung  class-IL=0.8000 task-IL=0.8526

→ /Users/aaron/research/02_pathselect/outputs/exp2/memory/EXP2.md
=== |M| = 1024 ===
Exp2  arms=['A3', 'A5']  order=reverse  seeds=[0, 1, 2, 3, 4]  B=8 c=1 epochs=5 beta_u=0.1 replay_k=1 λ=(1.0,1.0,1.0)
  ▶ A3 (+ Replay) seed=0
    ── stage 0: tcga_esca
      epoch 1/5 n=120 mean_loss=0.5796
      epoch 2/5 n=120 mean_loss=0.1847
      epoch 3/5 n=120 mean_loss=0.0653
      epoch 4/5 n=120 mean_loss=0.0417
      epoch 5/5 n=120 mean_loss=0.1188
       記憶體 +120 → |M|=120
       eval tcga_esca  class-IL=0.8000 task-IL=0.8667
    ── stage 1: tcga_rcc
      epoch 1/5 n=616 mean_loss=0.6425
      epoch 2/5 n=616 mean_loss=0.4753
      epoch 3/5 n=616 mean_loss=0.3329
      epoch 4/5 n=616 mean_loss=0.2997
      epoch 5/5 n=616 mean_loss=0.2493
       記憶體 +616 → |M|=736
       eval tcga_esca  class-IL=0.8667 task-IL=0.8667
       eval tcga_rcc   class-IL=0.9474 task-IL=0.9605
    ── stage 2: tcga_brca
      epoch 1/5 n=763 mean_loss=1.1385
      epoch 2/5 n=763 mean_loss=0.8802
      epoch 3/5 n=763 mean_loss=0.9489
      epoch 4/5 n=763 mean_loss=0.8249
      epoch 5/5 n=763 mean_loss=0.7930
       記憶體 +763 → |M|=1024
       eval tcga_esca  class-IL=0.8667 task-IL=0.9333
       eval tcga_rcc   class-IL=0.9342 task-IL=0.9474
       eval tcga_brca  class-IL=0.8065 task-IL=0.8925
    ── stage 3: tcga_lung
      epoch 1/5 n=774 mean_loss=1.5893
      epoch 2/5 n=774 mean_loss=1.3465
      epoch 3/5 n=774 mean_loss=1.1019
      epoch 4/5 n=774 mean_loss=1.0062
      epoch 5/5 n=774 mean_loss=0.9147
       記憶體 +774 → |M|=1024
       eval tcga_esca  class-IL=0.6000 task-IL=0.8000
       eval tcga_rcc   class-IL=0.9079 task-IL=0.9474
       eval tcga_brca  class-IL=0.7634 task-IL=0.8710
       eval tcga_lung  class-IL=0.8316 task-IL=0.8632
  ▶ A3 (+ Replay) seed=1
    ── stage 0: tcga_esca
      epoch 1/5 n=120 mean_loss=0.4838
      epoch 2/5 n=120 mean_loss=0.1656
      epoch 3/5 n=120 mean_loss=0.1271
      epoch 4/5 n=120 mean_loss=0.1091
      epoch 5/5 n=120 mean_loss=0.1208
       記憶體 +120 → |M|=120
       eval tcga_esca  class-IL=0.8667 task-IL=0.9333
    ── stage 1: tcga_rcc
      epoch 1/5 n=616 mean_loss=0.4799
      epoch 2/5 n=616 mean_loss=0.4206
      epoch 3/5 n=616 mean_loss=0.2551
      epoch 4/5 n=616 mean_loss=0.2281
      epoch 5/5 n=616 mean_loss=0.2621
       記憶體 +616 → |M|=736
       eval tcga_esca  class-IL=0.8000 task-IL=0.8667
       eval tcga_rcc   class-IL=0.9342 task-IL=0.9342
    ── stage 2: tcga_brca
      epoch 1/5 n=763 mean_loss=1.1004
      epoch 2/5 n=763 mean_loss=0.8917
      epoch 3/5 n=763 mean_loss=0.7728
      epoch 4/5 n=763 mean_loss=0.8365
      epoch 5/5 n=763 mean_loss=0.9115
       記憶體 +763 → |M|=1024
       eval tcga_esca  class-IL=0.8000 task-IL=0.9333
       eval tcga_rcc   class-IL=0.9474 task-IL=0.9474
       eval tcga_brca  class-IL=0.8065 task-IL=0.8602
    ── stage 3: tcga_lung
      epoch 1/5 n=774 mean_loss=1.5574
      epoch 2/5 n=774 mean_loss=1.2370
      epoch 3/5 n=774 mean_loss=1.1589
      epoch 4/5 n=774 mean_loss=0.9717
      epoch 5/5 n=774 mean_loss=1.0553
       記憶體 +774 → |M|=1024
       eval tcga_esca  class-IL=0.6667 task-IL=0.9333
       eval tcga_rcc   class-IL=0.9211 task-IL=0.9474
       eval tcga_brca  class-IL=0.8387 task-IL=0.9140
       eval tcga_lung  class-IL=0.8211 task-IL=0.8526
  ▶ A3 (+ Replay) seed=2
    ── stage 0: tcga_esca
      epoch 1/5 n=120 mean_loss=0.5715
      epoch 2/5 n=120 mean_loss=0.2234
      epoch 3/5 n=120 mean_loss=0.0734
      epoch 4/5 n=120 mean_loss=0.1335
      epoch 5/5 n=120 mean_loss=0.1558
       記憶體 +120 → |M|=120
       eval tcga_esca  class-IL=0.8667 task-IL=0.9333
    ── stage 1: tcga_rcc
      epoch 1/5 n=616 mean_loss=0.4876
      epoch 2/5 n=616 mean_loss=0.4813
      epoch 3/5 n=616 mean_loss=0.3544
      epoch 4/5 n=616 mean_loss=0.3063
      epoch 5/5 n=616 mean_loss=0.3104
       記憶體 +616 → |M|=736
       eval tcga_esca  class-IL=0.8000 task-IL=0.9333
       eval tcga_rcc   class-IL=0.9474 task-IL=0.9474
    ── stage 2: tcga_brca
      epoch 1/5 n=763 mean_loss=1.1544
      epoch 2/5 n=763 mean_loss=0.8507
      epoch 3/5 n=763 mean_loss=0.8274
      epoch 4/5 n=763 mean_loss=0.8111
      epoch 5/5 n=763 mean_loss=0.7245
       記憶體 +763 → |M|=1024
       eval tcga_esca  class-IL=0.8000 task-IL=0.9333
       eval tcga_rcc   class-IL=0.9605 task-IL=0.9605
       eval tcga_brca  class-IL=0.7957 task-IL=0.8602
    ── stage 3: tcga_lung
      epoch 1/5 n=774 mean_loss=1.6087
      epoch 2/5 n=774 mean_loss=1.3138
      epoch 3/5 n=774 mean_loss=1.2818
      epoch 4/5 n=774 mean_loss=1.1466
      epoch 5/5 n=774 mean_loss=1.0491
       記憶體 +774 → |M|=1024
       eval tcga_esca  class-IL=0.4000 task-IL=0.8667
       eval tcga_rcc   class-IL=0.8947 task-IL=0.9211
       eval tcga_brca  class-IL=0.7419 task-IL=0.9032
       eval tcga_lung  class-IL=0.8000 task-IL=0.8105
  ▶ A3 (+ Replay) seed=3
    ── stage 0: tcga_esca
      epoch 1/5 n=120 mean_loss=0.5415
      epoch 2/5 n=120 mean_loss=0.2037
      epoch 3/5 n=120 mean_loss=0.1161
      epoch 4/5 n=120 mean_loss=0.0515
      epoch 5/5 n=120 mean_loss=0.0385
       記憶體 +120 → |M|=120
       eval tcga_esca  class-IL=0.8000 task-IL=0.8667
    ── stage 1: tcga_rcc
      epoch 1/5 n=616 mean_loss=0.5611
      epoch 2/5 n=616 mean_loss=0.4551
      epoch 3/5 n=616 mean_loss=0.3669
      epoch 4/5 n=616 mean_loss=0.3923
      epoch 5/5 n=616 mean_loss=0.2913
       記憶體 +616 → |M|=736
       eval tcga_esca  class-IL=0.8000 task-IL=0.8667
       eval tcga_rcc   class-IL=0.9474 task-IL=0.9474
    ── stage 2: tcga_brca
      epoch 1/5 n=763 mean_loss=1.1439
      epoch 2/5 n=763 mean_loss=1.0130
      epoch 3/5 n=763 mean_loss=0.8189
      epoch 4/5 n=763 mean_loss=0.8715
      epoch 5/5 n=763 mean_loss=0.7840
       記憶體 +763 → |M|=1024
       eval tcga_esca  class-IL=0.8667 task-IL=0.9333
       eval tcga_rcc   class-IL=0.9605 task-IL=0.9737
       eval tcga_brca  class-IL=0.8280 task-IL=0.8925
    ── stage 3: tcga_lung
      epoch 1/5 n=774 mean_loss=1.7172
      epoch 2/5 n=774 mean_loss=1.3331
      epoch 3/5 n=774 mean_loss=1.2062
      epoch 4/5 n=774 mean_loss=1.2383
      epoch 5/5 n=774 mean_loss=1.1150
       記憶體 +774 → |M|=1024
       eval tcga_esca  class-IL=0.5333 task-IL=0.8667
       eval tcga_rcc   class-IL=0.9079 task-IL=0.9474
       eval tcga_brca  class-IL=0.8065 task-IL=0.8925
       eval tcga_lung  class-IL=0.8526 task-IL=0.8842
  ▶ A3 (+ Replay) seed=4
    ── stage 0: tcga_esca
      epoch 1/5 n=120 mean_loss=1.6190
      epoch 2/5 n=120 mean_loss=0.1774
      epoch 3/5 n=120 mean_loss=0.0753
      epoch 4/5 n=120 mean_loss=0.1064
      epoch 5/5 n=120 mean_loss=0.2032
       記憶體 +120 → |M|=120
       eval tcga_esca  class-IL=0.8667 task-IL=0.8667
    ── stage 1: tcga_rcc
      epoch 1/5 n=616 mean_loss=0.6025
      epoch 2/5 n=616 mean_loss=0.3624
      epoch 3/5 n=616 mean_loss=0.3811
      epoch 4/5 n=616 mean_loss=0.3085
      epoch 5/5 n=616 mean_loss=0.2959
       記憶體 +616 → |M|=736
       eval tcga_esca  class-IL=0.8667 task-IL=0.8667
       eval tcga_rcc   class-IL=0.9342 task-IL=0.9342
    ── stage 2: tcga_brca
      epoch 1/5 n=763 mean_loss=1.0244
      epoch 2/5 n=763 mean_loss=0.9693
      epoch 3/5 n=763 mean_loss=0.7502
      epoch 4/5 n=763 mean_loss=0.8718
      epoch 5/5 n=763 mean_loss=0.7479
       記憶體 +763 → |M|=1024
       eval tcga_esca  class-IL=0.6000 task-IL=0.8000
       eval tcga_rcc   class-IL=0.8158 task-IL=0.9605
       eval tcga_brca  class-IL=0.8495 task-IL=0.8817
    ── stage 3: tcga_lung
      epoch 1/5 n=774 mean_loss=1.5430
      epoch 2/5 n=774 mean_loss=1.2416
      epoch 3/5 n=774 mean_loss=1.2874
      epoch 4/5 n=774 mean_loss=1.1140
      epoch 5/5 n=774 mean_loss=1.1013
       記憶體 +774 → |M|=1024
       eval tcga_esca  class-IL=0.8000 task-IL=0.8667
       eval tcga_rcc   class-IL=0.8684 task-IL=0.9342
       eval tcga_brca  class-IL=0.8710 task-IL=0.8925
       eval tcga_lung  class-IL=0.7158 task-IL=0.8316
  ▶ A5 (Ours (Replay+KD+eq)) seed=0
    ── stage 0: tcga_esca
      epoch 1/5 n=120 mean_loss=0.5796
      epoch 2/5 n=120 mean_loss=0.1847
      epoch 3/5 n=120 mean_loss=0.0653
      epoch 4/5 n=120 mean_loss=0.0417
      epoch 5/5 n=120 mean_loss=0.1188
       記憶體 +120 → |M|=120
       eval tcga_esca  class-IL=0.8000 task-IL=0.8667
    ── stage 1: tcga_rcc
      epoch 1/5 n=616 mean_loss=0.7227
      epoch 2/5 n=616 mean_loss=0.4397
      epoch 3/5 n=616 mean_loss=0.3176
      epoch 4/5 n=616 mean_loss=0.2920
      epoch 5/5 n=616 mean_loss=0.3459
       記憶體 +616 → |M|=736
       eval tcga_esca  class-IL=0.8667 task-IL=0.9333
       eval tcga_rcc   class-IL=0.9211 task-IL=0.9474
    ── stage 2: tcga_brca
      epoch 1/5 n=763 mean_loss=1.4362
      epoch 2/5 n=763 mean_loss=0.9421
      epoch 3/5 n=763 mean_loss=1.0624
      epoch 4/5 n=763 mean_loss=1.0474
      epoch 5/5 n=763 mean_loss=0.9610
       記憶體 +763 → |M|=1024
       eval tcga_esca  class-IL=0.8000 task-IL=0.8667
       eval tcga_rcc   class-IL=0.9474 task-IL=0.9474
       eval tcga_brca  class-IL=0.8065 task-IL=0.9032
    ── stage 3: tcga_lung
      epoch 1/5 n=774 mean_loss=1.9147
      epoch 2/5 n=774 mean_loss=1.5599
      epoch 3/5 n=774 mean_loss=1.2682
      epoch 4/5 n=774 mean_loss=1.3365
      epoch 5/5 n=774 mean_loss=1.1616
       記憶體 +774 → |M|=1024
       eval tcga_esca  class-IL=0.6000 task-IL=0.8667
       eval tcga_rcc   class-IL=0.9342 task-IL=0.9605
       eval tcga_brca  class-IL=0.7849 task-IL=0.8817
       eval tcga_lung  class-IL=0.8316 task-IL=0.8526
  ▶ A5 (Ours (Replay+KD+eq)) seed=1
    ── stage 0: tcga_esca
      epoch 1/5 n=120 mean_loss=0.4838
      epoch 2/5 n=120 mean_loss=0.1656
      epoch 3/5 n=120 mean_loss=0.1271
      epoch 4/5 n=120 mean_loss=0.1091
      epoch 5/5 n=120 mean_loss=0.1208
       記憶體 +120 → |M|=120
       eval tcga_esca  class-IL=0.8667 task-IL=0.9333
    ── stage 1: tcga_rcc
      epoch 1/5 n=616 mean_loss=0.5541
      epoch 2/5 n=616 mean_loss=0.3550
      epoch 3/5 n=616 mean_loss=0.3300
      epoch 4/5 n=616 mean_loss=0.2779
      epoch 5/5 n=616 mean_loss=0.4621
       記憶體 +616 → |M|=736
       eval tcga_esca  class-IL=0.8667 task-IL=0.9333
       eval tcga_rcc   class-IL=0.9605 task-IL=0.9605
    ── stage 2: tcga_brca
      epoch 1/5 n=763 mean_loss=1.3413
      epoch 2/5 n=763 mean_loss=0.9569
      epoch 3/5 n=763 mean_loss=0.9395
      epoch 4/5 n=763 mean_loss=0.9943
      epoch 5/5 n=763 mean_loss=1.0247
       記憶體 +763 → |M|=1024
       eval tcga_esca  class-IL=0.8000 task-IL=0.9333
       eval tcga_rcc   class-IL=0.9605 task-IL=0.9605
       eval tcga_brca  class-IL=0.8710 task-IL=0.9140
    ── stage 3: tcga_lung
      epoch 1/5 n=774 mean_loss=1.7258
      epoch 2/5 n=774 mean_loss=1.3783
      epoch 3/5 n=774 mean_loss=1.3113
      epoch 4/5 n=774 mean_loss=1.3270
      epoch 5/5 n=774 mean_loss=1.2961
       記憶體 +774 → |M|=1024
       eval tcga_esca  class-IL=0.6667 task-IL=0.8667
       eval tcga_rcc   class-IL=0.9211 task-IL=0.9605
       eval tcga_brca  class-IL=0.8172 task-IL=0.8925
       eval tcga_lung  class-IL=0.8421 task-IL=0.8632
  ▶ A5 (Ours (Replay+KD+eq)) seed=2
    ── stage 0: tcga_esca
      epoch 1/5 n=120 mean_loss=0.5715
      epoch 2/5 n=120 mean_loss=0.2234
      epoch 3/5 n=120 mean_loss=0.0734
      epoch 4/5 n=120 mean_loss=0.1335
      epoch 5/5 n=120 mean_loss=0.1558
       記憶體 +120 → |M|=120
       eval tcga_esca  class-IL=0.8667 task-IL=0.9333
    ── stage 1: tcga_rcc
      epoch 1/5 n=616 mean_loss=0.5300
      epoch 2/5 n=616 mean_loss=0.3479
      epoch 3/5 n=616 mean_loss=0.3540
      epoch 4/5 n=616 mean_loss=0.3722
      epoch 5/5 n=616 mean_loss=0.3493
       記憶體 +616 → |M|=736
       eval tcga_esca  class-IL=0.8667 task-IL=0.9333
       eval tcga_rcc   class-IL=0.9605 task-IL=0.9605
    ── stage 2: tcga_brca
      epoch 1/5 n=763 mean_loss=1.1715
      epoch 2/5 n=763 mean_loss=1.1471
      epoch 3/5 n=763 mean_loss=0.9148
      epoch 4/5 n=763 mean_loss=0.9781
      epoch 5/5 n=763 mean_loss=0.9249
       記憶體 +763 → |M|=1024
       eval tcga_esca  class-IL=0.7333 task-IL=0.9333
       eval tcga_rcc   class-IL=0.9342 task-IL=0.9342
       eval tcga_brca  class-IL=0.8387 task-IL=0.8817
    ── stage 3: tcga_lung
      epoch 1/5 n=774 mean_loss=1.8069
      epoch 2/5 n=774 mean_loss=1.6532
      epoch 3/5 n=774 mean_loss=1.5211
      epoch 4/5 n=774 mean_loss=1.1887
      epoch 5/5 n=774 mean_loss=1.1546
       記憶體 +774 → |M|=1024
       eval tcga_esca  class-IL=0.7333 task-IL=0.9333
       eval tcga_rcc   class-IL=0.9342 task-IL=0.9605
       eval tcga_brca  class-IL=0.8602 task-IL=0.9462
       eval tcga_lung  class-IL=0.8211 task-IL=0.8737
  ▶ A5 (Ours (Replay+KD+eq)) seed=3
    ── stage 0: tcga_esca
      epoch 1/5 n=120 mean_loss=0.5415
      epoch 2/5 n=120 mean_loss=0.2037
      epoch 3/5 n=120 mean_loss=0.1161
      epoch 4/5 n=120 mean_loss=0.0515
      epoch 5/5 n=120 mean_loss=0.0385
       記憶體 +120 → |M|=120
       eval tcga_esca  class-IL=0.8000 task-IL=0.8667
    ── stage 1: tcga_rcc
      epoch 1/5 n=616 mean_loss=0.5702
      epoch 2/5 n=616 mean_loss=0.4001
      epoch 3/5 n=616 mean_loss=0.3172
      epoch 4/5 n=616 mean_loss=0.3436
      epoch 5/5 n=616 mean_loss=0.4424
       記憶體 +616 → |M|=736
       eval tcga_esca  class-IL=0.8000 task-IL=0.8667
       eval tcga_rcc   class-IL=0.9342 task-IL=0.9342
    ── stage 2: tcga_brca
      epoch 1/5 n=763 mean_loss=1.4417
      epoch 2/5 n=763 mean_loss=1.1913
      epoch 3/5 n=763 mean_loss=0.9400
      epoch 4/5 n=763 mean_loss=1.2386
      epoch 5/5 n=763 mean_loss=0.9012
       記憶體 +763 → |M|=1024
       eval tcga_esca  class-IL=0.8667 task-IL=0.9333
       eval tcga_rcc   class-IL=0.9474 task-IL=0.9474
       eval tcga_brca  class-IL=0.8172 task-IL=0.9032
    ── stage 3: tcga_lung
      epoch 1/5 n=774 mean_loss=2.3139
      epoch 2/5 n=774 mean_loss=1.5379
      epoch 3/5 n=774 mean_loss=1.5921
      epoch 4/5 n=774 mean_loss=1.7199
      epoch 5/5 n=774 mean_loss=1.4901
       記憶體 +774 → |M|=1024
       eval tcga_esca  class-IL=0.8667 task-IL=0.9333
       eval tcga_rcc   class-IL=0.8816 task-IL=0.9211
       eval tcga_brca  class-IL=0.8387 task-IL=0.8925
       eval tcga_lung  class-IL=0.8000 task-IL=0.8737
  ▶ A5 (Ours (Replay+KD+eq)) seed=4
    ── stage 0: tcga_esca
      epoch 1/5 n=120 mean_loss=1.6190
      epoch 2/5 n=120 mean_loss=0.1774
      epoch 3/5 n=120 mean_loss=0.0753
      epoch 4/5 n=120 mean_loss=0.1064
      epoch 5/5 n=120 mean_loss=0.2032
       記憶體 +120 → |M|=120
       eval tcga_esca  class-IL=0.8667 task-IL=0.8667
    ── stage 1: tcga_rcc
      epoch 1/5 n=616 mean_loss=0.6927
      epoch 2/5 n=616 mean_loss=0.4234
      epoch 3/5 n=616 mean_loss=0.5127
      epoch 4/5 n=616 mean_loss=0.3914
      epoch 5/5 n=616 mean_loss=0.3186
       記憶體 +616 → |M|=736
       eval tcga_esca  class-IL=0.8667 task-IL=0.8667
       eval tcga_rcc   class-IL=0.9474 task-IL=0.9474
    ── stage 2: tcga_brca
      epoch 1/5 n=763 mean_loss=1.1563
      epoch 2/5 n=763 mean_loss=1.2026
      epoch 3/5 n=763 mean_loss=0.9373
      epoch 4/5 n=763 mean_loss=0.9695
      epoch 5/5 n=763 mean_loss=0.8328
       記憶體 +763 → |M|=1024
       eval tcga_esca  class-IL=0.7333 task-IL=0.8667
       eval tcga_rcc   class-IL=0.9211 task-IL=0.9474
       eval tcga_brca  class-IL=0.8280 task-IL=0.8925
    ── stage 3: tcga_lung
      epoch 1/5 n=774 mean_loss=1.7928
      epoch 2/5 n=774 mean_loss=1.6053
      epoch 3/5 n=774 mean_loss=1.5547
      epoch 4/5 n=774 mean_loss=1.3653
      epoch 5/5 n=774 mean_loss=1.2159
       記憶體 +774 → |M|=1024
       eval tcga_esca  class-IL=0.8667 task-IL=0.8667
       eval tcga_rcc   class-IL=0.9211 task-IL=0.9474
       eval tcga_brca  class-IL=0.8280 task-IL=0.9140
       eval tcga_lung  class-IL=0.8000 task-IL=0.8421

→ /Users/aaron/research/02_pathselect/outputs/exp2/memory/EXP2.md
=== E1 全部完成 ===
