=== E3: A5 上 beta_u ∈ {0, 0.1}，reverse, 3 seeds ===
Exp2  arms=['A5']  order=reverse  seeds=[0, 1, 2]  B=8 c=1 epochs=5 beta_u=0.0 replay_k=1 λ=(1.0,1.0,1.0)
  ▶ A5 (Ours (Replay+KD+eq)) seed=0
    ── stage 0: tcga_esca
      epoch 1/5 n=120 mean_loss=0.5897
      epoch 2/5 n=120 mean_loss=0.1790
      epoch 3/5 n=120 mean_loss=0.0599
      epoch 4/5 n=120 mean_loss=0.0941
      epoch 5/5 n=120 mean_loss=0.0937
       記憶體 +120 → |M|=120
       eval tcga_esca  class-IL=0.8667 task-IL=0.8667
    ── stage 1: tcga_rcc
      epoch 1/5 n=616 mean_loss=0.6423
      epoch 2/5 n=616 mean_loss=0.4369
      epoch 3/5 n=616 mean_loss=0.4478
      epoch 4/5 n=616 mean_loss=0.3187
      epoch 5/5 n=616 mean_loss=0.3401
       記憶體 +616 → |M|=512
       eval tcga_esca  class-IL=0.8000 task-IL=0.8667
       eval tcga_rcc   class-IL=0.9474 task-IL=0.9474
    ── stage 2: tcga_brca
      epoch 1/5 n=763 mean_loss=1.1668
      epoch 2/5 n=763 mean_loss=1.0894
      epoch 3/5 n=763 mean_loss=0.9217
      epoch 4/5 n=763 mean_loss=0.9987
      epoch 5/5 n=763 mean_loss=0.9427
       記憶體 +763 → |M|=512
       eval tcga_esca  class-IL=0.8000 task-IL=0.9333
       eval tcga_rcc   class-IL=0.9474 task-IL=0.9474
       eval tcga_brca  class-IL=0.8387 task-IL=0.9140
    ── stage 3: tcga_lung
      epoch 1/5 n=774 mean_loss=1.9708
      epoch 2/5 n=774 mean_loss=1.6471
      epoch 3/5 n=774 mean_loss=1.2981
      epoch 4/5 n=774 mean_loss=1.3486
      epoch 5/5 n=774 mean_loss=1.3667
       記憶體 +774 → |M|=512
       eval tcga_esca  class-IL=0.7333 task-IL=0.9333
       eval tcga_rcc   class-IL=0.9079 task-IL=0.9474
       eval tcga_brca  class-IL=0.8280 task-IL=0.9032
       eval tcga_lung  class-IL=0.8421 task-IL=0.8842
  ▶ A5 (Ours (Replay+KD+eq)) seed=1
    ── stage 0: tcga_esca
      epoch 1/5 n=120 mean_loss=0.4979
      epoch 2/5 n=120 mean_loss=0.2305
      epoch 3/5 n=120 mean_loss=0.0472
      epoch 4/5 n=120 mean_loss=0.0623
      epoch 5/5 n=120 mean_loss=0.0613
       記憶體 +120 → |M|=120
       eval tcga_esca  class-IL=0.8000 task-IL=0.8667
    ── stage 1: tcga_rcc
      epoch 1/5 n=616 mean_loss=0.5027
      epoch 2/5 n=616 mean_loss=0.4697
      epoch 3/5 n=616 mean_loss=0.2359
      epoch 4/5 n=616 mean_loss=0.2288
      epoch 5/5 n=616 mean_loss=0.2895
       記憶體 +616 → |M|=512
       eval tcga_esca  class-IL=0.8000 task-IL=0.9333
       eval tcga_rcc   class-IL=0.9211 task-IL=0.9342
    ── stage 2: tcga_brca
      epoch 1/5 n=763 mean_loss=1.0553
      epoch 2/5 n=763 mean_loss=0.9098
      epoch 3/5 n=763 mean_loss=0.9713
      epoch 4/5 n=763 mean_loss=0.8972
      epoch 5/5 n=763 mean_loss=0.8834
       記憶體 +763 → |M|=512
       eval tcga_esca  class-IL=0.8000 task-IL=0.9333
       eval tcga_rcc   class-IL=0.9474 task-IL=0.9605
       eval tcga_brca  class-IL=0.7957 task-IL=0.8710
    ── stage 3: tcga_lung
      epoch 1/5 n=774 mean_loss=1.8434
      epoch 2/5 n=774 mean_loss=1.6015
      epoch 3/5 n=774 mean_loss=1.6798
      epoch 4/5 n=774 mean_loss=1.2447
      epoch 5/5 n=774 mean_loss=1.3713
       記憶體 +774 → |M|=512
       eval tcga_esca  class-IL=0.8667 task-IL=0.8667
       eval tcga_rcc   class-IL=0.9211 task-IL=0.9474
       eval tcga_brca  class-IL=0.8280 task-IL=0.8710
       eval tcga_lung  class-IL=0.8105 task-IL=0.8632
  ▶ A5 (Ours (Replay+KD+eq)) seed=2
    ── stage 0: tcga_esca
      epoch 1/5 n=120 mean_loss=0.5819
      epoch 2/5 n=120 mean_loss=0.1629
      epoch 3/5 n=120 mean_loss=0.1192
      epoch 4/5 n=120 mean_loss=0.0778
      epoch 5/5 n=120 mean_loss=0.0449
       記憶體 +120 → |M|=120
       eval tcga_esca  class-IL=0.8000 task-IL=0.8667
    ── stage 1: tcga_rcc
      epoch 1/5 n=616 mean_loss=0.6072
      epoch 2/5 n=616 mean_loss=0.4783
      epoch 3/5 n=616 mean_loss=0.2610
      epoch 4/5 n=616 mean_loss=0.2178
      epoch 5/5 n=616 mean_loss=0.2432
       記憶體 +616 → |M|=512
       eval tcga_esca  class-IL=0.8667 task-IL=1.0000
       eval tcga_rcc   class-IL=0.9474 task-IL=0.9605
    ── stage 2: tcga_brca
      epoch 1/5 n=763 mean_loss=1.1032
      epoch 2/5 n=763 mean_loss=1.0652
      epoch 3/5 n=763 mean_loss=0.8656
      epoch 4/5 n=763 mean_loss=0.8525
      epoch 5/5 n=763 mean_loss=0.9095
       記憶體 +763 → |M|=512
       eval tcga_esca  class-IL=0.6667 task-IL=0.8667
       eval tcga_rcc   class-IL=0.9342 task-IL=0.9474
       eval tcga_brca  class-IL=0.8172 task-IL=0.8602
    ── stage 3: tcga_lung
      epoch 1/5 n=774 mean_loss=2.2060
      epoch 2/5 n=774 mean_loss=1.6663
      epoch 3/5 n=774 mean_loss=1.3383
      epoch 4/5 n=774 mean_loss=1.2317
      epoch 5/5 n=774 mean_loss=1.1502
       記憶體 +774 → |M|=512
       eval tcga_esca  class-IL=0.6667 task-IL=1.0000
       eval tcga_rcc   class-IL=0.9211 task-IL=0.9342
       eval tcga_brca  class-IL=0.7097 task-IL=0.8602
       eval tcga_lung  class-IL=0.8000 task-IL=0.8211

→ /Users/aaron/research/02_pathselect/outputs/exp2/ablation_bu0/EXP2.md
=== 恢復 main order（3 seeds 七臂）===
Exp2  arms=['A1', 'A2', 'A3', 'A4', 'A5', 'R1', 'R2']  order=main  seeds=[0, 1, 2]  B=8 c=1 epochs=5 beta_u=0.1 replay_k=1 λ=(1.0,1.0,1.0)
  ▷ A1 seed=0 已有存檔，跳過
  ▷ A1 seed=1 已有存檔，跳過
  ▷ A1 seed=2 已有存檔，跳過
  ▷ A2 seed=0 已有存檔，跳過
  ▷ A2 seed=1 已有存檔，跳過
  ▷ A2 seed=2 已有存檔，跳過
  ▶ A3 (+ Replay) seed=0
    ── stage 0: tcga_lung
      epoch 1/5 n=774 mean_loss=0.5237
      epoch 2/5 n=774 mean_loss=0.3903
      epoch 3/5 n=774 mean_loss=0.3419
      epoch 4/5 n=774 mean_loss=0.3437
      epoch 5/5 n=774 mean_loss=0.3379
       記憶體 +774 → |M|=512
       eval tcga_lung  class-IL=0.8632 task-IL=0.8842
    ── stage 1: tcga_brca
      epoch 1/5 n=763 mean_loss=1.2532
      epoch 2/5 n=763 mean_loss=0.9852
      epoch 3/5 n=763 mean_loss=0.9461
      epoch 4/5 n=763 mean_loss=0.8172
      epoch 5/5 n=763 mean_loss=0.9716
       記憶體 +763 → |M|=512
       eval tcga_lung  class-IL=0.8316 task-IL=0.8421
       eval tcga_brca  class-IL=0.8602 task-IL=0.9247
    ── stage 2: tcga_rcc
      epoch 1/5 n=616 mean_loss=1.0771
      epoch 2/5 n=616 mean_loss=0.6607
      epoch 3/5 n=616 mean_loss=0.7541
      epoch 4/5 n=616 mean_loss=0.8098
      epoch 5/5 n=616 mean_loss=0.7547
       記憶體 +616 → |M|=512
       eval tcga_lung  class-IL=0.8000 task-IL=0.8316
       eval tcga_brca  class-IL=0.8495 task-IL=0.9140
       eval tcga_rcc   class-IL=0.8684 task-IL=0.9342
    ── stage 3: tcga_esca
      epoch 1/5 n=120 mean_loss=2.0117
      epoch 2/5 n=120 mean_loss=1.1181
      epoch 3/5 n=120 mean_loss=1.2829
      epoch 4/5 n=120 mean_loss=1.0821
      epoch 5/5 n=120 mean_loss=1.3558
       記憶體 +120 → |M|=512
       eval tcga_lung  class-IL=0.7368 task-IL=0.8211
       eval tcga_brca  class-IL=0.8172 task-IL=0.9247
       eval tcga_rcc   class-IL=0.8816 task-IL=0.9342
       eval tcga_esca  class-IL=0.7333 task-IL=0.8000
  ▶ A3 (+ Replay) seed=1
    ── stage 0: tcga_lung
      epoch 1/5 n=774 mean_loss=0.6066
      epoch 2/5 n=774 mean_loss=0.3879
      epoch 3/5 n=774 mean_loss=0.3768
      epoch 4/5 n=774 mean_loss=0.3605
      epoch 5/5 n=774 mean_loss=0.3413
       記憶體 +774 → |M|=512
       eval tcga_lung  class-IL=0.8421 task-IL=0.8421
    ── stage 1: tcga_brca
      epoch 1/5 n=763 mean_loss=1.2397
      epoch 2/5 n=763 mean_loss=1.0330
      epoch 3/5 n=763 mean_loss=0.9552
      epoch 4/5 n=763 mean_loss=0.9514
      epoch 5/5 n=763 mean_loss=0.9011
       記憶體 +763 → |M|=512
       eval tcga_lung  class-IL=0.8947 task-IL=0.9053
       eval tcga_brca  class-IL=0.8495 task-IL=0.9032
    ── stage 2: tcga_rcc
      epoch 1/5 n=616 mean_loss=1.1480
      epoch 2/5 n=616 mean_loss=0.8166
      epoch 3/5 n=616 mean_loss=0.8055
      epoch 4/5 n=616 mean_loss=0.8086
      epoch 5/5 n=616 mean_loss=0.7662
       記憶體 +616 → |M|=512
       eval tcga_lung  class-IL=0.8316 task-IL=0.8526
       eval tcga_brca  class-IL=0.7957 task-IL=0.8495
       eval tcga_rcc   class-IL=0.9079 task-IL=0.9211
    ── stage 3: tcga_esca
      epoch 1/5 n=120 mean_loss=1.9340
      epoch 2/5 n=120 mean_loss=1.1365
      epoch 3/5 n=120 mean_loss=0.9878
      epoch 4/5 n=120 mean_loss=1.0323
      epoch 5/5 n=120 mean_loss=0.6556
       記憶體 +120 → |M|=512
       eval tcga_lung  class-IL=0.7789 task-IL=0.8737
       eval tcga_brca  class-IL=0.7634 task-IL=0.8710
       eval tcga_rcc   class-IL=0.9211 task-IL=0.9474
       eval tcga_esca  class-IL=0.8667 task-IL=0.9333
  ▶ A3 (+ Replay) seed=2
    ── stage 0: tcga_lung
      epoch 1/5 n=774 mean_loss=0.5705
      epoch 2/5 n=774 mean_loss=0.4637
      epoch 3/5 n=774 mean_loss=0.3843
      epoch 4/5 n=774 mean_loss=0.4341
      epoch 5/5 n=774 mean_loss=0.4082
       記憶體 +774 → |M|=512
       eval tcga_lung  class-IL=0.8842 task-IL=0.8842
    ── stage 1: tcga_brca
      epoch 1/5 n=763 mean_loss=1.5581
      epoch 2/5 n=763 mean_loss=1.2077
      epoch 3/5 n=763 mean_loss=1.0981
      epoch 4/5 n=763 mean_loss=0.9083
      epoch 5/5 n=763 mean_loss=0.9198
       記憶體 +763 → |M|=512
       eval tcga_lung  class-IL=0.8421 task-IL=0.8842
       eval tcga_brca  class-IL=0.8925 task-IL=0.9140
    ── stage 2: tcga_rcc
      epoch 1/5 n=616 mean_loss=1.2764
      epoch 2/5 n=616 mean_loss=0.6964
      epoch 3/5 n=616 mean_loss=0.7532
      epoch 4/5 n=616 mean_loss=0.7340
      epoch 5/5 n=616 mean_loss=0.7731
       記憶體 +616 → |M|=512
       eval tcga_lung  class-IL=0.8105 task-IL=0.8316
       eval tcga_brca  class-IL=0.8387 task-IL=0.9032
       eval tcga_rcc   class-IL=0.9474 task-IL=0.9474
    ── stage 3: tcga_esca
      epoch 1/5 n=120 mean_loss=2.5588
      epoch 2/5 n=120 mean_loss=1.4034
      epoch 3/5 n=120 mean_loss=1.4384
      epoch 4/5 n=120 mean_loss=1.2713
      epoch 5/5 n=120 mean_loss=1.0894
       記憶體 +120 → |M|=512
       eval tcga_lung  class-IL=0.7474 task-IL=0.8526
       eval tcga_brca  class-IL=0.7849 task-IL=0.8710
       eval tcga_rcc   class-IL=0.9079 task-IL=0.9474
       eval tcga_esca  class-IL=0.6667 task-IL=0.8667
  ▶ A4 (+ Replay + KD) seed=0
    ── stage 0: tcga_lung
      epoch 1/5 n=774 mean_loss=0.5237
      epoch 2/5 n=774 mean_loss=0.3903
      epoch 3/5 n=774 mean_loss=0.3419
      epoch 4/5 n=774 mean_loss=0.3437
      epoch 5/5 n=774 mean_loss=0.3379
       記憶體 +774 → |M|=512
       eval tcga_lung  class-IL=0.8632 task-IL=0.8842
    ── stage 1: tcga_brca
      epoch 1/5 n=763 mean_loss=1.3210
      epoch 2/5 n=763 mean_loss=0.9692
      epoch 3/5 n=763 mean_loss=1.0180
      epoch 4/5 n=763 mean_loss=0.9005
      epoch 5/5 n=763 mean_loss=0.8536
       記憶體 +763 → |M|=512
       eval tcga_lung  class-IL=0.8526 task-IL=0.8632
       eval tcga_brca  class-IL=0.8710 task-IL=0.9355
    ── stage 2: tcga_rcc
      epoch 1/5 n=616 mean_loss=1.0058
      epoch 2/5 n=616 mean_loss=0.7217
      epoch 3/5 n=616 mean_loss=0.8105
      epoch 4/5 n=616 mean_loss=0.6955
      epoch 5/5 n=616 mean_loss=0.6716
       記憶體 +616 → |M|=512
       eval tcga_lung  class-IL=0.8947 task-IL=0.9053
       eval tcga_brca  class-IL=0.8817 task-IL=0.9247
       eval tcga_rcc   class-IL=0.8026 task-IL=0.9079
    ── stage 3: tcga_esca
      epoch 1/5 n=120 mean_loss=1.5797
      epoch 2/5 n=120 mean_loss=1.0902
      epoch 3/5 n=120 mean_loss=1.2768
      epoch 4/5 n=120 mean_loss=0.9400
      epoch 5/5 n=120 mean_loss=1.1343
       記憶體 +120 → |M|=512
       eval tcga_lung  class-IL=0.7684 task-IL=0.8632
       eval tcga_brca  class-IL=0.8495 task-IL=0.9247
       eval tcga_rcc   class-IL=0.8684 task-IL=0.9342
       eval tcga_esca  class-IL=0.8667 task-IL=0.8667
  ▶ A4 (+ Replay + KD) seed=1
    ── stage 0: tcga_lung
      epoch 1/5 n=774 mean_loss=0.6066
      epoch 2/5 n=774 mean_loss=0.3879
      epoch 3/5 n=774 mean_loss=0.3768
      epoch 4/5 n=774 mean_loss=0.3605
      epoch 5/5 n=774 mean_loss=0.3413
       記憶體 +774 → |M|=512
       eval tcga_lung  class-IL=0.8421 task-IL=0.8421
    ── stage 1: tcga_brca
      epoch 1/5 n=763 mean_loss=1.1850
      epoch 2/5 n=763 mean_loss=1.0117
      epoch 3/5 n=763 mean_loss=0.9390
      epoch 4/5 n=763 mean_loss=1.0092
      epoch 5/5 n=763 mean_loss=0.8519
       記憶體 +763 → |M|=512
       eval tcga_lung  class-IL=0.8842 task-IL=0.8947
       eval tcga_brca  class-IL=0.8495 task-IL=0.8817
    ── stage 2: tcga_rcc
      epoch 1/5 n=616 mean_loss=1.2296
      epoch 2/5 n=616 mean_loss=0.7813
      epoch 3/5 n=616 mean_loss=0.9034
      epoch 4/5 n=616 mean_loss=0.8636
      epoch 5/5 n=616 mean_loss=0.6587
       記憶體 +616 → |M|=512
       eval tcga_lung  class-IL=0.8632 task-IL=0.8737
       eval tcga_brca  class-IL=0.8495 task-IL=0.8925
       eval tcga_rcc   class-IL=0.9474 task-IL=0.9605
    ── stage 3: tcga_esca
      epoch 1/5 n=120 mean_loss=2.2527
      epoch 2/5 n=120 mean_loss=1.5348
      epoch 3/5 n=120 mean_loss=1.2020
      epoch 4/5 n=120 mean_loss=1.0825
      epoch 5/5 n=120 mean_loss=0.9641
       記憶體 +120 → |M|=512
       eval tcga_lung  class-IL=0.7263 task-IL=0.8737
       eval tcga_brca  class-IL=0.8280 task-IL=0.9032
       eval tcga_rcc   class-IL=0.9211 task-IL=0.9474
       eval tcga_esca  class-IL=0.8000 task-IL=0.9333
  ▶ A4 (+ Replay + KD) seed=2
    ── stage 0: tcga_lung
      epoch 1/5 n=774 mean_loss=0.5705
      epoch 2/5 n=774 mean_loss=0.4637
      epoch 3/5 n=774 mean_loss=0.3843
      epoch 4/5 n=774 mean_loss=0.4341
      epoch 5/5 n=774 mean_loss=0.4082
       記憶體 +774 → |M|=512
       eval tcga_lung  class-IL=0.8842 task-IL=0.8842
    ── stage 1: tcga_brca
      epoch 1/5 n=763 mean_loss=1.5091
      epoch 2/5 n=763 mean_loss=1.3119
      epoch 3/5 n=763 mean_loss=1.2002
      epoch 4/5 n=763 mean_loss=1.0448
      epoch 5/5 n=763 mean_loss=1.0497
       記憶體 +763 → |M|=512
       eval tcga_lung  class-IL=0.8737 task-IL=0.8947
       eval tcga_brca  class-IL=0.8065 task-IL=0.9140
    ── stage 2: tcga_rcc
      epoch 1/5 n=616 mean_loss=1.0578
      epoch 2/5 n=616 mean_loss=0.7506
      epoch 3/5 n=616 mean_loss=0.8546
      epoch 4/5 n=616 mean_loss=0.8451
      epoch 5/5 n=616 mean_loss=0.7867
       記憶體 +616 → |M|=512
       eval tcga_lung  class-IL=0.8211 task-IL=0.8526
       eval tcga_brca  class-IL=0.7527 task-IL=0.8925
       eval tcga_rcc   class-IL=0.9474 task-IL=0.9605
    ── stage 3: tcga_esca
      epoch 1/5 n=120 mean_loss=2.0757
      epoch 2/5 n=120 mean_loss=1.2093
      epoch 3/5 n=120 mean_loss=1.1662
      epoch 4/5 n=120 mean_loss=1.1032
      epoch 5/5 n=120 mean_loss=0.8783
       記憶體 +120 → |M|=512
       eval tcga_lung  class-IL=0.7474 task-IL=0.8842
       eval tcga_brca  class-IL=0.7419 task-IL=0.8602
       eval tcga_rcc   class-IL=0.9079 task-IL=0.9474
       eval tcga_esca  class-IL=0.8000 task-IL=0.9333
  ▶ A5 (Ours (Replay+KD+eq)) seed=0
    ── stage 0: tcga_lung
      epoch 1/5 n=774 mean_loss=0.5237
      epoch 2/5 n=774 mean_loss=0.3903
      epoch 3/5 n=774 mean_loss=0.3419
      epoch 4/5 n=774 mean_loss=0.3437
      epoch 5/5 n=774 mean_loss=0.3379
       記憶體 +774 → |M|=512
       eval tcga_lung  class-IL=0.8632 task-IL=0.8842
    ── stage 1: tcga_brca
      epoch 1/5 n=763 mean_loss=1.4378
      epoch 2/5 n=763 mean_loss=1.2962
      epoch 3/5 n=763 mean_loss=1.3310
      epoch 4/5 n=763 mean_loss=1.0810
      epoch 5/5 n=763 mean_loss=1.1277
       記憶體 +763 → |M|=512
       eval tcga_lung  class-IL=0.8316 task-IL=0.8632
       eval tcga_brca  class-IL=0.8817 task-IL=0.9247
    ── stage 2: tcga_rcc
      epoch 1/5 n=616 mean_loss=1.2321
      epoch 2/5 n=616 mean_loss=0.9370
      epoch 3/5 n=616 mean_loss=0.9716
      epoch 4/5 n=616 mean_loss=1.0690
      epoch 5/5 n=616 mean_loss=0.9598
       記憶體 +616 → |M|=512
       eval tcga_lung  class-IL=0.8316 task-IL=0.8421
       eval tcga_brca  class-IL=0.8710 task-IL=0.9247
       eval tcga_rcc   class-IL=0.8553 task-IL=0.9342
    ── stage 3: tcga_esca
      epoch 1/5 n=120 mean_loss=2.4474
      epoch 2/5 n=120 mean_loss=1.6101
      epoch 3/5 n=120 mean_loss=2.1901
      epoch 4/5 n=120 mean_loss=1.0590
      epoch 5/5 n=120 mean_loss=2.1322
       記憶體 +120 → |M|=512
       eval tcga_lung  class-IL=0.7895 task-IL=0.8526
       eval tcga_brca  class-IL=0.8387 task-IL=0.9247
       eval tcga_rcc   class-IL=0.9605 task-IL=0.9737
       eval tcga_esca  class-IL=0.7333 task-IL=0.8667
  ▶ A5 (Ours (Replay+KD+eq)) seed=1
    ── stage 0: tcga_lung
      epoch 1/5 n=774 mean_loss=0.6066
      epoch 2/5 n=774 mean_loss=0.3879
      epoch 3/5 n=774 mean_loss=0.3768
      epoch 4/5 n=774 mean_loss=0.3605
      epoch 5/5 n=774 mean_loss=0.3413
       記憶體 +774 → |M|=512
       eval tcga_lung  class-IL=0.8421 task-IL=0.8421
    ── stage 1: tcga_brca
      epoch 1/5 n=763 mean_loss=1.4355
      epoch 2/5 n=763 mean_loss=1.1492
      epoch 3/5 n=763 mean_loss=1.1311
      epoch 4/5 n=763 mean_loss=1.2627
      epoch 5/5 n=763 mean_loss=1.2453
       記憶體 +763 → |M|=512
       eval tcga_lung  class-IL=0.8737 task-IL=0.9053
       eval tcga_brca  class-IL=0.8280 task-IL=0.8710
    ── stage 2: tcga_rcc
      epoch 1/5 n=616 mean_loss=1.6530
      epoch 2/5 n=616 mean_loss=1.0000
      epoch 3/5 n=616 mean_loss=1.0386
      epoch 4/5 n=616 mean_loss=1.3235
      epoch 5/5 n=616 mean_loss=0.8234
       記憶體 +616 → |M|=512
       eval tcga_lung  class-IL=0.8421 task-IL=0.8737
       eval tcga_brca  class-IL=0.8495 task-IL=0.9032
       eval tcga_rcc   class-IL=0.9342 task-IL=0.9474
    ── stage 3: tcga_esca
      epoch 1/5 n=120 mean_loss=3.0986
      epoch 2/5 n=120 mean_loss=1.9626
      epoch 3/5 n=120 mean_loss=1.7597
      epoch 4/5 n=120 mean_loss=1.3352
      epoch 5/5 n=120 mean_loss=1.1964
       記憶體 +120 → |M|=512
       eval tcga_lung  class-IL=0.8000 task-IL=0.8842
       eval tcga_brca  class-IL=0.6774 task-IL=0.8387
       eval tcga_rcc   class-IL=0.9079 task-IL=0.9211
       eval tcga_esca  class-IL=0.7333 task-IL=0.9333
  ▶ A5 (Ours (Replay+KD+eq)) seed=2
    ── stage 0: tcga_lung
      epoch 1/5 n=774 mean_loss=0.5705
      epoch 2/5 n=774 mean_loss=0.4637
      epoch 3/5 n=774 mean_loss=0.3843
      epoch 4/5 n=774 mean_loss=0.4341
      epoch 5/5 n=774 mean_loss=0.4082
       記憶體 +774 → |M|=512
       eval tcga_lung  class-IL=0.8842 task-IL=0.8842
    ── stage 1: tcga_brca
      epoch 1/5 n=763 mean_loss=2.3889
      epoch 2/5 n=763 mean_loss=1.9101
      epoch 3/5 n=763 mean_loss=1.6007
      epoch 4/5 n=763 mean_loss=1.2729
      epoch 5/5 n=763 mean_loss=1.5777
       記憶體 +763 → |M|=512
       eval tcga_lung  class-IL=0.8842 task-IL=0.8947
       eval tcga_brca  class-IL=0.7957 task-IL=0.8925
    ── stage 2: tcga_rcc
      epoch 1/5 n=616 mean_loss=1.5669
      epoch 2/5 n=616 mean_loss=1.0708
      epoch 3/5 n=616 mean_loss=1.0214
      epoch 4/5 n=616 mean_loss=1.0230
      epoch 5/5 n=616 mean_loss=1.0790
       記憶體 +616 → |M|=512
       eval tcga_lung  class-IL=0.7895 task-IL=0.8105
       eval tcga_brca  class-IL=0.7527 task-IL=0.8280
       eval tcga_rcc   class-IL=0.8947 task-IL=0.9342
    ── stage 3: tcga_esca
      epoch 1/5 n=120 mean_loss=2.7328
      epoch 2/5 n=120 mean_loss=1.3629
      epoch 3/5 n=120 mean_loss=2.4064
      epoch 4/5 n=120 mean_loss=1.4325
      epoch 5/5 n=120 mean_loss=1.1477
       記憶體 +120 → |M|=512
       eval tcga_lung  class-IL=0.8000 task-IL=0.8421
       eval tcga_brca  class-IL=0.7849 task-IL=0.8602
       eval tcga_rcc   class-IL=0.9079 task-IL=0.9605
       eval tcga_esca  class-IL=0.6667 task-IL=0.9333
  ▶ R1 (per-task specialist (independent training)) seed=0
      epoch 1/5 n=774 mean_loss=0.6826
      epoch 2/5 n=774 mean_loss=0.4393
      epoch 3/5 n=774 mean_loss=0.4334
      epoch 4/5 n=774 mean_loss=0.3095
      epoch 5/5 n=774 mean_loss=0.2755
      epoch 1/5 n=763 mean_loss=0.5078
      epoch 2/5 n=763 mean_loss=0.3615
      epoch 3/5 n=763 mean_loss=0.3794
      epoch 4/5 n=763 mean_loss=0.3703
      epoch 5/5 n=763 mean_loss=0.3323
      epoch 1/5 n=616 mean_loss=0.4179
      epoch 2/5 n=616 mean_loss=0.2908
      epoch 3/5 n=616 mean_loss=0.2869
      epoch 4/5 n=616 mean_loss=0.2955
      epoch 5/5 n=616 mean_loss=0.2628
      epoch 1/5 n=120 mean_loss=0.8902
      epoch 2/5 n=120 mean_loss=0.4363
      epoch 3/5 n=120 mean_loss=0.1274
      epoch 4/5 n=120 mean_loss=0.2249
      epoch 5/5 n=120 mean_loss=0.2028
  ▶ R1 (per-task specialist (independent training)) seed=1
      epoch 1/5 n=774 mean_loss=0.5786
      epoch 2/5 n=774 mean_loss=0.5359
      epoch 3/5 n=774 mean_loss=0.4856
      epoch 4/5 n=774 mean_loss=0.3551
      epoch 5/5 n=774 mean_loss=0.2731
      epoch 1/5 n=763 mean_loss=0.4291
      epoch 2/5 n=763 mean_loss=0.3707
      epoch 3/5 n=763 mean_loss=0.3976
      epoch 4/5 n=763 mean_loss=0.3212
      epoch 5/5 n=763 mean_loss=0.4452
      epoch 1/5 n=616 mean_loss=0.3201
      epoch 2/5 n=616 mean_loss=0.1948
      epoch 3/5 n=616 mean_loss=0.3302
      epoch 4/5 n=616 mean_loss=0.2851
      epoch 5/5 n=616 mean_loss=0.2103
      epoch 1/5 n=120 mean_loss=0.3498
      epoch 2/5 n=120 mean_loss=0.2847
      epoch 3/5 n=120 mean_loss=0.2418
      epoch 4/5 n=120 mean_loss=0.1413
      epoch 5/5 n=120 mean_loss=0.0573
  ▶ R1 (per-task specialist (independent training)) seed=2
      epoch 1/5 n=774 mean_loss=0.6618
      epoch 2/5 n=774 mean_loss=0.4470
      epoch 3/5 n=774 mean_loss=0.3654
      epoch 4/5 n=774 mean_loss=0.3300
      epoch 5/5 n=774 mean_loss=0.3849
      epoch 1/5 n=763 mean_loss=0.4264
      epoch 2/5 n=763 mean_loss=0.4101
      epoch 3/5 n=763 mean_loss=0.3486
      epoch 4/5 n=763 mean_loss=0.3046
      epoch 5/5 n=763 mean_loss=0.3619
      epoch 1/5 n=616 mean_loss=0.4718
      epoch 2/5 n=616 mean_loss=0.2463
      epoch 3/5 n=616 mean_loss=0.3552
      epoch 4/5 n=616 mean_loss=0.3552
      epoch 5/5 n=616 mean_loss=0.2851
      epoch 1/5 n=120 mean_loss=0.3555
      epoch 2/5 n=120 mean_loss=0.3999
      epoch 3/5 n=120 mean_loss=0.2306
      epoch 4/5 n=120 mean_loss=0.2507
      epoch 5/5 n=120 mean_loss=0.3037
  ▶ R2 (joint offline reference) seed=0
      epoch 1/5 n=2273 mean_loss=1.0569
      epoch 2/5 n=2273 mean_loss=0.7631
      epoch 3/5 n=2273 mean_loss=0.7514
      epoch 4/5 n=2273 mean_loss=0.6841
      epoch 5/5 n=2273 mean_loss=0.7211
  ▶ R2 (joint offline reference) seed=1
      epoch 1/5 n=2273 mean_loss=1.0283
      epoch 2/5 n=2273 mean_loss=0.7956
      epoch 3/5 n=2273 mean_loss=0.7243
      epoch 4/5 n=2273 mean_loss=0.8178
      epoch 5/5 n=2273 mean_loss=0.6964
  ▶ R2 (joint offline reference) seed=2
      epoch 1/5 n=2273 mean_loss=1.0058
      epoch 2/5 n=2273 mean_loss=0.8965
      epoch 3/5 n=2273 mean_loss=0.7229
      epoch 4/5 n=2273 mean_loss=0.9829
      epoch 5/5 n=2273 mean_loss=0.8622

→ /Users/aaron/research/02_pathselect/outputs/exp2/order_main/EXP2.md
=== 恢復 B1/B2 元件消融（reverse, 3 seeds）===
Exp2  arms=['A3', 'A4', 'A5', 'B1', 'B2']  order=reverse  seeds=[0, 1, 2]  B=8 c=1 epochs=5 beta_u=0.1 replay_k=1 λ=(1.0,1.0,1.0)
  ▷ A3 seed=0 已有存檔，跳過
  ▷ A3 seed=1 已有存檔，跳過
  ▷ A3 seed=2 已有存檔，跳過
  ▷ A4 seed=0 已有存檔，跳過
  ▷ A4 seed=1 已有存檔，跳過
  ▷ A4 seed=2 已有存檔，跳過
  ▷ A5 seed=0 已有存檔，跳過
  ▷ A5 seed=1 已有存檔，跳過
  ▷ A5 seed=2 已有存檔，跳過
  ▶ B1 (只 KD (λ_r=λ_eq=0)) seed=0
    ── stage 0: tcga_esca
      epoch 1/5 n=120 mean_loss=0.5796
      epoch 2/5 n=120 mean_loss=0.1847
      epoch 3/5 n=120 mean_loss=0.0653
      epoch 4/5 n=120 mean_loss=0.0417
      epoch 5/5 n=120 mean_loss=0.1188
       記憶體 +120 → |M|=120
       eval tcga_esca  class-IL=0.8000 task-IL=0.8667
    ── stage 1: tcga_rcc
      epoch 1/5 n=616 mean_loss=0.3828
      epoch 2/5 n=616 mean_loss=0.2346
      epoch 3/5 n=616 mean_loss=0.2436
      epoch 4/5 n=616 mean_loss=0.1940
      epoch 5/5 n=616 mean_loss=0.2241
       記憶體 +616 → |M|=512
       eval tcga_esca  class-IL=0.8000 task-IL=0.8667
       eval tcga_rcc   class-IL=0.9474 task-IL=0.9474
    ── stage 2: tcga_brca
      epoch 1/5 n=763 mean_loss=0.5376
      epoch 2/5 n=763 mean_loss=0.3705
      epoch 3/5 n=763 mean_loss=0.4010
      epoch 4/5 n=763 mean_loss=0.3728
      epoch 5/5 n=763 mean_loss=0.3573
       記憶體 +763 → |M|=512
       eval tcga_esca  class-IL=0.6000 task-IL=0.8000
       eval tcga_rcc   class-IL=0.9474 task-IL=0.9605
       eval tcga_brca  class-IL=0.8495 task-IL=0.8602
    ── stage 3: tcga_lung
      epoch 1/5 n=774 mean_loss=0.6970
      epoch 2/5 n=774 mean_loss=0.4076
      epoch 3/5 n=774 mean_loss=0.3933
      epoch 4/5 n=774 mean_loss=0.3569
      epoch 5/5 n=774 mean_loss=0.3518
       記憶體 +774 → |M|=512
       eval tcga_esca  class-IL=0.4667 task-IL=0.9333
       eval tcga_rcc   class-IL=0.8816 task-IL=0.9605
       eval tcga_brca  class-IL=0.5914 task-IL=0.8387
       eval tcga_lung  class-IL=0.8526 task-IL=0.8737
  ▶ B1 (只 KD (λ_r=λ_eq=0)) seed=1
    ── stage 0: tcga_esca
      epoch 1/5 n=120 mean_loss=0.4838
      epoch 2/5 n=120 mean_loss=0.1656
      epoch 3/5 n=120 mean_loss=0.1271
      epoch 4/5 n=120 mean_loss=0.1091
      epoch 5/5 n=120 mean_loss=0.1208
       記憶體 +120 → |M|=120
       eval tcga_esca  class-IL=0.8667 task-IL=0.9333
    ── stage 1: tcga_rcc
      epoch 1/5 n=616 mean_loss=0.3576
      epoch 2/5 n=616 mean_loss=0.2392
      epoch 3/5 n=616 mean_loss=0.2553
      epoch 4/5 n=616 mean_loss=0.1499
      epoch 5/5 n=616 mean_loss=0.2208
       記憶體 +616 → |M|=512
       eval tcga_esca  class-IL=0.5333 task-IL=0.9333
       eval tcga_rcc   class-IL=0.9342 task-IL=0.9342
    ── stage 2: tcga_brca
      epoch 1/5 n=763 mean_loss=0.3994
      epoch 2/5 n=763 mean_loss=0.3394
      epoch 3/5 n=763 mean_loss=0.3333
      epoch 4/5 n=763 mean_loss=0.3294
      epoch 5/5 n=763 mean_loss=0.2959
       記憶體 +763 → |M|=512
       eval tcga_esca  class-IL=0.4000 task-IL=0.8667
       eval tcga_rcc   class-IL=0.9342 task-IL=0.9474
       eval tcga_brca  class-IL=0.8495 task-IL=0.8710
    ── stage 3: tcga_lung
      epoch 1/5 n=774 mean_loss=0.5602
      epoch 2/5 n=774 mean_loss=0.4726
      epoch 3/5 n=774 mean_loss=0.3560
      epoch 4/5 n=774 mean_loss=0.4598
      epoch 5/5 n=774 mean_loss=0.3268
       記憶體 +774 → |M|=512
       eval tcga_esca  class-IL=0.4000 task-IL=0.9333
       eval tcga_rcc   class-IL=0.6447 task-IL=0.8816
       eval tcga_brca  class-IL=0.6882 task-IL=0.8925
       eval tcga_lung  class-IL=0.8526 task-IL=0.8632
  ▶ B1 (只 KD (λ_r=λ_eq=0)) seed=2
    ── stage 0: tcga_esca
      epoch 1/5 n=120 mean_loss=0.5715
      epoch 2/5 n=120 mean_loss=0.2234
      epoch 3/5 n=120 mean_loss=0.0734
      epoch 4/5 n=120 mean_loss=0.1335
      epoch 5/5 n=120 mean_loss=0.1558
       記憶體 +120 → |M|=120
       eval tcga_esca  class-IL=0.8667 task-IL=0.9333
    ── stage 1: tcga_rcc
      epoch 1/5 n=616 mean_loss=0.3188
      epoch 2/5 n=616 mean_loss=0.1981
      epoch 3/5 n=616 mean_loss=0.1859
      epoch 4/5 n=616 mean_loss=0.1933
      epoch 5/5 n=616 mean_loss=0.1715
       記憶體 +616 → |M|=512
       eval tcga_esca  class-IL=0.6667 task-IL=0.9333
       eval tcga_rcc   class-IL=0.9474 task-IL=0.9474
    ── stage 2: tcga_brca
      epoch 1/5 n=763 mean_loss=0.4908
      epoch 2/5 n=763 mean_loss=0.3261
      epoch 3/5 n=763 mean_loss=0.3430
      epoch 4/5 n=763 mean_loss=0.3549
      epoch 5/5 n=763 mean_loss=0.3227
       記憶體 +763 → |M|=512
       eval tcga_esca  class-IL=0.2000 task-IL=0.7333
       eval tcga_rcc   class-IL=0.7763 task-IL=0.8947
       eval tcga_brca  class-IL=0.8710 task-IL=0.8817
    ── stage 3: tcga_lung
      epoch 1/5 n=774 mean_loss=0.7029
      epoch 2/5 n=774 mean_loss=0.4404
      epoch 3/5 n=774 mean_loss=0.3769
      epoch 4/5 n=774 mean_loss=0.3618
      epoch 5/5 n=774 mean_loss=0.3469
       記憶體 +774 → |M|=512
       eval tcga_esca  class-IL=0.4000 task-IL=0.8667
       eval tcga_rcc   class-IL=0.3289 task-IL=0.7895
       eval tcga_brca  class-IL=0.5269 task-IL=0.8387
       eval tcga_lung  class-IL=0.8316 task-IL=0.8526
  ▶ B2 (只 eq (λ_r=λ_kd=0)) seed=0
    ── stage 0: tcga_esca
      epoch 1/5 n=120 mean_loss=0.5796
      epoch 2/5 n=120 mean_loss=0.1847
      epoch 3/5 n=120 mean_loss=0.0653
      epoch 4/5 n=120 mean_loss=0.0417
      epoch 5/5 n=120 mean_loss=0.1188
       記憶體 +120 → |M|=120
       eval tcga_esca  class-IL=0.8000 task-IL=0.8667
    ── stage 1: tcga_rcc
      epoch 1/5 n=616 mean_loss=0.5975
      epoch 2/5 n=616 mean_loss=0.3478
      epoch 3/5 n=616 mean_loss=0.3831
      epoch 4/5 n=616 mean_loss=0.3265
      epoch 5/5 n=616 mean_loss=0.2682
       記憶體 +616 → |M|=512
       eval tcga_esca  class-IL=0.8000 task-IL=0.9333
       eval tcga_rcc   class-IL=0.9474 task-IL=0.9474
    ── stage 2: tcga_brca
      epoch 1/5 n=763 mean_loss=0.9059
      epoch 2/5 n=763 mean_loss=0.8987
      epoch 3/5 n=763 mean_loss=0.7899
      epoch 4/5 n=763 mean_loss=0.8170
      epoch 5/5 n=763 mean_loss=0.6748
       記憶體 +763 → |M|=512
       eval tcga_esca  class-IL=0.8000 task-IL=0.9333
       eval tcga_rcc   class-IL=0.9474 task-IL=0.9474
       eval tcga_brca  class-IL=0.8280 task-IL=0.8710
    ── stage 3: tcga_lung
      epoch 1/5 n=774 mean_loss=1.3806
      epoch 2/5 n=774 mean_loss=1.1539
      epoch 3/5 n=774 mean_loss=0.9938
      epoch 4/5 n=774 mean_loss=1.0149
      epoch 5/5 n=774 mean_loss=1.0008
       記憶體 +774 → |M|=512
       eval tcga_esca  class-IL=0.8000 task-IL=0.8667
       eval tcga_rcc   class-IL=0.9079 task-IL=0.9474
       eval tcga_brca  class-IL=0.7527 task-IL=0.8817
       eval tcga_lung  class-IL=0.8211 task-IL=0.8526
  ▶ B2 (只 eq (λ_r=λ_kd=0)) seed=1
    ── stage 0: tcga_esca
      epoch 1/5 n=120 mean_loss=0.4838
      epoch 2/5 n=120 mean_loss=0.1656
      epoch 3/5 n=120 mean_loss=0.1271
      epoch 4/5 n=120 mean_loss=0.1091
      epoch 5/5 n=120 mean_loss=0.1208
       記憶體 +120 → |M|=120
       eval tcga_esca  class-IL=0.8667 task-IL=0.9333
    ── stage 1: tcga_rcc
      epoch 1/5 n=616 mean_loss=0.4729
      epoch 2/5 n=616 mean_loss=0.3306
      epoch 3/5 n=616 mean_loss=0.3026
      epoch 4/5 n=616 mean_loss=0.2302
      epoch 5/5 n=616 mean_loss=0.2383
       記憶體 +616 → |M|=512
       eval tcga_esca  class-IL=0.8000 task-IL=0.8667
       eval tcga_rcc   class-IL=0.9474 task-IL=0.9474
    ── stage 2: tcga_brca
      epoch 1/5 n=763 mean_loss=0.8261
      epoch 2/5 n=763 mean_loss=0.7379
      epoch 3/5 n=763 mean_loss=0.6787
      epoch 4/5 n=763 mean_loss=0.6888
      epoch 5/5 n=763 mean_loss=0.6714
       記憶體 +763 → |M|=512
       eval tcga_esca  class-IL=0.5333 task-IL=0.8667
       eval tcga_rcc   class-IL=0.8684 task-IL=0.9211
       eval tcga_brca  class-IL=0.9032 task-IL=0.9140
    ── stage 3: tcga_lung
      epoch 1/5 n=774 mean_loss=1.3336
