Exp2  arms=['A1', 'A2', 'A3', 'A4', 'A5', 'R1', 'R2']  order=reverse  seeds=[0, 1, 2, 3, 4]  B=8 c=1 epochs=5 beta_u=0.1 replay_k=1 λ=(1.0,1.0,1.0)
  ▶ A1 (SeqFT) seed=0
    ── stage 0: tcga_esca
      epoch 1/5 n=120 mean_loss=0.8902
      epoch 2/5 n=120 mean_loss=0.4363
      epoch 3/5 n=120 mean_loss=0.1274
      epoch 4/5 n=120 mean_loss=0.2249
      epoch 5/5 n=120 mean_loss=0.2028
       eval tcga_esca  class-IL=0.8000 task-IL=0.9333
    ── stage 1: tcga_rcc
      epoch 1/5 n=616 mean_loss=0.3397
      epoch 2/5 n=616 mean_loss=0.3102
      epoch 3/5 n=616 mean_loss=0.2715
      epoch 4/5 n=616 mean_loss=0.2924
      epoch 5/5 n=616 mean_loss=0.2895
       eval tcga_esca  class-IL=0.4000 task-IL=0.8000
       eval tcga_rcc   class-IL=0.9211 task-IL=0.9211
    ── stage 2: tcga_brca
      epoch 1/5 n=763 mean_loss=0.4723
      epoch 2/5 n=763 mean_loss=0.4313
      epoch 3/5 n=763 mean_loss=0.3774
      epoch 4/5 n=763 mean_loss=0.3707
      epoch 5/5 n=763 mean_loss=0.3678
       eval tcga_esca  class-IL=0.2667 task-IL=0.5333
       eval tcga_rcc   class-IL=0.1447 task-IL=0.6842
       eval tcga_brca  class-IL=0.8817 task-IL=0.8925
    ── stage 3: tcga_lung
      epoch 1/5 n=774 mean_loss=0.7419
      epoch 2/5 n=774 mean_loss=0.4588
      epoch 3/5 n=774 mean_loss=0.4345
      epoch 4/5 n=774 mean_loss=0.3752
      epoch 5/5 n=774 mean_loss=0.3749
       eval tcga_esca  class-IL=0.0667 task-IL=0.6000
       eval tcga_rcc   class-IL=0.5000 task-IL=0.8289
       eval tcga_brca  class-IL=0.2688 task-IL=0.8172
       eval tcga_lung  class-IL=0.8526 task-IL=0.8526
  ▶ A1 (SeqFT) seed=1
    ── stage 0: tcga_esca
      epoch 1/5 n=120 mean_loss=0.3498
      epoch 2/5 n=120 mean_loss=0.2847
      epoch 3/5 n=120 mean_loss=0.2418
      epoch 4/5 n=120 mean_loss=0.1413
      epoch 5/5 n=120 mean_loss=0.0573
       eval tcga_esca  class-IL=0.8000 task-IL=0.8667
    ── stage 1: tcga_rcc
      epoch 1/5 n=616 mean_loss=0.3990
      epoch 2/5 n=616 mean_loss=0.3556
      epoch 3/5 n=616 mean_loss=0.3213
      epoch 4/5 n=616 mean_loss=0.2967
      epoch 5/5 n=616 mean_loss=0.4251
       eval tcga_esca  class-IL=0.3333 task-IL=0.8667
       eval tcga_rcc   class-IL=0.9211 task-IL=0.9211
    ── stage 2: tcga_brca
      epoch 1/5 n=763 mean_loss=0.5584
      epoch 2/5 n=763 mean_loss=0.4259
      epoch 3/5 n=763 mean_loss=0.3880
      epoch 4/5 n=763 mean_loss=0.3436
      epoch 5/5 n=763 mean_loss=0.3712
       eval tcga_esca  class-IL=0.0667 task-IL=0.5333
       eval tcga_rcc   class-IL=0.3684 task-IL=0.8816
       eval tcga_brca  class-IL=0.9140 task-IL=0.9140
    ── stage 3: tcga_lung
      epoch 1/5 n=774 mean_loss=0.8758
      epoch 2/5 n=774 mean_loss=0.5730
      epoch 3/5 n=774 mean_loss=0.4898
      epoch 4/5 n=774 mean_loss=0.4355
      epoch 5/5 n=774 mean_loss=0.3913
       eval tcga_esca  class-IL=0.2667 task-IL=0.7333
       eval tcga_rcc   class-IL=0.2105 task-IL=0.8289
       eval tcga_brca  class-IL=0.5376 task-IL=0.8817
       eval tcga_lung  class-IL=0.8421 task-IL=0.8421
  ▶ A1 (SeqFT) seed=2
    ── stage 0: tcga_esca
      epoch 1/5 n=120 mean_loss=0.3555
      epoch 2/5 n=120 mean_loss=0.3999
      epoch 3/5 n=120 mean_loss=0.2306
      epoch 4/5 n=120 mean_loss=0.2507
      epoch 5/5 n=120 mean_loss=0.3037
       eval tcga_esca  class-IL=0.8667 task-IL=0.9333
    ── stage 1: tcga_rcc
      epoch 1/5 n=616 mean_loss=0.4406
      epoch 2/5 n=616 mean_loss=0.3687
      epoch 3/5 n=616 mean_loss=0.3956
      epoch 4/5 n=616 mean_loss=0.3031
      epoch 5/5 n=616 mean_loss=0.3262
       eval tcga_esca  class-IL=0.3333 task-IL=0.8000
       eval tcga_rcc   class-IL=0.9474 task-IL=0.9474
    ── stage 2: tcga_brca
      epoch 1/5 n=763 mean_loss=0.4720
      epoch 2/5 n=763 mean_loss=0.4923
      epoch 3/5 n=763 mean_loss=0.4270
      epoch 4/5 n=763 mean_loss=0.3892
      epoch 5/5 n=763 mean_loss=0.3644
       eval tcga_esca  class-IL=0.0667 task-IL=0.6667
       eval tcga_rcc   class-IL=0.1711 task-IL=0.7500
       eval tcga_brca  class-IL=0.8710 task-IL=0.8710
    ── stage 3: tcga_lung
      epoch 1/5 n=774 mean_loss=0.8642
      epoch 2/5 n=774 mean_loss=0.4961
      epoch 3/5 n=774 mean_loss=0.4087
      epoch 4/5 n=774 mean_loss=0.3529
      epoch 5/5 n=774 mean_loss=0.3242
       eval tcga_esca  class-IL=0.2000 task-IL=0.7333
       eval tcga_rcc   class-IL=0.1447 task-IL=0.5132
       eval tcga_brca  class-IL=0.1828 task-IL=0.7849
       eval tcga_lung  class-IL=0.8526 task-IL=0.8526
  ▶ A1 (SeqFT) seed=3
    ── stage 0: tcga_esca
      epoch 1/5 n=120 mean_loss=0.6486
      epoch 2/5 n=120 mean_loss=0.2774
      epoch 3/5 n=120 mean_loss=0.4278
      epoch 4/5 n=120 mean_loss=0.4748
      epoch 5/5 n=120 mean_loss=0.1548
       eval tcga_esca  class-IL=0.7333 task-IL=0.8667
    ── stage 1: tcga_rcc
      epoch 1/5 n=616 mean_loss=0.3398
      epoch 2/5 n=616 mean_loss=0.5040
      epoch 3/5 n=616 mean_loss=0.6151
      epoch 4/5 n=616 mean_loss=0.6230
      epoch 5/5 n=616 mean_loss=0.3952
       eval tcga_esca  class-IL=0.2000 task-IL=0.6000
       eval tcga_rcc   class-IL=0.9474 task-IL=0.9474
    ── stage 2: tcga_brca
      epoch 1/5 n=763 mean_loss=0.8738
      epoch 2/5 n=763 mean_loss=0.5212
      epoch 3/5 n=763 mean_loss=0.6300
      epoch 4/5 n=763 mean_loss=0.4348
      epoch 5/5 n=763 mean_loss=0.4365
       eval tcga_esca  class-IL=0.1333 task-IL=0.4667
       eval tcga_rcc   class-IL=0.0263 task-IL=0.6842
       eval tcga_brca  class-IL=0.8387 task-IL=0.8495
    ── stage 3: tcga_lung
      epoch 1/5 n=774 mean_loss=0.7479
      epoch 2/5 n=774 mean_loss=0.4766
      epoch 3/5 n=774 mean_loss=0.4070
      epoch 4/5 n=774 mean_loss=0.3922
      epoch 5/5 n=774 mean_loss=0.3440
       eval tcga_esca  class-IL=0.2667 task-IL=0.8000
       eval tcga_rcc   class-IL=0.5526 task-IL=0.9211
       eval tcga_brca  class-IL=0.5484 task-IL=0.8710
       eval tcga_lung  class-IL=0.8316 task-IL=0.8421
  ▶ A1 (SeqFT) seed=4
    ── stage 0: tcga_esca
      epoch 1/5 n=120 mean_loss=0.6396
      epoch 2/5 n=120 mean_loss=0.3580
      epoch 3/5 n=120 mean_loss=0.2797
      epoch 4/5 n=120 mean_loss=0.0627
      epoch 5/5 n=120 mean_loss=0.0655
       eval tcga_esca  class-IL=0.8000 task-IL=0.8667
    ── stage 1: tcga_rcc
      epoch 1/5 n=616 mean_loss=0.4677
      epoch 2/5 n=616 mean_loss=0.4140
      epoch 3/5 n=616 mean_loss=0.3215
      epoch 4/5 n=616 mean_loss=0.3118
      epoch 5/5 n=616 mean_loss=0.2829
       eval tcga_esca  class-IL=0.0667 task-IL=0.4667
       eval tcga_rcc   class-IL=0.9605 task-IL=0.9605
    ── stage 2: tcga_brca
      epoch 1/5 n=763 mean_loss=0.5384
      epoch 2/5 n=763 mean_loss=0.4131
      epoch 3/5 n=763 mean_loss=0.4710
      epoch 4/5 n=763 mean_loss=0.3763
      epoch 5/5 n=763 mean_loss=0.5572
       eval tcga_esca  class-IL=0.1333 task-IL=0.8000
       eval tcga_rcc   class-IL=0.1711 task-IL=0.7763
       eval tcga_brca  class-IL=0.9247 task-IL=0.9247
    ── stage 3: tcga_lung
      epoch 1/5 n=774 mean_loss=0.7413
      epoch 2/5 n=774 mean_loss=0.4872
      epoch 3/5 n=774 mean_loss=0.4295
      epoch 4/5 n=774 mean_loss=0.3670
      epoch 5/5 n=774 mean_loss=0.3852
       eval tcga_esca  class-IL=0.4667 task-IL=0.9333
       eval tcga_rcc   class-IL=0.5132 task-IL=0.8553
       eval tcga_brca  class-IL=0.6129 task-IL=0.8495
       eval tcga_lung  class-IL=0.8316 task-IL=0.8316
  ▶ A2 (+ LoRA merge) seed=0
    ── stage 0: tcga_esca
      epoch 1/5 n=120 mean_loss=0.5796
      epoch 2/5 n=120 mean_loss=0.1847
      epoch 3/5 n=120 mean_loss=0.0653
      epoch 4/5 n=120 mean_loss=0.0417
      epoch 5/5 n=120 mean_loss=0.1188
       eval tcga_esca  class-IL=0.8000 task-IL=0.8667
    ── stage 1: tcga_rcc
      epoch 1/5 n=616 mean_loss=0.3134
      epoch 2/5 n=616 mean_loss=0.1926
      epoch 3/5 n=616 mean_loss=0.1861
      epoch 4/5 n=616 mean_loss=0.1798
      epoch 5/5 n=616 mean_loss=0.1686
       eval tcga_esca  class-IL=0.2667 task-IL=0.4667
       eval tcga_rcc   class-IL=0.9605 task-IL=0.9605
    ── stage 2: tcga_brca
      epoch 1/5 n=763 mean_loss=0.3863
      epoch 2/5 n=763 mean_loss=0.3298
      epoch 3/5 n=763 mean_loss=0.3123
      epoch 4/5 n=763 mean_loss=0.2810
      epoch 5/5 n=763 mean_loss=0.3236
       eval tcga_esca  class-IL=0.2000 task-IL=0.6000
       eval tcga_rcc   class-IL=0.2105 task-IL=0.8684
       eval tcga_brca  class-IL=0.8817 task-IL=0.8817
    ── stage 3: tcga_lung
      epoch 1/5 n=774 mean_loss=0.6083
      epoch 2/5 n=774 mean_loss=0.4288
      epoch 3/5 n=774 mean_loss=0.3166
      epoch 4/5 n=774 mean_loss=0.3936
      epoch 5/5 n=774 mean_loss=0.3512
       eval tcga_esca  class-IL=0.2667 task-IL=0.9333
       eval tcga_rcc   class-IL=0.1053 task-IL=0.6316
       eval tcga_brca  class-IL=0.5161 task-IL=0.8172
       eval tcga_lung  class-IL=0.8737 task-IL=0.8737
  ▶ A2 (+ LoRA merge) seed=1
    ── stage 0: tcga_esca
      epoch 1/5 n=120 mean_loss=0.4838
      epoch 2/5 n=120 mean_loss=0.1656
      epoch 3/5 n=120 mean_loss=0.1271
      epoch 4/5 n=120 mean_loss=0.1091
      epoch 5/5 n=120 mean_loss=0.1208
       eval tcga_esca  class-IL=0.8667 task-IL=0.9333
    ── stage 1: tcga_rcc
      epoch 1/5 n=616 mean_loss=0.3639
      epoch 2/5 n=616 mean_loss=0.2162
      epoch 3/5 n=616 mean_loss=0.1827
      epoch 4/5 n=616 mean_loss=0.1261
      epoch 5/5 n=616 mean_loss=0.1336
       eval tcga_esca  class-IL=0.1333 task-IL=0.4667
       eval tcga_rcc   class-IL=0.9342 task-IL=0.9342
    ── stage 2: tcga_brca
      epoch 1/5 n=763 mean_loss=0.4443
      epoch 2/5 n=763 mean_loss=0.3319
      epoch 3/5 n=763 mean_loss=0.3235
      epoch 4/5 n=763 mean_loss=0.3323
      epoch 5/5 n=763 mean_loss=0.3182
       eval tcga_esca  class-IL=0.2667 task-IL=0.6667
       eval tcga_rcc   class-IL=0.2895 task-IL=0.8553
       eval tcga_brca  class-IL=0.8817 task-IL=0.8925
    ── stage 3: tcga_lung
      epoch 1/5 n=774 mean_loss=0.6337
      epoch 2/5 n=774 mean_loss=0.3878
      epoch 3/5 n=774 mean_loss=0.3568
      epoch 4/5 n=774 mean_loss=0.3502
      epoch 5/5 n=774 mean_loss=0.3815
       eval tcga_esca  class-IL=0.6000 task-IL=0.8000
       eval tcga_rcc   class-IL=0.4868 task-IL=0.8684
       eval tcga_brca  class-IL=0.5699 task-IL=0.8495
       eval tcga_lung  class-IL=0.8526 task-IL=0.8842
  ▶ A2 (+ LoRA merge) seed=2
    ── stage 0: tcga_esca
      epoch 1/5 n=120 mean_loss=0.5715
      epoch 2/5 n=120 mean_loss=0.2234
      epoch 3/5 n=120 mean_loss=0.0734
      epoch 4/5 n=120 mean_loss=0.1335
      epoch 5/5 n=120 mean_loss=0.1558
       eval tcga_esca  class-IL=0.8667 task-IL=0.9333
    ── stage 1: tcga_rcc
      epoch 1/5 n=616 mean_loss=0.2741
      epoch 2/5 n=616 mean_loss=0.1788
      epoch 3/5 n=616 mean_loss=0.1599
      epoch 4/5 n=616 mean_loss=0.1701
      epoch 5/5 n=616 mean_loss=0.1450
       eval tcga_esca  class-IL=0.2000 task-IL=0.4667
       eval tcga_rcc   class-IL=0.9474 task-IL=0.9474
    ── stage 2: tcga_brca
      epoch 1/5 n=763 mean_loss=0.4326
      epoch 2/5 n=763 mean_loss=0.3283
      epoch 3/5 n=763 mean_loss=0.3081
      epoch 4/5 n=763 mean_loss=0.3350
      epoch 5/5 n=763 mean_loss=0.3054
       eval tcga_esca  class-IL=0.1333 task-IL=0.5333
       eval tcga_rcc   class-IL=0.1711 task-IL=0.6579
       eval tcga_brca  class-IL=0.9247 task-IL=0.9247
    ── stage 3: tcga_lung
      epoch 1/5 n=774 mean_loss=0.7322
      epoch 2/5 n=774 mean_loss=0.4059
      epoch 3/5 n=774 mean_loss=0.3336
      epoch 4/5 n=774 mean_loss=0.3844
      epoch 5/5 n=774 mean_loss=0.3436
       eval tcga_esca  class-IL=0.2000 task-IL=0.8667
       eval tcga_rcc   class-IL=0.0789 task-IL=0.6447
       eval tcga_brca  class-IL=0.4731 task-IL=0.8387
       eval tcga_lung  class-IL=0.8526 task-IL=0.8632
  ▶ A2 (+ LoRA merge) seed=3
    ── stage 0: tcga_esca
      epoch 1/5 n=120 mean_loss=0.5415
      epoch 2/5 n=120 mean_loss=0.2037
      epoch 3/5 n=120 mean_loss=0.1161
      epoch 4/5 n=120 mean_loss=0.0515
      epoch 5/5 n=120 mean_loss=0.0385
       eval tcga_esca  class-IL=0.8000 task-IL=0.8667
    ── stage 1: tcga_rcc
      epoch 1/5 n=616 mean_loss=0.2885
      epoch 2/5 n=616 mean_loss=0.2034
      epoch 3/5 n=616 mean_loss=0.1877
      epoch 4/5 n=616 mean_loss=0.1586
      epoch 5/5 n=616 mean_loss=0.1331
       eval tcga_esca  class-IL=0.1333 task-IL=0.7333
       eval tcga_rcc   class-IL=0.9211 task-IL=0.9342
    ── stage 2: tcga_brca
      epoch 1/5 n=763 mean_loss=0.3633
      epoch 2/5 n=763 mean_loss=0.3224
      epoch 3/5 n=763 mean_loss=0.2866
      epoch 4/5 n=763 mean_loss=0.3283
      epoch 5/5 n=763 mean_loss=0.3193
       eval tcga_esca  class-IL=0.2000 task-IL=0.8000
       eval tcga_rcc   class-IL=0.6184 task-IL=0.9342
       eval tcga_brca  class-IL=0.8925 task-IL=0.9032
    ── stage 3: tcga_lung
      epoch 1/5 n=774 mean_loss=0.6035
      epoch 2/5 n=774 mean_loss=0.4053
      epoch 3/5 n=774 mean_loss=0.3732
      epoch 4/5 n=774 mean_loss=0.3906
      epoch 5/5 n=774 mean_loss=0.3317
       eval tcga_esca  class-IL=0.1333 task-IL=0.8667
       eval tcga_rcc   class-IL=0.2632 task-IL=0.7632
       eval tcga_brca  class-IL=0.4946 task-IL=0.8495
       eval tcga_lung  class-IL=0.8316 task-IL=0.8421
  ▶ A2 (+ LoRA merge) seed=4
    ── stage 0: tcga_esca
      epoch 1/5 n=120 mean_loss=1.6190
      epoch 2/5 n=120 mean_loss=0.1774
      epoch 3/5 n=120 mean_loss=0.0753
      epoch 4/5 n=120 mean_loss=0.1064
      epoch 5/5 n=120 mean_loss=0.2032
       eval tcga_esca  class-IL=0.8667 task-IL=0.8667
    ── stage 1: tcga_rcc
      epoch 1/5 n=616 mean_loss=0.3923
      epoch 2/5 n=616 mean_loss=0.2153
      epoch 3/5 n=616 mean_loss=0.1683
      epoch 4/5 n=616 mean_loss=0.1930
      epoch 5/5 n=616 mean_loss=0.1875
       eval tcga_esca  class-IL=0.2667 task-IL=0.4667
       eval tcga_rcc   class-IL=0.9605 task-IL=0.9605
    ── stage 2: tcga_brca
      epoch 1/5 n=763 mean_loss=0.5051
      epoch 2/5 n=763 mean_loss=0.3113
      epoch 3/5 n=763 mean_loss=0.3205
      epoch 4/5 n=763 mean_loss=0.3033
      epoch 5/5 n=763 mean_loss=0.2847
       eval tcga_esca  class-IL=0.2000 task-IL=0.8000
       eval tcga_rcc   class-IL=0.4605 task-IL=0.8158
       eval tcga_brca  class-IL=0.8817 task-IL=0.8925
    ── stage 3: tcga_lung
      epoch 1/5 n=774 mean_loss=0.6884
      epoch 2/5 n=774 mean_loss=0.3993
      epoch 3/5 n=774 mean_loss=0.4374
      epoch 4/5 n=774 mean_loss=0.4145
      epoch 5/5 n=774 mean_loss=0.4654
       eval tcga_esca  class-IL=0.2000 task-IL=0.8667
       eval tcga_rcc   class-IL=0.1184 task-IL=0.5658
       eval tcga_brca  class-IL=0.1828 task-IL=0.7527
       eval tcga_lung  class-IL=0.8316 task-IL=0.8316
  ▶ A3 (+ Replay) seed=0
    ── stage 0: tcga_esca
      epoch 1/5 n=120 mean_loss=0.5796
      epoch 2/5 n=120 mean_loss=0.1847
      epoch 3/5 n=120 mean_loss=0.0653
      epoch 4/5 n=120 mean_loss=0.0417
      epoch 5/5 n=120 mean_loss=0.1188
       記憶體 +120 → |M|=120
       eval tcga_esca  class-IL=0.8000 task-IL=0.8667
    ── stage 1: tcga_rcc
      epoch 1/5 n=616 mean_loss=0.6425
      epoch 2/5 n=616 mean_loss=0.4753
      epoch 3/5 n=616 mean_loss=0.3329
      epoch 4/5 n=616 mean_loss=0.2997
      epoch 5/5 n=616 mean_loss=0.2493
       記憶體 +616 → |M|=512
       eval tcga_esca  class-IL=0.8667 task-IL=0.8667
       eval tcga_rcc   class-IL=0.9474 task-IL=0.9605
    ── stage 2: tcga_brca
      epoch 1/5 n=763 mean_loss=1.0652
      epoch 2/5 n=763 mean_loss=0.9826
      epoch 3/5 n=763 mean_loss=0.8288
      epoch 4/5 n=763 mean_loss=0.8529
      epoch 5/5 n=763 mean_loss=0.8269
       記憶體 +763 → |M|=512
       eval tcga_esca  class-IL=0.6667 task-IL=0.8000
       eval tcga_rcc   class-IL=0.9474 task-IL=0.9605
       eval tcga_brca  class-IL=0.8387 task-IL=0.8925
    ── stage 3: tcga_lung
      epoch 1/5 n=774 mean_loss=1.8511
      epoch 2/5 n=774 mean_loss=1.4400
      epoch 3/5 n=774 mean_loss=1.2521
      epoch 4/5 n=774 mean_loss=1.2589
      epoch 5/5 n=774 mean_loss=1.0543
       記憶體 +774 → |M|=512
       eval tcga_esca  class-IL=0.6000 task-IL=0.9333
       eval tcga_rcc   class-IL=0.9079 task-IL=0.9474
       eval tcga_brca  class-IL=0.7634 task-IL=0.8817
       eval tcga_lung  class-IL=0.7789 task-IL=0.8105
  ▶ A3 (+ Replay) seed=1
    ── stage 0: tcga_esca
      epoch 1/5 n=120 mean_loss=0.4838
      epoch 2/5 n=120 mean_loss=0.1656
      epoch 3/5 n=120 mean_loss=0.1271
      epoch 4/5 n=120 mean_loss=0.1091
      epoch 5/5 n=120 mean_loss=0.1208
       記憶體 +120 → |M|=120
       eval tcga_esca  class-IL=0.8667 task-IL=0.9333
    ── stage 1: tcga_rcc
      epoch 1/5 n=616 mean_loss=0.4799
      epoch 2/5 n=616 mean_loss=0.4206
      epoch 3/5 n=616 mean_loss=0.2551
      epoch 4/5 n=616 mean_loss=0.2281
      epoch 5/5 n=616 mean_loss=0.2621
       記憶體 +616 → |M|=512
       eval tcga_esca  class-IL=0.8000 task-IL=0.8667
       eval tcga_rcc   class-IL=0.9342 task-IL=0.9342
    ── stage 2: tcga_brca
      epoch 1/5 n=763 mean_loss=1.0254
      epoch 2/5 n=763 mean_loss=0.7788
      epoch 3/5 n=763 mean_loss=0.9342
      epoch 4/5 n=763 mean_loss=0.7174
      epoch 5/5 n=763 mean_loss=0.7085
       記憶體 +763 → |M|=512
       eval tcga_esca  class-IL=0.8000 task-IL=0.9333
       eval tcga_rcc   class-IL=0.9342 task-IL=0.9474
       eval tcga_brca  class-IL=0.8387 task-IL=0.9032
    ── stage 3: tcga_lung
      epoch 1/5 n=774 mean_loss=1.4575
      epoch 2/5 n=774 mean_loss=1.0604
      epoch 3/5 n=774 mean_loss=1.1641
      epoch 4/5 n=774 mean_loss=1.0980
      epoch 5/5 n=774 mean_loss=1.1258
       記憶體 +774 → |M|=512
       eval tcga_esca  class-IL=0.6000 task-IL=0.8667
       eval tcga_rcc   class-IL=0.8947 task-IL=0.9474
       eval tcga_brca  class-IL=0.8280 task-IL=0.8710
       eval tcga_lung  class-IL=0.8000 task-IL=0.8526
  ▶ A3 (+ Replay) seed=2
    ── stage 0: tcga_esca
      epoch 1/5 n=120 mean_loss=0.5715
      epoch 2/5 n=120 mean_loss=0.2234
      epoch 3/5 n=120 mean_loss=0.0734
      epoch 4/5 n=120 mean_loss=0.1335
      epoch 5/5 n=120 mean_loss=0.1558
       記憶體 +120 → |M|=120
       eval tcga_esca  class-IL=0.8667 task-IL=0.9333
    ── stage 1: tcga_rcc
      epoch 1/5 n=616 mean_loss=0.4876
      epoch 2/5 n=616 mean_loss=0.4813
      epoch 3/5 n=616 mean_loss=0.3544
      epoch 4/5 n=616 mean_loss=0.3063
      epoch 5/5 n=616 mean_loss=0.3104
       記憶體 +616 → |M|=512
       eval tcga_esca  class-IL=0.8000 task-IL=0.9333
       eval tcga_rcc   class-IL=0.9474 task-IL=0.9474
    ── stage 2: tcga_brca
      epoch 1/5 n=763 mean_loss=1.0408
      epoch 2/5 n=763 mean_loss=0.8601
      epoch 3/5 n=763 mean_loss=1.0016
      epoch 4/5 n=763 mean_loss=0.8023
      epoch 5/5 n=763 mean_loss=0.8286
       記憶體 +763 → |M|=512
       eval tcga_esca  class-IL=0.7333 task-IL=0.9333
       eval tcga_rcc   class-IL=0.9342 task-IL=0.9737
       eval tcga_brca  class-IL=0.8280 task-IL=0.8710
    ── stage 3: tcga_lung
      epoch 1/5 n=774 mean_loss=1.6741
      epoch 2/5 n=774 mean_loss=1.2720
      epoch 3/5 n=774 mean_loss=1.0126
      epoch 4/5 n=774 mean_loss=1.0411
      epoch 5/5 n=774 mean_loss=1.0346
       記憶體 +774 → |M|=512
       eval tcga_esca  class-IL=0.6667 task-IL=1.0000
       eval tcga_rcc   class-IL=0.9079 task-IL=0.9342
       eval tcga_brca  class-IL=0.7849 task-IL=0.8817
       eval tcga_lung  class-IL=0.8211 task-IL=0.8737
  ▶ A3 (+ Replay) seed=3
    ── stage 0: tcga_esca
      epoch 1/5 n=120 mean_loss=0.5415
      epoch 2/5 n=120 mean_loss=0.2037
      epoch 3/5 n=120 mean_loss=0.1161
      epoch 4/5 n=120 mean_loss=0.0515
      epoch 5/5 n=120 mean_loss=0.0385
       記憶體 +120 → |M|=120
       eval tcga_esca  class-IL=0.8000 task-IL=0.8667
    ── stage 1: tcga_rcc
      epoch 1/5 n=616 mean_loss=0.5611
      epoch 2/5 n=616 mean_loss=0.4551
      epoch 3/5 n=616 mean_loss=0.3669
      epoch 4/5 n=616 mean_loss=0.3923
      epoch 5/5 n=616 mean_loss=0.2913
       記憶體 +616 → |M|=512
       eval tcga_esca  class-IL=0.8000 task-IL=0.8667
       eval tcga_rcc   class-IL=0.9474 task-IL=0.9474
    ── stage 2: tcga_brca
      epoch 1/5 n=763 mean_loss=1.1446
      epoch 2/5 n=763 mean_loss=0.8689
      epoch 3/5 n=763 mean_loss=0.8562
      epoch 4/5 n=763 mean_loss=0.8501
      epoch 5/5 n=763 mean_loss=0.6785
       記憶體 +763 → |M|=512
       eval tcga_esca  class-IL=0.6667 task-IL=0.8000
       eval tcga_rcc   class-IL=0.8684 task-IL=0.9605
       eval tcga_brca  class-IL=0.8602 task-IL=0.8817
    ── stage 3: tcga_lung
      epoch 1/5 n=774 mean_loss=1.7048
      epoch 2/5 n=774 mean_loss=1.4351
      epoch 3/5 n=774 mean_loss=1.3210
      epoch 4/5 n=774 mean_loss=1.2245
      epoch 5/5 n=774 mean_loss=1.1077
       記憶體 +774 → |M|=512
       eval tcga_esca  class-IL=0.4667 task-IL=0.9333
       eval tcga_rcc   class-IL=0.9342 task-IL=0.9605
       eval tcga_brca  class-IL=0.8280 task-IL=0.8925
       eval tcga_lung  class-IL=0.8211 task-IL=0.8526
  ▶ A3 (+ Replay) seed=4
    ── stage 0: tcga_esca
      epoch 1/5 n=120 mean_loss=1.6190
      epoch 2/5 n=120 mean_loss=0.1774
      epoch 3/5 n=120 mean_loss=0.0753
      epoch 4/5 n=120 mean_loss=0.1064
      epoch 5/5 n=120 mean_loss=0.2032
       記憶體 +120 → |M|=120
       eval tcga_esca  class-IL=0.8667 task-IL=0.8667
    ── stage 1: tcga_rcc
      epoch 1/5 n=616 mean_loss=0.6025
      epoch 2/5 n=616 mean_loss=0.3624
      epoch 3/5 n=616 mean_loss=0.3811
      epoch 4/5 n=616 mean_loss=0.3085
      epoch 5/5 n=616 mean_loss=0.2959
       記憶體 +616 → |M|=512
       eval tcga_esca  class-IL=0.8667 task-IL=0.8667
       eval tcga_rcc   class-IL=0.9342 task-IL=0.9342
    ── stage 2: tcga_brca
      epoch 1/5 n=763 mean_loss=0.9908
      epoch 2/5 n=763 mean_loss=0.9294
      epoch 3/5 n=763 mean_loss=0.8017
      epoch 4/5 n=763 mean_loss=0.7434
      epoch 5/5 n=763 mean_loss=0.7175
       記憶體 +763 → |M|=512
       eval tcga_esca  class-IL=0.8667 task-IL=0.9333
       eval tcga_rcc   class-IL=0.9605 task-IL=0.9605
       eval tcga_brca  class-IL=0.7527 task-IL=0.8387
    ── stage 3: tcga_lung
      epoch 1/5 n=774 mean_loss=1.7783
      epoch 2/5 n=774 mean_loss=1.2262
      epoch 3/5 n=774 mean_loss=1.2903
      epoch 4/5 n=774 mean_loss=1.1648
      epoch 5/5 n=774 mean_loss=0.9921
       記憶體 +774 → |M|=512
       eval tcga_esca  class-IL=0.6000 task-IL=1.0000
       eval tcga_rcc   class-IL=0.9342 task-IL=0.9605
       eval tcga_brca  class-IL=0.8387 task-IL=0.9032
       eval tcga_lung  class-IL=0.7789 task-IL=0.8421
  ▶ A4 (+ Replay + KD) seed=0
    ── stage 0: tcga_esca
      epoch 1/5 n=120 mean_loss=0.5796
      epoch 2/5 n=120 mean_loss=0.1847
      epoch 3/5 n=120 mean_loss=0.0653
      epoch 4/5 n=120 mean_loss=0.0417
      epoch 5/5 n=120 mean_loss=0.1188
       記憶體 +120 → |M|=120
       eval tcga_esca  class-IL=0.8000 task-IL=0.8667
    ── stage 1: tcga_rcc
      epoch 1/5 n=616 mean_loss=0.5869
      epoch 2/5 n=616 mean_loss=0.3698
      epoch 3/5 n=616 mean_loss=0.3728
      epoch 4/5 n=616 mean_loss=0.2938
      epoch 5/5 n=616 mean_loss=0.2546
       記憶體 +616 → |M|=512
       eval tcga_esca  class-IL=0.8667 task-IL=0.9333
       eval tcga_rcc   class-IL=0.9342 task-IL=0.9342
    ── stage 2: tcga_brca
      epoch 1/5 n=763 mean_loss=1.0723
      epoch 2/5 n=763 mean_loss=0.8962
      epoch 3/5 n=763 mean_loss=0.7985
      epoch 4/5 n=763 mean_loss=0.8278
      epoch 5/5 n=763 mean_loss=0.9048
       記憶體 +763 → |M|=512
       eval tcga_esca  class-IL=0.8000 task-IL=0.8667
       eval tcga_rcc   class-IL=0.9605 task-IL=0.9605
       eval tcga_brca  class-IL=0.8710 task-IL=0.9032
    ── stage 3: tcga_lung
      epoch 1/5 n=774 mean_loss=1.6253
      epoch 2/5 n=774 mean_loss=1.2513
      epoch 3/5 n=774 mean_loss=1.0057
      epoch 4/5 n=774 mean_loss=0.9589
      epoch 5/5 n=774 mean_loss=0.9708
       記憶體 +774 → |M|=512
       eval tcga_esca  class-IL=0.5333 task-IL=0.8667
       eval tcga_rcc   class-IL=0.8947 task-IL=0.9605
       eval tcga_brca  class-IL=0.7419 task-IL=0.8817
       eval tcga_lung  class-IL=0.8000 task-IL=0.8211
  ▶ A4 (+ Replay + KD) seed=1
    ── stage 0: tcga_esca
      epoch 1/5 n=120 mean_loss=0.4838
      epoch 2/5 n=120 mean_loss=0.1656
      epoch 3/5 n=120 mean_loss=0.1271
      epoch 4/5 n=120 mean_loss=0.1091
      epoch 5/5 n=120 mean_loss=0.1208
       記憶體 +120 → |M|=120
       eval tcga_esca  class-IL=0.8667 task-IL=0.9333
    ── stage 1: tcga_rcc
      epoch 1/5 n=616 mean_loss=0.5028
      epoch 2/5 n=616 mean_loss=0.3217
      epoch 3/5 n=616 mean_loss=0.3274
      epoch 4/5 n=616 mean_loss=0.2428
      epoch 5/5 n=616 mean_loss=0.4360
       記憶體 +616 → |M|=512
       eval tcga_esca  class-IL=0.8000 task-IL=0.8667
       eval tcga_rcc   class-IL=0.9737 task-IL=0.9737
    ── stage 2: tcga_brca
      epoch 1/5 n=763 mean_loss=0.9777
      epoch 2/5 n=763 mean_loss=0.8283
      epoch 3/5 n=763 mean_loss=0.8322
      epoch 4/5 n=763 mean_loss=0.7146
      epoch 5/5 n=763 mean_loss=0.6757
       記憶體 +763 → |M|=512
       eval tcga_esca  class-IL=0.8000 task-IL=0.9333
       eval tcga_rcc   class-IL=0.9605 task-IL=0.9605
       eval tcga_brca  class-IL=0.8387 task-IL=0.8817
    ── stage 3: tcga_lung
      epoch 1/5 n=774 mean_loss=1.4724
      epoch 2/5 n=774 mean_loss=1.2058
      epoch 3/5 n=774 mean_loss=1.2521
      epoch 4/5 n=774 mean_loss=1.1398
      epoch 5/5 n=774 mean_loss=1.1721
       記憶體 +774 → |M|=512
       eval tcga_esca  class-IL=0.7333 task-IL=0.8000
       eval tcga_rcc   class-IL=0.9342 task-IL=0.9474
       eval tcga_brca  class-IL=0.7957 task-IL=0.8710
       eval tcga_lung  class-IL=0.8421 task-IL=0.8737
  ▶ A4 (+ Replay + KD) seed=2
    ── stage 0: tcga_esca
      epoch 1/5 n=120 mean_loss=0.5715
      epoch 2/5 n=120 mean_loss=0.2234
      epoch 3/5 n=120 mean_loss=0.0734
      epoch 4/5 n=120 mean_loss=0.1335
      epoch 5/5 n=120 mean_loss=0.1558
       記憶體 +120 → |M|=120
       eval tcga_esca  class-IL=0.8667 task-IL=0.9333
    ── stage 1: tcga_rcc
      epoch 1/5 n=616 mean_loss=0.5408
      epoch 2/5 n=616 mean_loss=0.3468
      epoch 3/5 n=616 mean_loss=0.2430
      epoch 4/5 n=616 mean_loss=0.3921
      epoch 5/5 n=616 mean_loss=0.3112
       記憶體 +616 → |M|=512
       eval tcga_esca  class-IL=0.8667 task-IL=0.9333
       eval tcga_rcc   class-IL=0.9342 task-IL=0.9342
    ── stage 2: tcga_brca
      epoch 1/5 n=763 mean_loss=0.9746
      epoch 2/5 n=763 mean_loss=0.8435
      epoch 3/5 n=763 mean_loss=0.7884
      epoch 4/5 n=763 mean_loss=0.7482
      epoch 5/5 n=763 mean_loss=0.6592
       記憶體 +763 → |M|=512
       eval tcga_esca  class-IL=0.5333 task-IL=0.8667
       eval tcga_rcc   class-IL=0.8158 task-IL=0.9474
       eval tcga_brca  class-IL=0.8710 task-IL=0.8925
    ── stage 3: tcga_lung
      epoch 1/5 n=774 mean_loss=1.5533
      epoch 2/5 n=774 mean_loss=1.2173
      epoch 3/5 n=774 mean_loss=0.9102
      epoch 4/5 n=774 mean_loss=1.0847
      epoch 5/5 n=774 mean_loss=1.0311
       記憶體 +774 → |M|=512
       eval tcga_esca  class-IL=0.7333 task-IL=1.0000
       eval tcga_rcc   class-IL=0.8816 task-IL=0.9079
       eval tcga_brca  class-IL=0.7742 task-IL=0.8817
       eval tcga_lung  class-IL=0.8211 task-IL=0.8632
  ▶ A4 (+ Replay + KD) seed=3
    ── stage 0: tcga_esca
      epoch 1/5 n=120 mean_loss=0.5415
      epoch 2/5 n=120 mean_loss=0.2037
      epoch 3/5 n=120 mean_loss=0.1161
      epoch 4/5 n=120 mean_loss=0.0515
      epoch 5/5 n=120 mean_loss=0.0385
       記憶體 +120 → |M|=120
       eval tcga_esca  class-IL=0.8000 task-IL=0.8667
    ── stage 1: tcga_rcc
      epoch 1/5 n=616 mean_loss=0.5787
      epoch 2/5 n=616 mean_loss=0.3577
      epoch 3/5 n=616 mean_loss=0.3195
      epoch 4/5 n=616 mean_loss=0.3585
      epoch 5/5 n=616 mean_loss=0.3094
       記憶體 +616 → |M|=512
       eval tcga_esca  class-IL=0.8667 task-IL=0.9333
       eval tcga_rcc   class-IL=0.9605 task-IL=0.9605
    ── stage 2: tcga_brca
      epoch 1/5 n=763 mean_loss=1.1608
      epoch 2/5 n=763 mean_loss=0.9281
      epoch 3/5 n=763 mean_loss=0.8593
      epoch 4/5 n=763 mean_loss=0.7897
      epoch 5/5 n=763 mean_loss=0.7860
       記憶體 +763 → |M|=512
       eval tcga_esca  class-IL=0.8000 task-IL=0.9333
       eval tcga_rcc   class-IL=0.9342 task-IL=0.9737
       eval tcga_brca  class-IL=0.8710 task-IL=0.8925
    ── stage 3: tcga_lung
      epoch 1/5 n=774 mean_loss=1.6004
      epoch 2/5 n=774 mean_loss=1.3281
      epoch 3/5 n=774 mean_loss=1.0941
      epoch 4/5 n=774 mean_loss=1.1884
      epoch 5/5 n=774 mean_loss=1.1371
       記憶體 +774 → |M|=512
       eval tcga_esca  class-IL=0.5333 task-IL=0.9333
       eval tcga_rcc   class-IL=0.8947 task-IL=0.9474
       eval tcga_brca  class-IL=0.8065 task-IL=0.8925
       eval tcga_lung  class-IL=0.8105 task-IL=0.8316
  ▶ A4 (+ Replay + KD) seed=4
    ── stage 0: tcga_esca
      epoch 1/5 n=120 mean_loss=1.6190
      epoch 2/5 n=120 mean_loss=0.1774
      epoch 3/5 n=120 mean_loss=0.0753
      epoch 4/5 n=120 mean_loss=0.1064
      epoch 5/5 n=120 mean_loss=0.2032
       記憶體 +120 → |M|=120
       eval tcga_esca  class-IL=0.8667 task-IL=0.8667
    ── stage 1: tcga_rcc
      epoch 1/5 n=616 mean_loss=0.5568
      epoch 2/5 n=616 mean_loss=0.4109
      epoch 3/5 n=616 mean_loss=0.3883
      epoch 4/5 n=616 mean_loss=0.3076
      epoch 5/5 n=616 mean_loss=0.2492
       記憶體 +616 → |M|=512
       eval tcga_esca  class-IL=0.8667 task-IL=0.8667
       eval tcga_rcc   class-IL=0.9474 task-IL=0.9474
    ── stage 2: tcga_brca
      epoch 1/5 n=763 mean_loss=1.0968
      epoch 2/5 n=763 mean_loss=0.8542
      epoch 3/5 n=763 mean_loss=0.7655
      epoch 4/5 n=763 mean_loss=0.7693
      epoch 5/5 n=763 mean_loss=0.8541
       記憶體 +763 → |M|=512
       eval tcga_esca  class-IL=0.8000 task-IL=0.9333
       eval tcga_rcc   class-IL=0.9211 task-IL=0.9474
       eval tcga_brca  class-IL=0.8710 task-IL=0.9140
    ── stage 3: tcga_lung
      epoch 1/5 n=774 mean_loss=1.5953
      epoch 2/5 n=774 mean_loss=1.0782
      epoch 3/5 n=774 mean_loss=1.1739
      epoch 4/5 n=774 mean_loss=1.1219
      epoch 5/5 n=774 mean_loss=0.9934
       記憶體 +774 → |M|=512
       eval tcga_esca  class-IL=0.8000 task-IL=0.9333
       eval tcga_rcc   class-IL=0.9211 task-IL=0.9474
       eval tcga_brca  class-IL=0.8602 task-IL=0.9032
       eval tcga_lung  class-IL=0.8316 task-IL=0.8737
  ▶ A5 (Ours (Replay+KD+eq)) seed=0
    ── stage 0: tcga_esca
      epoch 1/5 n=120 mean_loss=0.5796
      epoch 2/5 n=120 mean_loss=0.1847
      epoch 3/5 n=120 mean_loss=0.0653
      epoch 4/5 n=120 mean_loss=0.0417
      epoch 5/5 n=120 mean_loss=0.1188
       記憶體 +120 → |M|=120
       eval tcga_esca  class-IL=0.8000 task-IL=0.8667
    ── stage 1: tcga_rcc
      epoch 1/5 n=616 mean_loss=0.7227
      epoch 2/5 n=616 mean_loss=0.4397
      epoch 3/5 n=616 mean_loss=0.3176
      epoch 4/5 n=616 mean_loss=0.2920
      epoch 5/5 n=616 mean_loss=0.3459
       記憶體 +616 → |M|=512
       eval tcga_esca  class-IL=0.8667 task-IL=0.9333
       eval tcga_rcc   class-IL=0.9211 task-IL=0.9474
    ── stage 2: tcga_brca
      epoch 1/5 n=763 mean_loss=1.2222
      epoch 2/5 n=763 mean_loss=1.1433
      epoch 3/5 n=763 mean_loss=0.9104
      epoch 4/5 n=763 mean_loss=1.0326
      epoch 5/5 n=763 mean_loss=0.9722
       記憶體 +763 → |M|=512
       eval tcga_esca  class-IL=0.8000 task-IL=0.8667
       eval tcga_rcc   class-IL=0.9474 task-IL=0.9605
       eval tcga_brca  class-IL=0.7957 task-IL=0.8710
    ── stage 3: tcga_lung
      epoch 1/5 n=774 mean_loss=2.1502
      epoch 2/5 n=774 mean_loss=1.6845
      epoch 3/5 n=774 mean_loss=1.4185
      epoch 4/5 n=774 mean_loss=1.4094
      epoch 5/5 n=774 mean_loss=1.4619
       記憶體 +774 → |M|=512
       eval tcga_esca  class-IL=0.6667 task-IL=1.0000
       eval tcga_rcc   class-IL=0.9079 task-IL=0.9605
       eval tcga_brca  class-IL=0.8065 task-IL=0.9247
       eval tcga_lung  class-IL=0.8105 task-IL=0.8421
  ▶ A5 (Ours (Replay+KD+eq)) seed=1
    ── stage 0: tcga_esca
      epoch 1/5 n=120 mean_loss=0.4838
      epoch 2/5 n=120 mean_loss=0.1656
      epoch 3/5 n=120 mean_loss=0.1271
      epoch 4/5 n=120 mean_loss=0.1091
      epoch 5/5 n=120 mean_loss=0.1208
       記憶體 +120 → |M|=120
       eval tcga_esca  class-IL=0.8667 task-IL=0.9333
    ── stage 1: tcga_rcc
      epoch 1/5 n=616 mean_loss=0.5541
      epoch 2/5 n=616 mean_loss=0.3550
      epoch 3/5 n=616 mean_loss=0.3300
      epoch 4/5 n=616 mean_loss=0.2779
      epoch 5/5 n=616 mean_loss=0.4621
       記憶體 +616 → |M|=512
       eval tcga_esca  class-IL=0.8667 task-IL=0.9333
       eval tcga_rcc   class-IL=0.9605 task-IL=0.9605
    ── stage 2: tcga_brca
      epoch 1/5 n=763 mean_loss=1.2547
      epoch 2/5 n=763 mean_loss=0.9447
      epoch 3/5 n=763 mean_loss=0.9679
      epoch 4/5 n=763 mean_loss=0.8992
      epoch 5/5 n=763 mean_loss=0.9295
       記憶體 +763 → |M|=512
       eval tcga_esca  class-IL=0.8667 task-IL=0.9333
       eval tcga_rcc   class-IL=0.9474 task-IL=0.9474
       eval tcga_brca  class-IL=0.8065 task-IL=0.8925
    ── stage 3: tcga_lung
      epoch 1/5 n=774 mean_loss=1.7599
      epoch 2/5 n=774 mean_loss=1.3980
      epoch 3/5 n=774 mean_loss=1.6520
      epoch 4/5 n=774 mean_loss=1.3293
      epoch 5/5 n=774 mean_loss=1.5453
       記憶體 +774 → |M|=512
       eval tcga_esca  class-IL=0.6000 task-IL=0.8667
       eval tcga_rcc   class-IL=0.9211 task-IL=0.9474
       eval tcga_brca  class-IL=0.8710 task-IL=0.9247
       eval tcga_lung  class-IL=0.8000 task-IL=0.8316
  ▶ A5 (Ours (Replay+KD+eq)) seed=2
    ── stage 0: tcga_esca
      epoch 1/5 n=120 mean_loss=0.5715
      epoch 2/5 n=120 mean_loss=0.2234
      epoch 3/5 n=120 mean_loss=0.0734
      epoch 4/5 n=120 mean_loss=0.1335
      epoch 5/5 n=120 mean_loss=0.1558
       記憶體 +120 → |M|=120
       eval tcga_esca  class-IL=0.8667 task-IL=0.9333
    ── stage 1: tcga_rcc
      epoch 1/5 n=616 mean_loss=0.5300
      epoch 2/5 n=616 mean_loss=0.3479
      epoch 3/5 n=616 mean_loss=0.3540
      epoch 4/5 n=616 mean_loss=0.3722
      epoch 5/5 n=616 mean_loss=0.3493
       記憶體 +616 → |M|=512
       eval tcga_esca  class-IL=0.8667 task-IL=0.9333
       eval tcga_rcc   class-IL=0.9605 task-IL=0.9605
    ── stage 2: tcga_brca
      epoch 1/5 n=763 mean_loss=1.2122
      epoch 2/5 n=763 mean_loss=0.9512
      epoch 3/5 n=763 mean_loss=0.9698
      epoch 4/5 n=763 mean_loss=0.7893
      epoch 5/5 n=763 mean_loss=0.9498
       記憶體 +763 → |M|=512
       eval tcga_esca  class-IL=0.6667 task-IL=0.9333
       eval tcga_rcc   class-IL=0.9211 task-IL=0.9342
       eval tcga_brca  class-IL=0.8065 task-IL=0.8387
    ── stage 3: tcga_lung
      epoch 1/5 n=774 mean_loss=2.0676
      epoch 2/5 n=774 mean_loss=1.8318
      epoch 3/5 n=774 mean_loss=1.3481
      epoch 4/5 n=774 mean_loss=1.3444
      epoch 5/5 n=774 mean_loss=1.3125
       記憶體 +774 → |M|=512
       eval tcga_esca  class-IL=0.8000 task-IL=1.0000
       eval tcga_rcc   class-IL=0.9079 task-IL=0.9342
       eval tcga_brca  class-IL=0.8495 task-IL=0.8817
       eval tcga_lung  class-IL=0.7895 task-IL=0.8526
  ▶ A5 (Ours (Replay+KD+eq)) seed=3
    ── stage 0: tcga_esca
      epoch 1/5 n=120 mean_loss=0.5415
      epoch 2/5 n=120 mean_loss=0.2037
      epoch 3/5 n=120 mean_loss=0.1161
      epoch 4/5 n=120 mean_loss=0.0515
      epoch 5/5 n=120 mean_loss=0.0385
       記憶體 +120 → |M|=120
       eval tcga_esca  class-IL=0.8000 task-IL=0.8667
    ── stage 1: tcga_rcc
      epoch 1/5 n=616 mean_loss=0.5702
      epoch 2/5 n=616 mean_loss=0.4001
      epoch 3/5 n=616 mean_loss=0.3172
      epoch 4/5 n=616 mean_loss=0.3436
      epoch 5/5 n=616 mean_loss=0.4424
       記憶體 +616 → |M|=512
       eval tcga_esca  class-IL=0.8000 task-IL=0.8667
       eval tcga_rcc   class-IL=0.9342 task-IL=0.9342
    ── stage 2: tcga_brca
      epoch 1/5 n=763 mean_loss=1.2859
      epoch 2/5 n=763 mean_loss=1.0525
      epoch 3/5 n=763 mean_loss=1.1282
      epoch 4/5 n=763 mean_loss=0.9602
      epoch 5/5 n=763 mean_loss=1.0373
       記憶體 +763 → |M|=512
       eval tcga_esca  class-IL=0.8000 task-IL=0.9333
       eval tcga_rcc   class-IL=0.9079 task-IL=0.9211
       eval tcga_brca  class-IL=0.8602 task-IL=0.9032
    ── stage 3: tcga_lung
      epoch 1/5 n=774 mean_loss=1.8590
      epoch 2/5 n=774 mean_loss=1.6721
      epoch 3/5 n=774 mean_loss=1.3397
      epoch 4/5 n=774 mean_loss=1.5378
      epoch 5/5 n=774 mean_loss=1.2153
       記憶體 +774 → |M|=512
       eval tcga_esca  class-IL=0.7333 task-IL=1.0000
       eval tcga_rcc   class-IL=0.8816 task-IL=0.9211
       eval tcga_brca  class-IL=0.8495 task-IL=0.9032
       eval tcga_lung  class-IL=0.8211 task-IL=0.8421
  ▶ A5 (Ours (Replay+KD+eq)) seed=4
    ── stage 0: tcga_esca
      epoch 1/5 n=120 mean_loss=1.6190
      epoch 2/5 n=120 mean_loss=0.1774
      epoch 3/5 n=120 mean_loss=0.0753
      epoch 4/5 n=120 mean_loss=0.1064
      epoch 5/5 n=120 mean_loss=0.2032
       記憶體 +120 → |M|=120
       eval tcga_esca  class-IL=0.8667 task-IL=0.8667
    ── stage 1: tcga_rcc
      epoch 1/5 n=616 mean_loss=0.6927
      epoch 2/5 n=616 mean_loss=0.4234
      epoch 3/5 n=616 mean_loss=0.5127
      epoch 4/5 n=616 mean_loss=0.3914
      epoch 5/5 n=616 mean_loss=0.3186
       記憶體 +616 → |M|=512
       eval tcga_esca  class-IL=0.8667 task-IL=0.8667
       eval tcga_rcc   class-IL=0.9474 task-IL=0.9474
    ── stage 2: tcga_brca
      epoch 1/5 n=763 mean_loss=1.2337
      epoch 2/5 n=763 mean_loss=1.1158
      epoch 3/5 n=763 mean_loss=0.7971
      epoch 4/5 n=763 mean_loss=0.8225
      epoch 5/5 n=763 mean_loss=0.9413
       記憶體 +763 → |M|=512
       eval tcga_esca  class-IL=0.8000 task-IL=0.8667
       eval tcga_rcc   class-IL=0.9342 task-IL=0.9474
       eval tcga_brca  class-IL=0.8280 task-IL=0.9140
    ── stage 3: tcga_lung
      epoch 1/5 n=774 mean_loss=2.0388
      epoch 2/5 n=774 mean_loss=1.6368
      epoch 3/5 n=774 mean_loss=1.5278
      epoch 4/5 n=774 mean_loss=1.4762
      epoch 5/5 n=774 mean_loss=1.1568
       記憶體 +774 → |M|=512
       eval tcga_esca  class-IL=0.8667 task-IL=0.9333
       eval tcga_rcc   class-IL=0.9342 task-IL=0.9605
       eval tcga_brca  class-IL=0.8710 task-IL=0.9247
       eval tcga_lung  class-IL=0.7895 task-IL=0.8421
  ▶ R1 (per-task oracle) seed=0
      epoch 1/5 n=120 mean_loss=0.8902
      epoch 2/5 n=120 mean_loss=0.4363
      epoch 3/5 n=120 mean_loss=0.1274
      epoch 4/5 n=120 mean_loss=0.2249
      epoch 5/5 n=120 mean_loss=0.2028
      epoch 1/5 n=616 mean_loss=0.4179
      epoch 2/5 n=616 mean_loss=0.2908
      epoch 3/5 n=616 mean_loss=0.2869
      epoch 4/5 n=616 mean_loss=0.2955
      epoch 5/5 n=616 mean_loss=0.2628
      epoch 1/5 n=763 mean_loss=0.5078
      epoch 2/5 n=763 mean_loss=0.3615
      epoch 3/5 n=763 mean_loss=0.3794
      epoch 4/5 n=763 mean_loss=0.3703
      epoch 5/5 n=763 mean_loss=0.3323
      epoch 1/5 n=774 mean_loss=0.6826
      epoch 2/5 n=774 mean_loss=0.4393
      epoch 3/5 n=774 mean_loss=0.4334
      epoch 4/5 n=774 mean_loss=0.3095
      epoch 5/5 n=774 mean_loss=0.2755
  ▶ R1 (per-task oracle) seed=1
      epoch 1/5 n=120 mean_loss=0.3498
      epoch 2/5 n=120 mean_loss=0.2847
      epoch 3/5 n=120 mean_loss=0.2418
      epoch 4/5 n=120 mean_loss=0.1413
      epoch 5/5 n=120 mean_loss=0.0573
      epoch 1/5 n=616 mean_loss=0.3201
      epoch 2/5 n=616 mean_loss=0.1948
      epoch 3/5 n=616 mean_loss=0.3302
      epoch 4/5 n=616 mean_loss=0.2851
      epoch 5/5 n=616 mean_loss=0.2103
      epoch 1/5 n=763 mean_loss=0.4291
      epoch 2/5 n=763 mean_loss=0.3707
      epoch 3/5 n=763 mean_loss=0.3976
      epoch 4/5 n=763 mean_loss=0.3212
      epoch 5/5 n=763 mean_loss=0.4452
      epoch 1/5 n=774 mean_loss=0.5786
      epoch 2/5 n=774 mean_loss=0.5359
      epoch 3/5 n=774 mean_loss=0.4856
      epoch 4/5 n=774 mean_loss=0.3551
      epoch 5/5 n=774 mean_loss=0.2731
  ▶ R1 (per-task oracle) seed=2
      epoch 1/5 n=120 mean_loss=0.3555
      epoch 2/5 n=120 mean_loss=0.3999
      epoch 3/5 n=120 mean_loss=0.2306
      epoch 4/5 n=120 mean_loss=0.2507
      epoch 5/5 n=120 mean_loss=0.3037
      epoch 1/5 n=616 mean_loss=0.4718
      epoch 2/5 n=616 mean_loss=0.2463
      epoch 3/5 n=616 mean_loss=0.3552
      epoch 4/5 n=616 mean_loss=0.3552
      epoch 5/5 n=616 mean_loss=0.2851
      epoch 1/5 n=763 mean_loss=0.4264
      epoch 2/5 n=763 mean_loss=0.4101
      epoch 3/5 n=763 mean_loss=0.3486
      epoch 4/5 n=763 mean_loss=0.3046
      epoch 5/5 n=763 mean_loss=0.3619
      epoch 1/5 n=774 mean_loss=0.6618
      epoch 2/5 n=774 mean_loss=0.4470
      epoch 3/5 n=774 mean_loss=0.3654
      epoch 4/5 n=774 mean_loss=0.3300
      epoch 5/5 n=774 mean_loss=0.3849
  ▶ R1 (per-task oracle) seed=3
      epoch 1/5 n=120 mean_loss=0.6486
      epoch 2/5 n=120 mean_loss=0.2774
      epoch 3/5 n=120 mean_loss=0.4278
      epoch 4/5 n=120 mean_loss=0.4748
      epoch 5/5 n=120 mean_loss=0.1548
      epoch 1/5 n=616 mean_loss=0.2971
      epoch 2/5 n=616 mean_loss=0.2289
      epoch 3/5 n=616 mean_loss=0.3083
      epoch 4/5 n=616 mean_loss=0.2716
      epoch 5/5 n=616 mean_loss=0.2654
      epoch 1/5 n=763 mean_loss=0.4160
      epoch 2/5 n=763 mean_loss=0.3556
      epoch 3/5 n=763 mean_loss=0.3921
      epoch 4/5 n=763 mean_loss=0.3890
      epoch 5/5 n=763 mean_loss=0.3133
      epoch 1/5 n=774 mean_loss=0.7689
      epoch 2/5 n=774 mean_loss=0.4772
      epoch 3/5 n=774 mean_loss=0.4298
      epoch 4/5 n=774 mean_loss=0.3387
      epoch 5/5 n=774 mean_loss=0.3561
  ▶ R1 (per-task oracle) seed=4
      epoch 1/5 n=120 mean_loss=0.6396
      epoch 2/5 n=120 mean_loss=0.3580
      epoch 3/5 n=120 mean_loss=0.2797
      epoch 4/5 n=120 mean_loss=0.0627
      epoch 5/5 n=120 mean_loss=0.0655
      epoch 1/5 n=616 mean_loss=0.3589
      epoch 2/5 n=616 mean_loss=0.3141
      epoch 3/5 n=616 mean_loss=0.3769
      epoch 4/5 n=616 mean_loss=0.2963
      epoch 5/5 n=616 mean_loss=0.2791
      epoch 1/5 n=763 mean_loss=0.4783
      epoch 2/5 n=763 mean_loss=0.3486
      epoch 3/5 n=763 mean_loss=0.4009
      epoch 4/5 n=763 mean_loss=0.3017
      epoch 5/5 n=763 mean_loss=0.3361
      epoch 1/5 n=774 mean_loss=0.5299
      epoch 2/5 n=774 mean_loss=0.4258
      epoch 3/5 n=774 mean_loss=0.4959
      epoch 4/5 n=774 mean_loss=0.3696
      epoch 5/5 n=774 mean_loss=0.3437
  ▶ R2 (joint offline reference) seed=0
      epoch 1/5 n=2273 mean_loss=0.9490
      epoch 2/5 n=2273 mean_loss=0.8507
      epoch 3/5 n=2273 mean_loss=0.7334
      epoch 4/5 n=2273 mean_loss=0.7030
      epoch 5/5 n=2273 mean_loss=0.7141
  ▶ R2 (joint offline reference) seed=1
      epoch 1/5 n=2273 mean_loss=1.0074
      epoch 2/5 n=2273 mean_loss=0.7902
      epoch 3/5 n=2273 mean_loss=0.7003
      epoch 4/5 n=2273 mean_loss=0.9247
      epoch 5/5 n=2273 mean_loss=0.7888
  ▶ R2 (joint offline reference) seed=2
      epoch 1/5 n=2273 mean_loss=0.8792
      epoch 2/5 n=2273 mean_loss=0.9458
      epoch 3/5 n=2273 mean_loss=0.7790
      epoch 4/5 n=2273 mean_loss=0.7804
      epoch 5/5 n=2273 mean_loss=0.7570
  ▶ R2 (joint offline reference) seed=3
      epoch 1/5 n=2273 mean_loss=0.9914
      epoch 2/5 n=2273 mean_loss=1.1114
      epoch 3/5 n=2273 mean_loss=0.7007
      epoch 4/5 n=2273 mean_loss=0.7468
      epoch 5/5 n=2273 mean_loss=0.7667
  ▶ R2 (joint offline reference) seed=4
      epoch 1/5 n=2273 mean_loss=1.0480
      epoch 2/5 n=2273 mean_loss=0.9483
      epoch 3/5 n=2273 mean_loss=0.7056
      epoch 4/5 n=2273 mean_loss=0.7626
      epoch 5/5 n=2273 mean_loss=0.7970

→ /Users/aaron/research/02_pathselect/outputs/exp2/main/EXP2.md
