[freeze] pipeline 啟動 HEAD=26c0e74 run_exp2=ed6a258 rounds=8d7eaa9
[status] pipeline: running stage=0/4 啟動
[heartbeat] 2026-08-24T07:09:35+08:00 stage=1/4 G1'-b：noGroupKD（階層版，5 seeds）
[status] pipeline: running stage=1/4 G1'-b：noGroupKD（階層版，5 seeds）
Exp2  arms=['A5nG']  order=reverse  seeds=[0, 1, 2, 3, 4]  B=8 c=1 epochs=5 arch=hier alloc=per_budget prior=discriminative beta_u=0.1 replay_k=1 λ=(1.0,1.0,1.0)
  ▶ A5nG (Ours − group-KD（只留 patch 蒸餾）) seed=0
    ── stage 0: tcga_esca
      epoch 1/5 n=120 mean_loss=0.3509
      epoch 2/5 n=120 mean_loss=0.0899
      epoch 3/5 n=120 mean_loss=0.0522
      epoch 4/5 n=120 mean_loss=0.1973
      epoch 5/5 n=120 mean_loss=0.1129
       記憶體 +120 → |M|=120
       eval tcga_esca  class-IL=0.8667 task-IL=0.8667
    ── stage 1: tcga_rcc
      epoch 1/5 n=616 mean_loss=0.6750
      epoch 2/5 n=616 mean_loss=0.3846
      epoch 3/5 n=616 mean_loss=0.4309
      epoch 4/5 n=616 mean_loss=0.4468
      epoch 5/5 n=616 mean_loss=0.3010
       記憶體 +616 → |M|=512
       eval tcga_esca  class-IL=0.8000 task-IL=0.8667
       eval tcga_rcc   class-IL=0.9737 task-IL=0.9737
    ── stage 2: tcga_brca
      epoch 1/5 n=763 mean_loss=1.2274
      epoch 2/5 n=763 mean_loss=1.0648
      epoch 3/5 n=763 mean_loss=0.8269
      epoch 4/5 n=763 mean_loss=0.7915
      epoch 5/5 n=763 mean_loss=0.8058
       記憶體 +763 → |M|=512
       eval tcga_esca  class-IL=0.7333 task-IL=0.8000
       eval tcga_rcc   class-IL=0.9474 task-IL=0.9605
       eval tcga_brca  class-IL=0.8280 task-IL=0.9032
    ── stage 3: tcga_lung
