[freeze] 啟動 HEAD=d588ef5 run_exp2=ed6a258 rounds=8d7eaa9
[heartbeat] 2026-08-24T16:59:20+08:00 stage=1/1 E1 階層版（方案 A，40 輪）
[status] pipeline_stage4: running stage=1/1 E1 階層版 40 輪
===== |M| = 64 =====
Exp2  arms=['A3', 'A5']  order=reverse  seeds=[0, 1, 2, 3, 4]  B=8 c=1 epochs=5 arch=hier alloc=per_budget prior=discriminative beta_u=0.1 replay_k=1 λ=(1.0,1.0,1.0)
  ▶ A3 (+ Replay) seed=0
    ── stage 0: tcga_esca
      epoch 1/5 n=120 mean_loss=0.3509
      epoch 2/5 n=120 mean_loss=0.0899
      epoch 3/5 n=120 mean_loss=0.0522
      epoch 4/5 n=120 mean_loss=0.1973
      epoch 5/5 n=120 mean_loss=0.1129
       記憶體 +120 → |M|=64
       eval tcga_esca  class-IL=0.8667 task-IL=0.8667
    ── stage 1: tcga_rcc
      epoch 1/5 n=616 mean_loss=0.5235
      epoch 2/5 n=616 mean_loss=0.3019
      epoch 3/5 n=616 mean_loss=0.3099
      epoch 4/5 n=616 mean_loss=0.2838
      epoch 5/5 n=616 mean_loss=0.2140
       記憶體 +616 → |M|=64
       eval tcga_esca  class-IL=0.8667 task-IL=0.9333
       eval tcga_rcc   class-IL=0.9605 task-IL=0.9605
    ── stage 2: tcga_brca
      epoch 1/5 n=763 mean_loss=1.1394
      epoch 2/5 n=763 mean_loss=0.7425
      epoch 3/5 n=763 mean_loss=0.6706
      epoch 4/5 n=763 mean_loss=0.5264
      epoch 5/5 n=763 mean_loss=0.7720
       記憶體 +763 → |M|=64
       eval tcga_esca  class-IL=0.4000 task-IL=0.8000
       eval tcga_rcc   class-IL=0.8289 task-IL=0.8684
       eval tcga_brca  class-IL=0.8065 task-IL=0.8495
    ── stage 3: tcga_lung
      epoch 1/5 n=774 mean_loss=1.4006
      epoch 2/5 n=774 mean_loss=1.0199
      epoch 3/5 n=774 mean_loss=0.8934
      epoch 4/5 n=774 mean_loss=0.7648
      epoch 5/5 n=774 mean_loss=0.8046
       記憶體 +774 → |M|=64
       eval tcga_esca  class-IL=0.4000 task-IL=0.8667
       eval tcga_rcc   class-IL=0.9079 task-IL=0.9342
       eval tcga_brca  class-IL=0.6667 task-IL=0.8495
       eval tcga_lung  class-IL=0.7263 task-IL=0.7579
  ▶ A3 (+ Replay) seed=1
    ── stage 0: tcga_esca
      epoch 1/5 n=120 mean_loss=0.4888
      epoch 2/5 n=120 mean_loss=0.0759
      epoch 3/5 n=120 mean_loss=0.0849
      epoch 4/5 n=120 mean_loss=0.0955
      epoch 5/5 n=120 mean_loss=0.0572
       記憶體 +120 → |M|=64
       eval tcga_esca  class-IL=0.9333 task-IL=0.9333
    ── stage 1: tcga_rcc
      epoch 1/5 n=616 mean_loss=0.5746
      epoch 2/5 n=616 mean_loss=0.2930
      epoch 3/5 n=616 mean_loss=0.2525
      epoch 4/5 n=616 mean_loss=0.2997
      epoch 5/5 n=616 mean_loss=0.2677
       記憶體 +616 → |M|=64
       eval tcga_esca  class-IL=0.8667 task-IL=0.9333
       eval tcga_rcc   class-IL=0.9474 task-IL=0.9474
    ── stage 2: tcga_brca
      epoch 1/5 n=763 mean_loss=0.9900
      epoch 2/5 n=763 mean_loss=0.7866
      epoch 3/5 n=763 mean_loss=0.7738
      epoch 4/5 n=763 mean_loss=0.6205
      epoch 5/5 n=763 mean_loss=0.5602
       記憶體 +763 → |M|=64
       eval tcga_esca  class-IL=0.4000 task-IL=0.6667
       eval tcga_rcc   class-IL=0.8816 task-IL=0.9211
       eval tcga_brca  class-IL=0.7849 task-IL=0.8387
    ── stage 3: tcga_lung
      epoch 1/5 n=774 mean_loss=1.7153
      epoch 2/5 n=774 mean_loss=1.2063
      epoch 3/5 n=774 mean_loss=1.2870
      epoch 4/5 n=774 mean_loss=3.0465
      epoch 5/5 n=774 mean_loss=1.9941
       記憶體 +774 → |M|=64
       eval tcga_esca  class-IL=0.6000 task-IL=0.8667
       eval tcga_rcc   class-IL=0.7763 task-IL=0.8553
       eval tcga_brca  class-IL=0.5699 task-IL=0.7097
       eval tcga_lung  class-IL=0.6526 task-IL=0.7053
  ▶ A3 (+ Replay) seed=2
    ── stage 0: tcga_esca
      epoch 1/5 n=120 mean_loss=0.3720
      epoch 2/5 n=120 mean_loss=0.0975
      epoch 3/5 n=120 mean_loss=0.0893
      epoch 4/5 n=120 mean_loss=0.0886
      epoch 5/5 n=120 mean_loss=0.0645
       記憶體 +120 → |M|=64
       eval tcga_esca  class-IL=0.8667 task-IL=0.8667
    ── stage 1: tcga_rcc
      epoch 1/5 n=616 mean_loss=0.5040
      epoch 2/5 n=616 mean_loss=0.3062
      epoch 3/5 n=616 mean_loss=0.3295
      epoch 4/5 n=616 mean_loss=0.2139
      epoch 5/5 n=616 mean_loss=0.2437
       記憶體 +616 → |M|=64
       eval tcga_esca  class-IL=0.8000 task-IL=0.8667
       eval tcga_rcc   class-IL=0.9605 task-IL=0.9605
    ── stage 2: tcga_brca
      epoch 1/5 n=763 mean_loss=1.0975
      epoch 2/5 n=763 mean_loss=0.7500
      epoch 3/5 n=763 mean_loss=0.6123
      epoch 4/5 n=763 mean_loss=0.6733
      epoch 5/5 n=763 mean_loss=0.6723
       記憶體 +763 → |M|=64
       eval tcga_esca  class-IL=0.4667 task-IL=0.8667
       eval tcga_rcc   class-IL=0.8947 task-IL=0.9342
       eval tcga_brca  class-IL=0.8602 task-IL=0.8925
    ── stage 3: tcga_lung
      epoch 1/5 n=774 mean_loss=1.8557
      epoch 2/5 n=774 mean_loss=1.2269
      epoch 3/5 n=774 mean_loss=0.8838
      epoch 4/5 n=774 mean_loss=0.8169
      epoch 5/5 n=774 mean_loss=0.8156
       記憶體 +774 → |M|=64
       eval tcga_esca  class-IL=0.3333 task-IL=0.8000
       eval tcga_rcc   class-IL=0.9079 task-IL=0.9342
       eval tcga_brca  class-IL=0.6559 task-IL=0.8280
       eval tcga_lung  class-IL=0.7789 task-IL=0.8000
  ▶ A3 (+ Replay) seed=3
    ── stage 0: tcga_esca
      epoch 1/5 n=120 mean_loss=0.5771
      epoch 2/5 n=120 mean_loss=0.1261
      epoch 3/5 n=120 mean_loss=0.0583
      epoch 4/5 n=120 mean_loss=0.0367
      epoch 5/5 n=120 mean_loss=0.0274
       記憶體 +120 → |M|=64
       eval tcga_esca  class-IL=0.8667 task-IL=0.8667
    ── stage 1: tcga_rcc
      epoch 1/5 n=616 mean_loss=0.5102
      epoch 2/5 n=616 mean_loss=0.3483
      epoch 3/5 n=616 mean_loss=0.3583
      epoch 4/5 n=616 mean_loss=0.2583
      epoch 5/5 n=616 mean_loss=0.2884
       記憶體 +616 → |M|=64
       eval tcga_esca  class-IL=0.8667 task-IL=0.9333
       eval tcga_rcc   class-IL=0.9342 task-IL=0.9605
    ── stage 2: tcga_brca
      epoch 1/5 n=763 mean_loss=1.3099
      epoch 2/5 n=763 mean_loss=0.9685
      epoch 3/5 n=763 mean_loss=0.8504
      epoch 4/5 n=763 mean_loss=0.6977
      epoch 5/5 n=763 mean_loss=1.0307
       記憶體 +763 → |M|=64
       eval tcga_esca  class-IL=0.3333 task-IL=0.8000
       eval tcga_rcc   class-IL=0.9211 task-IL=0.9342
       eval tcga_brca  class-IL=0.8172 task-IL=0.8710
    ── stage 3: tcga_lung
      epoch 1/5 n=774 mean_loss=1.6776
      epoch 2/5 n=774 mean_loss=1.1009
      epoch 3/5 n=774 mean_loss=0.8259
      epoch 4/5 n=774 mean_loss=0.7499
      epoch 5/5 n=774 mean_loss=0.6312
       記憶體 +774 → |M|=64
       eval tcga_esca  class-IL=0.4667 task-IL=0.8667
       eval tcga_rcc   class-IL=0.8816 task-IL=0.9342
       eval tcga_brca  class-IL=0.6774 task-IL=0.8387
       eval tcga_lung  class-IL=0.8526 task-IL=0.8526
  ▶ A3 (+ Replay) seed=4
    ── stage 0: tcga_esca
      epoch 1/5 n=120 mean_loss=1.0300
      epoch 2/5 n=120 mean_loss=0.1011
      epoch 3/5 n=120 mean_loss=0.1336
      epoch 4/5 n=120 mean_loss=0.0586
      epoch 5/5 n=120 mean_loss=0.0385
       記憶體 +120 → |M|=64
       eval tcga_esca  class-IL=0.8667 task-IL=0.8667
    ── stage 1: tcga_rcc
      epoch 1/5 n=616 mean_loss=0.5077
      epoch 2/5 n=616 mean_loss=0.3087
      epoch 3/5 n=616 mean_loss=0.3181
      epoch 4/5 n=616 mean_loss=0.2925
      epoch 5/5 n=616 mean_loss=0.2545
       記憶體 +616 → |M|=64
       eval tcga_esca  class-IL=0.8667 task-IL=0.8667
       eval tcga_rcc   class-IL=0.9474 task-IL=0.9474
    ── stage 2: tcga_brca
      epoch 1/5 n=763 mean_loss=1.2885
      epoch 2/5 n=763 mean_loss=0.9111
      epoch 3/5 n=763 mean_loss=0.5988
      epoch 4/5 n=763 mean_loss=0.4626
      epoch 5/5 n=763 mean_loss=0.5196
       記憶體 +763 → |M|=64
       eval tcga_esca  class-IL=0.6000 task-IL=0.8000
       eval tcga_rcc   class-IL=0.8553 task-IL=0.8816
       eval tcga_brca  class-IL=0.8925 task-IL=0.9032
    ── stage 3: tcga_lung
      epoch 1/5 n=774 mean_loss=1.4788
      epoch 2/5 n=774 mean_loss=1.0927
      epoch 3/5 n=774 mean_loss=0.8720
      epoch 4/5 n=774 mean_loss=0.7957
      epoch 5/5 n=774 mean_loss=0.8127
       記憶體 +774 → |M|=64
       eval tcga_esca  class-IL=0.6667 task-IL=0.8667
       eval tcga_rcc   class-IL=0.8684 task-IL=0.8947
       eval tcga_brca  class-IL=0.6452 task-IL=0.7634
       eval tcga_lung  class-IL=0.7895 task-IL=0.8421
  ▶ A5 (Ours (Replay+KD+eq)) seed=0
    ── stage 0: tcga_esca
      epoch 1/5 n=120 mean_loss=0.3509
      epoch 2/5 n=120 mean_loss=0.0899
      epoch 3/5 n=120 mean_loss=0.0522
      epoch 4/5 n=120 mean_loss=0.1973
      epoch 5/5 n=120 mean_loss=0.1129
       記憶體 +120 → |M|=64
       eval tcga_esca  class-IL=0.8667 task-IL=0.8667
    ── stage 1: tcga_rcc
      epoch 1/5 n=616 mean_loss=0.5476
      epoch 2/5 n=616 mean_loss=0.4568
      epoch 3/5 n=616 mean_loss=0.3312
      epoch 4/5 n=616 mean_loss=0.4391
      epoch 5/5 n=616 mean_loss=0.4796
       記憶體 +616 → |M|=64
       eval tcga_esca  class-IL=0.8667 task-IL=0.9333
       eval tcga_rcc   class-IL=0.9474 task-IL=0.9474
    ── stage 2: tcga_brca
      epoch 1/5 n=763 mean_loss=1.2870
      epoch 2/5 n=763 mean_loss=0.7888
      epoch 3/5 n=763 mean_loss=0.6246
      epoch 4/5 n=763 mean_loss=0.6138
      epoch 5/5 n=763 mean_loss=0.4622
       記憶體 +763 → |M|=64
       eval tcga_esca  class-IL=0.4667 task-IL=0.8000
       eval tcga_rcc   class-IL=0.9079 task-IL=0.9474
       eval tcga_brca  class-IL=0.9140 task-IL=0.9247
    ── stage 3: tcga_lung
      epoch 1/5 n=774 mean_loss=1.5321
      epoch 2/5 n=774 mean_loss=1.0449
      epoch 3/5 n=774 mean_loss=0.8755
      epoch 4/5 n=774 mean_loss=0.8712
      epoch 5/5 n=774 mean_loss=0.7642
       記憶體 +774 → |M|=64
       eval tcga_esca  class-IL=0.6667 task-IL=0.9333
       eval tcga_rcc   class-IL=0.9079 task-IL=0.9342
       eval tcga_brca  class-IL=0.7527 task-IL=0.8602
       eval tcga_lung  class-IL=0.7789 task-IL=0.8105
  ▶ A5 (Ours (Replay+KD+eq)) seed=1
    ── stage 0: tcga_esca
      epoch 1/5 n=120 mean_loss=0.4888
      epoch 2/5 n=120 mean_loss=0.0759
      epoch 3/5 n=120 mean_loss=0.0849
      epoch 4/5 n=120 mean_loss=0.0955
      epoch 5/5 n=120 mean_loss=0.0572
       記憶體 +120 → |M|=64
       eval tcga_esca  class-IL=0.9333 task-IL=0.9333
    ── stage 1: tcga_rcc
      epoch 1/5 n=616 mean_loss=0.7096
      epoch 2/5 n=616 mean_loss=0.3396
      epoch 3/5 n=616 mean_loss=0.3701
      epoch 4/5 n=616 mean_loss=0.3039
      epoch 5/5 n=616 mean_loss=0.2469
       記憶體 +616 → |M|=64
       eval tcga_esca  class-IL=0.8667 task-IL=0.9333
       eval tcga_rcc   class-IL=0.9474 task-IL=0.9474
    ── stage 2: tcga_brca
      epoch 1/5 n=763 mean_loss=1.0433
      epoch 2/5 n=763 mean_loss=0.6585
      epoch 3/5 n=763 mean_loss=0.7142
      epoch 4/5 n=763 mean_loss=0.7978
      epoch 5/5 n=763 mean_loss=0.5698
       記憶體 +763 → |M|=64
       eval tcga_esca  class-IL=0.6000 task-IL=0.8667
       eval tcga_rcc   class-IL=0.8816 task-IL=0.9211
       eval tcga_brca  class-IL=0.8602 task-IL=0.8925
    ── stage 3: tcga_lung
      epoch 1/5 n=774 mean_loss=1.4646
      epoch 2/5 n=774 mean_loss=0.9487
      epoch 3/5 n=774 mean_loss=0.8412
      epoch 4/5 n=774 mean_loss=0.7215
      epoch 5/5 n=774 mean_loss=0.6944
       記憶體 +774 → |M|=64
       eval tcga_esca  class-IL=0.3333 task-IL=0.8667
       eval tcga_rcc   class-IL=0.8684 task-IL=0.9342
       eval tcga_brca  class-IL=0.6989 task-IL=0.8387
       eval tcga_lung  class-IL=0.8316 task-IL=0.8526
  ▶ A5 (Ours (Replay+KD+eq)) seed=2
    ── stage 0: tcga_esca
      epoch 1/5 n=120 mean_loss=0.3720
      epoch 2/5 n=120 mean_loss=0.0975
      epoch 3/5 n=120 mean_loss=0.0893
      epoch 4/5 n=120 mean_loss=0.0886
      epoch 5/5 n=120 mean_loss=0.0645
       記憶體 +120 → |M|=64
       eval tcga_esca  class-IL=0.8667 task-IL=0.8667
    ── stage 1: tcga_rcc
      epoch 1/5 n=616 mean_loss=0.4443
      epoch 2/5 n=616 mean_loss=0.4432
      epoch 3/5 n=616 mean_loss=0.2667
      epoch 4/5 n=616 mean_loss=0.2405
      epoch 5/5 n=616 mean_loss=0.2829
       記憶體 +616 → |M|=64
       eval tcga_esca  class-IL=0.8667 task-IL=0.8667
       eval tcga_rcc   class-IL=0.9474 task-IL=0.9474
    ── stage 2: tcga_brca
      epoch 1/5 n=763 mean_loss=0.9480
      epoch 2/5 n=763 mean_loss=0.6982
      epoch 3/5 n=763 mean_loss=0.5867
      epoch 4/5 n=763 mean_loss=0.4644
      epoch 5/5 n=763 mean_loss=0.4710
       記憶體 +763 → |M|=64
       eval tcga_esca  class-IL=0.4667 task-IL=0.8667
       eval tcga_rcc   class-IL=0.8553 task-IL=0.9079
       eval tcga_brca  class-IL=0.9462 task-IL=0.9462
    ── stage 3: tcga_lung
      epoch 1/5 n=774 mean_loss=1.3804
      epoch 2/5 n=774 mean_loss=1.0034
      epoch 3/5 n=774 mean_loss=0.8916
      epoch 4/5 n=774 mean_loss=0.7647
      epoch 5/5 n=774 mean_loss=0.7129
       記憶體 +774 → |M|=64
       eval tcga_esca  class-IL=0.4667 task-IL=0.9333
       eval tcga_rcc   class-IL=0.9211 task-IL=0.9474
       eval tcga_brca  class-IL=0.8172 task-IL=0.8817
       eval tcga_lung  class-IL=0.8211 task-IL=0.8421
  ▶ A5 (Ours (Replay+KD+eq)) seed=3
    ── stage 0: tcga_esca
      epoch 1/5 n=120 mean_loss=0.5771
      epoch 2/5 n=120 mean_loss=0.1261
      epoch 3/5 n=120 mean_loss=0.0583
      epoch 4/5 n=120 mean_loss=0.0367
      epoch 5/5 n=120 mean_loss=0.0274
       記憶體 +120 → |M|=64
       eval tcga_esca  class-IL=0.8667 task-IL=0.8667
    ── stage 1: tcga_rcc
      epoch 1/5 n=616 mean_loss=0.5119
      epoch 2/5 n=616 mean_loss=0.4135
      epoch 3/5 n=616 mean_loss=0.3410
      epoch 4/5 n=616 mean_loss=0.2715
      epoch 5/5 n=616 mean_loss=0.3440
       記憶體 +616 → |M|=64
       eval tcga_esca  class-IL=0.8667 task-IL=0.8667
       eval tcga_rcc   class-IL=0.9342 task-IL=0.9605
    ── stage 2: tcga_brca
      epoch 1/5 n=763 mean_loss=1.4568
      epoch 2/5 n=763 mean_loss=0.9336
      epoch 3/5 n=763 mean_loss=0.7977
      epoch 4/5 n=763 mean_loss=0.7121
      epoch 5/5 n=763 mean_loss=0.7119
       記憶體 +763 → |M|=64
       eval tcga_esca  class-IL=0.6000 task-IL=0.8000
       eval tcga_rcc   class-IL=0.9079 task-IL=0.9342
       eval tcga_brca  class-IL=0.8925 task-IL=0.9032
    ── stage 3: tcga_lung
      epoch 1/5 n=774 mean_loss=1.9389
      epoch 2/5 n=774 mean_loss=1.4839
      epoch 3/5 n=774 mean_loss=1.0699
      epoch 4/5 n=774 mean_loss=1.0030
      epoch 5/5 n=774 mean_loss=1.2262
       記憶體 +774 → |M|=64
       eval tcga_esca  class-IL=0.4667 task-IL=0.9333
       eval tcga_rcc   class-IL=0.7105 task-IL=0.8947
       eval tcga_brca  class-IL=0.8387 task-IL=0.9140
       eval tcga_lung  class-IL=0.8000 task-IL=0.8316
  ▶ A5 (Ours (Replay+KD+eq)) seed=4
    ── stage 0: tcga_esca
      epoch 1/5 n=120 mean_loss=1.0300
      epoch 2/5 n=120 mean_loss=0.1011
      epoch 3/5 n=120 mean_loss=0.1336
      epoch 4/5 n=120 mean_loss=0.0586
      epoch 5/5 n=120 mean_loss=0.0385
       記憶體 +120 → |M|=64
       eval tcga_esca  class-IL=0.8667 task-IL=0.8667
    ── stage 1: tcga_rcc
      epoch 1/5 n=616 mean_loss=0.5043
      epoch 2/5 n=616 mean_loss=0.3585
      epoch 3/5 n=616 mean_loss=0.2336
      epoch 4/5 n=616 mean_loss=0.2354
      epoch 5/5 n=616 mean_loss=0.2476
       記憶體 +616 → |M|=64
       eval tcga_esca  class-IL=0.8667 task-IL=0.9333
       eval tcga_rcc   class-IL=0.9342 task-IL=0.9342
    ── stage 2: tcga_brca
      epoch 1/5 n=763 mean_loss=1.6329
      epoch 2/5 n=763 mean_loss=1.1502
      epoch 3/5 n=763 mean_loss=0.8936
      epoch 4/5 n=763 mean_loss=0.8261
      epoch 5/5 n=763 mean_loss=0.8116
       記憶體 +763 → |M|=64
       eval tcga_esca  class-IL=0.6667 task-IL=0.9333
       eval tcga_rcc   class-IL=0.8684 task-IL=0.8947
       eval tcga_brca  class-IL=0.8602 task-IL=0.8925
    ── stage 3: tcga_lung
      epoch 1/5 n=774 mean_loss=1.7215
      epoch 2/5 n=774 mean_loss=1.1476
      epoch 3/5 n=774 mean_loss=0.9477
      epoch 4/5 n=774 mean_loss=1.1359
      epoch 5/5 n=774 mean_loss=0.7491
       記憶體 +774 → |M|=64
       eval tcga_esca  class-IL=0.6000 task-IL=0.9333
       eval tcga_rcc   class-IL=0.8553 task-IL=0.8816
       eval tcga_brca  class-IL=0.7634 task-IL=0.8602
       eval tcga_lung  class-IL=0.8421 task-IL=0.8632

→ /Users/aaron/research/02_pathselect/outputs/exp2/memory_hier/EXP2.md
[check] tag=memory_hier 期望 10 份、實得 10 份
[check] ✅ 產物齊全
===== |M| = 128 =====
Exp2  arms=['A3', 'A5']  order=reverse  seeds=[0, 1, 2, 3, 4]  B=8 c=1 epochs=5 arch=hier alloc=per_budget prior=discriminative beta_u=0.1 replay_k=1 λ=(1.0,1.0,1.0)
  ▶ A3 (+ Replay) seed=0
    ── stage 0: tcga_esca
      epoch 1/5 n=120 mean_loss=0.3509
      epoch 2/5 n=120 mean_loss=0.0899
      epoch 3/5 n=120 mean_loss=0.0522
      epoch 4/5 n=120 mean_loss=0.1973
      epoch 5/5 n=120 mean_loss=0.1129
       記憶體 +120 → |M|=120
       eval tcga_esca  class-IL=0.8667 task-IL=0.8667
    ── stage 1: tcga_rcc
      epoch 1/5 n=616 mean_loss=0.6131
      epoch 2/5 n=616 mean_loss=0.3502
      epoch 3/5 n=616 mean_loss=0.4000
      epoch 4/5 n=616 mean_loss=0.3781
      epoch 5/5 n=616 mean_loss=0.3690
       記憶體 +616 → |M|=128
       eval tcga_esca  class-IL=0.8667 task-IL=0.9333
       eval tcga_rcc   class-IL=0.9474 task-IL=0.9605
    ── stage 2: tcga_brca
      epoch 1/5 n=763 mean_loss=1.2158
      epoch 2/5 n=763 mean_loss=0.8445
      epoch 3/5 n=763 mean_loss=0.8115
      epoch 4/5 n=763 mean_loss=0.8558
      epoch 5/5 n=763 mean_loss=0.7433
       記憶體 +763 → |M|=128
       eval tcga_esca  class-IL=0.6667 task-IL=0.8000
       eval tcga_rcc   class-IL=0.9474 task-IL=0.9474
       eval tcga_brca  class-IL=0.8495 task-IL=0.8925
    ── stage 3: tcga_lung
      epoch 1/5 n=774 mean_loss=2.1779
      epoch 2/5 n=774 mean_loss=1.5355
      epoch 3/5 n=774 mean_loss=1.2329
      epoch 4/5 n=774 mean_loss=1.0171
      epoch 5/5 n=774 mean_loss=0.7878
       記憶體 +774 → |M|=128
       eval tcga_esca  class-IL=0.7333 task-IL=0.8667
       eval tcga_rcc   class-IL=0.9342 task-IL=0.9605
       eval tcga_brca  class-IL=0.8172 task-IL=0.8817
       eval tcga_lung  class-IL=0.7789 task-IL=0.8211
  ▶ A3 (+ Replay) seed=1
    ── stage 0: tcga_esca
      epoch 1/5 n=120 mean_loss=0.4888
      epoch 2/5 n=120 mean_loss=0.0759
      epoch 3/5 n=120 mean_loss=0.0849
      epoch 4/5 n=120 mean_loss=0.0955
      epoch 5/5 n=120 mean_loss=0.0572
       記憶體 +120 → |M|=120
       eval tcga_esca  class-IL=0.9333 task-IL=0.9333
    ── stage 1: tcga_rcc
      epoch 1/5 n=616 mean_loss=0.5416
      epoch 2/5 n=616 mean_loss=0.3309
      epoch 3/5 n=616 mean_loss=0.3486
      epoch 4/5 n=616 mean_loss=0.5713
      epoch 5/5 n=616 mean_loss=0.6060
       記憶體 +616 → |M|=128
       eval tcga_esca  class-IL=0.8667 task-IL=0.9333
       eval tcga_rcc   class-IL=0.9342 task-IL=0.9605
    ── stage 2: tcga_brca
      epoch 1/5 n=763 mean_loss=1.6403
      epoch 2/5 n=763 mean_loss=1.1532
      epoch 3/5 n=763 mean_loss=1.4282
      epoch 4/5 n=763 mean_loss=1.3010
      epoch 5/5 n=763 mean_loss=1.4205
       記憶體 +763 → |M|=128
       eval tcga_esca  class-IL=0.7333 task-IL=0.8667
       eval tcga_rcc   class-IL=0.8947 task-IL=0.9342
       eval tcga_brca  class-IL=0.6559 task-IL=0.7849
    ── stage 3: tcga_lung
      epoch 1/5 n=774 mean_loss=2.9779
      epoch 2/5 n=774 mean_loss=2.2288
      epoch 3/5 n=774 mean_loss=2.1230
      epoch 4/5 n=774 mean_loss=2.2015
      epoch 5/5 n=774 mean_loss=1.9113
       記憶體 +774 → |M|=128
       eval tcga_esca  class-IL=0.6000 task-IL=0.8667
       eval tcga_rcc   class-IL=0.8684 task-IL=0.9474
       eval tcga_brca  class-IL=0.5914 task-IL=0.8065
       eval tcga_lung  class-IL=0.6421 task-IL=0.6947
  ▶ A3 (+ Replay) seed=2
    ── stage 0: tcga_esca
      epoch 1/5 n=120 mean_loss=0.3720
      epoch 2/5 n=120 mean_loss=0.0975
      epoch 3/5 n=120 mean_loss=0.0893
      epoch 4/5 n=120 mean_loss=0.0886
      epoch 5/5 n=120 mean_loss=0.0645
       記憶體 +120 → |M|=120
       eval tcga_esca  class-IL=0.8667 task-IL=0.8667
    ── stage 1: tcga_rcc
      epoch 1/5 n=616 mean_loss=0.5296
      epoch 2/5 n=616 mean_loss=0.3981
      epoch 3/5 n=616 mean_loss=0.2781
      epoch 4/5 n=616 mean_loss=0.2675
      epoch 5/5 n=616 mean_loss=0.2612
       記憶體 +616 → |M|=128
       eval tcga_esca  class-IL=0.8667 task-IL=0.8667
       eval tcga_rcc   class-IL=0.9605 task-IL=0.9605
    ── stage 2: tcga_brca
      epoch 1/5 n=763 mean_loss=0.9662
      epoch 2/5 n=763 mean_loss=0.8543
      epoch 3/5 n=763 mean_loss=0.9811
      epoch 4/5 n=763 mean_loss=0.6388
      epoch 5/5 n=763 mean_loss=0.5843
       記憶體 +763 → |M|=128
       eval tcga_esca  class-IL=0.7333 task-IL=0.8667
       eval tcga_rcc   class-IL=0.9211 task-IL=0.9474
       eval tcga_brca  class-IL=0.8172 task-IL=0.8710
    ── stage 3: tcga_lung
      epoch 1/5 n=774 mean_loss=1.5504
      epoch 2/5 n=774 mean_loss=1.2513
      epoch 3/5 n=774 mean_loss=0.9473
      epoch 4/5 n=774 mean_loss=1.0102
      epoch 5/5 n=774 mean_loss=0.9290
       記憶體 +774 → |M|=128
       eval tcga_esca  class-IL=0.5333 task-IL=0.8667
       eval tcga_rcc   class-IL=0.8816 task-IL=0.9211
       eval tcga_brca  class-IL=0.6774 task-IL=0.8817
       eval tcga_lung  class-IL=0.8421 task-IL=0.8526
  ▶ A3 (+ Replay) seed=3
    ── stage 0: tcga_esca
      epoch 1/5 n=120 mean_loss=0.5771
      epoch 2/5 n=120 mean_loss=0.1261
      epoch 3/5 n=120 mean_loss=0.0583
      epoch 4/5 n=120 mean_loss=0.0367
      epoch 5/5 n=120 mean_loss=0.0274
       記憶體 +120 → |M|=120
       eval tcga_esca  class-IL=0.8667 task-IL=0.8667
    ── stage 1: tcga_rcc
      epoch 1/5 n=616 mean_loss=0.5241
      epoch 2/5 n=616 mean_loss=0.3668
      epoch 3/5 n=616 mean_loss=0.3878
      epoch 4/5 n=616 mean_loss=0.3414
      epoch 5/5 n=616 mean_loss=0.3410
       記憶體 +616 → |M|=128
       eval tcga_esca  class-IL=0.8667 task-IL=0.9333
       eval tcga_rcc   class-IL=0.9342 task-IL=0.9605
    ── stage 2: tcga_brca
      epoch 1/5 n=763 mean_loss=1.1732
      epoch 2/5 n=763 mean_loss=0.6567
      epoch 3/5 n=763 mean_loss=0.7465
      epoch 4/5 n=763 mean_loss=0.4826
      epoch 5/5 n=763 mean_loss=0.5846
       記憶體 +763 → |M|=128
       eval tcga_esca  class-IL=0.6667 task-IL=0.8000
       eval tcga_rcc   class-IL=0.9474 task-IL=0.9605
       eval tcga_brca  class-IL=0.8172 task-IL=0.8602
    ── stage 3: tcga_lung
      epoch 1/5 n=774 mean_loss=1.4779
      epoch 2/5 n=774 mean_loss=0.9970
      epoch 3/5 n=774 mean_loss=1.0685
      epoch 4/5 n=774 mean_loss=1.0258
      epoch 5/5 n=774 mean_loss=0.9357
       記憶體 +774 → |M|=128
       eval tcga_esca  class-IL=0.6000 task-IL=0.9333
       eval tcga_rcc   class-IL=0.8816 task-IL=0.9342
       eval tcga_brca  class-IL=0.7204 task-IL=0.8495
       eval tcga_lung  class-IL=0.8000 task-IL=0.8105
  ▶ A3 (+ Replay) seed=4
    ── stage 0: tcga_esca
      epoch 1/5 n=120 mean_loss=1.0300
      epoch 2/5 n=120 mean_loss=0.1011
      epoch 3/5 n=120 mean_loss=0.1336
      epoch 4/5 n=120 mean_loss=0.0586
      epoch 5/5 n=120 mean_loss=0.0385
       記憶體 +120 → |M|=120
       eval tcga_esca  class-IL=0.8667 task-IL=0.8667
    ── stage 1: tcga_rcc
      epoch 1/5 n=616 mean_loss=0.5492
      epoch 2/5 n=616 mean_loss=0.3771
      epoch 3/5 n=616 mean_loss=0.3112
      epoch 4/5 n=616 mean_loss=0.2849
      epoch 5/5 n=616 mean_loss=0.2198
       記憶體 +616 → |M|=128
       eval tcga_esca  class-IL=0.8667 task-IL=0.9333
       eval tcga_rcc   class-IL=0.9737 task-IL=0.9737
    ── stage 2: tcga_brca
      epoch 1/5 n=763 mean_loss=1.0049
      epoch 2/5 n=763 mean_loss=0.6876
      epoch 3/5 n=763 mean_loss=0.5730
      epoch 4/5 n=763 mean_loss=0.5973
      epoch 5/5 n=763 mean_loss=0.5450
       記憶體 +763 → |M|=128
       eval tcga_esca  class-IL=0.7333 task-IL=0.9333
       eval tcga_rcc   class-IL=0.9605 task-IL=0.9737
       eval tcga_brca  class-IL=0.9355 task-IL=0.9462
    ── stage 3: tcga_lung
      epoch 1/5 n=774 mean_loss=1.3862
      epoch 2/5 n=774 mean_loss=1.0739
      epoch 3/5 n=774 mean_loss=0.9511
      epoch 4/5 n=774 mean_loss=0.8560
      epoch 5/5 n=774 mean_loss=0.8242
       記憶體 +774 → |M|=128
       eval tcga_esca  class-IL=0.7333 task-IL=0.8667
       eval tcga_rcc   class-IL=0.8553 task-IL=0.9342
       eval tcga_brca  class-IL=0.7634 task-IL=0.8710
       eval tcga_lung  class-IL=0.8000 task-IL=0.8211
  ▶ A5 (Ours (Replay+KD+eq)) seed=0
    ── stage 0: tcga_esca
      epoch 1/5 n=120 mean_loss=0.3509
      epoch 2/5 n=120 mean_loss=0.0899
      epoch 3/5 n=120 mean_loss=0.0522
      epoch 4/5 n=120 mean_loss=0.1973
      epoch 5/5 n=120 mean_loss=0.1129
       記憶體 +120 → |M|=120
       eval tcga_esca  class-IL=0.8667 task-IL=0.8667
    ── stage 1: tcga_rcc
      epoch 1/5 n=616 mean_loss=0.6526
      epoch 2/5 n=616 mean_loss=0.3688
      epoch 3/5 n=616 mean_loss=0.3238
      epoch 4/5 n=616 mean_loss=0.3122
      epoch 5/5 n=616 mean_loss=0.4213
       記憶體 +616 → |M|=128
       eval tcga_esca  class-IL=0.9333 task-IL=0.9333
       eval tcga_rcc   class-IL=0.9474 task-IL=0.9474
    ── stage 2: tcga_brca
      epoch 1/5 n=763 mean_loss=1.2466
      epoch 2/5 n=763 mean_loss=0.8100
      epoch 3/5 n=763 mean_loss=0.7080
      epoch 4/5 n=763 mean_loss=0.6651
      epoch 5/5 n=763 mean_loss=0.6399
       記憶體 +763 → |M|=128
       eval tcga_esca  class-IL=0.6000 task-IL=0.8667
       eval tcga_rcc   class-IL=0.9079 task-IL=0.9079
       eval tcga_brca  class-IL=0.8817 task-IL=0.9355
    ── stage 3: tcga_lung
      epoch 1/5 n=774 mean_loss=2.0212
      epoch 2/5 n=774 mean_loss=1.3763
      epoch 3/5 n=774 mean_loss=1.2705
      epoch 4/5 n=774 mean_loss=1.1407
      epoch 5/5 n=774 mean_loss=0.9633
       記憶體 +774 → |M|=128
       eval tcga_esca  class-IL=0.8667 task-IL=0.9333
       eval tcga_rcc   class-IL=0.9342 task-IL=0.9605
       eval tcga_brca  class-IL=0.8495 task-IL=0.9355
       eval tcga_lung  class-IL=0.7474 task-IL=0.8000
  ▶ A5 (Ours (Replay+KD+eq)) seed=1
    ── stage 0: tcga_esca
      epoch 1/5 n=120 mean_loss=0.4888
      epoch 2/5 n=120 mean_loss=0.0759
      epoch 3/5 n=120 mean_loss=0.0849
      epoch 4/5 n=120 mean_loss=0.0955
      epoch 5/5 n=120 mean_loss=0.0572
       記憶體 +120 → |M|=120
       eval tcga_esca  class-IL=0.9333 task-IL=0.9333
    ── stage 1: tcga_rcc
      epoch 1/5 n=616 mean_loss=0.5813
      epoch 2/5 n=616 mean_loss=0.4392
      epoch 3/5 n=616 mean_loss=0.3314
      epoch 4/5 n=616 mean_loss=0.4572
      epoch 5/5 n=616 mean_loss=0.3729
       記憶體 +616 → |M|=128
       eval tcga_esca  class-IL=0.9333 task-IL=0.9333
       eval tcga_rcc   class-IL=0.9211 task-IL=0.9211
    ── stage 2: tcga_brca
      epoch 1/5 n=763 mean_loss=1.0464
      epoch 2/5 n=763 mean_loss=0.8177
      epoch 3/5 n=763 mean_loss=0.6779
      epoch 4/5 n=763 mean_loss=0.6335
      epoch 5/5 n=763 mean_loss=0.6341
       記憶體 +763 → |M|=128
       eval tcga_esca  class-IL=0.7333 task-IL=0.8667
       eval tcga_rcc   class-IL=0.9342 task-IL=0.9474
       eval tcga_brca  class-IL=0.8817 task-IL=0.9032
    ── stage 3: tcga_lung
      epoch 1/5 n=774 mean_loss=1.7665
      epoch 2/5 n=774 mean_loss=1.3702
      epoch 3/5 n=774 mean_loss=1.2607
      epoch 4/5 n=774 mean_loss=1.0340
      epoch 5/5 n=774 mean_loss=1.0152
       記憶體 +774 → |M|=128
       eval tcga_esca  class-IL=0.8000 task-IL=0.8667
       eval tcga_rcc   class-IL=0.9605 task-IL=0.9737
       eval tcga_brca  class-IL=0.8387 task-IL=0.8925
       eval tcga_lung  class-IL=0.8105 task-IL=0.8842
  ▶ A5 (Ours (Replay+KD+eq)) seed=2
    ── stage 0: tcga_esca
      epoch 1/5 n=120 mean_loss=0.3720
      epoch 2/5 n=120 mean_loss=0.0975
      epoch 3/5 n=120 mean_loss=0.0893
      epoch 4/5 n=120 mean_loss=0.0886
      epoch 5/5 n=120 mean_loss=0.0645
       記憶體 +120 → |M|=120
       eval tcga_esca  class-IL=0.8667 task-IL=0.8667
    ── stage 1: tcga_rcc
      epoch 1/5 n=616 mean_loss=0.5302
      epoch 2/5 n=616 mean_loss=0.3070
      epoch 3/5 n=616 mean_loss=0.2970
      epoch 4/5 n=616 mean_loss=0.2878
      epoch 5/5 n=616 mean_loss=0.3073
       記憶體 +616 → |M|=128
       eval tcga_esca  class-IL=0.8667 task-IL=0.9333
       eval tcga_rcc   class-IL=0.9605 task-IL=0.9605
    ── stage 2: tcga_brca
      epoch 1/5 n=763 mean_loss=0.9537
      epoch 2/5 n=763 mean_loss=0.8324
      epoch 3/5 n=763 mean_loss=0.7195
      epoch 4/5 n=763 mean_loss=0.7246
      epoch 5/5 n=763 mean_loss=0.6664
       記憶體 +763 → |M|=128
       eval tcga_esca  class-IL=0.6667 task-IL=0.9333
       eval tcga_rcc   class-IL=0.9211 task-IL=0.9474
       eval tcga_brca  class-IL=0.8817 task-IL=0.8925
    ── stage 3: tcga_lung
      epoch 1/5 n=774 mean_loss=2.0278
      epoch 2/5 n=774 mean_loss=1.4211
      epoch 3/5 n=774 mean_loss=1.1731
      epoch 4/5 n=774 mean_loss=1.1478
      epoch 5/5 n=774 mean_loss=0.9721
       記憶體 +774 → |M|=128
       eval tcga_esca  class-IL=0.8667 task-IL=0.8667
       eval tcga_rcc   class-IL=0.9474 task-IL=0.9605
       eval tcga_brca  class-IL=0.8065 task-IL=0.9140
       eval tcga_lung  class-IL=0.8316 task-IL=0.8842
  ▶ A5 (Ours (Replay+KD+eq)) seed=3
    ── stage 0: tcga_esca
      epoch 1/5 n=120 mean_loss=0.5771
      epoch 2/5 n=120 mean_loss=0.1261
      epoch 3/5 n=120 mean_loss=0.0583
      epoch 4/5 n=120 mean_loss=0.0367
      epoch 5/5 n=120 mean_loss=0.0274
       記憶體 +120 → |M|=120
       eval tcga_esca  class-IL=0.8667 task-IL=0.8667
    ── stage 1: tcga_rcc
      epoch 1/5 n=616 mean_loss=0.5616
      epoch 2/5 n=616 mean_loss=0.4157
      epoch 3/5 n=616 mean_loss=0.3817
      epoch 4/5 n=616 mean_loss=0.3689
      epoch 5/5 n=616 mean_loss=0.2778
       記憶體 +616 → |M|=128
       eval tcga_esca  class-IL=0.8667 task-IL=0.8667
       eval tcga_rcc   class-IL=0.9342 task-IL=0.9605
    ── stage 2: tcga_brca
      epoch 1/5 n=763 mean_loss=1.2490
      epoch 2/5 n=763 mean_loss=0.9112
      epoch 3/5 n=763 mean_loss=0.7492
      epoch 4/5 n=763 mean_loss=0.6634
      epoch 5/5 n=763 mean_loss=0.5606
       記憶體 +763 → |M|=128
       eval tcga_esca  class-IL=0.6667 task-IL=0.9333
       eval tcga_rcc   class-IL=0.9474 task-IL=0.9605
       eval tcga_brca  class-IL=0.8710 task-IL=0.8925
    ── stage 3: tcga_lung
      epoch 1/5 n=774 mean_loss=2.1933
      epoch 2/5 n=774 mean_loss=1.2773
      epoch 3/5 n=774 mean_loss=1.3644
      epoch 4/5 n=774 mean_loss=1.1996
      epoch 5/5 n=774 mean_loss=1.1869
       記憶體 +774 → |M|=128
       eval tcga_esca  class-IL=0.7333 task-IL=0.9333
       eval tcga_rcc   class-IL=0.9079 task-IL=0.9474
       eval tcga_brca  class-IL=0.7849 task-IL=0.8817
       eval tcga_lung  class-IL=0.8316 task-IL=0.8632
  ▶ A5 (Ours (Replay+KD+eq)) seed=4
    ── stage 0: tcga_esca
      epoch 1/5 n=120 mean_loss=1.0300
      epoch 2/5 n=120 mean_loss=0.1011
      epoch 3/5 n=120 mean_loss=0.1336
      epoch 4/5 n=120 mean_loss=0.0586
      epoch 5/5 n=120 mean_loss=0.0385
       記憶體 +120 → |M|=120
       eval tcga_esca  class-IL=0.8667 task-IL=0.8667
    ── stage 1: tcga_rcc
      epoch 1/5 n=616 mean_loss=0.5290
      epoch 2/5 n=616 mean_loss=0.3720
      epoch 3/5 n=616 mean_loss=0.3920
      epoch 4/5 n=616 mean_loss=0.2550
      epoch 5/5 n=616 mean_loss=0.2986
       記憶體 +616 → |M|=128
       eval tcga_esca  class-IL=0.9333 task-IL=1.0000
       eval tcga_rcc   class-IL=0.9605 task-IL=0.9605
    ── stage 2: tcga_brca
      epoch 1/5 n=763 mean_loss=1.0326
      epoch 2/5 n=763 mean_loss=0.8329
      epoch 3/5 n=763 mean_loss=0.6943
      epoch 4/5 n=763 mean_loss=0.6375
      epoch 5/5 n=763 mean_loss=0.5906
       記憶體 +763 → |M|=128
       eval tcga_esca  class-IL=0.8000 task-IL=0.9333
       eval tcga_rcc   class-IL=0.9474 task-IL=0.9474
       eval tcga_brca  class-IL=0.8387 task-IL=0.8710
    ── stage 3: tcga_lung
      epoch 1/5 n=774 mean_loss=2.2710
      epoch 2/5 n=774 mean_loss=1.6890
      epoch 3/5 n=774 mean_loss=1.2659
      epoch 4/5 n=774 mean_loss=1.0206
      epoch 5/5 n=774 mean_loss=1.2696
       記憶體 +774 → |M|=128
       eval tcga_esca  class-IL=0.5333 task-IL=0.9333
       eval tcga_rcc   class-IL=0.9211 task-IL=0.9474
       eval tcga_brca  class-IL=0.7957 task-IL=0.8925
       eval tcga_lung  class-IL=0.8316 task-IL=0.8632

→ /Users/aaron/research/02_pathselect/outputs/exp2/memory_hier/EXP2.md
[check] tag=memory_hier 期望 10 份、實得 10 份
[check] ✅ 產物齊全
===== |M| = 256 =====
Exp2  arms=['A3', 'A5']  order=reverse  seeds=[0, 1, 2, 3, 4]  B=8 c=1 epochs=5 arch=hier alloc=per_budget prior=discriminative beta_u=0.1 replay_k=1 λ=(1.0,1.0,1.0)
  ▶ A3 (+ Replay) seed=0
    ── stage 0: tcga_esca
      epoch 1/5 n=120 mean_loss=0.3509
      epoch 2/5 n=120 mean_loss=0.0899
      epoch 3/5 n=120 mean_loss=0.0522
      epoch 4/5 n=120 mean_loss=0.1973
      epoch 5/5 n=120 mean_loss=0.1129
       記憶體 +120 → |M|=120
       eval tcga_esca  class-IL=0.8667 task-IL=0.8667
    ── stage 1: tcga_rcc
      epoch 1/5 n=616 mean_loss=0.6131
      epoch 2/5 n=616 mean_loss=0.3502
      epoch 3/5 n=616 mean_loss=0.4000
      epoch 4/5 n=616 mean_loss=0.3781
      epoch 5/5 n=616 mean_loss=0.3690
       記憶體 +616 → |M|=256
       eval tcga_esca  class-IL=0.8667 task-IL=0.9333
       eval tcga_rcc   class-IL=0.9474 task-IL=0.9605
    ── stage 2: tcga_brca
      epoch 1/5 n=763 mean_loss=1.2447
      epoch 2/5 n=763 mean_loss=1.0998
      epoch 3/5 n=763 mean_loss=1.1291
      epoch 4/5 n=763 mean_loss=1.1199
      epoch 5/5 n=763 mean_loss=1.1184
       記憶體 +763 → |M|=256
       eval tcga_esca  class-IL=0.6667 task-IL=0.9333
       eval tcga_rcc   class-IL=0.8816 task-IL=0.9079
       eval tcga_brca  class-IL=0.8710 task-IL=0.9032
    ── stage 3: tcga_lung
      epoch 1/5 n=774 mean_loss=2.1780
      epoch 2/5 n=774 mean_loss=2.0748
      epoch 3/5 n=774 mean_loss=1.8029
      epoch 4/5 n=774 mean_loss=1.5901
      epoch 5/5 n=774 mean_loss=1.5856
       記憶體 +774 → |M|=256
       eval tcga_esca  class-IL=0.4667 task-IL=0.9333
       eval tcga_rcc   class-IL=0.8553 task-IL=0.9211
       eval tcga_brca  class-IL=0.7097 task-IL=0.8172
       eval tcga_lung  class-IL=0.6526 task-IL=0.6632
  ▶ A3 (+ Replay) seed=1
    ── stage 0: tcga_esca
      epoch 1/5 n=120 mean_loss=0.4888
      epoch 2/5 n=120 mean_loss=0.0759
      epoch 3/5 n=120 mean_loss=0.0849
      epoch 4/5 n=120 mean_loss=0.0955
      epoch 5/5 n=120 mean_loss=0.0572
       記憶體 +120 → |M|=120
       eval tcga_esca  class-IL=0.9333 task-IL=0.9333
    ── stage 1: tcga_rcc
      epoch 1/5 n=616 mean_loss=0.5416
      epoch 2/5 n=616 mean_loss=0.3309
      epoch 3/5 n=616 mean_loss=0.3486
      epoch 4/5 n=616 mean_loss=0.5713
      epoch 5/5 n=616 mean_loss=0.6060
       記憶體 +616 → |M|=256
       eval tcga_esca  class-IL=0.8667 task-IL=0.9333
       eval tcga_rcc   class-IL=0.9342 task-IL=0.9605
    ── stage 2: tcga_brca
      epoch 1/5 n=763 mean_loss=1.8628
      epoch 2/5 n=763 mean_loss=1.3545
      epoch 3/5 n=763 mean_loss=1.0518
      epoch 4/5 n=763 mean_loss=1.4794
      epoch 5/5 n=763 mean_loss=1.3398
       記憶體 +763 → |M|=256
       eval tcga_esca  class-IL=0.6667 task-IL=0.8000
       eval tcga_rcc   class-IL=0.9211 task-IL=0.9605
       eval tcga_brca  class-IL=0.6774 task-IL=0.7419
    ── stage 3: tcga_lung
      epoch 1/5 n=774 mean_loss=2.2275
      epoch 2/5 n=774 mean_loss=1.6543
      epoch 3/5 n=774 mean_loss=1.3625
      epoch 4/5 n=774 mean_loss=1.2567
      epoch 5/5 n=774 mean_loss=1.1813
       記憶體 +774 → |M|=256
       eval tcga_esca  class-IL=0.6667 task-IL=0.9333
       eval tcga_rcc   class-IL=0.9079 task-IL=0.9605
       eval tcga_brca  class-IL=0.7419 task-IL=0.7849
       eval tcga_lung  class-IL=0.7789 task-IL=0.8316
  ▶ A3 (+ Replay) seed=2
    ── stage 0: tcga_esca
      epoch 1/5 n=120 mean_loss=0.3720
      epoch 2/5 n=120 mean_loss=0.0975
      epoch 3/5 n=120 mean_loss=0.0893
      epoch 4/5 n=120 mean_loss=0.0886
      epoch 5/5 n=120 mean_loss=0.0645
       記憶體 +120 → |M|=120
       eval tcga_esca  class-IL=0.8667 task-IL=0.8667
    ── stage 1: tcga_rcc
      epoch 1/5 n=616 mean_loss=0.5296
      epoch 2/5 n=616 mean_loss=0.3981
      epoch 3/5 n=616 mean_loss=0.2781
      epoch 4/5 n=616 mean_loss=0.2675
      epoch 5/5 n=616 mean_loss=0.2612
       記憶體 +616 → |M|=256
       eval tcga_esca  class-IL=0.8667 task-IL=0.8667
       eval tcga_rcc   class-IL=0.9605 task-IL=0.9605
    ── stage 2: tcga_brca
      epoch 1/5 n=763 mean_loss=1.1598
      epoch 2/5 n=763 mean_loss=0.9553
      epoch 3/5 n=763 mean_loss=0.8068
      epoch 4/5 n=763 mean_loss=0.7193
      epoch 5/5 n=763 mean_loss=0.5806
       記憶體 +763 → |M|=256
       eval tcga_esca  class-IL=0.8000 task-IL=0.8667
       eval tcga_rcc   class-IL=0.9342 task-IL=0.9474
       eval tcga_brca  class-IL=0.8710 task-IL=0.9032
    ── stage 3: tcga_lung
      epoch 1/5 n=774 mean_loss=1.5042
      epoch 2/5 n=774 mean_loss=1.1483
      epoch 3/5 n=774 mean_loss=1.0125
      epoch 4/5 n=774 mean_loss=0.9881
      epoch 5/5 n=774 mean_loss=0.8898
       記憶體 +774 → |M|=256
       eval tcga_esca  class-IL=0.5333 task-IL=0.8667
       eval tcga_rcc   class-IL=0.8684 task-IL=0.8947
       eval tcga_brca  class-IL=0.8495 task-IL=0.9140
       eval tcga_lung  class-IL=0.8105 task-IL=0.8211
  ▶ A3 (+ Replay) seed=3
    ── stage 0: tcga_esca
      epoch 1/5 n=120 mean_loss=0.5771
      epoch 2/5 n=120 mean_loss=0.1261
      epoch 3/5 n=120 mean_loss=0.0583
      epoch 4/5 n=120 mean_loss=0.0367
      epoch 5/5 n=120 mean_loss=0.0274
       記憶體 +120 → |M|=120
       eval tcga_esca  class-IL=0.8667 task-IL=0.8667
    ── stage 1: tcga_rcc
      epoch 1/5 n=616 mean_loss=0.5241
      epoch 2/5 n=616 mean_loss=0.3668
      epoch 3/5 n=616 mean_loss=0.3878
      epoch 4/5 n=616 mean_loss=0.3414
      epoch 5/5 n=616 mean_loss=0.3410
       記憶體 +616 → |M|=256
       eval tcga_esca  class-IL=0.8667 task-IL=0.9333
       eval tcga_rcc   class-IL=0.9342 task-IL=0.9605
    ── stage 2: tcga_brca
      epoch 1/5 n=763 mean_loss=1.3010
      epoch 2/5 n=763 mean_loss=1.0221
      epoch 3/5 n=763 mean_loss=0.8105
      epoch 4/5 n=763 mean_loss=0.7368
      epoch 5/5 n=763 mean_loss=0.8425
       記憶體 +763 → |M|=256
       eval tcga_esca  class-IL=0.8000 task-IL=0.8667
       eval tcga_rcc   class-IL=0.9211 task-IL=0.9342
       eval tcga_brca  class-IL=0.7957 task-IL=0.8495
    ── stage 3: tcga_lung
      epoch 1/5 n=774 mean_loss=1.4514
      epoch 2/5 n=774 mean_loss=1.0944
      epoch 3/5 n=774 mean_loss=1.0480
      epoch 4/5 n=774 mean_loss=1.1144
      epoch 5/5 n=774 mean_loss=0.9846
       記憶體 +774 → |M|=256
       eval tcga_esca  class-IL=0.6667 task-IL=0.8667
       eval tcga_rcc   class-IL=0.8816 task-IL=0.9342
       eval tcga_brca  class-IL=0.7742 task-IL=0.8710
       eval tcga_lung  class-IL=0.8211 task-IL=0.8421
  ▶ A3 (+ Replay) seed=4
    ── stage 0: tcga_esca
      epoch 1/5 n=120 mean_loss=1.0300
      epoch 2/5 n=120 mean_loss=0.1011
      epoch 3/5 n=120 mean_loss=0.1336
      epoch 4/5 n=120 mean_loss=0.0586
      epoch 5/5 n=120 mean_loss=0.0385
       記憶體 +120 → |M|=120
       eval tcga_esca  class-IL=0.8667 task-IL=0.8667
    ── stage 1: tcga_rcc
      epoch 1/5 n=616 mean_loss=0.5492
      epoch 2/5 n=616 mean_loss=0.3771
      epoch 3/5 n=616 mean_loss=0.3112
      epoch 4/5 n=616 mean_loss=0.2849
      epoch 5/5 n=616 mean_loss=0.2198
       記憶體 +616 → |M|=256
       eval tcga_esca  class-IL=0.8667 task-IL=0.9333
       eval tcga_rcc   class-IL=0.9737 task-IL=0.9737
    ── stage 2: tcga_brca
      epoch 1/5 n=763 mean_loss=1.1265
      epoch 2/5 n=763 mean_loss=0.8441
      epoch 3/5 n=763 mean_loss=0.8708
      epoch 4/5 n=763 mean_loss=0.6877
      epoch 5/5 n=763 mean_loss=0.5941
       記憶體 +763 → |M|=256
       eval tcga_esca  class-IL=0.8667 task-IL=0.9333
       eval tcga_rcc   class-IL=0.9211 task-IL=0.9737
       eval tcga_brca  class-IL=0.8710 task-IL=0.9032
    ── stage 3: tcga_lung
      epoch 1/5 n=774 mean_loss=1.6837
      epoch 2/5 n=774 mean_loss=1.1943
      epoch 3/5 n=774 mean_loss=1.1365
      epoch 4/5 n=774 mean_loss=1.0370
      epoch 5/5 n=774 mean_loss=0.8680
       記憶體 +774 → |M|=256
       eval tcga_esca  class-IL=0.7333 task-IL=0.9333
       eval tcga_rcc   class-IL=0.8684 task-IL=0.9605
       eval tcga_brca  class-IL=0.7634 task-IL=0.8817
       eval tcga_lung  class-IL=0.8421 task-IL=0.8632
  ▶ A5 (Ours (Replay+KD+eq)) seed=0
    ── stage 0: tcga_esca
      epoch 1/5 n=120 mean_loss=0.3509
      epoch 2/5 n=120 mean_loss=0.0899
      epoch 3/5 n=120 mean_loss=0.0522
      epoch 4/5 n=120 mean_loss=0.1973
      epoch 5/5 n=120 mean_loss=0.1129
       記憶體 +120 → |M|=120
       eval tcga_esca  class-IL=0.8667 task-IL=0.8667
    ── stage 1: tcga_rcc
      epoch 1/5 n=616 mean_loss=0.6526
      epoch 2/5 n=616 mean_loss=0.3688
      epoch 3/5 n=616 mean_loss=0.3238
      epoch 4/5 n=616 mean_loss=0.3122
      epoch 5/5 n=616 mean_loss=0.4213
       記憶體 +616 → |M|=256
       eval tcga_esca  class-IL=0.9333 task-IL=0.9333
       eval tcga_rcc   class-IL=0.9474 task-IL=0.9474
    ── stage 2: tcga_brca
      epoch 1/5 n=763 mean_loss=1.2782
      epoch 2/5 n=763 mean_loss=1.1655
      epoch 3/5 n=763 mean_loss=1.2646
      epoch 4/5 n=763 mean_loss=1.1365
      epoch 5/5 n=763 mean_loss=0.9905
       記憶體 +763 → |M|=256
       eval tcga_esca  class-IL=0.6000 task-IL=0.9333
       eval tcga_rcc   class-IL=0.9474 task-IL=0.9605
       eval tcga_brca  class-IL=0.8817 task-IL=0.8925
    ── stage 3: tcga_lung
      epoch 1/5 n=774 mean_loss=1.7725
      epoch 2/5 n=774 mean_loss=1.4488
      epoch 3/5 n=774 mean_loss=1.2293
      epoch 4/5 n=774 mean_loss=1.1820
      epoch 5/5 n=774 mean_loss=1.1563
       記憶體 +774 → |M|=256
       eval tcga_esca  class-IL=0.6000 task-IL=0.9333
       eval tcga_rcc   class-IL=0.9342 task-IL=0.9342
       eval tcga_brca  class-IL=0.8495 task-IL=0.9032
       eval tcga_lung  class-IL=0.8316 task-IL=0.8737
  ▶ A5 (Ours (Replay+KD+eq)) seed=1
    ── stage 0: tcga_esca
      epoch 1/5 n=120 mean_loss=0.4888
      epoch 2/5 n=120 mean_loss=0.0759
      epoch 3/5 n=120 mean_loss=0.0849
      epoch 4/5 n=120 mean_loss=0.0955
      epoch 5/5 n=120 mean_loss=0.0572
       記憶體 +120 → |M|=120
       eval tcga_esca  class-IL=0.9333 task-IL=0.9333
    ── stage 1: tcga_rcc
      epoch 1/5 n=616 mean_loss=0.5813
      epoch 2/5 n=616 mean_loss=0.4392
      epoch 3/5 n=616 mean_loss=0.3314
      epoch 4/5 n=616 mean_loss=0.4572
      epoch 5/5 n=616 mean_loss=0.3729
       記憶體 +616 → |M|=256
       eval tcga_esca  class-IL=0.9333 task-IL=0.9333
       eval tcga_rcc   class-IL=0.9211 task-IL=0.9211
    ── stage 2: tcga_brca
      epoch 1/5 n=763 mean_loss=1.3790
      epoch 2/5 n=763 mean_loss=0.9505
      epoch 3/5 n=763 mean_loss=0.9111
      epoch 4/5 n=763 mean_loss=0.8903
      epoch 5/5 n=763 mean_loss=0.7227
       記憶體 +763 → |M|=256
       eval tcga_esca  class-IL=0.8000 task-IL=0.9333
       eval tcga_rcc   class-IL=0.9342 task-IL=0.9474
       eval tcga_brca  class-IL=0.8387 task-IL=0.8925
    ── stage 3: tcga_lung
      epoch 1/5 n=774 mean_loss=1.8522
      epoch 2/5 n=774 mean_loss=1.3633
      epoch 3/5 n=774 mean_loss=1.1891
      epoch 4/5 n=774 mean_loss=1.2298
      epoch 5/5 n=774 mean_loss=1.2284
       記憶體 +774 → |M|=256
       eval tcga_esca  class-IL=0.8667 task-IL=0.9333
       eval tcga_rcc   class-IL=0.9342 task-IL=0.9474
       eval tcga_brca  class-IL=0.8065 task-IL=0.8817
       eval tcga_lung  class-IL=0.8000 task-IL=0.8737
  ▶ A5 (Ours (Replay+KD+eq)) seed=2
    ── stage 0: tcga_esca
      epoch 1/5 n=120 mean_loss=0.3720
      epoch 2/5 n=120 mean_loss=0.0975
      epoch 3/5 n=120 mean_loss=0.0893
      epoch 4/5 n=120 mean_loss=0.0886
      epoch 5/5 n=120 mean_loss=0.0645
       記憶體 +120 → |M|=120
       eval tcga_esca  class-IL=0.8667 task-IL=0.8667
    ── stage 1: tcga_rcc
      epoch 1/5 n=616 mean_loss=0.5302
      epoch 2/5 n=616 mean_loss=0.3070
      epoch 3/5 n=616 mean_loss=0.2970
      epoch 4/5 n=616 mean_loss=0.2878
      epoch 5/5 n=616 mean_loss=0.3073
       記憶體 +616 → |M|=256
       eval tcga_esca  class-IL=0.8667 task-IL=0.9333
       eval tcga_rcc   class-IL=0.9605 task-IL=0.9605
    ── stage 2: tcga_brca
      epoch 1/5 n=763 mean_loss=1.1759
      epoch 2/5 n=763 mean_loss=0.9739
      epoch 3/5 n=763 mean_loss=1.0347
      epoch 4/5 n=763 mean_loss=0.9203
      epoch 5/5 n=763 mean_loss=0.7983
       記憶體 +763 → |M|=256
       eval tcga_esca  class-IL=0.7333 task-IL=0.8667
       eval tcga_rcc   class-IL=0.9474 task-IL=0.9474
       eval tcga_brca  class-IL=0.7957 task-IL=0.9032
    ── stage 3: tcga_lung
      epoch 1/5 n=774 mean_loss=2.4711
      epoch 2/5 n=774 mean_loss=1.8056
      epoch 3/5 n=774 mean_loss=1.5436
      epoch 4/5 n=774 mean_loss=1.4127
      epoch 5/5 n=774 mean_loss=1.2100
       記憶體 +774 → |M|=256
       eval tcga_esca  class-IL=0.6667 task-IL=0.9333
       eval tcga_rcc   class-IL=0.9474 task-IL=0.9605
       eval tcga_brca  class-IL=0.8065 task-IL=0.8710
       eval tcga_lung  class-IL=0.7895 task-IL=0.8316
  ▶ A5 (Ours (Replay+KD+eq)) seed=3
    ── stage 0: tcga_esca
      epoch 1/5 n=120 mean_loss=0.5771
      epoch 2/5 n=120 mean_loss=0.1261
      epoch 3/5 n=120 mean_loss=0.0583
      epoch 4/5 n=120 mean_loss=0.0367
      epoch 5/5 n=120 mean_loss=0.0274
       記憶體 +120 → |M|=120
       eval tcga_esca  class-IL=0.8667 task-IL=0.8667
    ── stage 1: tcga_rcc
      epoch 1/5 n=616 mean_loss=0.5616
      epoch 2/5 n=616 mean_loss=0.4157
      epoch 3/5 n=616 mean_loss=0.3817
      epoch 4/5 n=616 mean_loss=0.3689
      epoch 5/5 n=616 mean_loss=0.2778
       記憶體 +616 → |M|=256
       eval tcga_esca  class-IL=0.8667 task-IL=0.8667
       eval tcga_rcc   class-IL=0.9342 task-IL=0.9605
    ── stage 2: tcga_brca
      epoch 1/5 n=763 mean_loss=1.4536
      epoch 2/5 n=763 mean_loss=1.4013
      epoch 3/5 n=763 mean_loss=1.0493
      epoch 4/5 n=763 mean_loss=0.8686
      epoch 5/5 n=763 mean_loss=1.1377
       記憶體 +763 → |M|=256
       eval tcga_esca  class-IL=0.9333 task-IL=0.9333
       eval tcga_rcc   class-IL=0.9474 task-IL=0.9605
       eval tcga_brca  class-IL=0.7849 task-IL=0.8602
    ── stage 3: tcga_lung
      epoch 1/5 n=774 mean_loss=1.7115
      epoch 2/5 n=774 mean_loss=1.4812
      epoch 3/5 n=774 mean_loss=1.2762
      epoch 4/5 n=774 mean_loss=1.3067
      epoch 5/5 n=774 mean_loss=1.1763
       記憶體 +774 → |M|=256
       eval tcga_esca  class-IL=0.5333 task-IL=0.8667
       eval tcga_rcc   class-IL=0.9342 task-IL=0.9474
       eval tcga_brca  class-IL=0.7419 task-IL=0.8495
       eval tcga_lung  class-IL=0.8632 task-IL=0.8632
  ▶ A5 (Ours (Replay+KD+eq)) seed=4
    ── stage 0: tcga_esca
      epoch 1/5 n=120 mean_loss=1.0300
      epoch 2/5 n=120 mean_loss=0.1011
      epoch 3/5 n=120 mean_loss=0.1336
      epoch 4/5 n=120 mean_loss=0.0586
      epoch 5/5 n=120 mean_loss=0.0385
       記憶體 +120 → |M|=120
       eval tcga_esca  class-IL=0.8667 task-IL=0.8667
    ── stage 1: tcga_rcc
      epoch 1/5 n=616 mean_loss=0.5290
      epoch 2/5 n=616 mean_loss=0.3720
      epoch 3/5 n=616 mean_loss=0.3920
      epoch 4/5 n=616 mean_loss=0.2550
      epoch 5/5 n=616 mean_loss=0.2986
       記憶體 +616 → |M|=256
       eval tcga_esca  class-IL=0.9333 task-IL=1.0000
       eval tcga_rcc   class-IL=0.9605 task-IL=0.9605
    ── stage 2: tcga_brca
      epoch 1/5 n=763 mean_loss=1.1725
      epoch 2/5 n=763 mean_loss=0.9594
      epoch 3/5 n=763 mean_loss=0.8290
      epoch 4/5 n=763 mean_loss=0.8422
      epoch 5/5 n=763 mean_loss=0.6784
       記憶體 +763 → |M|=256
       eval tcga_esca  class-IL=0.7333 task-IL=0.8667
       eval tcga_rcc   class-IL=0.9474 task-IL=0.9605
       eval tcga_brca  class-IL=0.8387 task-IL=0.9140
    ── stage 3: tcga_lung
      epoch 1/5 n=774 mean_loss=1.8345
      epoch 2/5 n=774 mean_loss=1.3725
      epoch 3/5 n=774 mean_loss=1.2813
      epoch 4/5 n=774 mean_loss=1.1369
      epoch 5/5 n=774 mean_loss=1.0330
       記憶體 +774 → |M|=256
       eval tcga_esca  class-IL=0.8667 task-IL=0.8667
       eval tcga_rcc   class-IL=0.9605 task-IL=0.9868
       eval tcga_brca  class-IL=0.8065 task-IL=0.8817
       eval tcga_lung  class-IL=0.8211 task-IL=0.8632

→ /Users/aaron/research/02_pathselect/outputs/exp2/memory_hier/EXP2.md
[check] tag=memory_hier 期望 10 份、實得 10 份
[check] ✅ 產物齊全
===== |M| = 1024 =====
Exp2  arms=['A3', 'A5']  order=reverse  seeds=[0, 1, 2, 3, 4]  B=8 c=1 epochs=5 arch=hier alloc=per_budget prior=discriminative beta_u=0.1 replay_k=1 λ=(1.0,1.0,1.0)
  ▶ A3 (+ Replay) seed=0
    ── stage 0: tcga_esca
      epoch 1/5 n=120 mean_loss=0.3509
      epoch 2/5 n=120 mean_loss=0.0899
      epoch 3/5 n=120 mean_loss=0.0522
      epoch 4/5 n=120 mean_loss=0.1973
      epoch 5/5 n=120 mean_loss=0.1129
       記憶體 +120 → |M|=120
       eval tcga_esca  class-IL=0.8667 task-IL=0.8667
    ── stage 1: tcga_rcc
      epoch 1/5 n=616 mean_loss=0.6131
      epoch 2/5 n=616 mean_loss=0.3502
      epoch 3/5 n=616 mean_loss=0.4000
      epoch 4/5 n=616 mean_loss=0.3781
      epoch 5/5 n=616 mean_loss=0.3690
       記憶體 +616 → |M|=736
       eval tcga_esca  class-IL=0.8667 task-IL=0.9333
       eval tcga_rcc   class-IL=0.9474 task-IL=0.9605
    ── stage 2: tcga_brca
      epoch 1/5 n=763 mean_loss=1.3096
      epoch 2/5 n=763 mean_loss=0.9322
      epoch 3/5 n=763 mean_loss=0.7410
      epoch 4/5 n=763 mean_loss=0.8467
      epoch 5/5 n=763 mean_loss=0.7265
       記憶體 +763 → |M|=1024
       eval tcga_esca  class-IL=0.8000 task-IL=0.8667
       eval tcga_rcc   class-IL=0.9474 task-IL=0.9737
       eval tcga_brca  class-IL=0.8387 task-IL=0.8817
    ── stage 3: tcga_lung
      epoch 1/5 n=774 mean_loss=1.6064
      epoch 2/5 n=774 mean_loss=1.2251
      epoch 3/5 n=774 mean_loss=1.0444
      epoch 4/5 n=774 mean_loss=1.1422
      epoch 5/5 n=774 mean_loss=0.9400
       記憶體 +774 → |M|=1024
       eval tcga_esca  class-IL=0.7333 task-IL=0.9333
       eval tcga_rcc   class-IL=0.9342 task-IL=0.9737
       eval tcga_brca  class-IL=0.7849 task-IL=0.8925
       eval tcga_lung  class-IL=0.8316 task-IL=0.8316
  ▶ A3 (+ Replay) seed=1
    ── stage 0: tcga_esca
      epoch 1/5 n=120 mean_loss=0.4888
      epoch 2/5 n=120 mean_loss=0.0759
      epoch 3/5 n=120 mean_loss=0.0849
      epoch 4/5 n=120 mean_loss=0.0955
      epoch 5/5 n=120 mean_loss=0.0572
       記憶體 +120 → |M|=120
       eval tcga_esca  class-IL=0.9333 task-IL=0.9333
    ── stage 1: tcga_rcc
      epoch 1/5 n=616 mean_loss=0.5416
      epoch 2/5 n=616 mean_loss=0.3309
      epoch 3/5 n=616 mean_loss=0.3486
      epoch 4/5 n=616 mean_loss=0.5713
      epoch 5/5 n=616 mean_loss=0.6060
       記憶體 +616 → |M|=736
       eval tcga_esca  class-IL=0.8667 task-IL=0.9333
       eval tcga_rcc   class-IL=0.9342 task-IL=0.9605
    ── stage 2: tcga_brca
      epoch 1/5 n=763 mean_loss=1.5963
      epoch 2/5 n=763 mean_loss=1.0876
      epoch 3/5 n=763 mean_loss=0.7634
      epoch 4/5 n=763 mean_loss=0.7210
      epoch 5/5 n=763 mean_loss=0.8853
       記憶體 +763 → |M|=1024
       eval tcga_esca  class-IL=0.7333 task-IL=0.8667
       eval tcga_rcc   class-IL=0.9605 task-IL=0.9605
       eval tcga_brca  class-IL=0.8065 task-IL=0.8710
    ── stage 3: tcga_lung
      epoch 1/5 n=774 mean_loss=1.8229
      epoch 2/5 n=774 mean_loss=1.3813
      epoch 3/5 n=774 mean_loss=1.2236
      epoch 4/5 n=774 mean_loss=0.9876
      epoch 5/5 n=774 mean_loss=1.0632
       記憶體 +774 → |M|=1024
       eval tcga_esca  class-IL=0.7333 task-IL=0.8667
       eval tcga_rcc   class-IL=0.9737 task-IL=0.9737
       eval tcga_brca  class-IL=0.7419 task-IL=0.8280
       eval tcga_lung  class-IL=0.7474 task-IL=0.8316
  ▶ A3 (+ Replay) seed=2
    ── stage 0: tcga_esca
      epoch 1/5 n=120 mean_loss=0.3720
      epoch 2/5 n=120 mean_loss=0.0975
      epoch 3/5 n=120 mean_loss=0.0893
      epoch 4/5 n=120 mean_loss=0.0886
      epoch 5/5 n=120 mean_loss=0.0645
       記憶體 +120 → |M|=120
       eval tcga_esca  class-IL=0.8667 task-IL=0.8667
    ── stage 1: tcga_rcc
      epoch 1/5 n=616 mean_loss=0.5296
      epoch 2/5 n=616 mean_loss=0.3981
      epoch 3/5 n=616 mean_loss=0.2781
      epoch 4/5 n=616 mean_loss=0.2675
      epoch 5/5 n=616 mean_loss=0.2612
       記憶體 +616 → |M|=736
       eval tcga_esca  class-IL=0.8667 task-IL=0.8667
       eval tcga_rcc   class-IL=0.9605 task-IL=0.9605
    ── stage 2: tcga_brca
      epoch 1/5 n=763 mean_loss=1.2358
      epoch 2/5 n=763 mean_loss=1.0419
      epoch 3/5 n=763 mean_loss=0.8903
      epoch 4/5 n=763 mean_loss=0.8731
      epoch 5/5 n=763 mean_loss=0.8085
       記憶體 +763 → |M|=1024
       eval tcga_esca  class-IL=0.8000 task-IL=0.9333
       eval tcga_rcc   class-IL=0.9474 task-IL=0.9605
       eval tcga_brca  class-IL=0.8495 task-IL=0.8925
    ── stage 3: tcga_lung
      epoch 1/5 n=774 mean_loss=2.3555
      epoch 2/5 n=774 mean_loss=1.9141
      epoch 3/5 n=774 mean_loss=1.6341
      epoch 4/5 n=774 mean_loss=1.4152
      epoch 5/5 n=774 mean_loss=1.2806
       記憶體 +774 → |M|=1024
       eval tcga_esca  class-IL=0.4667 task-IL=0.8667
       eval tcga_rcc   class-IL=0.8684 task-IL=0.9211
       eval tcga_brca  class-IL=0.7742 task-IL=0.8817
       eval tcga_lung  class-IL=0.7895 task-IL=0.8421
  ▶ A3 (+ Replay) seed=3
    ── stage 0: tcga_esca
      epoch 1/5 n=120 mean_loss=0.5771
      epoch 2/5 n=120 mean_loss=0.1261
      epoch 3/5 n=120 mean_loss=0.0583
      epoch 4/5 n=120 mean_loss=0.0367
      epoch 5/5 n=120 mean_loss=0.0274
       記憶體 +120 → |M|=120
       eval tcga_esca  class-IL=0.8667 task-IL=0.8667
    ── stage 1: tcga_rcc
      epoch 1/5 n=616 mean_loss=0.5241
      epoch 2/5 n=616 mean_loss=0.3668
      epoch 3/5 n=616 mean_loss=0.3878
      epoch 4/5 n=616 mean_loss=0.3414
      epoch 5/5 n=616 mean_loss=0.3410
       記憶體 +616 → |M|=736
       eval tcga_esca  class-IL=0.8667 task-IL=0.9333
       eval tcga_rcc   class-IL=0.9342 task-IL=0.9605
    ── stage 2: tcga_brca
      epoch 1/5 n=763 mean_loss=1.2596
      epoch 2/5 n=763 mean_loss=1.0121
      epoch 3/5 n=763 mean_loss=0.8302
      epoch 4/5 n=763 mean_loss=0.9730
      epoch 5/5 n=763 mean_loss=0.8966
       記憶體 +763 → |M|=1024
       eval tcga_esca  class-IL=0.8000 task-IL=0.9333
       eval tcga_rcc   class-IL=0.9474 task-IL=0.9605
       eval tcga_brca  class-IL=0.8925 task-IL=0.9462
    ── stage 3: tcga_lung
      epoch 1/5 n=774 mean_loss=1.8046
      epoch 2/5 n=774 mean_loss=1.4092
      epoch 3/5 n=774 mean_loss=1.3319
      epoch 4/5 n=774 mean_loss=1.2425
      epoch 5/5 n=774 mean_loss=1.3317
       記憶體 +774 → |M|=1024
       eval tcga_esca  class-IL=0.5333 task-IL=0.9333
       eval tcga_rcc   class-IL=0.8816 task-IL=0.9211
       eval tcga_brca  class-IL=0.8172 task-IL=0.8817
       eval tcga_lung  class-IL=0.7895 task-IL=0.8105
  ▶ A3 (+ Replay) seed=4
    ── stage 0: tcga_esca
      epoch 1/5 n=120 mean_loss=1.0300
      epoch 2/5 n=120 mean_loss=0.1011
      epoch 3/5 n=120 mean_loss=0.1336
      epoch 4/5 n=120 mean_loss=0.0586
      epoch 5/5 n=120 mean_loss=0.0385
       記憶體 +120 → |M|=120
       eval tcga_esca  class-IL=0.8667 task-IL=0.8667
    ── stage 1: tcga_rcc
      epoch 1/5 n=616 mean_loss=0.5492
      epoch 2/5 n=616 mean_loss=0.3771
      epoch 3/5 n=616 mean_loss=0.3112
      epoch 4/5 n=616 mean_loss=0.2849
      epoch 5/5 n=616 mean_loss=0.2198
       記憶體 +616 → |M|=736
       eval tcga_esca  class-IL=0.8667 task-IL=0.9333
       eval tcga_rcc   class-IL=0.9737 task-IL=0.9737
    ── stage 2: tcga_brca
      epoch 1/5 n=763 mean_loss=1.0803
      epoch 2/5 n=763 mean_loss=1.1462
      epoch 3/5 n=763 mean_loss=0.7824
      epoch 4/5 n=763 mean_loss=0.7729
      epoch 5/5 n=763 mean_loss=0.7313
       記憶體 +763 → |M|=1024
       eval tcga_esca  class-IL=0.8667 task-IL=0.8667
       eval tcga_rcc   class-IL=0.9605 task-IL=0.9605
       eval tcga_brca  class-IL=0.8387 task-IL=0.8925
    ── stage 3: tcga_lung
      epoch 1/5 n=774 mean_loss=1.5299
      epoch 2/5 n=774 mean_loss=1.2122
      epoch 3/5 n=774 mean_loss=1.5338
      epoch 4/5 n=774 mean_loss=1.2454
      epoch 5/5 n=774 mean_loss=1.0082
       記憶體 +774 → |M|=1024
       eval tcga_esca  class-IL=0.8667 task-IL=0.9333
       eval tcga_rcc   class-IL=0.8947 task-IL=0.9342
       eval tcga_brca  class-IL=0.7849 task-IL=0.8495
       eval tcga_lung  class-IL=0.7684 task-IL=0.8105
  ▶ A5 (Ours (Replay+KD+eq)) seed=0
    ── stage 0: tcga_esca
      epoch 1/5 n=120 mean_loss=0.3509
      epoch 2/5 n=120 mean_loss=0.0899
      epoch 3/5 n=120 mean_loss=0.0522
      epoch 4/5 n=120 mean_loss=0.1973
      epoch 5/5 n=120 mean_loss=0.1129
       記憶體 +120 → |M|=120
       eval tcga_esca  class-IL=0.8667 task-IL=0.8667
    ── stage 1: tcga_rcc
      epoch 1/5 n=616 mean_loss=0.6526
      epoch 2/5 n=616 mean_loss=0.3688
      epoch 3/5 n=616 mean_loss=0.3238
      epoch 4/5 n=616 mean_loss=0.3122
      epoch 5/5 n=616 mean_loss=0.4213
       記憶體 +616 → |M|=736
       eval tcga_esca  class-IL=0.9333 task-IL=0.9333
       eval tcga_rcc   class-IL=0.9474 task-IL=0.9474
    ── stage 2: tcga_brca
      epoch 1/5 n=763 mean_loss=1.5132
      epoch 2/5 n=763 mean_loss=1.0962
      epoch 3/5 n=763 mean_loss=1.1605
      epoch 4/5 n=763 mean_loss=0.9340
      epoch 5/5 n=763 mean_loss=1.0490
       記憶體 +763 → |M|=1024
       eval tcga_esca  class-IL=0.8000 task-IL=0.9333
       eval tcga_rcc   class-IL=0.9342 task-IL=0.9474
       eval tcga_brca  class-IL=0.7957 task-IL=0.8925
    ── stage 3: tcga_lung
      epoch 1/5 n=774 mean_loss=2.0627
      epoch 2/5 n=774 mean_loss=1.6652
      epoch 3/5 n=774 mean_loss=1.4214
      epoch 4/5 n=774 mean_loss=1.6807
      epoch 5/5 n=774 mean_loss=1.4362
       記憶體 +774 → |M|=1024
       eval tcga_esca  class-IL=0.8000 task-IL=0.9333
       eval tcga_rcc   class-IL=0.9211 task-IL=0.9605
       eval tcga_brca  class-IL=0.7849 task-IL=0.8710
       eval tcga_lung  class-IL=0.8316 task-IL=0.8737
  ▶ A5 (Ours (Replay+KD+eq)) seed=1
    ── stage 0: tcga_esca
      epoch 1/5 n=120 mean_loss=0.4888
      epoch 2/5 n=120 mean_loss=0.0759
      epoch 3/5 n=120 mean_loss=0.0849
      epoch 4/5 n=120 mean_loss=0.0955
      epoch 5/5 n=120 mean_loss=0.0572
       記憶體 +120 → |M|=120
       eval tcga_esca  class-IL=0.9333 task-IL=0.9333
    ── stage 1: tcga_rcc
      epoch 1/5 n=616 mean_loss=0.5813
      epoch 2/5 n=616 mean_loss=0.4392
      epoch 3/5 n=616 mean_loss=0.3314
      epoch 4/5 n=616 mean_loss=0.4572
      epoch 5/5 n=616 mean_loss=0.3729
       記憶體 +616 → |M|=736
       eval tcga_esca  class-IL=0.9333 task-IL=0.9333
       eval tcga_rcc   class-IL=0.9211 task-IL=0.9211
    ── stage 2: tcga_brca
      epoch 1/5 n=763 mean_loss=1.1930
      epoch 2/5 n=763 mean_loss=0.9020
      epoch 3/5 n=763 mean_loss=0.9587
      epoch 4/5 n=763 mean_loss=0.8299
      epoch 5/5 n=763 mean_loss=0.9580
       記憶體 +763 → |M|=1024
       eval tcga_esca  class-IL=0.7333 task-IL=0.8667
       eval tcga_rcc   class-IL=0.9474 task-IL=0.9605
       eval tcga_brca  class-IL=0.8495 task-IL=0.8710
    ── stage 3: tcga_lung
      epoch 1/5 n=774 mean_loss=1.7400
      epoch 2/5 n=774 mean_loss=1.3669
      epoch 3/5 n=774 mean_loss=1.4740
      epoch 4/5 n=774 mean_loss=1.2162
      epoch 5/5 n=774 mean_loss=1.3791
       記憶體 +774 → |M|=1024
       eval tcga_esca  class-IL=0.6000 task-IL=0.9333
       eval tcga_rcc   class-IL=0.9079 task-IL=0.9605
       eval tcga_brca  class-IL=0.7849 task-IL=0.8710
       eval tcga_lung  class-IL=0.8526 task-IL=0.8737
  ▶ A5 (Ours (Replay+KD+eq)) seed=2
    ── stage 0: tcga_esca
      epoch 1/5 n=120 mean_loss=0.3720
      epoch 2/5 n=120 mean_loss=0.0975
      epoch 3/5 n=120 mean_loss=0.0893
      epoch 4/5 n=120 mean_loss=0.0886
      epoch 5/5 n=120 mean_loss=0.0645
       記憶體 +120 → |M|=120
       eval tcga_esca  class-IL=0.8667 task-IL=0.8667
    ── stage 1: tcga_rcc
      epoch 1/5 n=616 mean_loss=0.5302
      epoch 2/5 n=616 mean_loss=0.3070
      epoch 3/5 n=616 mean_loss=0.2970
      epoch 4/5 n=616 mean_loss=0.2878
      epoch 5/5 n=616 mean_loss=0.3073
       記憶體 +616 → |M|=736
       eval tcga_esca  class-IL=0.8667 task-IL=0.9333
       eval tcga_rcc   class-IL=0.9605 task-IL=0.9605
    ── stage 2: tcga_brca
      epoch 1/5 n=763 mean_loss=1.2753
      epoch 2/5 n=763 mean_loss=0.9665
      epoch 3/5 n=763 mean_loss=0.8676
      epoch 4/5 n=763 mean_loss=0.9215
      epoch 5/5 n=763 mean_loss=0.9266
       記憶體 +763 → |M|=1024
       eval tcga_esca  class-IL=0.8667 task-IL=0.8667
       eval tcga_rcc   class-IL=0.9342 task-IL=0.9474
       eval tcga_brca  class-IL=0.8280 task-IL=0.8925
    ── stage 3: tcga_lung
      epoch 1/5 n=774 mean_loss=2.0416
      epoch 2/5 n=774 mean_loss=1.8078
      epoch 3/5 n=774 mean_loss=1.6471
      epoch 4/5 n=774 mean_loss=1.2105
      epoch 5/5 n=774 mean_loss=1.4084
       記憶體 +774 → |M|=1024
       eval tcga_esca  class-IL=0.7333 task-IL=1.0000
       eval tcga_rcc   class-IL=0.9474 task-IL=0.9605
       eval tcga_brca  class-IL=0.8387 task-IL=0.9032
       eval tcga_lung  class-IL=0.8526 task-IL=0.8947
  ▶ A5 (Ours (Replay+KD+eq)) seed=3
    ── stage 0: tcga_esca
      epoch 1/5 n=120 mean_loss=0.5771
      epoch 2/5 n=120 mean_loss=0.1261
      epoch 3/5 n=120 mean_loss=0.0583
      epoch 4/5 n=120 mean_loss=0.0367
      epoch 5/5 n=120 mean_loss=0.0274
       記憶體 +120 → |M|=120
       eval tcga_esca  class-IL=0.8667 task-IL=0.8667
    ── stage 1: tcga_rcc
      epoch 1/5 n=616 mean_loss=0.5616
      epoch 2/5 n=616 mean_loss=0.4157
      epoch 3/5 n=616 mean_loss=0.3817
      epoch 4/5 n=616 mean_loss=0.3689
      epoch 5/5 n=616 mean_loss=0.2778
       記憶體 +616 → |M|=736
       eval tcga_esca  class-IL=0.8667 task-IL=0.8667
       eval tcga_rcc   class-IL=0.9342 task-IL=0.9605
    ── stage 2: tcga_brca
      epoch 1/5 n=763 mean_loss=1.2817
      epoch 2/5 n=763 mean_loss=1.2464
      epoch 3/5 n=763 mean_loss=1.1375
      epoch 4/5 n=763 mean_loss=1.0873
      epoch 5/5 n=763 mean_loss=0.8546
       記憶體 +763 → |M|=1024
       eval tcga_esca  class-IL=0.8000 task-IL=0.9333
       eval tcga_rcc   class-IL=0.9211 task-IL=0.9474
       eval tcga_brca  class-IL=0.8280 task-IL=0.8817
    ── stage 3: tcga_lung
      epoch 1/5 n=774 mean_loss=2.3576
      epoch 2/5 n=774 mean_loss=1.5566
      epoch 3/5 n=774 mean_loss=1.8331
      epoch 4/5 n=774 mean_loss=1.9314
      epoch 5/5 n=774 mean_loss=1.5593
       記憶體 +774 → |M|=1024
       eval tcga_esca  class-IL=0.4667 task-IL=0.9333
       eval tcga_rcc   class-IL=0.8684 task-IL=0.9474
       eval tcga_brca  class-IL=0.8065 task-IL=0.8817
       eval tcga_lung  class-IL=0.8105 task-IL=0.8105
  ▶ A5 (Ours (Replay+KD+eq)) seed=4
    ── stage 0: tcga_esca
      epoch 1/5 n=120 mean_loss=1.0300
      epoch 2/5 n=120 mean_loss=0.1011
      epoch 3/5 n=120 mean_loss=0.1336
      epoch 4/5 n=120 mean_loss=0.0586
      epoch 5/5 n=120 mean_loss=0.0385
       記憶體 +120 → |M|=120
       eval tcga_esca  class-IL=0.8667 task-IL=0.8667
    ── stage 1: tcga_rcc
      epoch 1/5 n=616 mean_loss=0.5290
      epoch 2/5 n=616 mean_loss=0.3720
      epoch 3/5 n=616 mean_loss=0.3920
      epoch 4/5 n=616 mean_loss=0.2550
      epoch 5/5 n=616 mean_loss=0.2986
       記憶體 +616 → |M|=736
       eval tcga_esca  class-IL=0.9333 task-IL=1.0000
       eval tcga_rcc   class-IL=0.9605 task-IL=0.9605
    ── stage 2: tcga_brca
      epoch 1/5 n=763 mean_loss=1.0927
      epoch 2/5 n=763 mean_loss=1.0375
      epoch 3/5 n=763 mean_loss=0.9002
      epoch 4/5 n=763 mean_loss=0.9343
      epoch 5/5 n=763 mean_loss=0.9060
       記憶體 +763 → |M|=1024
       eval tcga_esca  class-IL=0.8000 task-IL=0.9333
       eval tcga_rcc   class-IL=0.9474 task-IL=0.9605
       eval tcga_brca  class-IL=0.8280 task-IL=0.8817
    ── stage 3: tcga_lung
      epoch 1/5 n=774 mean_loss=1.7580
      epoch 2/5 n=774 mean_loss=1.3808
      epoch 3/5 n=774 mean_loss=1.5544
      epoch 4/5 n=774 mean_loss=1.5674
      epoch 5/5 n=774 mean_loss=1.4466
       記憶體 +774 → |M|=1024
       eval tcga_esca  class-IL=0.6667 task-IL=0.8667
       eval tcga_rcc   class-IL=0.9474 task-IL=0.9737
       eval tcga_brca  class-IL=0.8495 task-IL=0.9140
       eval tcga_lung  class-IL=0.8211 task-IL=0.8526

→ /Users/aaron/research/02_pathselect/outputs/exp2/memory_hier/EXP2.md
[check] tag=memory_hier 期望 10 份、實得 10 份
[check] ✅ 產物齊全
[check] tag=memory_hier 期望 10 份、實得 10 份
[check] ✅ 產物齊全
hier 28450 筆、flat 28450 筆；|M| = [64, 128, 256, 512, 1024]；seeds = [0, 1, 2, 3, 4]
→ /Users/aaron/research/02_pathselect/outputs/exp2/memory_hier/MEMORY_HIER.md
[freeze] 結束 HEAD=5f08202
[status] pipeline_stage4: done stage=1/1 E1 階層版完成
########## E1 階層版完成（產物已檢查、報告已產出）##########
