=== [1/2] 順序穩健：main order, 3 seeds, 七臂 ===
Exp2  arms=['A1', 'A2', 'A3', 'A4', 'A5', 'R1', 'R2']  order=main  seeds=[0, 1, 2]  B=8 c=1 epochs=5 beta_u=0.1 replay_k=1 λ=(1.0,1.0,1.0)
  ▶ A1 (SeqFT) seed=0
    ── stage 0: tcga_lung
      epoch 1/5 n=774 mean_loss=0.6826
      epoch 2/5 n=774 mean_loss=0.4393
      epoch 3/5 n=774 mean_loss=0.4334
      epoch 4/5 n=774 mean_loss=0.3095
      epoch 5/5 n=774 mean_loss=0.2755
       eval tcga_lung  class-IL=0.8737 task-IL=0.8737
    ── stage 1: tcga_brca
      epoch 1/5 n=763 mean_loss=0.5417
      epoch 2/5 n=763 mean_loss=0.4242
      epoch 3/5 n=763 mean_loss=0.4475
      epoch 4/5 n=763 mean_loss=0.3846
      epoch 5/5 n=763 mean_loss=0.3827
       eval tcga_lung  class-IL=0.2842 task-IL=0.7263
       eval tcga_brca  class-IL=0.9570 task-IL=0.9570
    ── stage 2: tcga_rcc
      epoch 1/5 n=616 mean_loss=0.4494
      epoch 2/5 n=616 mean_loss=0.3253
      epoch 3/5 n=616 mean_loss=0.3792
      epoch 4/5 n=616 mean_loss=0.3656
      epoch 5/5 n=616 mean_loss=0.4555
       eval tcga_lung  class-IL=0.4632 task-IL=0.7789
       eval tcga_brca  class-IL=0.4624 task-IL=0.8172
       eval tcga_rcc   class-IL=0.9342 task-IL=0.9342
    ── stage 3: tcga_esca
      epoch 1/5 n=120 mean_loss=1.3342
      epoch 2/5 n=120 mean_loss=0.4479
      epoch 3/5 n=120 mean_loss=0.2437
      epoch 4/5 n=120 mean_loss=0.4507
      epoch 5/5 n=120 mean_loss=0.4757
       eval tcga_lung  class-IL=0.4211 task-IL=0.6421
       eval tcga_brca  class-IL=0.2043 task-IL=0.7849
       eval tcga_rcc   class-IL=0.2500 task-IL=0.7237
       eval tcga_esca  class-IL=0.7333 task-IL=0.8000
  ▶ A1 (SeqFT) seed=1
    ── stage 0: tcga_lung
      epoch 1/5 n=774 mean_loss=0.5786
      epoch 2/5 n=774 mean_loss=0.5359
      epoch 3/5 n=774 mean_loss=0.4856
      epoch 4/5 n=774 mean_loss=0.3551
      epoch 5/5 n=774 mean_loss=0.2731
       eval tcga_lung  class-IL=0.8842 task-IL=0.8842
    ── stage 1: tcga_brca
      epoch 1/5 n=763 mean_loss=0.5074
      epoch 2/5 n=763 mean_loss=0.4746
      epoch 3/5 n=763 mean_loss=0.4916
      epoch 4/5 n=763 mean_loss=0.3730
      epoch 5/5 n=763 mean_loss=0.3024
       eval tcga_lung  class-IL=0.1474 task-IL=0.7368
       eval tcga_brca  class-IL=0.9247 task-IL=0.9247
    ── stage 2: tcga_rcc
      epoch 1/5 n=616 mean_loss=0.2974
      epoch 2/5 n=616 mean_loss=0.3784
      epoch 3/5 n=616 mean_loss=0.3929
      epoch 4/5 n=616 mean_loss=0.5053
      epoch 5/5 n=616 mean_loss=0.4286
       eval tcga_lung  class-IL=0.2632 task-IL=0.7579
       eval tcga_brca  class-IL=0.4839 task-IL=0.8172
       eval tcga_rcc   class-IL=0.9474 task-IL=0.9474
    ── stage 3: tcga_esca
      epoch 1/5 n=120 mean_loss=1.5153
      epoch 2/5 n=120 mean_loss=0.4560
      epoch 3/5 n=120 mean_loss=0.2059
      epoch 4/5 n=120 mean_loss=0.2089
      epoch 5/5 n=120 mean_loss=0.5524
       eval tcga_lung  class-IL=0.4000 task-IL=0.6211
       eval tcga_brca  class-IL=0.6667 task-IL=0.8280
       eval tcga_rcc   class-IL=0.0526 task-IL=0.7632
       eval tcga_esca  class-IL=0.8000 task-IL=0.9333
  ▶ A1 (SeqFT) seed=2
    ── stage 0: tcga_lung
      epoch 1/5 n=774 mean_loss=0.6618
      epoch 2/5 n=774 mean_loss=0.4470
      epoch 3/5 n=774 mean_loss=0.3654
      epoch 4/5 n=774 mean_loss=0.3300
      epoch 5/5 n=774 mean_loss=0.3849
       eval tcga_lung  class-IL=0.8316 task-IL=0.8316
    ── stage 1: tcga_brca
      epoch 1/5 n=763 mean_loss=0.4675
      epoch 2/5 n=763 mean_loss=0.4492
      epoch 3/5 n=763 mean_loss=0.3966
      epoch 4/5 n=763 mean_loss=0.4116
      epoch 5/5 n=763 mean_loss=0.3739
       eval tcga_lung  class-IL=0.1368 task-IL=0.7474
       eval tcga_brca  class-IL=0.8925 task-IL=0.8925
    ── stage 2: tcga_rcc
      epoch 1/5 n=616 mean_loss=0.4320
      epoch 2/5 n=616 mean_loss=0.5707
      epoch 3/5 n=616 mean_loss=0.4380
      epoch 4/5 n=616 mean_loss=0.3055
      epoch 5/5 n=616 mean_loss=0.3548
       eval tcga_lung  class-IL=0.1895 task-IL=0.6737
       eval tcga_brca  class-IL=0.2688 task-IL=0.5591
       eval tcga_rcc   class-IL=0.9737 task-IL=0.9737
    ── stage 3: tcga_esca
      epoch 1/5 n=120 mean_loss=1.9651
      epoch 2/5 n=120 mean_loss=0.3287
      epoch 3/5 n=120 mean_loss=0.4282
      epoch 4/5 n=120 mean_loss=0.4629
      epoch 5/5 n=120 mean_loss=0.3224
       eval tcga_lung  class-IL=0.2737 task-IL=0.5895
       eval tcga_brca  class-IL=0.3656 task-IL=0.7419
       eval tcga_rcc   class-IL=0.6579 task-IL=0.7763
       eval tcga_esca  class-IL=0.6667 task-IL=0.7333
  ▶ A2 (+ LoRA merge) seed=0
    ── stage 0: tcga_lung
      epoch 1/5 n=774 mean_loss=0.5237
      epoch 2/5 n=774 mean_loss=0.3903
      epoch 3/5 n=774 mean_loss=0.3419
      epoch 4/5 n=774 mean_loss=0.3437
      epoch 5/5 n=774 mean_loss=0.3379
       eval tcga_lung  class-IL=0.8632 task-IL=0.8842
    ── stage 1: tcga_brca
      epoch 1/5 n=763 mean_loss=0.4068
      epoch 2/5 n=763 mean_loss=0.3512
      epoch 3/5 n=763 mean_loss=0.3405
      epoch 4/5 n=763 mean_loss=0.3381
      epoch 5/5 n=763 mean_loss=0.3013
       eval tcga_lung  class-IL=0.3895 task-IL=0.8421
       eval tcga_brca  class-IL=0.9032 task-IL=0.9140
    ── stage 2: tcga_rcc
      epoch 1/5 n=616 mean_loss=0.3582
      epoch 2/5 n=616 mean_loss=0.1920
      epoch 3/5 n=616 mean_loss=0.2369
      epoch 4/5 n=616 mean_loss=0.1573
      epoch 5/5 n=616 mean_loss=0.1554
       eval tcga_lung  class-IL=0.4000 task-IL=0.7684
       eval tcga_brca  class-IL=0.7419 task-IL=0.9032
       eval tcga_rcc   class-IL=0.9737 task-IL=0.9737
    ── stage 3: tcga_esca
      epoch 1/5 n=120 mean_loss=1.2536
      epoch 2/5 n=120 mean_loss=0.1541
      epoch 3/5 n=120 mean_loss=0.1587
      epoch 4/5 n=120 mean_loss=0.1507
      epoch 5/5 n=120 mean_loss=0.1598
       eval tcga_lung  class-IL=0.3789 task-IL=0.8105
       eval tcga_brca  class-IL=0.6667 task-IL=0.9355
       eval tcga_rcc   class-IL=0.8816 task-IL=0.9211
       eval tcga_esca  class-IL=0.8667 task-IL=0.9333
  ▶ A2 (+ LoRA merge) seed=1
    ── stage 0: tcga_lung
      epoch 1/5 n=774 mean_loss=0.6066
      epoch 2/5 n=774 mean_loss=0.3879
      epoch 3/5 n=774 mean_loss=0.3768
      epoch 4/5 n=774 mean_loss=0.3605
      epoch 5/5 n=774 mean_loss=0.3413
       eval tcga_lung  class-IL=0.8421 task-IL=0.8421
    ── stage 1: tcga_brca
      epoch 1/5 n=763 mean_loss=0.4577
      epoch 2/5 n=763 mean_loss=0.3294
      epoch 3/5 n=763 mean_loss=0.3262
      epoch 4/5 n=763 mean_loss=0.3029
      epoch 5/5 n=763 mean_loss=0.3101
       eval tcga_lung  class-IL=0.1684 task-IL=0.8211
       eval tcga_brca  class-IL=0.8925 task-IL=0.8925
    ── stage 2: tcga_rcc
      epoch 1/5 n=616 mean_loss=0.3630
      epoch 2/5 n=616 mean_loss=0.2004
      epoch 3/5 n=616 mean_loss=0.1563
      epoch 4/5 n=616 mean_loss=0.1215
      epoch 5/5 n=616 mean_loss=0.1626
       eval tcga_lung  class-IL=0.2316 task-IL=0.6947
       eval tcga_brca  class-IL=0.1935 task-IL=0.4086
       eval tcga_rcc   class-IL=0.9211 task-IL=0.9211
    ── stage 3: tcga_esca
      epoch 1/5 n=120 mean_loss=1.8912
      epoch 2/5 n=120 mean_loss=0.4018
      epoch 3/5 n=120 mean_loss=0.1809
      epoch 4/5 n=120 mean_loss=0.0707
      epoch 5/5 n=120 mean_loss=0.2746
       eval tcga_lung  class-IL=0.2842 task-IL=0.7368
       eval tcga_brca  class-IL=0.4194 task-IL=0.8387
       eval tcga_rcc   class-IL=0.8816 task-IL=0.9211
       eval tcga_esca  class-IL=0.8000 task-IL=0.9333
  ▶ A2 (+ LoRA merge) seed=2
    ── stage 0: tcga_lung
      epoch 1/5 n=774 mean_loss=0.5705
      epoch 2/5 n=774 mean_loss=0.4637
      epoch 3/5 n=774 mean_loss=0.3843
      epoch 4/5 n=774 mean_loss=0.4341
      epoch 5/5 n=774 mean_loss=0.4082
       eval tcga_lung  class-IL=0.8842 task-IL=0.8842
    ── stage 1: tcga_brca
      epoch 1/5 n=763 mean_loss=0.5074
      epoch 2/5 n=763 mean_loss=0.3424
      epoch 3/5 n=763 mean_loss=0.3940
      epoch 4/5 n=763 mean_loss=0.3380
      epoch 5/5 n=763 mean_loss=0.3273
       eval tcga_lung  class-IL=0.1263 task-IL=0.7684
       eval tcga_brca  class-IL=0.8817 task-IL=0.8925
    ── stage 2: tcga_rcc
      epoch 1/5 n=616 mean_loss=0.3008
      epoch 2/5 n=616 mean_loss=0.1587
      epoch 3/5 n=616 mean_loss=0.1801
      epoch 4/5 n=616 mean_loss=0.1460
      epoch 5/5 n=616 mean_loss=0.1553
       eval tcga_lung  class-IL=0.1895 task-IL=0.6526
       eval tcga_brca  class-IL=0.4301 task-IL=0.6129
       eval tcga_rcc   class-IL=0.9474 task-IL=0.9474
    ── stage 3: tcga_esca
      epoch 1/5 n=120 mean_loss=1.9335
      epoch 2/5 n=120 mean_loss=0.2561
      epoch 3/5 n=120 mean_loss=0.0731
      epoch 4/5 n=120 mean_loss=0.2204
      epoch 5/5 n=120 mean_loss=0.1386
       eval tcga_lung  class-IL=0.3263 task-IL=0.8211
       eval tcga_brca  class-IL=0.5054 task-IL=0.8387
       eval tcga_rcc   class-IL=0.9474 task-IL=0.9737
       eval tcga_esca  class-IL=0.8000 task-IL=0.9333
  ▶ A3 (+ Replay) seed=0
    ── stage 0: tcga_lung
      epoch 1/5 n=774 mean_loss=0.5237
      epoch 2/5 n=774 mean_loss=0.3903
      epoch 3/5 n=774 mean_loss=0.3419
      epoch 4/5 n=774 mean_loss=0.3437
      epoch 5/5 n=774 mean_loss=0.3379
       記憶體 +774 → |M|=512
       eval tcga_lung  class-IL=0.8632 task-IL=0.8842
    ── stage 1: tcga_brca
