Exp2  arms=['A1']  order=reverse  seeds=[0, 1, 2]  B=8 c=1 epochs=5 beta_u=0.0 replay_k=1 λ=(1.0,1.0,1.0)
  ▶ A1 (SeqFT) seed=0
    ── stage 0: tcga_esca
      epoch 1/5 n=120 mean_loss=0.7175
      epoch 2/5 n=120 mean_loss=0.1863
      epoch 3/5 n=120 mean_loss=0.2411
      epoch 4/5 n=120 mean_loss=0.2783
      epoch 5/5 n=120 mean_loss=0.2607
       eval tcga_esca  class-IL=0.8000 task-IL=0.9333
    ── stage 1: tcga_rcc
      epoch 1/5 n=616 mean_loss=0.5469
      epoch 2/5 n=616 mean_loss=0.2651
      epoch 3/5 n=616 mean_loss=0.2642
      epoch 4/5 n=616 mean_loss=0.3465
      epoch 5/5 n=616 mean_loss=0.2973
       eval tcga_esca  class-IL=0.3333 task-IL=0.4667
       eval tcga_rcc   class-IL=0.8947 task-IL=0.9211
    ── stage 2: tcga_brca
      epoch 1/5 n=763 mean_loss=0.5191
      epoch 2/5 n=763 mean_loss=0.4634
      epoch 3/5 n=763 mean_loss=0.4951
      epoch 4/5 n=763 mean_loss=0.3624
      epoch 5/5 n=763 mean_loss=0.3639
       eval tcga_esca  class-IL=0.2000 task-IL=0.7333
       eval tcga_rcc   class-IL=0.1053 task-IL=0.7763
       eval tcga_brca  class-IL=0.8817 task-IL=0.8925
    ── stage 3: tcga_lung
      epoch 1/5 n=774 mean_loss=0.6457
      epoch 2/5 n=774 mean_loss=0.5929
      epoch 3/5 n=774 mean_loss=0.4446
      epoch 4/5 n=774 mean_loss=0.4230
      epoch 5/5 n=774 mean_loss=0.4097
       eval tcga_esca  class-IL=0.0667 task-IL=0.9333
       eval tcga_rcc   class-IL=0.6974 task-IL=0.8947
       eval tcga_brca  class-IL=0.3763 task-IL=0.8495
       eval tcga_lung  class-IL=0.8632 task-IL=0.8632
  ▶ A1 (SeqFT) seed=1
    ── stage 0: tcga_esca
      epoch 1/5 n=120 mean_loss=0.3317
      epoch 2/5 n=120 mean_loss=0.1433
      epoch 3/5 n=120 mean_loss=0.1541
      epoch 4/5 n=120 mean_loss=0.1369
      epoch 5/5 n=120 mean_loss=0.0535
       eval tcga_esca  class-IL=0.8000 task-IL=0.9333
    ── stage 1: tcga_rcc
      epoch 1/5 n=616 mean_loss=0.3487
      epoch 2/5 n=616 mean_loss=0.2176
      epoch 3/5 n=616 mean_loss=0.4091
      epoch 4/5 n=616 mean_loss=0.3908
      epoch 5/5 n=616 mean_loss=0.3551
       eval tcga_esca  class-IL=0.2667 task-IL=0.6000
       eval tcga_rcc   class-IL=0.9342 task-IL=0.9342
    ── stage 2: tcga_brca
      epoch 1/5 n=763 mean_loss=0.5751
      epoch 2/5 n=763 mean_loss=0.4075
      epoch 3/5 n=763 mean_loss=0.3279
      epoch 4/5 n=763 mean_loss=0.3496
      epoch 5/5 n=763 mean_loss=0.3578
       eval tcga_esca  class-IL=0.0667 task-IL=0.4667
       eval tcga_rcc   class-IL=0.0395 task-IL=0.7237
       eval tcga_brca  class-IL=0.8817 task-IL=0.8817
    ── stage 3: tcga_lung
      epoch 1/5 n=774 mean_loss=0.7709
      epoch 2/5 n=774 mean_loss=0.4536
      epoch 3/5 n=774 mean_loss=0.4391
      epoch 4/5 n=774 mean_loss=0.3595
      epoch 5/5 n=774 mean_loss=0.3362
       eval tcga_esca  class-IL=0.1333 task-IL=0.8000
       eval tcga_rcc   class-IL=0.1974 task-IL=0.5789
       eval tcga_brca  class-IL=0.6667 task-IL=0.8387
       eval tcga_lung  class-IL=0.8526 task-IL=0.8526
  ▶ A1 (SeqFT) seed=2
    ── stage 0: tcga_esca
      epoch 1/5 n=120 mean_loss=0.4383
      epoch 2/5 n=120 mean_loss=0.4494
      epoch 3/5 n=120 mean_loss=0.2675
      epoch 4/5 n=120 mean_loss=0.2800
      epoch 5/5 n=120 mean_loss=0.1951
       eval tcga_esca  class-IL=0.8667 task-IL=0.9333
    ── stage 1: tcga_rcc
      epoch 1/5 n=616 mean_loss=0.4534
      epoch 2/5 n=616 mean_loss=0.3671
      epoch 3/5 n=616 mean_loss=0.5871
      epoch 4/5 n=616 mean_loss=0.3562
      epoch 5/5 n=616 mean_loss=0.4162
       eval tcga_esca  class-IL=0.0667 task-IL=0.5333
       eval tcga_rcc   class-IL=0.9079 task-IL=0.9079
    ── stage 2: tcga_brca
      epoch 1/5 n=763 mean_loss=0.5623
      epoch 2/5 n=763 mean_loss=0.5791
      epoch 3/5 n=763 mean_loss=0.3341
      epoch 4/5 n=763 mean_loss=0.4065
      epoch 5/5 n=763 mean_loss=0.3484
       eval tcga_esca  class-IL=0.0667 task-IL=0.4667
       eval tcga_rcc   class-IL=0.0263 task-IL=0.4868
       eval tcga_brca  class-IL=0.8280 task-IL=0.8387
    ── stage 3: tcga_lung
      epoch 1/5 n=774 mean_loss=0.7273
      epoch 2/5 n=774 mean_loss=0.5088
      epoch 3/5 n=774 mean_loss=0.4540
      epoch 4/5 n=774 mean_loss=0.3332
      epoch 5/5 n=774 mean_loss=0.4676
       eval tcga_esca  class-IL=0.1333 task-IL=0.5333
       eval tcga_rcc   class-IL=0.0526 task-IL=0.6184
       eval tcga_brca  class-IL=0.5376 task-IL=0.8387
       eval tcga_lung  class-IL=0.8105 task-IL=0.8105

→ /Users/aaron/research/02_pathselect/outputs/exp2/verify_a1/EXP2.md
