Exp2  arms=['A4']  order=reverse  seeds=[4]  B=8 c=1 epochs=5 arch=flat alloc=per_budget prior=discriminative head=accumulating beta_u=0.1 replay_k=1 λ=(1.0,1.0,1.0)
  ▶ A4 (+ Replay + KD) seed=4
    ── stage 0: tcga_esca
      epoch 1/5 n=120 mean_loss=0.3262
      epoch 2/5 n=120 mean_loss=0.0376
      epoch 3/5 n=120 mean_loss=0.0349
      epoch 4/5 n=120 mean_loss=0.0801
      epoch 5/5 n=120 mean_loss=0.0328
       記憶體 +120 → |M|=120
       eval tcga_esca  class-IL=0.9333 task-IL=0.9333
    ── stage 1: tcga_rcc
      epoch 1/5 n=616 mean_loss=0.4545
      epoch 2/5 n=616 mean_loss=0.2803
      epoch 3/5 n=616 mean_loss=0.3206
      epoch 4/5 n=616 mean_loss=0.2509
      epoch 5/5 n=616 mean_loss=0.1965
       記憶體 +616 → |M|=512
       eval tcga_esca  class-IL=0.9333 task-IL=1.0000
       eval tcga_rcc   class-IL=0.9474 task-IL=0.9474
    ── stage 2: tcga_brca
      epoch 1/5 n=763 mean_loss=0.7617
      epoch 2/5 n=763 mean_loss=0.8384
      epoch 3/5 n=763 mean_loss=0.6586
      epoch 4/5 n=763 mean_loss=0.6746
      epoch 5/5 n=763 mean_loss=0.7781
       記憶體 +763 → |M|=512
       eval tcga_esca  class-IL=0.8000 task-IL=1.0000
       eval tcga_rcc   class-IL=0.9342 task-IL=0.9474
       eval tcga_brca  class-IL=0.8280 task-IL=0.8925
    ── stage 3: tcga_lung
      epoch 1/5 n=774 mean_loss=1.2888
      epoch 2/5 n=774 mean_loss=1.2401
      epoch 3/5 n=774 mean_loss=1.1647
      epoch 4/5 n=774 mean_loss=1.0797
      epoch 5/5 n=774 mean_loss=0.9693
       記憶體 +774 → |M|=512
       eval tcga_esca  class-IL=0.3333 task-IL=1.0000
       eval tcga_rcc   class-IL=0.9079 task-IL=0.9474
       eval tcga_brca  class-IL=0.8387 task-IL=0.9032
       eval tcga_lung  class-IL=0.8421 task-IL=0.8526

→ outputs/exp3/ablation_acc/EXP2.md
