Exp2  arms=['A5']  order=reverse  seeds=[4]  B=8 c=1 epochs=5 arch=flat alloc=per_budget prior=discriminative head=accumulating uold=current beta_u=0.1 replay_k=1 λ=(1.0,1.0,1.0)
  ▶ A5 (Ours (Replay+KD+eq)) seed=4
    ── stage 0: tcga_esca
      epoch 1/5 n=120 mean_loss=0.3262
      epoch 2/5 n=120 mean_loss=0.0376
      epoch 3/5 n=120 mean_loss=0.0349
      epoch 4/5 n=120 mean_loss=0.0801
      epoch 5/5 n=120 mean_loss=0.0328
       記憶體 +120 → |M|=120
       eval tcga_esca  class-IL=0.9333 task-IL=0.9333
    ── stage 1: tcga_rcc
      epoch 1/5 n=616 mean_loss=0.4840
      epoch 2/5 n=616 mean_loss=0.3932
      epoch 3/5 n=616 mean_loss=0.2870
      epoch 4/5 n=616 mean_loss=0.2310
      epoch 5/5 n=616 mean_loss=0.2763
       記憶體 +616 → |M|=512
       eval tcga_esca  class-IL=1.0000 task-IL=1.0000
       eval tcga_rcc   class-IL=0.9474 task-IL=0.9605
    ── stage 2: tcga_brca
      epoch 1/5 n=763 mean_loss=1.1275
      epoch 2/5 n=763 mean_loss=1.0336
      epoch 3/5 n=763 mean_loss=0.8162
      epoch 4/5 n=763 mean_loss=0.8767
      epoch 5/5 n=763 mean_loss=0.7725
       記憶體 +763 → |M|=512
       eval tcga_esca  class-IL=0.8667 task-IL=0.9333
       eval tcga_rcc   class-IL=0.9211 task-IL=0.9342
       eval tcga_brca  class-IL=0.7527 task-IL=0.8387
    ── stage 3: tcga_lung
      epoch 1/5 n=774 mean_loss=1.5842
      epoch 2/5 n=774 mean_loss=1.4045
      epoch 3/5 n=774 mean_loss=1.4746
      epoch 4/5 n=774 mean_loss=1.2238
      epoch 5/5 n=774 mean_loss=1.1867
       記憶體 +774 → |M|=512
       eval tcga_esca  class-IL=0.5333 task-IL=1.0000
       eval tcga_rcc   class-IL=0.9079 task-IL=0.9474
       eval tcga_brca  class-IL=0.8172 task-IL=0.9032
       eval tcga_lung  class-IL=0.8316 task-IL=0.8632

→ outputs/exp3/ablation_ucur/EXP2.md
