Exp2  arms=['A5']  order=main  seeds=[1]  B=8 c=1 epochs=5 arch=hier alloc=per_budget prior=discriminative head=accumulating uold=current beta_u=0.1 replay_k=1 λ=(1.0,1.0,1.0)
  ▶ A5 (Ours (Replay+KD+eq)) seed=1
    ── stage 0: tcga_lung
      epoch 1/5 n=774 mean_loss=0.4899
      epoch 2/5 n=774 mean_loss=0.3697
      epoch 3/5 n=774 mean_loss=0.3731
      epoch 4/5 n=774 mean_loss=0.3195
      epoch 5/5 n=774 mean_loss=0.3218
       記憶體 +774 → |M|=128
       eval tcga_lung  class-IL=0.9053 task-IL=0.9053
    ── stage 1: tcga_brca
      epoch 1/5 n=763 mean_loss=1.7567
      epoch 2/5 n=763 mean_loss=1.4087
      epoch 3/5 n=763 mean_loss=1.0670
      epoch 4/5 n=763 mean_loss=1.1427
      epoch 5/5 n=763 mean_loss=1.0244
       記憶體 +763 → |M|=128
       eval tcga_lung  class-IL=0.8105 task-IL=0.8632
       eval tcga_brca  class-IL=0.8065 task-IL=0.8817
    ── stage 2: tcga_rcc
      epoch 1/5 n=616 mean_loss=1.1306
      epoch 2/5 n=616 mean_loss=1.0685
      epoch 3/5 n=616 mean_loss=1.0274
      epoch 4/5 n=616 mean_loss=0.8137
      epoch 5/5 n=616 mean_loss=0.8038
       記憶體 +616 → |M|=128
       eval tcga_lung  class-IL=0.7895 task-IL=0.8526
       eval tcga_brca  class-IL=0.7742 task-IL=0.8495
       eval tcga_rcc   class-IL=0.9211 task-IL=0.9342
    ── stage 3: tcga_esca
      epoch 1/5 n=120 mean_loss=1.5963
      epoch 2/5 n=120 mean_loss=1.2950
      epoch 3/5 n=120 mean_loss=0.6999
      epoch 4/5 n=120 mean_loss=0.8414
      epoch 5/5 n=120 mean_loss=1.0039
       記憶體 +120 → |M|=128
       eval tcga_lung  class-IL=0.6421 task-IL=0.8316
       eval tcga_brca  class-IL=0.7634 task-IL=0.8602
       eval tcga_rcc   class-IL=0.9211 task-IL=0.9342
       eval tcga_esca  class-IL=0.8667 task-IL=0.9333

→ outputs/exp5/m128_full_fwd/EXP2.md
