Exp2  arms=['A5']  order=main  seeds=[3]  B=8 c=1 epochs=5 arch=hier alloc=per_budget prior=discriminative head=accumulating uold=current beta_u=0.1 replay_k=1 λ=(1.0,1.0,1.0)
  ▶ A5 (Ours (Replay+KD+eq)) seed=3
    ── stage 0: tcga_lung
      epoch 1/5 n=765 mean_loss=0.5310
      epoch 2/5 n=765 mean_loss=0.4204
      epoch 3/5 n=765 mean_loss=0.3523
      epoch 4/5 n=765 mean_loss=0.4665
      epoch 5/5 n=765 mean_loss=0.3344
       記憶體 +765 → |M|=128
       eval tcga_lung  class-IL=0.8692 task-IL=0.8692
    ── stage 1: tcga_brca
      epoch 1/5 n=763 mean_loss=1.6176
      epoch 2/5 n=763 mean_loss=1.3148
      epoch 3/5 n=763 mean_loss=1.1237
      epoch 4/5 n=763 mean_loss=1.0416
      epoch 5/5 n=763 mean_loss=1.0192
       記憶體 +763 → |M|=128
       eval tcga_lung  class-IL=0.8037 task-IL=0.8224
       eval tcga_brca  class-IL=0.7604 task-IL=0.8021
    ── stage 2: tcga_rcc
      epoch 1/5 n=617 mean_loss=1.1366
      epoch 2/5 n=617 mean_loss=0.9166
      epoch 3/5 n=617 mean_loss=0.8323
      epoch 4/5 n=617 mean_loss=0.5977
      epoch 5/5 n=617 mean_loss=0.6059
       記憶體 +617 → |M|=128
       eval tcga_lung  class-IL=0.8224 task-IL=0.8505
       eval tcga_brca  class-IL=0.8229 task-IL=0.8750
       eval tcga_rcc   class-IL=0.8947 task-IL=0.9211
    ── stage 3: tcga_esca
      epoch 1/5 n=120 mean_loss=1.8474
      epoch 2/5 n=120 mean_loss=1.9737
      epoch 3/5 n=120 mean_loss=1.7017
      epoch 4/5 n=120 mean_loss=1.5197
      epoch 5/5 n=120 mean_loss=1.2138
       記憶體 +120 → |M|=128
       eval tcga_lung  class-IL=0.6449 task-IL=0.8224
       eval tcga_brca  class-IL=0.8125 task-IL=0.8542
       eval tcga_rcc   class-IL=0.9211 task-IL=0.9342
       eval tcga_esca  class-IL=0.8667 task-IL=1.0000

→ outputs/exp5/m128_full_fwd/EXP2.md
