Exp2  arms=['A5']  order=main  seeds=[10]  B=8 c=1 epochs=5 arch=hier alloc=per_budget prior=discriminative head=accumulating uold=current beta_u=0.1 replay_k=1 λ=(1.0,1.0,1.0)
  ▶ A5 (Ours (Replay+KD+eq)) seed=10
    ── stage 0: tcga_lung
      epoch 1/5 n=771 mean_loss=0.7909
      epoch 2/5 n=771 mean_loss=0.5461
      epoch 3/5 n=771 mean_loss=0.4992
      epoch 4/5 n=771 mean_loss=0.4924
      epoch 5/5 n=771 mean_loss=0.4578
       記憶體 +771 → |M|=128
       eval tcga_lung  class-IL=0.8333 task-IL=0.8333
    ── stage 1: tcga_brca
      epoch 1/5 n=763 mean_loss=2.0549
      epoch 2/5 n=763 mean_loss=1.4945
      epoch 3/5 n=763 mean_loss=1.3056
      epoch 4/5 n=763 mean_loss=1.2382
      epoch 5/5 n=763 mean_loss=0.9926
       記憶體 +763 → |M|=128
       eval tcga_lung  class-IL=0.7333 task-IL=0.7556
       eval tcga_brca  class-IL=0.8681 task-IL=0.8901
    ── stage 2: tcga_rcc
      epoch 1/5 n=618 mean_loss=1.4630
      epoch 2/5 n=618 mean_loss=1.0707
      epoch 3/5 n=618 mean_loss=1.0116
      epoch 4/5 n=618 mean_loss=0.9025
      epoch 5/5 n=618 mean_loss=0.9546
       記憶體 +618 → |M|=128
       eval tcga_lung  class-IL=0.7889 task-IL=0.8333
       eval tcga_brca  class-IL=0.8681 task-IL=0.9231
       eval tcga_rcc   class-IL=0.9054 task-IL=0.9459
    ── stage 3: tcga_esca
      epoch 1/5 n=121 mean_loss=1.8487
      epoch 2/5 n=121 mean_loss=1.2161
      epoch 3/5 n=121 mean_loss=1.0456
      epoch 4/5 n=121 mean_loss=1.1231
      epoch 5/5 n=121 mean_loss=0.9185
       記憶體 +121 → |M|=128
       eval tcga_lung  class-IL=0.7333 task-IL=0.8222
       eval tcga_brca  class-IL=0.8571 task-IL=0.9121
       eval tcga_rcc   class-IL=0.9054 task-IL=0.9459
       eval tcga_esca  class-IL=1.0000 task-IL=1.0000

→ outputs/exp5/m128_full_fwd/EXP2.md
