Exp2  arms=['A5']  order=main  seeds=[2]  B=8 c=1 epochs=5 arch=hier alloc=per_budget prior=discriminative head=accumulating uold=current beta_u=0.1 replay_k=1 λ=(1.0,1.0,1.0)
  ▶ A5 (Ours (Replay+KD+eq)) seed=2
    ── stage 0: tcga_lung
      epoch 1/5 n=761 mean_loss=0.8516
      epoch 2/5 n=761 mean_loss=0.4462
      epoch 3/5 n=761 mean_loss=0.4020
      epoch 4/5 n=761 mean_loss=0.3903
      epoch 5/5 n=761 mean_loss=0.3524
       記憶體 +761 → |M|=128
       eval tcga_lung  class-IL=0.9263 task-IL=0.9263
    ── stage 1: tcga_brca
      epoch 1/5 n=764 mean_loss=2.3762
      epoch 2/5 n=764 mean_loss=1.8544
      epoch 3/5 n=764 mean_loss=1.4821
      epoch 4/5 n=764 mean_loss=1.0717
      epoch 5/5 n=764 mean_loss=1.2977
       記憶體 +764 → |M|=128
       eval tcga_lung  class-IL=0.8632 task-IL=0.8842
       eval tcga_brca  class-IL=0.9158 task-IL=0.9474
    ── stage 2: tcga_rcc
      epoch 1/5 n=613 mean_loss=1.1394
      epoch 2/5 n=613 mean_loss=0.9611
      epoch 3/5 n=613 mean_loss=0.9443
      epoch 4/5 n=613 mean_loss=0.7864
      epoch 5/5 n=613 mean_loss=0.7882
       記憶體 +613 → |M|=128
       eval tcga_lung  class-IL=0.8421 task-IL=0.9053
       eval tcga_brca  class-IL=0.8421 task-IL=0.9368
       eval tcga_rcc   class-IL=1.0000 task-IL=1.0000
    ── stage 3: tcga_esca
      epoch 1/5 n=120 mean_loss=2.8798
      epoch 2/5 n=120 mean_loss=1.6704
      epoch 3/5 n=120 mean_loss=1.2030
      epoch 4/5 n=120 mean_loss=1.0461
      epoch 5/5 n=120 mean_loss=1.0460
       記憶體 +120 → |M|=128
       eval tcga_lung  class-IL=0.6737 task-IL=0.8947
       eval tcga_brca  class-IL=0.8000 task-IL=0.8842
       eval tcga_rcc   class-IL=0.9877 task-IL=0.9877
       eval tcga_esca  class-IL=0.6667 task-IL=0.9333

→ outputs/exp5/m128_full_fwd/EXP2.md
