Exp2  arms=['A5']  order=main  seeds=[5]  B=8 c=1 epochs=5 arch=flat alloc=per_budget prior=discriminative head=accumulating uold=current beta_u=0.1 replay_k=1 λ=(1.0,1.0,1.0)
  ▶ A5 (Ours (Replay+KD+eq)) seed=5
    ── stage 0: tcga_lung
      epoch 1/5 n=764 mean_loss=0.4447
      epoch 2/5 n=764 mean_loss=0.3599
      epoch 3/5 n=764 mean_loss=0.3498
      epoch 4/5 n=764 mean_loss=0.3123
      epoch 5/5 n=764 mean_loss=0.2843
       記憶體 +764 → |M|=64
       eval tcga_lung  class-IL=0.9167 task-IL=0.9167
    ── stage 1: tcga_brca
      epoch 1/5 n=763 mean_loss=1.2153
      epoch 2/5 n=763 mean_loss=0.9136
      epoch 3/5 n=763 mean_loss=0.8588
      epoch 4/5 n=763 mean_loss=0.6885
      epoch 5/5 n=763 mean_loss=0.7018
       記憶體 +763 → |M|=64
       eval tcga_lung  class-IL=0.6771 task-IL=0.8021
       eval tcga_brca  class-IL=0.8936 task-IL=0.9362
    ── stage 2: tcga_rcc
      epoch 1/5 n=619 mean_loss=0.9134
      epoch 2/5 n=619 mean_loss=0.5828
      epoch 3/5 n=619 mean_loss=0.5257
      epoch 4/5 n=619 mean_loss=0.4048
      epoch 5/5 n=619 mean_loss=0.4755
       記憶體 +619 → |M|=64
       eval tcga_lung  class-IL=0.7812 task-IL=0.8854
       eval tcga_brca  class-IL=0.9255 task-IL=0.9574
       eval tcga_rcc   class-IL=0.8919 task-IL=0.9459
    ── stage 3: tcga_esca
      epoch 1/5 n=120 mean_loss=2.0608
      epoch 2/5 n=120 mean_loss=1.0222
      epoch 3/5 n=120 mean_loss=0.8636
      epoch 4/5 n=120 mean_loss=0.6478
      epoch 5/5 n=120 mean_loss=0.8371
       記憶體 +120 → |M|=64
       eval tcga_lung  class-IL=0.6458 task-IL=0.8333
       eval tcga_brca  class-IL=0.8085 task-IL=0.9149
       eval tcga_rcc   class-IL=0.9595 task-IL=0.9730
       eval tcga_esca  class-IL=0.9333 task-IL=1.0000

→ outputs/exp5/m64_distutil_fwd/EXP2.md
