Exp2  arms=['A3']  order=main  seeds=[9]  B=8 c=1 epochs=5 arch=flat alloc=per_budget prior=discriminative head=accumulating uold=snapshot beta_u=0.1 replay_k=1 λ=(1.0,1.0,1.0)
  ▶ A3 (+ Replay) seed=9
    ── stage 0: tcga_lung
      epoch 1/5 n=762 mean_loss=0.5737
      epoch 2/5 n=762 mean_loss=0.3931
      epoch 3/5 n=762 mean_loss=0.3695
      epoch 4/5 n=762 mean_loss=0.3262
      epoch 5/5 n=762 mean_loss=0.3616
       記憶體 +762 → |M|=64
       eval tcga_lung  class-IL=0.7717 task-IL=0.7717
    ── stage 1: tcga_brca
      epoch 1/5 n=760 mean_loss=1.0994
      epoch 2/5 n=760 mean_loss=0.7552
      epoch 3/5 n=760 mean_loss=0.6630
      epoch 4/5 n=760 mean_loss=0.5167
      epoch 5/5 n=760 mean_loss=0.4923
       記憶體 +760 → |M|=64
       eval tcga_lung  class-IL=0.8696 task-IL=0.8913
       eval tcga_brca  class-IL=0.8687 task-IL=0.8889
    ── stage 2: tcga_rcc
      epoch 1/5 n=612 mean_loss=0.9249
      epoch 2/5 n=612 mean_loss=0.5073
      epoch 3/5 n=612 mean_loss=0.5134
      epoch 4/5 n=612 mean_loss=0.3992
      epoch 5/5 n=612 mean_loss=0.4904
       記憶體 +612 → |M|=64
       eval tcga_lung  class-IL=0.7935 task-IL=0.9130
       eval tcga_brca  class-IL=0.8889 task-IL=0.8990
       eval tcga_rcc   class-IL=0.8889 task-IL=0.9136
    ── stage 3: tcga_esca
      epoch 1/5 n=121 mean_loss=1.4398
      epoch 2/5 n=121 mean_loss=0.9368
      epoch 3/5 n=121 mean_loss=0.8818
      epoch 4/5 n=121 mean_loss=0.7593
      epoch 5/5 n=121 mean_loss=0.5652
       記憶體 +121 → |M|=64
       eval tcga_lung  class-IL=0.6739 task-IL=0.8587
       eval tcga_brca  class-IL=0.8182 task-IL=0.8889
       eval tcga_rcc   class-IL=0.9259 task-IL=0.9383
       eval tcga_esca  class-IL=0.8571 task-IL=1.0000

→ outputs/exp5/m64_replay_fwd/EXP2.md
