Exp2  arms=['A3']  order=reverse  seeds=[7]  B=8 c=1 epochs=5 arch=flat alloc=per_budget prior=discriminative head=accumulating uold=snapshot beta_u=0.1 replay_k=1 λ=(1.0,1.0,1.0)
  ▶ A3 (+ Replay) seed=7
    ── stage 0: tcga_esca
      epoch 1/5 n=120 mean_loss=0.2366
      epoch 2/5 n=120 mean_loss=0.0605
      epoch 3/5 n=120 mean_loss=0.1673
      epoch 4/5 n=120 mean_loss=0.1841
      epoch 5/5 n=120 mean_loss=0.0094
       記憶體 +120 → |M|=64
       eval tcga_esca  class-IL=0.9333 task-IL=0.9333
    ── stage 1: tcga_rcc
      epoch 1/5 n=615 mean_loss=0.5128
      epoch 2/5 n=615 mean_loss=0.3165
      epoch 3/5 n=615 mean_loss=0.2479
      epoch 4/5 n=615 mean_loss=0.2340
      epoch 5/5 n=615 mean_loss=0.2151
       記憶體 +615 → |M|=64
       eval tcga_esca  class-IL=1.0000 task-IL=1.0000
       eval tcga_rcc   class-IL=0.9333 task-IL=0.9467
    ── stage 2: tcga_brca
      epoch 1/5 n=760 mean_loss=0.6362
      epoch 2/5 n=760 mean_loss=0.4937
      epoch 3/5 n=760 mean_loss=0.5343
      epoch 4/5 n=760 mean_loss=0.4318
      epoch 5/5 n=760 mean_loss=0.3625
       記憶體 +760 → |M|=64
       eval tcga_esca  class-IL=0.8000 task-IL=0.9333
       eval tcga_rcc   class-IL=0.9333 task-IL=0.9467
       eval tcga_brca  class-IL=0.9062 task-IL=0.9062
    ── stage 3: tcga_lung
      epoch 1/5 n=774 mean_loss=0.9791
      epoch 2/5 n=774 mean_loss=0.7937
      epoch 3/5 n=774 mean_loss=0.6010
      epoch 4/5 n=774 mean_loss=0.5384
      epoch 5/5 n=774 mean_loss=0.5651
       記憶體 +774 → |M|=64
       eval tcga_esca  class-IL=0.4667 task-IL=1.0000
       eval tcga_rcc   class-IL=0.9333 task-IL=0.9333
       eval tcga_brca  class-IL=0.8750 task-IL=0.9167
       eval tcga_lung  class-IL=0.8969 task-IL=0.9175

→ outputs/exp5/m64_replay_rev/EXP2.md
