Exp2  arms=['A3']  order=reverse  seeds=[8]  B=8 c=1 epochs=5 arch=flat alloc=per_budget prior=discriminative head=accumulating uold=snapshot beta_u=0.1 replay_k=1 λ=(1.0,1.0,1.0)
  ▶ A3 (+ Replay) seed=8
    ── stage 0: tcga_esca
      epoch 1/5 n=120 mean_loss=0.3718
      epoch 2/5 n=120 mean_loss=0.0535
      epoch 3/5 n=120 mean_loss=0.0436
      epoch 4/5 n=120 mean_loss=0.0168
      epoch 5/5 n=120 mean_loss=0.0124
       記憶體 +120 → |M|=64
       eval tcga_esca  class-IL=0.8667 task-IL=0.8667
    ── stage 1: tcga_rcc
      epoch 1/5 n=617 mean_loss=0.3391
      epoch 2/5 n=617 mean_loss=0.3040
      epoch 3/5 n=617 mean_loss=0.2484
      epoch 4/5 n=617 mean_loss=0.2494
      epoch 5/5 n=617 mean_loss=0.2034
       記憶體 +617 → |M|=64
       eval tcga_esca  class-IL=0.9333 task-IL=0.9333
       eval tcga_rcc   class-IL=0.8421 task-IL=0.8553
    ── stage 2: tcga_brca
      epoch 1/5 n=762 mean_loss=0.9065
      epoch 2/5 n=762 mean_loss=0.6359
      epoch 3/5 n=762 mean_loss=0.5181
      epoch 4/5 n=762 mean_loss=0.4733
      epoch 5/5 n=762 mean_loss=0.3937
       記憶體 +762 → |M|=64
       eval tcga_esca  class-IL=0.6000 task-IL=0.8667
       eval tcga_rcc   class-IL=0.9342 task-IL=0.9342
       eval tcga_brca  class-IL=0.8646 task-IL=0.8750
    ── stage 3: tcga_lung
      epoch 1/5 n=777 mean_loss=1.1768
      epoch 2/5 n=777 mean_loss=0.7872
      epoch 3/5 n=777 mean_loss=0.7101
      epoch 4/5 n=777 mean_loss=0.6045
      epoch 5/5 n=777 mean_loss=0.5721
       記憶體 +777 → |M|=64
       eval tcga_esca  class-IL=0.4000 task-IL=0.9333
       eval tcga_rcc   class-IL=0.8816 task-IL=0.8947
       eval tcga_brca  class-IL=0.7917 task-IL=0.8750
       eval tcga_lung  class-IL=0.8817 task-IL=0.9140

→ outputs/exp5/m64_replay_rev/EXP2.md
