Exp2  arms=['A5']  order=reverse  seeds=[10]  B=8 c=1 epochs=5 arch=hier alloc=per_budget prior=discriminative head=accumulating uold=current beta_u=0.1 replay_k=1 λ=(1.0,1.0,1.0)
  ▶ A5 (Ours (Replay+KD+eq)) seed=10
    ── stage 0: tcga_esca
      epoch 1/5 n=121 mean_loss=0.3532
      epoch 2/5 n=121 mean_loss=0.1183
      epoch 3/5 n=121 mean_loss=0.0516
      epoch 4/5 n=121 mean_loss=0.0598
      epoch 5/5 n=121 mean_loss=0.0271
       記憶體 +121 → |M|=64
       eval tcga_esca  class-IL=1.0000 task-IL=1.0000
    ── stage 1: tcga_rcc
      epoch 1/5 n=618 mean_loss=0.4106
      epoch 2/5 n=618 mean_loss=0.3178
      epoch 3/5 n=618 mean_loss=0.2904
      epoch 4/5 n=618 mean_loss=0.2590
      epoch 5/5 n=618 mean_loss=0.2198
       記憶體 +618 → |M|=64
       eval tcga_esca  class-IL=1.0000 task-IL=1.0000
       eval tcga_rcc   class-IL=0.9189 task-IL=0.9324
    ── stage 2: tcga_brca
      epoch 1/5 n=763 mean_loss=0.7637
      epoch 2/5 n=763 mean_loss=0.5670
      epoch 3/5 n=763 mean_loss=0.4309
      epoch 4/5 n=763 mean_loss=0.3981
      epoch 5/5 n=763 mean_loss=0.4517
       記憶體 +763 → |M|=64
       eval tcga_esca  class-IL=0.9286 task-IL=1.0000
       eval tcga_rcc   class-IL=0.8919 task-IL=0.9189
       eval tcga_brca  class-IL=0.8571 task-IL=0.8571
    ── stage 3: tcga_lung
      epoch 1/5 n=771 mean_loss=1.2673
      epoch 2/5 n=771 mean_loss=1.0155
      epoch 3/5 n=771 mean_loss=0.7949
      epoch 4/5 n=771 mean_loss=0.7260
      epoch 5/5 n=771 mean_loss=0.7122
       記憶體 +771 → |M|=64
       eval tcga_esca  class-IL=0.5000 task-IL=1.0000
       eval tcga_rcc   class-IL=0.8919 task-IL=0.9459
       eval tcga_brca  class-IL=0.8242 task-IL=0.9011
       eval tcga_lung  class-IL=0.8444 task-IL=0.8556

→ outputs/exp5/m64_full_rev/EXP2.md
