Exp2  arms=['A5']  order=main  seeds=[9]  B=8 c=1 epochs=5 arch=flat alloc=per_budget prior=discriminative head=accumulating uold=current beta_u=0.1 replay_k=1 λ=(1.0,1.0,1.0)
  ▶ A5 (Ours (Replay+KD+eq)) seed=9
    ── stage 0: tcga_lung
      epoch 1/5 n=762 mean_loss=0.5737
      epoch 2/5 n=762 mean_loss=0.3931
      epoch 3/5 n=762 mean_loss=0.3695
      epoch 4/5 n=762 mean_loss=0.3262
      epoch 5/5 n=762 mean_loss=0.3616
       記憶體 +762 → |M|=64
       eval tcga_lung  class-IL=0.7717 task-IL=0.7717
    ── stage 1: tcga_brca
      epoch 1/5 n=760 mean_loss=1.3382
      epoch 2/5 n=760 mean_loss=0.8101
      epoch 3/5 n=760 mean_loss=0.9663
      epoch 4/5 n=760 mean_loss=0.8829
      epoch 5/5 n=760 mean_loss=0.8179
       記憶體 +760 → |M|=64
       eval tcga_lung  class-IL=0.7826 task-IL=0.8478
       eval tcga_brca  class-IL=0.8485 task-IL=0.8687
    ── stage 2: tcga_rcc
      epoch 1/5 n=612 mean_loss=1.3496
      epoch 2/5 n=612 mean_loss=0.7225
      epoch 3/5 n=612 mean_loss=0.6773
      epoch 4/5 n=612 mean_loss=0.4998
      epoch 5/5 n=612 mean_loss=0.4691
       記憶體 +612 → |M|=64
       eval tcga_lung  class-IL=0.6522 task-IL=0.8804
       eval tcga_brca  class-IL=0.8384 task-IL=0.8889
       eval tcga_rcc   class-IL=0.8642 task-IL=0.8765
    ── stage 3: tcga_esca
      epoch 1/5 n=121 mean_loss=2.4466
      epoch 2/5 n=121 mean_loss=1.6156
      epoch 3/5 n=121 mean_loss=0.8287
      epoch 4/5 n=121 mean_loss=1.4998
      epoch 5/5 n=121 mean_loss=0.7199
       記憶體 +121 → |M|=64
       eval tcga_lung  class-IL=0.5652 task-IL=0.8261
       eval tcga_brca  class-IL=0.8889 task-IL=0.9091
       eval tcga_rcc   class-IL=0.8519 task-IL=0.8765
       eval tcga_esca  class-IL=0.8571 task-IL=0.9286

→ outputs/exp5/m64_distutil_fwd/EXP2.md
