Exp2  arms=['A3']  order=main  seeds=[8]  B=8 c=1 epochs=5 arch=flat alloc=per_budget prior=discriminative head=accumulating uold=snapshot beta_u=0.1 replay_k=1 λ=(1.0,1.0,1.0)
  ▶ A3 (+ Replay) seed=8
    ── stage 0: tcga_lung
      epoch 1/5 n=777 mean_loss=0.5537
      epoch 2/5 n=777 mean_loss=0.3427
      epoch 3/5 n=777 mean_loss=0.3472
      epoch 4/5 n=777 mean_loss=0.2968
      epoch 5/5 n=777 mean_loss=0.3422
       記憶體 +777 → |M|=64
       eval tcga_lung  class-IL=0.8925 task-IL=0.8925
    ── stage 1: tcga_brca
      epoch 1/5 n=762 mean_loss=0.7614
      epoch 2/5 n=762 mean_loss=0.6220
      epoch 3/5 n=762 mean_loss=0.5457
      epoch 4/5 n=762 mean_loss=0.4985
      epoch 5/5 n=762 mean_loss=0.4581
       記憶體 +762 → |M|=64
       eval tcga_lung  class-IL=0.7742 task-IL=0.8925
       eval tcga_brca  class-IL=0.8646 task-IL=0.8750
    ── stage 2: tcga_rcc
      epoch 1/5 n=617 mean_loss=0.8078
      epoch 2/5 n=617 mean_loss=0.4871
      epoch 3/5 n=617 mean_loss=0.5428
      epoch 4/5 n=617 mean_loss=0.3250
      epoch 5/5 n=617 mean_loss=0.3773
       記憶體 +617 → |M|=64
       eval tcga_lung  class-IL=0.7957 task-IL=0.8817
       eval tcga_brca  class-IL=0.8958 task-IL=0.9167
       eval tcga_rcc   class-IL=0.9211 task-IL=0.9211
    ── stage 3: tcga_esca
      epoch 1/5 n=120 mean_loss=1.1671
      epoch 2/5 n=120 mean_loss=0.7541
      epoch 3/5 n=120 mean_loss=0.7461
      epoch 4/5 n=120 mean_loss=0.5047
      epoch 5/5 n=120 mean_loss=0.5407
       記憶體 +120 → |M|=64
       eval tcga_lung  class-IL=0.6022 task-IL=0.8602
       eval tcga_brca  class-IL=0.8333 task-IL=0.8750
       eval tcga_rcc   class-IL=0.9079 task-IL=0.9079
       eval tcga_esca  class-IL=0.7333 task-IL=0.9333

→ outputs/exp5/m64_replay_fwd/EXP2.md
