Exp2  arms=['A3']  order=main  seeds=[3]  B=8 c=1 epochs=5 arch=flat alloc=per_budget prior=discriminative head=accumulating uold=snapshot beta_u=0.1 replay_k=1 λ=(1.0,1.0,1.0)
  ▶ A3 (+ Replay) seed=3
    ── stage 0: tcga_lung
      epoch 1/5 n=765 mean_loss=0.5001
      epoch 2/5 n=765 mean_loss=0.3636
      epoch 3/5 n=765 mean_loss=0.3568
      epoch 4/5 n=765 mean_loss=0.4099
      epoch 5/5 n=765 mean_loss=0.3260
       記憶體 +765 → |M|=64
       eval tcga_lung  class-IL=0.8785 task-IL=0.8785
    ── stage 1: tcga_brca
      epoch 1/5 n=763 mean_loss=1.0264
      epoch 2/5 n=763 mean_loss=0.6542
      epoch 3/5 n=763 mean_loss=0.7032
      epoch 4/5 n=763 mean_loss=0.5469
      epoch 5/5 n=763 mean_loss=0.5767
       記憶體 +763 → |M|=64
       eval tcga_lung  class-IL=0.8598 task-IL=0.9159
       eval tcga_brca  class-IL=0.8750 task-IL=0.9062
    ── stage 2: tcga_rcc
      epoch 1/5 n=617 mean_loss=1.9589
      epoch 2/5 n=617 mean_loss=1.3363
      epoch 3/5 n=617 mean_loss=0.9714
      epoch 4/5 n=617 mean_loss=0.6829
      epoch 5/5 n=617 mean_loss=0.7222
       記憶體 +617 → |M|=64
       eval tcga_lung  class-IL=0.8037 task-IL=0.8598
       eval tcga_brca  class-IL=0.8125 task-IL=0.8646
       eval tcga_rcc   class-IL=0.8816 task-IL=0.9079
    ── stage 3: tcga_esca
      epoch 1/5 n=120 mean_loss=1.3588
      epoch 2/5 n=120 mean_loss=1.1195
      epoch 3/5 n=120 mean_loss=1.1823
      epoch 4/5 n=120 mean_loss=0.7201
      epoch 5/5 n=120 mean_loss=1.1491
       記憶體 +120 → |M|=64
       eval tcga_lung  class-IL=0.6262 task-IL=0.9159
       eval tcga_brca  class-IL=0.7708 task-IL=0.8750
       eval tcga_rcc   class-IL=0.8947 task-IL=0.9474
       eval tcga_esca  class-IL=0.8667 task-IL=0.8667

→ outputs/exp5/m64_replay_fwd/EXP2.md
