Exp2  arms=['A5']  order=reverse  seeds=[1]  B=8 c=1 epochs=5 arch=flat alloc=per_budget prior=discriminative head=accumulating uold=current beta_u=0.1 replay_k=1 λ=(1.0,1.0,1.0)
  ▶ A5 (Ours (Replay+KD+eq)) seed=1
    ── stage 0: tcga_esca
      epoch 1/5 n=120 mean_loss=0.1700
      epoch 2/5 n=120 mean_loss=0.1838
      epoch 3/5 n=120 mean_loss=0.0211
      epoch 4/5 n=120 mean_loss=0.0660
      epoch 5/5 n=120 mean_loss=0.0135
       記憶體 +120 → |M|=64
       eval tcga_esca  class-IL=1.0000 task-IL=1.0000
    ── stage 1: tcga_rcc
      epoch 1/5 n=616 mean_loss=0.3430
      epoch 2/5 n=616 mean_loss=0.3045
      epoch 3/5 n=616 mean_loss=0.2139
      epoch 4/5 n=616 mean_loss=0.1729
      epoch 5/5 n=616 mean_loss=0.2897
       記憶體 +616 → |M|=64
       eval tcga_esca  class-IL=1.0000 task-IL=1.0000
       eval tcga_rcc   class-IL=0.9474 task-IL=0.9474
    ── stage 2: tcga_brca
      epoch 1/5 n=763 mean_loss=0.9032
      epoch 2/5 n=763 mean_loss=0.6864
      epoch 3/5 n=763 mean_loss=0.6101
      epoch 4/5 n=763 mean_loss=0.7798
      epoch 5/5 n=763 mean_loss=0.5632
       記憶體 +763 → |M|=64
       eval tcga_esca  class-IL=0.5333 task-IL=0.8667
       eval tcga_rcc   class-IL=0.9211 task-IL=0.9342
       eval tcga_brca  class-IL=0.8710 task-IL=0.8925
    ── stage 3: tcga_lung
      epoch 1/5 n=774 mean_loss=1.3458
      epoch 2/5 n=774 mean_loss=1.0564
      epoch 3/5 n=774 mean_loss=0.9405
      epoch 4/5 n=774 mean_loss=0.6900
      epoch 5/5 n=774 mean_loss=0.5943
       記憶體 +774 → |M|=64
       eval tcga_esca  class-IL=0.4000 task-IL=0.9333
       eval tcga_rcc   class-IL=0.8421 task-IL=0.9342
       eval tcga_brca  class-IL=0.8280 task-IL=0.8925
       eval tcga_lung  class-IL=0.8842 task-IL=0.8947

→ outputs/exp5/m64_distutil_rev/EXP2.md
