Exp2  arms=['A5']  order=main  seeds=[1]  B=8 c=1 epochs=5 arch=flat alloc=per_budget prior=discriminative head=accumulating uold=current beta_u=0.1 replay_k=1 λ=(1.0,1.0,1.0)
  ▶ A5 (Ours (Replay+KD+eq)) seed=1
    ── stage 0: tcga_lung
      epoch 1/5 n=774 mean_loss=0.5030
      epoch 2/5 n=774 mean_loss=0.3710
      epoch 3/5 n=774 mean_loss=0.3167
      epoch 4/5 n=774 mean_loss=0.2993
      epoch 5/5 n=774 mean_loss=0.2885
       記憶體 +774 → |M|=64
       eval tcga_lung  class-IL=0.8737 task-IL=0.8737
    ── stage 1: tcga_brca
      epoch 1/5 n=763 mean_loss=1.0422
      epoch 2/5 n=763 mean_loss=0.8542
      epoch 3/5 n=763 mean_loss=0.5628
      epoch 4/5 n=763 mean_loss=0.4772
      epoch 5/5 n=763 mean_loss=0.4253
       記憶體 +763 → |M|=64
       eval tcga_lung  class-IL=0.8105 task-IL=0.8737
       eval tcga_brca  class-IL=0.8925 task-IL=0.9247
    ── stage 2: tcga_rcc
      epoch 1/5 n=616 mean_loss=0.5963
      epoch 2/5 n=616 mean_loss=0.4692
      epoch 3/5 n=616 mean_loss=0.3127
      epoch 4/5 n=616 mean_loss=0.3294
      epoch 5/5 n=616 mean_loss=0.2467
       記憶體 +616 → |M|=64
       eval tcga_lung  class-IL=0.8211 task-IL=0.8632
       eval tcga_brca  class-IL=0.8602 task-IL=0.9247
       eval tcga_rcc   class-IL=0.9342 task-IL=0.9474
    ── stage 3: tcga_esca
      epoch 1/5 n=120 mean_loss=1.8221
      epoch 2/5 n=120 mean_loss=1.2147
      epoch 3/5 n=120 mean_loss=1.2882
      epoch 4/5 n=120 mean_loss=1.1492
      epoch 5/5 n=120 mean_loss=1.2518
       記憶體 +120 → |M|=64
       eval tcga_lung  class-IL=0.6316 task-IL=0.7684
       eval tcga_brca  class-IL=0.7634 task-IL=0.9032
       eval tcga_rcc   class-IL=0.8816 task-IL=0.9342
       eval tcga_esca  class-IL=0.6667 task-IL=0.8000

→ outputs/exp5/m64_distutil_fwd/EXP2.md
