Exp2  arms=['A5']  order=main  seeds=[2]  B=8 c=1 epochs=5 arch=flat alloc=per_budget prior=discriminative head=accumulating uold=current beta_u=0.1 replay_k=1 λ=(1.0,1.0,1.0)
  ▶ A5 (Ours (Replay+KD+eq)) seed=2
    ── stage 0: tcga_lung
      epoch 1/5 n=761 mean_loss=0.5551
      epoch 2/5 n=761 mean_loss=0.3962
      epoch 3/5 n=761 mean_loss=0.3474
      epoch 4/5 n=761 mean_loss=0.3308
      epoch 5/5 n=761 mean_loss=0.3459
       記憶體 +761 → |M|=64
       eval tcga_lung  class-IL=0.9158 task-IL=0.9158
    ── stage 1: tcga_brca
      epoch 1/5 n=764 mean_loss=1.2337
      epoch 2/5 n=764 mean_loss=0.8413
      epoch 3/5 n=764 mean_loss=0.6592
      epoch 4/5 n=764 mean_loss=0.5485
      epoch 5/5 n=764 mean_loss=0.5843
       記憶體 +764 → |M|=64
       eval tcga_lung  class-IL=0.7684 task-IL=0.8105
       eval tcga_brca  class-IL=0.9158 task-IL=0.9368
    ── stage 2: tcga_rcc
      epoch 1/5 n=613 mean_loss=0.8619
      epoch 2/5 n=613 mean_loss=0.6131
      epoch 3/5 n=613 mean_loss=0.5095
      epoch 4/5 n=613 mean_loss=0.3425
      epoch 5/5 n=613 mean_loss=0.3661
       記憶體 +613 → |M|=64
       eval tcga_lung  class-IL=0.7474 task-IL=0.8737
       eval tcga_brca  class-IL=0.9053 task-IL=0.9158
       eval tcga_rcc   class-IL=0.9383 task-IL=0.9877
    ── stage 3: tcga_esca
      epoch 1/5 n=120 mean_loss=1.3819
      epoch 2/5 n=120 mean_loss=0.8957
      epoch 3/5 n=120 mean_loss=0.7475
      epoch 4/5 n=120 mean_loss=0.6830
      epoch 5/5 n=120 mean_loss=0.7369
       記憶體 +120 → |M|=64
       eval tcga_lung  class-IL=0.7789 task-IL=0.9053
       eval tcga_brca  class-IL=0.8632 task-IL=0.9368
       eval tcga_rcc   class-IL=0.9259 task-IL=0.9753
       eval tcga_esca  class-IL=0.9333 task-IL=0.9333

→ outputs/exp5/m64_distutil_fwd/EXP2.md
