Exp2  arms=['A5']  order=reverse  seeds=[7]  B=8 c=1 epochs=5 arch=flat alloc=per_budget prior=discriminative head=accumulating uold=current beta_u=0.1 replay_k=1 λ=(1.0,1.0,1.0)
  ▶ A5 (Ours (Replay+KD+eq)) seed=7
    ── stage 0: tcga_esca
      epoch 1/5 n=120 mean_loss=0.2366
      epoch 2/5 n=120 mean_loss=0.0605
      epoch 3/5 n=120 mean_loss=0.1673
      epoch 4/5 n=120 mean_loss=0.1841
      epoch 5/5 n=120 mean_loss=0.0094
       記憶體 +120 → |M|=64
       eval tcga_esca  class-IL=0.9333 task-IL=0.9333
    ── stage 1: tcga_rcc
      epoch 1/5 n=615 mean_loss=0.6060
      epoch 2/5 n=615 mean_loss=0.2765
      epoch 3/5 n=615 mean_loss=0.2975
      epoch 4/5 n=615 mean_loss=0.3075
      epoch 5/5 n=615 mean_loss=0.2225
       記憶體 +615 → |M|=64
       eval tcga_esca  class-IL=0.9333 task-IL=0.9333
       eval tcga_rcc   class-IL=0.9200 task-IL=0.9467
    ── stage 2: tcga_brca
      epoch 1/5 n=760 mean_loss=0.7385
      epoch 2/5 n=760 mean_loss=0.5434
      epoch 3/5 n=760 mean_loss=0.3975
      epoch 4/5 n=760 mean_loss=0.4981
      epoch 5/5 n=760 mean_loss=0.4049
       記憶體 +760 → |M|=64
       eval tcga_esca  class-IL=0.7333 task-IL=0.8667
       eval tcga_rcc   class-IL=0.9467 task-IL=0.9600
       eval tcga_brca  class-IL=0.8958 task-IL=0.8958
    ── stage 3: tcga_lung
      epoch 1/5 n=774 mean_loss=1.1843
      epoch 2/5 n=774 mean_loss=0.8625
      epoch 3/5 n=774 mean_loss=0.6650
      epoch 4/5 n=774 mean_loss=0.6717
      epoch 5/5 n=774 mean_loss=0.6193
       記憶體 +774 → |M|=64
       eval tcga_esca  class-IL=0.3333 task-IL=1.0000
       eval tcga_rcc   class-IL=0.9067 task-IL=0.9467
       eval tcga_brca  class-IL=0.7812 task-IL=0.8646
       eval tcga_lung  class-IL=0.8866 task-IL=0.8969

→ outputs/exp5/m64_distutil_rev/EXP2.md
