Exp2  arms=['A3']  order=main  seeds=[5]  B=8 c=1 epochs=5 arch=flat alloc=per_budget prior=discriminative head=accumulating uold=snapshot beta_u=0.1 replay_k=1 λ=(1.0,1.0,1.0)
  ▶ A3 (+ Replay) seed=5
    ── stage 0: tcga_lung
      epoch 1/5 n=764 mean_loss=0.4447
      epoch 2/5 n=764 mean_loss=0.3599
      epoch 3/5 n=764 mean_loss=0.3498
      epoch 4/5 n=764 mean_loss=0.3123
      epoch 5/5 n=764 mean_loss=0.2843
       記憶體 +764 → |M|=64
       eval tcga_lung  class-IL=0.9167 task-IL=0.9167
    ── stage 1: tcga_brca
      epoch 1/5 n=763 mean_loss=0.8737
      epoch 2/5 n=763 mean_loss=0.6668
      epoch 3/5 n=763 mean_loss=0.5786
      epoch 4/5 n=763 mean_loss=0.5535
      epoch 5/5 n=763 mean_loss=0.4645
       記憶體 +763 → |M|=64
       eval tcga_lung  class-IL=0.7708 task-IL=0.8854
       eval tcga_brca  class-IL=0.8830 task-IL=0.8936
    ── stage 2: tcga_rcc
      epoch 1/5 n=619 mean_loss=0.9547
      epoch 2/5 n=619 mean_loss=0.3241
      epoch 3/5 n=619 mean_loss=0.3115
      epoch 4/5 n=619 mean_loss=0.2790
      epoch 5/5 n=619 mean_loss=0.2273
       記憶體 +619 → |M|=64
       eval tcga_lung  class-IL=0.7396 task-IL=0.8854
       eval tcga_brca  class-IL=0.8936 task-IL=0.9149
       eval tcga_rcc   class-IL=0.9865 task-IL=0.9865
    ── stage 3: tcga_esca
      epoch 1/5 n=120 mean_loss=1.9014
      epoch 2/5 n=120 mean_loss=1.0648
      epoch 3/5 n=120 mean_loss=0.6495
      epoch 4/5 n=120 mean_loss=0.8463
      epoch 5/5 n=120 mean_loss=0.4908
       記憶體 +120 → |M|=64
       eval tcga_lung  class-IL=0.6562 task-IL=0.8646
       eval tcga_brca  class-IL=0.6809 task-IL=0.8085
       eval tcga_rcc   class-IL=0.9595 task-IL=0.9730
       eval tcga_esca  class-IL=1.0000 task-IL=1.0000

→ outputs/exp5/m64_replay_fwd/EXP2.md
