Exp2  arms=['A3']  order=main  seeds=[10]  B=8 c=1 epochs=5 arch=flat alloc=per_budget prior=discriminative head=accumulating uold=snapshot beta_u=0.1 replay_k=1 λ=(1.0,1.0,1.0)
  ▶ A3 (+ Replay) seed=10
    ── stage 0: tcga_lung
      epoch 1/5 n=771 mean_loss=0.5691
      epoch 2/5 n=771 mean_loss=0.3867
      epoch 3/5 n=771 mean_loss=0.3274
      epoch 4/5 n=771 mean_loss=0.3279
      epoch 5/5 n=771 mean_loss=0.3187
       記憶體 +771 → |M|=64
       eval tcga_lung  class-IL=0.9000 task-IL=0.9000
    ── stage 1: tcga_brca
      epoch 1/5 n=763 mean_loss=0.9650
      epoch 2/5 n=763 mean_loss=0.7587
      epoch 3/5 n=763 mean_loss=0.6167
      epoch 4/5 n=763 mean_loss=0.4747
      epoch 5/5 n=763 mean_loss=0.4046
       記憶體 +763 → |M|=64
       eval tcga_lung  class-IL=0.8556 task-IL=0.8778
       eval tcga_brca  class-IL=0.8681 task-IL=0.9011
    ── stage 2: tcga_rcc
      epoch 1/5 n=618 mean_loss=0.5625
      epoch 2/5 n=618 mean_loss=0.3576
      epoch 3/5 n=618 mean_loss=0.3687
      epoch 4/5 n=618 mean_loss=0.3444
      epoch 5/5 n=618 mean_loss=0.2768
       記憶體 +618 → |M|=64
       eval tcga_lung  class-IL=0.8778 task-IL=0.9000
       eval tcga_brca  class-IL=0.8242 task-IL=0.8791
       eval tcga_rcc   class-IL=0.8919 task-IL=0.9324
    ── stage 3: tcga_esca
      epoch 1/5 n=121 mean_loss=1.1210
      epoch 2/5 n=121 mean_loss=0.5743
      epoch 3/5 n=121 mean_loss=0.4365
      epoch 4/5 n=121 mean_loss=0.3869
      epoch 5/5 n=121 mean_loss=0.5436
       記憶體 +121 → |M|=64
       eval tcga_lung  class-IL=0.6778 task-IL=0.8778
       eval tcga_brca  class-IL=0.7582 task-IL=0.9011
       eval tcga_rcc   class-IL=0.8649 task-IL=0.8784
       eval tcga_esca  class-IL=1.0000 task-IL=1.0000

→ outputs/exp5/m64_replay_fwd/EXP2.md
