Exp2  arms=['A5']  order=reverse  seeds=[3]  B=8 c=1 epochs=5 arch=hier alloc=per_budget prior=discriminative head=accumulating uold=current beta_u=0.1 replay_k=1 λ=(1.0,1.0,1.0)
  ▶ A5 (Ours (Replay+KD+eq)) seed=3
    ── stage 0: tcga_esca
      epoch 1/5 n=120 mean_loss=0.2638
      epoch 2/5 n=120 mean_loss=0.1116
      epoch 3/5 n=120 mean_loss=0.0693
      epoch 4/5 n=120 mean_loss=0.0998
      epoch 5/5 n=120 mean_loss=0.0437
       記憶體 +120 → |M|=64
       eval tcga_esca  class-IL=0.9333 task-IL=0.9333
    ── stage 1: tcga_rcc
      epoch 1/5 n=617 mean_loss=0.4222
      epoch 2/5 n=617 mean_loss=0.3182
      epoch 3/5 n=617 mean_loss=0.2811
      epoch 4/5 n=617 mean_loss=0.3026
      epoch 5/5 n=617 mean_loss=0.2029
       記憶體 +617 → |M|=64
       eval tcga_esca  class-IL=0.9333 task-IL=0.9333
       eval tcga_rcc   class-IL=0.9211 task-IL=0.9342
    ── stage 2: tcga_brca
      epoch 1/5 n=763 mean_loss=0.7383
      epoch 2/5 n=763 mean_loss=0.6151
      epoch 3/5 n=763 mean_loss=0.5586
      epoch 4/5 n=763 mean_loss=0.3761
      epoch 5/5 n=763 mean_loss=0.4461
       記憶體 +763 → |M|=64
       eval tcga_esca  class-IL=0.6667 task-IL=0.8667
       eval tcga_rcc   class-IL=0.9211 task-IL=0.9342
       eval tcga_brca  class-IL=0.8854 task-IL=0.9062
    ── stage 3: tcga_lung
      epoch 1/5 n=765 mean_loss=1.0160
      epoch 2/5 n=765 mean_loss=0.7491
      epoch 3/5 n=765 mean_loss=0.6206
      epoch 4/5 n=765 mean_loss=0.5396
      epoch 5/5 n=765 mean_loss=0.5004
       記憶體 +765 → |M|=64
       eval tcga_esca  class-IL=0.4000 task-IL=0.9333
       eval tcga_rcc   class-IL=0.8947 task-IL=0.9737
       eval tcga_brca  class-IL=0.8229 task-IL=0.8854
       eval tcga_lung  class-IL=0.8692 task-IL=0.8879

→ outputs/exp5/m64_full_rev/EXP2.md
