Exp2  arms=['A3']  order=main  seeds=[2]  B=8 c=1 epochs=5 arch=flat alloc=per_budget prior=discriminative head=accumulating uold=snapshot beta_u=0.1 replay_k=1 λ=(1.0,1.0,1.0)
  ▶ A3 (+ Replay) seed=2
    ── stage 0: tcga_lung
      epoch 1/5 n=761 mean_loss=0.5551
      epoch 2/5 n=761 mean_loss=0.3962
      epoch 3/5 n=761 mean_loss=0.3474
      epoch 4/5 n=761 mean_loss=0.3308
      epoch 5/5 n=761 mean_loss=0.3459
       記憶體 +761 → |M|=64
       eval tcga_lung  class-IL=0.9158 task-IL=0.9158
    ── stage 1: tcga_brca
      epoch 1/5 n=764 mean_loss=1.0552
      epoch 2/5 n=764 mean_loss=0.8071
      epoch 3/5 n=764 mean_loss=0.6344
      epoch 4/5 n=764 mean_loss=0.5074
      epoch 5/5 n=764 mean_loss=0.4868
       記憶體 +764 → |M|=64
       eval tcga_lung  class-IL=0.8737 task-IL=0.9053
       eval tcga_brca  class-IL=0.8842 task-IL=0.9158
    ── stage 2: tcga_rcc
      epoch 1/5 n=613 mean_loss=0.8210
      epoch 2/5 n=613 mean_loss=0.5737
      epoch 3/5 n=613 mean_loss=0.5384
      epoch 4/5 n=613 mean_loss=0.4237
      epoch 5/5 n=613 mean_loss=0.3867
       記憶體 +613 → |M|=64
       eval tcga_lung  class-IL=0.8105 task-IL=0.9158
       eval tcga_brca  class-IL=0.8842 task-IL=0.8947
       eval tcga_rcc   class-IL=0.9383 task-IL=0.9383
    ── stage 3: tcga_esca
      epoch 1/5 n=120 mean_loss=1.5015
      epoch 2/5 n=120 mean_loss=0.9869
      epoch 3/5 n=120 mean_loss=0.6684
      epoch 4/5 n=120 mean_loss=0.4892
      epoch 5/5 n=120 mean_loss=0.5692
       記憶體 +120 → |M|=64
       eval tcga_lung  class-IL=0.7368 task-IL=0.8842
       eval tcga_brca  class-IL=0.7684 task-IL=0.8947
       eval tcga_rcc   class-IL=0.9630 task-IL=0.9630
       eval tcga_esca  class-IL=0.8667 task-IL=0.9333

→ outputs/exp5/m64_replay_fwd/EXP2.md
