Exp2  arms=['A5']  order=reverse  seeds=[8]  B=8 c=1 epochs=5 arch=flat alloc=per_budget prior=discriminative head=accumulating uold=current beta_u=0.1 replay_k=1 λ=(1.0,1.0,1.0)
  ▶ A5 (Ours (Replay+KD+eq)) seed=8
    ── stage 0: tcga_esca
      epoch 1/5 n=120 mean_loss=0.3718
      epoch 2/5 n=120 mean_loss=0.0535
      epoch 3/5 n=120 mean_loss=0.0436
      epoch 4/5 n=120 mean_loss=0.0168
      epoch 5/5 n=120 mean_loss=0.0124
       記憶體 +120 → |M|=64
       eval tcga_esca  class-IL=0.8667 task-IL=0.8667
    ── stage 1: tcga_rcc
      epoch 1/5 n=617 mean_loss=0.5078
      epoch 2/5 n=617 mean_loss=0.3652
      epoch 3/5 n=617 mean_loss=0.2809
      epoch 4/5 n=617 mean_loss=0.3315
      epoch 5/5 n=617 mean_loss=0.2883
       記憶體 +617 → |M|=64
       eval tcga_esca  class-IL=0.8667 task-IL=0.9333
       eval tcga_rcc   class-IL=0.8684 task-IL=0.8684
    ── stage 2: tcga_brca
      epoch 1/5 n=762 mean_loss=0.7139
      epoch 2/5 n=762 mean_loss=0.6575
      epoch 3/5 n=762 mean_loss=0.5871
      epoch 4/5 n=762 mean_loss=0.6731
      epoch 5/5 n=762 mean_loss=0.5438
       記憶體 +762 → |M|=64
       eval tcga_esca  class-IL=0.8000 task-IL=0.9333
       eval tcga_rcc   class-IL=0.8553 task-IL=0.8553
       eval tcga_brca  class-IL=0.9062 task-IL=0.9062
    ── stage 3: tcga_lung
      epoch 1/5 n=777 mean_loss=1.1213
      epoch 2/5 n=777 mean_loss=0.9120
      epoch 3/5 n=777 mean_loss=0.8054
      epoch 4/5 n=777 mean_loss=0.6845
      epoch 5/5 n=777 mean_loss=0.6178
       記憶體 +777 → |M|=64
       eval tcga_esca  class-IL=0.5333 task-IL=0.9333
       eval tcga_rcc   class-IL=0.8947 task-IL=0.9211
       eval tcga_brca  class-IL=0.8438 task-IL=0.8750
       eval tcga_lung  class-IL=0.8387 task-IL=0.9140

→ outputs/exp5/m64_distutil_rev/EXP2.md
