Exp2  arms=['A5']  order=main  seeds=[3]  B=8 c=1 epochs=5 arch=hier alloc=per_budget prior=discriminative head=accumulating uold=current beta_u=0.1 replay_k=1 λ=(1.0,1.0,1.0)
  ▶ A5 (Ours (Replay+KD+eq)) seed=3
    ── stage 0: tcga_lung
      epoch 1/5 n=765 mean_loss=0.5310
      epoch 2/5 n=765 mean_loss=0.4204
      epoch 3/5 n=765 mean_loss=0.3523
      epoch 4/5 n=765 mean_loss=0.4665
      epoch 5/5 n=765 mean_loss=0.3344
       記憶體 +765 → |M|=64
       eval tcga_lung  class-IL=0.8692 task-IL=0.8692
    ── stage 1: tcga_brca
      epoch 1/5 n=763 mean_loss=1.4230
      epoch 2/5 n=763 mean_loss=1.1898
      epoch 3/5 n=763 mean_loss=1.0321
      epoch 4/5 n=763 mean_loss=0.8927
      epoch 5/5 n=763 mean_loss=0.9426
       記憶體 +763 → |M|=64
       eval tcga_lung  class-IL=0.7290 task-IL=0.8785
       eval tcga_brca  class-IL=0.7812 task-IL=0.8125
    ── stage 2: tcga_rcc
      epoch 1/5 n=617 mean_loss=1.4382
      epoch 2/5 n=617 mean_loss=1.3079
      epoch 3/5 n=617 mean_loss=0.9453
      epoch 4/5 n=617 mean_loss=0.9584
      epoch 5/5 n=617 mean_loss=0.9640
       記憶體 +617 → |M|=64
       eval tcga_lung  class-IL=0.7757 task-IL=0.8879
       eval tcga_brca  class-IL=0.7708 task-IL=0.8333
       eval tcga_rcc   class-IL=0.9079 task-IL=0.9342
    ── stage 3: tcga_esca
      epoch 1/5 n=120 mean_loss=1.9225
      epoch 2/5 n=120 mean_loss=1.2896
      epoch 3/5 n=120 mean_loss=1.1181
      epoch 4/5 n=120 mean_loss=1.3621
      epoch 5/5 n=120 mean_loss=0.9634
       記憶體 +120 → |M|=64
       eval tcga_lung  class-IL=0.7196 task-IL=0.8692
       eval tcga_brca  class-IL=0.7292 task-IL=0.8333
       eval tcga_rcc   class-IL=0.9079 task-IL=0.9342
       eval tcga_esca  class-IL=0.8000 task-IL=1.0000

→ outputs/exp5/m64_full_fwd/EXP2.md
