Exp2  arms=['A5']  order=main  seeds=[4]  B=8 c=1 epochs=5 arch=hier alloc=per_budget prior=discriminative head=accumulating uold=current beta_u=0.1 replay_k=1 λ=(1.0,1.0,1.0)
  ▶ A5 (Ours (Replay+KD+eq)) seed=4
    ── stage 0: tcga_lung
      epoch 1/5 n=756 mean_loss=0.8319
      epoch 2/5 n=756 mean_loss=0.3917
      epoch 3/5 n=756 mean_loss=0.4009
      epoch 4/5 n=756 mean_loss=0.3691
      epoch 5/5 n=756 mean_loss=0.4035
       記憶體 +756 → |M|=64
       eval tcga_lung  class-IL=0.8304 task-IL=0.8304
    ── stage 1: tcga_brca
      epoch 1/5 n=762 mean_loss=1.1209
      epoch 2/5 n=762 mean_loss=0.7805
      epoch 3/5 n=762 mean_loss=0.6507
      epoch 4/5 n=762 mean_loss=0.5612
      epoch 5/5 n=762 mean_loss=0.4970
       記憶體 +762 → |M|=64
       eval tcga_lung  class-IL=0.8839 task-IL=0.8929
       eval tcga_brca  class-IL=0.8936 task-IL=0.9574
    ── stage 2: tcga_rcc
      epoch 1/5 n=613 mean_loss=0.5498
      epoch 2/5 n=613 mean_loss=0.4205
      epoch 3/5 n=613 mean_loss=0.3577
      epoch 4/5 n=613 mean_loss=0.3153
      epoch 5/5 n=613 mean_loss=0.2591
       記憶體 +613 → |M|=64
       eval tcga_lung  class-IL=0.8750 task-IL=0.8839
       eval tcga_brca  class-IL=0.8617 task-IL=0.9362
       eval tcga_rcc   class-IL=0.9359 task-IL=0.9487
    ── stage 3: tcga_esca
      epoch 1/5 n=119 mean_loss=1.2481
      epoch 2/5 n=119 mean_loss=0.6451
      epoch 3/5 n=119 mean_loss=0.7221
      epoch 4/5 n=119 mean_loss=0.7975
      epoch 5/5 n=119 mean_loss=0.6203
       記憶體 +119 → |M|=64
       eval tcga_lung  class-IL=0.6786 task-IL=0.8393
       eval tcga_brca  class-IL=0.8191 task-IL=0.9362
       eval tcga_rcc   class-IL=0.8974 task-IL=0.8974
       eval tcga_esca  class-IL=1.0000 task-IL=1.0000

→ outputs/exp5/m64_full_fwd/EXP2.md
