Exp2  arms=['A5']  order=main  seeds=[4]  B=8 c=1 epochs=5 arch=flat alloc=per_budget prior=discriminative head=accumulating uold=current beta_u=0.1 replay_k=1 λ=(1.0,1.0,1.0)
  ▶ A5 (Ours (Replay+KD+eq)) seed=4
    ── stage 0: tcga_lung
      epoch 1/5 n=756 mean_loss=0.6293
      epoch 2/5 n=756 mean_loss=0.3811
      epoch 3/5 n=756 mean_loss=0.3783
      epoch 4/5 n=756 mean_loss=0.3287
      epoch 5/5 n=756 mean_loss=0.2760
       記憶體 +756 → |M|=64
       eval tcga_lung  class-IL=0.8393 task-IL=0.8393
    ── stage 1: tcga_brca
      epoch 1/5 n=762 mean_loss=1.2346
      epoch 2/5 n=762 mean_loss=0.7840
      epoch 3/5 n=762 mean_loss=0.5510
      epoch 4/5 n=762 mean_loss=0.5736
      epoch 5/5 n=762 mean_loss=0.4393
       記憶體 +762 → |M|=64
       eval tcga_lung  class-IL=0.8661 task-IL=0.8929
       eval tcga_brca  class-IL=0.8936 task-IL=0.9468
    ── stage 2: tcga_rcc
      epoch 1/5 n=613 mean_loss=0.5036
      epoch 2/5 n=613 mean_loss=0.4267
      epoch 3/5 n=613 mean_loss=0.3283
      epoch 4/5 n=613 mean_loss=0.3270
      epoch 5/5 n=613 mean_loss=0.3033
       記憶體 +613 → |M|=64
       eval tcga_lung  class-IL=0.9018 task-IL=0.9018
       eval tcga_brca  class-IL=0.8617 task-IL=0.9149
       eval tcga_rcc   class-IL=0.8846 task-IL=0.9103
    ── stage 3: tcga_esca
      epoch 1/5 n=119 mean_loss=1.1644
      epoch 2/5 n=119 mean_loss=0.7422
      epoch 3/5 n=119 mean_loss=0.7488
      epoch 4/5 n=119 mean_loss=0.7719
      epoch 5/5 n=119 mean_loss=0.5933
       記憶體 +119 → |M|=64
       eval tcga_lung  class-IL=0.7768 task-IL=0.8482
       eval tcga_brca  class-IL=0.7979 task-IL=0.9149
       eval tcga_rcc   class-IL=0.8590 task-IL=0.8974
       eval tcga_esca  class-IL=0.9375 task-IL=1.0000

→ outputs/exp5/m64_distutil_fwd/EXP2.md
