Exp2  arms=['A3']  order=reverse  seeds=[10]  B=8 c=1 epochs=5 arch=flat alloc=per_budget prior=discriminative head=accumulating uold=snapshot beta_u=0.1 replay_k=1 λ=(1.0,1.0,1.0)
  ▶ A3 (+ Replay) seed=10
    ── stage 0: tcga_esca
      epoch 1/5 n=121 mean_loss=0.2894
      epoch 2/5 n=121 mean_loss=0.0865
      epoch 3/5 n=121 mean_loss=0.0878
      epoch 4/5 n=121 mean_loss=0.0348
      epoch 5/5 n=121 mean_loss=0.0621
       記憶體 +121 → |M|=64
       eval tcga_esca  class-IL=1.0000 task-IL=1.0000
    ── stage 1: tcga_rcc
      epoch 1/5 n=618 mean_loss=0.4006
      epoch 2/5 n=618 mean_loss=0.3414
      epoch 3/5 n=618 mean_loss=0.2928
      epoch 4/5 n=618 mean_loss=0.2446
      epoch 5/5 n=618 mean_loss=0.2225
       記憶體 +618 → |M|=64
       eval tcga_esca  class-IL=1.0000 task-IL=1.0000
       eval tcga_rcc   class-IL=0.9865 task-IL=0.9865
    ── stage 2: tcga_brca
      epoch 1/5 n=763 mean_loss=0.7535
      epoch 2/5 n=763 mean_loss=0.5380
      epoch 3/5 n=763 mean_loss=0.4446
      epoch 4/5 n=763 mean_loss=0.4068
      epoch 5/5 n=763 mean_loss=0.3787
       記憶體 +763 → |M|=64
       eval tcga_esca  class-IL=0.6429 task-IL=1.0000
       eval tcga_rcc   class-IL=0.9189 task-IL=0.9595
       eval tcga_brca  class-IL=0.8681 task-IL=0.8791
    ── stage 3: tcga_lung
      epoch 1/5 n=771 mean_loss=0.9751
      epoch 2/5 n=771 mean_loss=0.6816
      epoch 3/5 n=771 mean_loss=0.6205
      epoch 4/5 n=771 mean_loss=0.6183
      epoch 5/5 n=771 mean_loss=0.5309
       記憶體 +771 → |M|=64
       eval tcga_esca  class-IL=0.5000 task-IL=1.0000
       eval tcga_rcc   class-IL=0.8784 task-IL=0.9459
       eval tcga_brca  class-IL=0.8352 task-IL=0.8681
       eval tcga_lung  class-IL=0.8444 task-IL=0.8556

→ outputs/exp5/m64_replay_rev/EXP2.md
