Exp2  arms=['A5']  order=reverse  seeds=[1]  B=8 c=1 epochs=5 arch=hier alloc=per_budget prior=discriminative head=accumulating uold=current beta_u=0.1 replay_k=1 λ=(1.0,1.0,1.0)
  ▶ A5 (Ours (Replay+KD+eq)) seed=1
    ── stage 0: tcga_esca
      epoch 1/5 n=120 mean_loss=0.2153
      epoch 2/5 n=120 mean_loss=0.1084
      epoch 3/5 n=120 mean_loss=0.0640
      epoch 4/5 n=120 mean_loss=0.0529
      epoch 5/5 n=120 mean_loss=0.0140
       記憶體 +120 → |M|=64
       eval tcga_esca  class-IL=1.0000 task-IL=1.0000
    ── stage 1: tcga_rcc
      epoch 1/5 n=616 mean_loss=0.3874
      epoch 2/5 n=616 mean_loss=0.3466
      epoch 3/5 n=616 mean_loss=0.2587
      epoch 4/5 n=616 mean_loss=0.1854
      epoch 5/5 n=616 mean_loss=0.2604
       記憶體 +616 → |M|=64
       eval tcga_esca  class-IL=1.0000 task-IL=1.0000
       eval tcga_rcc   class-IL=0.9737 task-IL=0.9737
    ── stage 2: tcga_brca
      epoch 1/5 n=763 mean_loss=0.8073
      epoch 2/5 n=763 mean_loss=0.5896
      epoch 3/5 n=763 mean_loss=0.6323
      epoch 4/5 n=763 mean_loss=0.6338
      epoch 5/5 n=763 mean_loss=0.5621
       記憶體 +763 → |M|=64
       eval tcga_esca  class-IL=0.4000 task-IL=0.8000
       eval tcga_rcc   class-IL=0.9211 task-IL=0.9605
       eval tcga_brca  class-IL=0.8925 task-IL=0.9032
    ── stage 3: tcga_lung
      epoch 1/5 n=774 mean_loss=1.4351
      epoch 2/5 n=774 mean_loss=1.0160
      epoch 3/5 n=774 mean_loss=0.8117
      epoch 4/5 n=774 mean_loss=0.7209
      epoch 5/5 n=774 mean_loss=0.7739
       記憶體 +774 → |M|=64
       eval tcga_esca  class-IL=0.6000 task-IL=0.8667
       eval tcga_rcc   class-IL=0.9079 task-IL=0.9211
       eval tcga_brca  class-IL=0.6882 task-IL=0.8280
       eval tcga_lung  class-IL=0.7684 task-IL=0.8211

→ outputs/exp5/m64_full_rev/EXP2.md
