Exp2  arms=['A5']  order=reverse  seeds=[2]  B=8 c=1 epochs=5 arch=flat alloc=per_budget prior=discriminative head=accumulating uold=current beta_u=0.1 replay_k=1 λ=(1.0,1.0,1.0)
  ▶ A5 (Ours (Replay+KD+eq)) seed=2
    ── stage 0: tcga_esca
      epoch 1/5 n=120 mean_loss=0.2438
      epoch 2/5 n=120 mean_loss=0.0424
      epoch 3/5 n=120 mean_loss=0.1333
      epoch 4/5 n=120 mean_loss=0.0659
      epoch 5/5 n=120 mean_loss=0.0232
       記憶體 +120 → |M|=64
       eval tcga_esca  class-IL=1.0000 task-IL=1.0000
    ── stage 1: tcga_rcc
      epoch 1/5 n=613 mean_loss=0.5676
      epoch 2/5 n=613 mean_loss=0.4474
      epoch 3/5 n=613 mean_loss=0.3901
      epoch 4/5 n=613 mean_loss=0.4049
      epoch 5/5 n=613 mean_loss=0.3207
       記憶體 +613 → |M|=64
       eval tcga_esca  class-IL=1.0000 task-IL=1.0000
       eval tcga_rcc   class-IL=1.0000 task-IL=1.0000
    ── stage 2: tcga_brca
      epoch 1/5 n=764 mean_loss=0.5789
      epoch 2/5 n=764 mean_loss=0.5071
      epoch 3/5 n=764 mean_loss=0.4401
      epoch 4/5 n=764 mean_loss=0.5016
      epoch 5/5 n=764 mean_loss=0.4321
       記憶體 +764 → |M|=64
       eval tcga_esca  class-IL=0.4000 task-IL=1.0000
       eval tcga_rcc   class-IL=0.9383 task-IL=0.9630
       eval tcga_brca  class-IL=0.8842 task-IL=0.8842
    ── stage 3: tcga_lung
      epoch 1/5 n=761 mean_loss=1.1296
      epoch 2/5 n=761 mean_loss=0.7771
      epoch 3/5 n=761 mean_loss=0.6458
      epoch 4/5 n=761 mean_loss=0.6856
      epoch 5/5 n=761 mean_loss=0.6258
       記憶體 +761 → |M|=64
       eval tcga_esca  class-IL=0.5333 task-IL=0.8667
       eval tcga_rcc   class-IL=0.8765 task-IL=0.9383
       eval tcga_brca  class-IL=0.8316 task-IL=0.8947
       eval tcga_lung  class-IL=0.8526 task-IL=0.9053

→ outputs/exp5/m64_distutil_rev/EXP2.md
