Exp2  arms=['A5']  order=main  seeds=[6]  B=8 c=1 epochs=5 arch=flat alloc=per_budget prior=discriminative head=accumulating uold=current beta_u=0.1 replay_k=1 λ=(1.0,1.0,1.0)
  ▶ A5 (Ours (Replay+KD+eq)) seed=6
    ── stage 0: tcga_lung
      epoch 1/5 n=759 mean_loss=0.5221
      epoch 2/5 n=759 mean_loss=0.4700
      epoch 3/5 n=759 mean_loss=0.4327
      epoch 4/5 n=759 mean_loss=0.3751
      epoch 5/5 n=759 mean_loss=0.3767
       記憶體 +759 → |M|=64
       eval tcga_lung  class-IL=0.9886 task-IL=0.9886
    ── stage 1: tcga_brca
      epoch 1/5 n=758 mean_loss=1.1459
      epoch 2/5 n=758 mean_loss=0.9130
      epoch 3/5 n=758 mean_loss=1.1727
      epoch 4/5 n=758 mean_loss=1.0558
      epoch 5/5 n=758 mean_loss=0.7399
       記憶體 +758 → |M|=64
       eval tcga_lung  class-IL=0.8750 task-IL=0.9205
       eval tcga_brca  class-IL=0.8776 task-IL=0.9082
    ── stage 2: tcga_rcc
      epoch 1/5 n=616 mean_loss=0.5058
      epoch 2/5 n=616 mean_loss=0.4080
      epoch 3/5 n=616 mean_loss=0.4173
      epoch 4/5 n=616 mean_loss=0.2520
      epoch 5/5 n=616 mean_loss=0.3557
       記憶體 +616 → |M|=64
       eval tcga_lung  class-IL=0.8523 task-IL=0.9773
       eval tcga_brca  class-IL=0.8878 task-IL=0.9286
       eval tcga_rcc   class-IL=0.9740 task-IL=0.9740
    ── stage 3: tcga_esca
      epoch 1/5 n=119 mean_loss=1.2054
      epoch 2/5 n=119 mean_loss=0.9428
      epoch 3/5 n=119 mean_loss=1.0504
      epoch 4/5 n=119 mean_loss=0.7210
      epoch 5/5 n=119 mean_loss=0.5584
       記憶體 +119 → |M|=64
       eval tcga_lung  class-IL=0.7386 task-IL=0.8750
       eval tcga_brca  class-IL=0.8367 task-IL=0.8673
       eval tcga_rcc   class-IL=0.9740 task-IL=0.9740
       eval tcga_esca  class-IL=0.8125 task-IL=0.8750

→ outputs/exp5/m64_distutil_fwd/EXP2.md
