Exp2  arms=['A5']  order=main  seeds=[9]  B=8 c=1 epochs=5 arch=hier alloc=per_budget prior=discriminative head=accumulating uold=current beta_u=0.1 replay_k=1 λ=(1.0,1.0,1.0)
  ▶ A5 (Ours (Replay+KD+eq)) seed=9
    ── stage 0: tcga_lung
      epoch 1/5 n=762 mean_loss=0.5963
      epoch 2/5 n=762 mean_loss=0.3747
      epoch 3/5 n=762 mean_loss=0.3321
      epoch 4/5 n=762 mean_loss=0.3060
      epoch 5/5 n=762 mean_loss=0.3457
       記憶體 +762 → |M|=64
       eval tcga_lung  class-IL=0.8804 task-IL=0.8804
    ── stage 1: tcga_brca
      epoch 1/5 n=760 mean_loss=1.5317
      epoch 2/5 n=760 mean_loss=1.1917
      epoch 3/5 n=760 mean_loss=0.9775
      epoch 4/5 n=760 mean_loss=0.9042
      epoch 5/5 n=760 mean_loss=0.8109
       記憶體 +760 → |M|=64
       eval tcga_lung  class-IL=0.8261 task-IL=0.8478
       eval tcga_brca  class-IL=0.8283 task-IL=0.8485
    ── stage 2: tcga_rcc
      epoch 1/5 n=612 mean_loss=1.0003
      epoch 2/5 n=612 mean_loss=0.6674
      epoch 3/5 n=612 mean_loss=0.5774
      epoch 4/5 n=612 mean_loss=0.4281
      epoch 5/5 n=612 mean_loss=0.4149
       記憶體 +612 → |M|=64
       eval tcga_lung  class-IL=0.7935 task-IL=0.8370
       eval tcga_brca  class-IL=0.7677 task-IL=0.8384
       eval tcga_rcc   class-IL=0.9506 task-IL=0.9506
    ── stage 3: tcga_esca
      epoch 1/5 n=121 mean_loss=1.6976
      epoch 2/5 n=121 mean_loss=0.8926
      epoch 3/5 n=121 mean_loss=0.7085
      epoch 4/5 n=121 mean_loss=0.8423
      epoch 5/5 n=121 mean_loss=0.5568
       記憶體 +121 → |M|=64
       eval tcga_lung  class-IL=0.5870 task-IL=0.8152
       eval tcga_brca  class-IL=0.8081 task-IL=0.8586
       eval tcga_rcc   class-IL=0.9630 task-IL=0.9630
       eval tcga_esca  class-IL=0.8571 task-IL=1.0000

→ outputs/exp5/m64_full_fwd/EXP2.md
