Exp2  arms=['A5']  order=main  seeds=[10]  B=8 c=1 epochs=5 arch=hier alloc=per_budget prior=discriminative head=accumulating uold=current beta_u=0.1 replay_k=1 λ=(1.0,1.0,1.0)
  ▶ A5 (Ours (Replay+KD+eq)) seed=10
    ── stage 0: tcga_lung
      epoch 1/5 n=771 mean_loss=0.7909
      epoch 2/5 n=771 mean_loss=0.5461
      epoch 3/5 n=771 mean_loss=0.4992
      epoch 4/5 n=771 mean_loss=0.4924
      epoch 5/5 n=771 mean_loss=0.4578
       記憶體 +771 → |M|=64
       eval tcga_lung  class-IL=0.8333 task-IL=0.8333
    ── stage 1: tcga_brca
      epoch 1/5 n=763 mean_loss=1.6017
      epoch 2/5 n=763 mean_loss=1.0702
      epoch 3/5 n=763 mean_loss=0.7591
      epoch 4/5 n=763 mean_loss=0.7370
      epoch 5/5 n=763 mean_loss=0.7241
       記憶體 +763 → |M|=64
       eval tcga_lung  class-IL=0.7889 task-IL=0.8111
       eval tcga_brca  class-IL=0.8901 task-IL=0.9121
    ── stage 2: tcga_rcc
      epoch 1/5 n=618 mean_loss=0.9943
      epoch 2/5 n=618 mean_loss=0.8503
      epoch 3/5 n=618 mean_loss=0.6414
      epoch 4/5 n=618 mean_loss=0.7230
      epoch 5/5 n=618 mean_loss=0.5581
       記憶體 +618 → |M|=64
       eval tcga_lung  class-IL=0.7222 task-IL=0.7778
       eval tcga_brca  class-IL=0.8571 task-IL=0.8901
       eval tcga_rcc   class-IL=0.9189 task-IL=0.9595
    ── stage 3: tcga_esca
      epoch 1/5 n=121 mean_loss=1.7111
      epoch 2/5 n=121 mean_loss=1.0842
      epoch 3/5 n=121 mean_loss=1.1060
      epoch 4/5 n=121 mean_loss=0.7971
      epoch 5/5 n=121 mean_loss=0.9012
       記憶體 +121 → |M|=64
       eval tcga_lung  class-IL=0.6778 task-IL=0.7889
       eval tcga_brca  class-IL=0.8242 task-IL=0.8791
       eval tcga_rcc   class-IL=0.9189 task-IL=0.9459
       eval tcga_esca  class-IL=0.9286 task-IL=1.0000

→ outputs/exp5/m64_full_fwd/EXP2.md
