Exp2  arms=['A5']  order=reverse  seeds=[6]  B=8 c=1 epochs=5 arch=hier alloc=per_budget prior=discriminative head=accumulating uold=current beta_u=0.1 replay_k=1 λ=(1.0,1.0,1.0)
  ▶ A5 (Ours (Replay+KD+eq)) seed=6
    ── stage 0: tcga_esca
      epoch 1/5 n=119 mean_loss=0.1428
      epoch 2/5 n=119 mean_loss=0.0959
      epoch 3/5 n=119 mean_loss=0.0599
      epoch 4/5 n=119 mean_loss=0.0836
      epoch 5/5 n=119 mean_loss=0.0461
       記憶體 +119 → |M|=64
       eval tcga_esca  class-IL=1.0000 task-IL=1.0000
    ── stage 1: tcga_rcc
      epoch 1/5 n=616 mean_loss=0.4373
      epoch 2/5 n=616 mean_loss=0.3214
      epoch 3/5 n=616 mean_loss=0.2727
      epoch 4/5 n=616 mean_loss=0.2753
      epoch 5/5 n=616 mean_loss=0.2542
       記憶體 +616 → |M|=64
       eval tcga_esca  class-IL=0.9375 task-IL=0.9375
       eval tcga_rcc   class-IL=0.9091 task-IL=0.9091
    ── stage 2: tcga_brca
      epoch 1/5 n=758 mean_loss=0.9111
      epoch 2/5 n=758 mean_loss=0.4814
      epoch 3/5 n=758 mean_loss=0.4599
      epoch 4/5 n=758 mean_loss=0.5272
      epoch 5/5 n=758 mean_loss=0.3988
       記憶體 +758 → |M|=64
       eval tcga_esca  class-IL=0.7500 task-IL=0.8125
       eval tcga_rcc   class-IL=0.9091 task-IL=0.9221
       eval tcga_brca  class-IL=0.8776 task-IL=0.9082
    ── stage 3: tcga_lung
      epoch 1/5 n=759 mean_loss=1.1735
      epoch 2/5 n=759 mean_loss=0.9020
      epoch 3/5 n=759 mean_loss=0.7191
      epoch 4/5 n=759 mean_loss=0.6701
      epoch 5/5 n=759 mean_loss=0.5767
       記憶體 +759 → |M|=64
       eval tcga_esca  class-IL=0.2500 task-IL=0.7500
       eval tcga_rcc   class-IL=0.8701 task-IL=0.9740
       eval tcga_brca  class-IL=0.8571 task-IL=0.9184
       eval tcga_lung  class-IL=0.8977 task-IL=0.8977

→ outputs/exp5/m64_full_rev/EXP2.md
