Exp2  arms=['A5']  order=main  seeds=[5]  B=8 c=1 epochs=5 arch=hier alloc=per_budget prior=discriminative head=accumulating uold=current beta_u=0.1 replay_k=1 λ=(1.0,1.0,1.0)
  ▶ A5 (Ours (Replay+KD+eq)) seed=5
    ── stage 0: tcga_lung
      epoch 1/5 n=764 mean_loss=0.5780
      epoch 2/5 n=764 mean_loss=0.3549
      epoch 3/5 n=764 mean_loss=0.3144
      epoch 4/5 n=764 mean_loss=0.3063
      epoch 5/5 n=764 mean_loss=0.3543
       記憶體 +764 → |M|=64
       eval tcga_lung  class-IL=0.9167 task-IL=0.9167
    ── stage 1: tcga_brca
      epoch 1/5 n=763 mean_loss=1.2187
      epoch 2/5 n=763 mean_loss=1.0665
      epoch 3/5 n=763 mean_loss=0.9059
      epoch 4/5 n=763 mean_loss=0.8319
      epoch 5/5 n=763 mean_loss=0.7975
       記憶體 +763 → |M|=64
       eval tcga_lung  class-IL=0.7604 task-IL=0.8854
       eval tcga_brca  class-IL=0.8936 task-IL=0.9043
    ── stage 2: tcga_rcc
      epoch 1/5 n=619 mean_loss=1.0517
      epoch 2/5 n=619 mean_loss=0.6962
      epoch 3/5 n=619 mean_loss=0.5466
      epoch 4/5 n=619 mean_loss=0.4576
      epoch 5/5 n=619 mean_loss=0.4056
       記憶體 +619 → |M|=64
       eval tcga_lung  class-IL=0.7083 task-IL=0.8542
       eval tcga_brca  class-IL=0.8936 task-IL=0.9149
       eval tcga_rcc   class-IL=0.9324 task-IL=0.9459
    ── stage 3: tcga_esca
      epoch 1/5 n=120 mean_loss=2.5580
      epoch 2/5 n=120 mean_loss=1.3194
      epoch 3/5 n=120 mean_loss=1.2924
      epoch 4/5 n=120 mean_loss=1.0011
      epoch 5/5 n=120 mean_loss=0.7596
       記憶體 +120 → |M|=64
       eval tcga_lung  class-IL=0.6458 task-IL=0.9167
       eval tcga_brca  class-IL=0.7872 task-IL=0.9043
       eval tcga_rcc   class-IL=0.9189 task-IL=0.9459
       eval tcga_esca  class-IL=0.9333 task-IL=1.0000

→ outputs/exp5/m64_full_fwd/EXP2.md
