Exp2  arms=['A3']  order=main  seeds=[1]  B=8 c=1 epochs=5 arch=flat alloc=per_budget prior=discriminative head=accumulating uold=snapshot beta_u=0.1 replay_k=1 λ=(1.0,1.0,1.0)
  ▶ A3 (+ Replay) seed=1
    ── stage 0: tcga_lung
      epoch 1/5 n=774 mean_loss=0.5030
      epoch 2/5 n=774 mean_loss=0.3710
      epoch 3/5 n=774 mean_loss=0.3167
      epoch 4/5 n=774 mean_loss=0.2993
      epoch 5/5 n=774 mean_loss=0.2885
       記憶體 +774 → |M|=64
       eval tcga_lung  class-IL=0.8737 task-IL=0.8737
    ── stage 1: tcga_brca
      epoch 1/5 n=763 mean_loss=0.8659
      epoch 2/5 n=763 mean_loss=0.6784
      epoch 3/5 n=763 mean_loss=0.5346
      epoch 4/5 n=763 mean_loss=0.4995
      epoch 5/5 n=763 mean_loss=0.5652
       記憶體 +763 → |M|=64
       eval tcga_lung  class-IL=0.8105 task-IL=0.8737
       eval tcga_brca  class-IL=0.8280 task-IL=0.8710
    ── stage 2: tcga_rcc
      epoch 1/5 n=616 mean_loss=0.7820
      epoch 2/5 n=616 mean_loss=0.4908
      epoch 3/5 n=616 mean_loss=0.3918
      epoch 4/5 n=616 mean_loss=0.4508
      epoch 5/5 n=616 mean_loss=0.4039
       記憶體 +616 → |M|=64
       eval tcga_lung  class-IL=0.6947 task-IL=0.7579
       eval tcga_brca  class-IL=0.8602 task-IL=0.9247
       eval tcga_rcc   class-IL=0.9474 task-IL=0.9474
    ── stage 3: tcga_esca
      epoch 1/5 n=120 mean_loss=1.8066
      epoch 2/5 n=120 mean_loss=0.9006
      epoch 3/5 n=120 mean_loss=0.6816
      epoch 4/5 n=120 mean_loss=0.7993
      epoch 5/5 n=120 mean_loss=0.7139
       記憶體 +120 → |M|=64
       eval tcga_lung  class-IL=0.7579 task-IL=0.8842
       eval tcga_brca  class-IL=0.7957 task-IL=0.9032
       eval tcga_rcc   class-IL=0.9342 task-IL=0.9737
       eval tcga_esca  class-IL=0.8667 task-IL=0.9333

→ outputs/exp5/m64_replay_fwd/EXP2.md
