Exp2  arms=['A3']  order=reverse  seeds=[3]  B=8 c=1 epochs=5 arch=flat alloc=per_budget prior=discriminative head=accumulating uold=snapshot beta_u=0.1 replay_k=1 λ=(1.0,1.0,1.0)
  ▶ A3 (+ Replay) seed=3
    ── stage 0: tcga_esca
      epoch 1/5 n=120 mean_loss=0.3006
      epoch 2/5 n=120 mean_loss=0.1074
      epoch 3/5 n=120 mean_loss=0.1949
      epoch 4/5 n=120 mean_loss=0.0500
      epoch 5/5 n=120 mean_loss=0.0464
       記憶體 +120 → |M|=64
       eval tcga_esca  class-IL=1.0000 task-IL=1.0000
    ── stage 1: tcga_rcc
      epoch 1/5 n=617 mean_loss=0.3825
      epoch 2/5 n=617 mean_loss=0.2392
      epoch 3/5 n=617 mean_loss=0.2276
      epoch 4/5 n=617 mean_loss=0.2847
      epoch 5/5 n=617 mean_loss=0.2346
       記憶體 +617 → |M|=64
       eval tcga_esca  class-IL=1.0000 task-IL=1.0000
       eval tcga_rcc   class-IL=0.9342 task-IL=0.9474
    ── stage 2: tcga_brca
      epoch 1/5 n=763 mean_loss=0.8147
      epoch 2/5 n=763 mean_loss=0.4902
      epoch 3/5 n=763 mean_loss=0.5299
      epoch 4/5 n=763 mean_loss=0.4046
      epoch 5/5 n=763 mean_loss=0.4214
       記憶體 +763 → |M|=64
       eval tcga_esca  class-IL=0.4667 task-IL=0.8000
       eval tcga_rcc   class-IL=0.8947 task-IL=0.9342
       eval tcga_brca  class-IL=0.8958 task-IL=0.8958
    ── stage 3: tcga_lung
      epoch 1/5 n=765 mean_loss=0.8753
      epoch 2/5 n=765 mean_loss=0.5921
      epoch 3/5 n=765 mean_loss=0.5238
      epoch 4/5 n=765 mean_loss=0.4840
      epoch 5/5 n=765 mean_loss=0.4360
       記憶體 +765 → |M|=64
       eval tcga_esca  class-IL=0.4000 task-IL=0.9333
       eval tcga_rcc   class-IL=0.9079 task-IL=0.9605
       eval tcga_brca  class-IL=0.7396 task-IL=0.8750
       eval tcga_lung  class-IL=0.8972 task-IL=0.8972

→ outputs/exp5/m64_replay_rev/EXP2.md
