Exp2  arms=['A5']  order=reverse  seeds=[9]  B=8 c=1 epochs=5 arch=flat alloc=per_budget prior=discriminative head=accumulating uold=current beta_u=0.1 replay_k=1 λ=(1.0,1.0,1.0)
  ▶ A5 (Ours (Replay+KD+eq)) seed=9
    ── stage 0: tcga_esca
      epoch 1/5 n=121 mean_loss=0.2694
      epoch 2/5 n=121 mean_loss=0.2446
      epoch 3/5 n=121 mean_loss=0.1581
      epoch 4/5 n=121 mean_loss=0.0998
      epoch 5/5 n=121 mean_loss=0.0475
       記憶體 +121 → |M|=64
       eval tcga_esca  class-IL=0.9286 task-IL=0.9286
    ── stage 1: tcga_rcc
      epoch 1/5 n=612 mean_loss=0.4682
      epoch 2/5 n=612 mean_loss=0.2992
      epoch 3/5 n=612 mean_loss=0.3840
      epoch 4/5 n=612 mean_loss=0.2717
      epoch 5/5 n=612 mean_loss=0.1947
       記憶體 +612 → |M|=64
       eval tcga_esca  class-IL=1.0000 task-IL=1.0000
       eval tcga_rcc   class-IL=0.9383 task-IL=0.9383
    ── stage 2: tcga_brca
      epoch 1/5 n=760 mean_loss=0.7469
      epoch 2/5 n=760 mean_loss=0.6008
      epoch 3/5 n=760 mean_loss=0.6545
      epoch 4/5 n=760 mean_loss=0.5701
      epoch 5/5 n=760 mean_loss=0.4411
       記憶體 +760 → |M|=64
       eval tcga_esca  class-IL=1.0000 task-IL=1.0000
       eval tcga_rcc   class-IL=0.9506 task-IL=0.9506
       eval tcga_brca  class-IL=0.8384 task-IL=0.8990
    ── stage 3: tcga_lung
      epoch 1/5 n=762 mean_loss=1.4176
      epoch 2/5 n=762 mean_loss=1.1478
      epoch 3/5 n=762 mean_loss=0.8475
      epoch 4/5 n=762 mean_loss=0.8487
      epoch 5/5 n=762 mean_loss=0.7234
       記憶體 +762 → |M|=64
       eval tcga_esca  class-IL=0.2857 task-IL=0.8571
       eval tcga_rcc   class-IL=0.8148 task-IL=0.9259
       eval tcga_brca  class-IL=0.7778 task-IL=0.8485
       eval tcga_lung  class-IL=0.8696 task-IL=0.8696

→ outputs/exp5/m64_distutil_rev/EXP2.md
