Exp2  arms=['A5']  order=main  seeds=[3]  B=8 c=1 epochs=5 arch=flat alloc=per_budget prior=discriminative head=accumulating uold=current beta_u=0.1 replay_k=1 λ=(1.0,1.0,1.0)
  ▶ A5 (Ours (Replay+KD+eq)) seed=3
    ── stage 0: tcga_lung
      epoch 1/5 n=765 mean_loss=0.5001
      epoch 2/5 n=765 mean_loss=0.3636
      epoch 3/5 n=765 mean_loss=0.3568
      epoch 4/5 n=765 mean_loss=0.4099
      epoch 5/5 n=765 mean_loss=0.3260
       記憶體 +765 → |M|=64
       eval tcga_lung  class-IL=0.8785 task-IL=0.8785
    ── stage 1: tcga_brca
      epoch 1/5 n=763 mean_loss=1.1746
      epoch 2/5 n=763 mean_loss=0.8559
      epoch 3/5 n=763 mean_loss=0.7409
      epoch 4/5 n=763 mean_loss=0.6770
      epoch 5/5 n=763 mean_loss=0.5894
       記憶體 +763 → |M|=64
       eval tcga_lung  class-IL=0.8224 task-IL=0.9159
       eval tcga_brca  class-IL=0.8854 task-IL=0.9062
    ── stage 2: tcga_rcc
      epoch 1/5 n=617 mean_loss=1.5869
      epoch 2/5 n=617 mean_loss=1.0489
      epoch 3/5 n=617 mean_loss=0.9485
      epoch 4/5 n=617 mean_loss=0.7944
      epoch 5/5 n=617 mean_loss=0.6742
       記憶體 +617 → |M|=64
       eval tcga_lung  class-IL=0.8318 task-IL=0.9065
       eval tcga_brca  class-IL=0.8542 task-IL=0.8958
       eval tcga_rcc   class-IL=0.9605 task-IL=0.9737
    ── stage 3: tcga_esca
      epoch 1/5 n=120 mean_loss=1.6574
      epoch 2/5 n=120 mean_loss=1.2129
      epoch 3/5 n=120 mean_loss=1.3608
      epoch 4/5 n=120 mean_loss=0.8548
      epoch 5/5 n=120 mean_loss=1.1422
       記憶體 +120 → |M|=64
       eval tcga_lung  class-IL=0.7944 task-IL=0.9159
       eval tcga_brca  class-IL=0.8646 task-IL=0.9167
       eval tcga_rcc   class-IL=0.9342 task-IL=0.9737
       eval tcga_esca  class-IL=0.7333 task-IL=0.9333

→ outputs/exp5/m64_distutil_fwd/EXP2.md
