Exp2  arms=['A5']  order=reverse  seeds=[5]  B=8 c=1 epochs=5 arch=hier alloc=per_budget prior=discriminative head=accumulating uold=current beta_u=0.1 replay_k=1 λ=(1.0,1.0,1.0)
  ▶ A5 (Ours (Replay+KD+eq)) seed=5
    ── stage 0: tcga_esca
      epoch 1/5 n=120 mean_loss=0.3425
      epoch 2/5 n=120 mean_loss=0.1191
      epoch 3/5 n=120 mean_loss=0.0795
      epoch 4/5 n=120 mean_loss=0.1040
      epoch 5/5 n=120 mean_loss=0.0254
       記憶體 +120 → |M|=64
       eval tcga_esca  class-IL=1.0000 task-IL=1.0000
    ── stage 1: tcga_rcc
      epoch 1/5 n=619 mean_loss=0.4159
      epoch 2/5 n=619 mean_loss=0.3611
      epoch 3/5 n=619 mean_loss=0.3190
      epoch 4/5 n=619 mean_loss=0.2719
      epoch 5/5 n=619 mean_loss=0.2348
       記憶體 +619 → |M|=64
       eval tcga_esca  class-IL=1.0000 task-IL=1.0000
       eval tcga_rcc   class-IL=0.9595 task-IL=0.9595
    ── stage 2: tcga_brca
      epoch 1/5 n=763 mean_loss=1.0867
      epoch 2/5 n=763 mean_loss=0.8731
      epoch 3/5 n=763 mean_loss=0.8838
      epoch 4/5 n=763 mean_loss=0.7997
      epoch 5/5 n=763 mean_loss=0.6167
       記憶體 +763 → |M|=64
       eval tcga_esca  class-IL=0.7333 task-IL=1.0000
       eval tcga_rcc   class-IL=0.9730 task-IL=0.9865
       eval tcga_brca  class-IL=0.9149 task-IL=0.9255
    ── stage 3: tcga_lung
      epoch 1/5 n=764 mean_loss=1.0079
      epoch 2/5 n=764 mean_loss=0.8147
      epoch 3/5 n=764 mean_loss=0.6298
      epoch 4/5 n=764 mean_loss=0.5840
      epoch 5/5 n=764 mean_loss=0.5825
       記憶體 +764 → |M|=64
       eval tcga_esca  class-IL=0.4000 task-IL=1.0000
       eval tcga_rcc   class-IL=0.9054 task-IL=0.9595
       eval tcga_brca  class-IL=0.8298 task-IL=0.8936
       eval tcga_lung  class-IL=0.8542 task-IL=0.8854

→ outputs/exp5/m64_full_rev/EXP2.md
