Exp2  arms=['A5']  order=reverse  seeds=[9]  B=8 c=1 epochs=5 arch=hier alloc=per_budget prior=discriminative head=accumulating uold=current beta_u=0.1 replay_k=1 λ=(1.0,1.0,1.0)
  ▶ A5 (Ours (Replay+KD+eq)) seed=9
    ── stage 0: tcga_esca
      epoch 1/5 n=121 mean_loss=0.2336
      epoch 2/5 n=121 mean_loss=0.0812
      epoch 3/5 n=121 mean_loss=0.0616
      epoch 4/5 n=121 mean_loss=0.0829
      epoch 5/5 n=121 mean_loss=0.0375
       記憶體 +121 → |M|=64
       eval tcga_esca  class-IL=1.0000 task-IL=1.0000
    ── stage 1: tcga_rcc
      epoch 1/5 n=612 mean_loss=0.5338
      epoch 2/5 n=612 mean_loss=0.3976
      epoch 3/5 n=612 mean_loss=0.3916
      epoch 4/5 n=612 mean_loss=0.3628
      epoch 5/5 n=612 mean_loss=0.3272
       記憶體 +612 → |M|=64
       eval tcga_esca  class-IL=0.9286 task-IL=1.0000
       eval tcga_rcc   class-IL=0.9259 task-IL=0.9259
    ── stage 2: tcga_brca
      epoch 1/5 n=760 mean_loss=0.8945
      epoch 2/5 n=760 mean_loss=0.5612
      epoch 3/5 n=760 mean_loss=0.4499
      epoch 4/5 n=760 mean_loss=0.4605
      epoch 5/5 n=760 mean_loss=0.3772
       記憶體 +760 → |M|=64
       eval tcga_esca  class-IL=0.7857 task-IL=1.0000
       eval tcga_rcc   class-IL=0.9259 task-IL=0.9259
       eval tcga_brca  class-IL=0.8990 task-IL=0.8990
    ── stage 3: tcga_lung
      epoch 1/5 n=762 mean_loss=1.3854
      epoch 2/5 n=762 mean_loss=1.0760
      epoch 3/5 n=762 mean_loss=0.9751
      epoch 4/5 n=762 mean_loss=0.9269
      epoch 5/5 n=762 mean_loss=0.8663
       記憶體 +762 → |M|=64
       eval tcga_esca  class-IL=0.5000 task-IL=0.8571
       eval tcga_rcc   class-IL=0.8025 task-IL=0.9259
       eval tcga_brca  class-IL=0.8283 task-IL=0.8990
       eval tcga_lung  class-IL=0.8587 task-IL=0.8696

→ outputs/exp5/m64_full_rev/EXP2.md
