Exp2  arms=['A5']  order=reverse  seeds=[3]  B=8 c=1 epochs=5 arch=flat alloc=per_budget prior=discriminative head=accumulating uold=current beta_u=0.1 replay_k=1 λ=(1.0,1.0,1.0)
  ▶ A5 (Ours (Replay+KD+eq)) seed=3
    ── stage 0: tcga_esca
      epoch 1/5 n=120 mean_loss=0.3006
      epoch 2/5 n=120 mean_loss=0.1074
      epoch 3/5 n=120 mean_loss=0.1949
      epoch 4/5 n=120 mean_loss=0.0500
      epoch 5/5 n=120 mean_loss=0.0464
       記憶體 +120 → |M|=64
       eval tcga_esca  class-IL=1.0000 task-IL=1.0000
    ── stage 1: tcga_rcc
      epoch 1/5 n=617 mean_loss=0.3594
      epoch 2/5 n=617 mean_loss=0.3183
      epoch 3/5 n=617 mean_loss=0.2519
      epoch 4/5 n=617 mean_loss=0.2438
      epoch 5/5 n=617 mean_loss=0.2090
       記憶體 +617 → |M|=64
       eval tcga_esca  class-IL=0.9333 task-IL=0.9333
       eval tcga_rcc   class-IL=0.9474 task-IL=0.9605
    ── stage 2: tcga_brca
      epoch 1/5 n=763 mean_loss=0.7030
      epoch 2/5 n=763 mean_loss=0.4924
      epoch 3/5 n=763 mean_loss=0.5044
      epoch 4/5 n=763 mean_loss=0.4055
      epoch 5/5 n=763 mean_loss=0.3931
       記憶體 +763 → |M|=64
       eval tcga_esca  class-IL=0.4667 task-IL=0.9333
       eval tcga_rcc   class-IL=0.8816 task-IL=0.9342
       eval tcga_brca  class-IL=0.8646 task-IL=0.8750
    ── stage 3: tcga_lung
      epoch 1/5 n=765 mean_loss=0.8438
      epoch 2/5 n=765 mean_loss=0.6852
      epoch 3/5 n=765 mean_loss=0.6003
      epoch 4/5 n=765 mean_loss=0.5671
      epoch 5/5 n=765 mean_loss=0.5090
       記憶體 +765 → |M|=64
       eval tcga_esca  class-IL=0.4667 task-IL=0.9333
       eval tcga_rcc   class-IL=0.9342 task-IL=0.9605
       eval tcga_brca  class-IL=0.8854 task-IL=0.9062
       eval tcga_lung  class-IL=0.8505 task-IL=0.8785

→ outputs/exp5/m64_distutil_rev/EXP2.md
