Exp2  arms=['A5']  order=reverse  seeds=[6]  B=8 c=1 epochs=5 arch=flat alloc=per_budget prior=discriminative head=accumulating uold=current beta_u=0.1 replay_k=1 λ=(1.0,1.0,1.0)
  ▶ A5 (Ours (Replay+KD+eq)) seed=6
    ── stage 0: tcga_esca
      epoch 1/5 n=119 mean_loss=0.2372
      epoch 2/5 n=119 mean_loss=0.0858
      epoch 3/5 n=119 mean_loss=0.0473
      epoch 4/5 n=119 mean_loss=0.1829
      epoch 5/5 n=119 mean_loss=0.0981
       記憶體 +119 → |M|=64
       eval tcga_esca  class-IL=0.8125 task-IL=0.8125
    ── stage 1: tcga_rcc
      epoch 1/5 n=616 mean_loss=0.4356
      epoch 2/5 n=616 mean_loss=0.2921
      epoch 3/5 n=616 mean_loss=0.2362
      epoch 4/5 n=616 mean_loss=0.2324
      epoch 5/5 n=616 mean_loss=0.2221
       記憶體 +616 → |M|=64
       eval tcga_esca  class-IL=0.8750 task-IL=0.8750
       eval tcga_rcc   class-IL=0.9351 task-IL=0.9351
    ── stage 2: tcga_brca
      epoch 1/5 n=758 mean_loss=0.6970
      epoch 2/5 n=758 mean_loss=0.6410
      epoch 3/5 n=758 mean_loss=0.4343
      epoch 4/5 n=758 mean_loss=0.5332
      epoch 5/5 n=758 mean_loss=0.5043
       記憶體 +758 → |M|=64
       eval tcga_esca  class-IL=0.7500 task-IL=0.9375
       eval tcga_rcc   class-IL=0.9481 task-IL=0.9610
       eval tcga_brca  class-IL=0.8980 task-IL=0.9184
    ── stage 3: tcga_lung
      epoch 1/5 n=759 mean_loss=1.1482
      epoch 2/5 n=759 mean_loss=0.8462
      epoch 3/5 n=759 mean_loss=0.7232
      epoch 4/5 n=759 mean_loss=0.7333
      epoch 5/5 n=759 mean_loss=0.6065
       記憶體 +759 → |M|=64
       eval tcga_esca  class-IL=0.4375 task-IL=0.8750
       eval tcga_rcc   class-IL=0.9481 task-IL=0.9740
       eval tcga_brca  class-IL=0.8673 task-IL=0.9184
       eval tcga_lung  class-IL=0.9432 task-IL=0.9432

→ outputs/exp5/m64_distutil_rev/EXP2.md
