Exp2  arms=['A3']  order=reverse  seeds=[5]  B=8 c=1 epochs=5 arch=flat alloc=per_budget prior=discriminative head=accumulating uold=snapshot beta_u=0.1 replay_k=1 λ=(1.0,1.0,1.0)
  ▶ A3 (+ Replay) seed=5
    ── stage 0: tcga_esca
      epoch 1/5 n=120 mean_loss=0.3758
      epoch 2/5 n=120 mean_loss=0.1160
      epoch 3/5 n=120 mean_loss=0.0677
      epoch 4/5 n=120 mean_loss=0.0318
      epoch 5/5 n=120 mean_loss=0.0610
       記憶體 +120 → |M|=64
       eval tcga_esca  class-IL=1.0000 task-IL=1.0000
    ── stage 1: tcga_rcc
      epoch 1/5 n=619 mean_loss=0.3055
      epoch 2/5 n=619 mean_loss=0.2558
      epoch 3/5 n=619 mean_loss=0.2489
      epoch 4/5 n=619 mean_loss=0.4114
      epoch 5/5 n=619 mean_loss=0.2045
       記憶體 +619 → |M|=64
       eval tcga_esca  class-IL=1.0000 task-IL=1.0000
       eval tcga_rcc   class-IL=0.9865 task-IL=0.9865
    ── stage 2: tcga_brca
      epoch 1/5 n=763 mean_loss=1.0001
      epoch 2/5 n=763 mean_loss=0.7152
      epoch 3/5 n=763 mean_loss=0.7429
      epoch 4/5 n=763 mean_loss=0.7079
      epoch 5/5 n=763 mean_loss=0.4861
       記憶體 +763 → |M|=64
       eval tcga_esca  class-IL=0.6000 task-IL=1.0000
       eval tcga_rcc   class-IL=0.9324 task-IL=0.9595
       eval tcga_brca  class-IL=0.9149 task-IL=0.9255
    ── stage 3: tcga_lung
      epoch 1/5 n=764 mean_loss=0.9116
      epoch 2/5 n=764 mean_loss=0.5602
      epoch 3/5 n=764 mean_loss=0.5851
      epoch 4/5 n=764 mean_loss=0.5522
      epoch 5/5 n=764 mean_loss=0.5520
       記憶體 +764 → |M|=64
       eval tcga_esca  class-IL=0.5333 task-IL=1.0000
       eval tcga_rcc   class-IL=0.9054 task-IL=0.9730
       eval tcga_brca  class-IL=0.8085 task-IL=0.8830
       eval tcga_lung  class-IL=0.8438 task-IL=0.8750

→ outputs/exp5/m64_replay_rev/EXP2.md
