Exp2  arms=['A5']  order=main  seeds=[7]  B=8 c=1 epochs=5 arch=hier alloc=per_budget prior=discriminative head=accumulating uold=current beta_u=0.1 replay_k=1 λ=(1.0,1.0,1.0)
  ▶ A5 (Ours (Replay+KD+eq)) seed=7
    ── stage 0: tcga_lung
      epoch 1/5 n=774 mean_loss=0.7122
      epoch 2/5 n=774 mean_loss=0.5001
      epoch 3/5 n=774 mean_loss=0.4247
      epoch 4/5 n=774 mean_loss=0.3858
      epoch 5/5 n=774 mean_loss=0.4415
       記憶體 +774 → |M|=64
       eval tcga_lung  class-IL=0.8866 task-IL=0.8866
    ── stage 1: tcga_brca
      epoch 1/5 n=760 mean_loss=1.0313
      epoch 2/5 n=760 mean_loss=0.8593
      epoch 3/5 n=760 mean_loss=0.7091
      epoch 4/5 n=760 mean_loss=0.6585
      epoch 5/5 n=760 mean_loss=0.5521
       記憶體 +760 → |M|=64
       eval tcga_lung  class-IL=0.8454 task-IL=0.9175
       eval tcga_brca  class-IL=0.8750 task-IL=0.8750
    ── stage 2: tcga_rcc
      epoch 1/5 n=615 mean_loss=0.7360
      epoch 2/5 n=615 mean_loss=0.5542
      epoch 3/5 n=615 mean_loss=0.3509
      epoch 4/5 n=615 mean_loss=0.3451
      epoch 5/5 n=615 mean_loss=0.3566
       記憶體 +615 → |M|=64
       eval tcga_lung  class-IL=0.8041 task-IL=0.9072
       eval tcga_brca  class-IL=0.9167 task-IL=0.9167
       eval tcga_rcc   class-IL=0.9333 task-IL=0.9467
    ── stage 3: tcga_esca
      epoch 1/5 n=120 mean_loss=1.7525
      epoch 2/5 n=120 mean_loss=0.9548
      epoch 3/5 n=120 mean_loss=1.3189
      epoch 4/5 n=120 mean_loss=0.9346
      epoch 5/5 n=120 mean_loss=0.7285
       記憶體 +120 → |M|=64
       eval tcga_lung  class-IL=0.7216 task-IL=0.9278
       eval tcga_brca  class-IL=0.8958 task-IL=0.9062
       eval tcga_rcc   class-IL=0.9600 task-IL=0.9600
       eval tcga_esca  class-IL=1.0000 task-IL=1.0000

→ outputs/exp5/m64_full_fwd/EXP2.md
