Exp2  arms=['A5']  order=reverse  seeds=[10]  B=8 c=1 epochs=5 arch=flat alloc=per_budget prior=discriminative head=accumulating uold=current beta_u=0.1 replay_k=1 λ=(1.0,1.0,1.0)
  ▶ A5 (Ours (Replay+KD+eq)) seed=10
    ── stage 0: tcga_esca
      epoch 1/5 n=121 mean_loss=0.2894
      epoch 2/5 n=121 mean_loss=0.0865
      epoch 3/5 n=121 mean_loss=0.0878
      epoch 4/5 n=121 mean_loss=0.0348
      epoch 5/5 n=121 mean_loss=0.0621
       記憶體 +121 → |M|=64
       eval tcga_esca  class-IL=1.0000 task-IL=1.0000
    ── stage 1: tcga_rcc
      epoch 1/5 n=618 mean_loss=0.4040
      epoch 2/5 n=618 mean_loss=0.3273
      epoch 3/5 n=618 mean_loss=0.2612
      epoch 4/5 n=618 mean_loss=0.2103
      epoch 5/5 n=618 mean_loss=0.2285
       記憶體 +618 → |M|=64
       eval tcga_esca  class-IL=1.0000 task-IL=1.0000
       eval tcga_rcc   class-IL=0.9730 task-IL=0.9865
    ── stage 2: tcga_brca
      epoch 1/5 n=763 mean_loss=0.8912
      epoch 2/5 n=763 mean_loss=0.8410
      epoch 3/5 n=763 mean_loss=0.8384
      epoch 4/5 n=763 mean_loss=0.7327
      epoch 5/5 n=763 mean_loss=0.4620
       記憶體 +763 → |M|=64
       eval tcga_esca  class-IL=0.7857 task-IL=0.9286
       eval tcga_rcc   class-IL=0.9189 task-IL=0.9730
       eval tcga_brca  class-IL=0.8791 task-IL=0.9011
    ── stage 3: tcga_lung
      epoch 1/5 n=771 mean_loss=1.3235
      epoch 2/5 n=771 mean_loss=0.9277
      epoch 3/5 n=771 mean_loss=0.8064
      epoch 4/5 n=771 mean_loss=0.6269
      epoch 5/5 n=771 mean_loss=0.6616
       記憶體 +771 → |M|=64
       eval tcga_esca  class-IL=0.7857 task-IL=1.0000
       eval tcga_rcc   class-IL=0.9054 task-IL=0.9865
       eval tcga_brca  class-IL=0.8132 task-IL=0.9121
       eval tcga_lung  class-IL=0.8778 task-IL=0.8778

→ outputs/exp5/m64_distutil_rev/EXP2.md
