Exp2  arms=['A3']  order=reverse  seeds=[1]  B=8 c=1 epochs=5 arch=flat alloc=per_budget prior=discriminative head=accumulating uold=snapshot beta_u=0.1 replay_k=1 λ=(1.0,1.0,1.0)
  ▶ A3 (+ Replay) seed=1
    ── stage 0: tcga_esca
      epoch 1/5 n=120 mean_loss=0.1700
      epoch 2/5 n=120 mean_loss=0.1838
      epoch 3/5 n=120 mean_loss=0.0211
      epoch 4/5 n=120 mean_loss=0.0660
      epoch 5/5 n=120 mean_loss=0.0135
       記憶體 +120 → |M|=64
       eval tcga_esca  class-IL=1.0000 task-IL=1.0000
    ── stage 1: tcga_rcc
      epoch 1/5 n=616 mean_loss=0.3505
      epoch 2/5 n=616 mean_loss=0.2827
      epoch 3/5 n=616 mean_loss=0.1990
      epoch 4/5 n=616 mean_loss=0.2081
      epoch 5/5 n=616 mean_loss=0.2217
       記憶體 +616 → |M|=64
       eval tcga_esca  class-IL=0.9333 task-IL=0.9333
       eval tcga_rcc   class-IL=0.9474 task-IL=0.9474
    ── stage 2: tcga_brca
      epoch 1/5 n=763 mean_loss=0.9803
      epoch 2/5 n=763 mean_loss=0.7335
      epoch 3/5 n=763 mean_loss=0.6223
      epoch 4/5 n=763 mean_loss=0.5854
      epoch 5/5 n=763 mean_loss=0.4528
       記憶體 +763 → |M|=64
       eval tcga_esca  class-IL=0.4667 task-IL=0.8000
       eval tcga_rcc   class-IL=0.9211 task-IL=0.9605
       eval tcga_brca  class-IL=0.9032 task-IL=0.9140
    ── stage 3: tcga_lung
      epoch 1/5 n=774 mean_loss=1.1221
      epoch 2/5 n=774 mean_loss=0.9674
      epoch 3/5 n=774 mean_loss=0.6312
      epoch 4/5 n=774 mean_loss=0.5735
      epoch 5/5 n=774 mean_loss=0.5361
       記憶體 +774 → |M|=64
       eval tcga_esca  class-IL=0.5333 task-IL=0.9333
       eval tcga_rcc   class-IL=0.8421 task-IL=0.9211
       eval tcga_brca  class-IL=0.7312 task-IL=0.8495
       eval tcga_lung  class-IL=0.8421 task-IL=0.8632

→ outputs/exp5/m64_replay_rev/EXP2.md
