Exp2  arms=['A5']  order=reverse  seeds=[4]  B=8 c=1 epochs=5 arch=hier alloc=per_budget prior=discriminative head=accumulating uold=current beta_u=0.1 replay_k=1 λ=(1.0,1.0,1.0)
  ▶ A5 (Ours (Replay+KD+eq)) seed=4
    ── stage 0: tcga_esca
      epoch 1/5 n=119 mean_loss=0.5677
      epoch 2/5 n=119 mean_loss=0.1512
      epoch 3/5 n=119 mean_loss=0.0773
      epoch 4/5 n=119 mean_loss=0.0627
      epoch 5/5 n=119 mean_loss=0.0444
       記憶體 +119 → |M|=64
       eval tcga_esca  class-IL=1.0000 task-IL=1.0000
    ── stage 1: tcga_rcc
      epoch 1/5 n=613 mean_loss=0.3309
      epoch 2/5 n=613 mean_loss=0.2272
      epoch 3/5 n=613 mean_loss=0.2019
      epoch 4/5 n=613 mean_loss=0.1991
      epoch 5/5 n=613 mean_loss=0.2023
       記憶體 +613 → |M|=64
       eval tcga_esca  class-IL=1.0000 task-IL=1.0000
       eval tcga_rcc   class-IL=0.9231 task-IL=0.9231
    ── stage 2: tcga_brca
      epoch 1/5 n=762 mean_loss=0.6958
      epoch 2/5 n=762 mean_loss=0.4560
      epoch 3/5 n=762 mean_loss=0.5263
      epoch 4/5 n=762 mean_loss=0.3772
      epoch 5/5 n=762 mean_loss=0.3715
       記憶體 +762 → |M|=64
       eval tcga_esca  class-IL=0.9375 task-IL=1.0000
       eval tcga_rcc   class-IL=0.9359 task-IL=0.9359
       eval tcga_brca  class-IL=0.8298 task-IL=0.9149
    ── stage 3: tcga_lung
      epoch 1/5 n=756 mean_loss=1.2071
      epoch 2/5 n=756 mean_loss=0.8356
      epoch 3/5 n=756 mean_loss=0.7336
      epoch 4/5 n=756 mean_loss=0.5897
      epoch 5/5 n=756 mean_loss=0.6161
       記憶體 +756 → |M|=64
       eval tcga_esca  class-IL=0.7500 task-IL=0.9375
       eval tcga_rcc   class-IL=0.8462 task-IL=0.9103
       eval tcga_brca  class-IL=0.6809 task-IL=0.8617
       eval tcga_lung  class-IL=0.7768 task-IL=0.7768

→ outputs/exp5/m64_full_rev/EXP2.md
