Exp2  arms=['A5']  order=reverse  seeds=[4]  B=8 c=1 epochs=5 arch=flat alloc=per_budget prior=discriminative head=accumulating uold=current beta_u=0.1 replay_k=1 λ=(1.0,1.0,1.0)
  ▶ A5 (Ours (Replay+KD+eq)) seed=4
    ── stage 0: tcga_esca
      epoch 1/5 n=119 mean_loss=0.5062
      epoch 2/5 n=119 mean_loss=0.1161
      epoch 3/5 n=119 mean_loss=0.1664
      epoch 4/5 n=119 mean_loss=0.1051
      epoch 5/5 n=119 mean_loss=0.0417
       記憶體 +119 → |M|=64
       eval tcga_esca  class-IL=1.0000 task-IL=1.0000
    ── stage 1: tcga_rcc
      epoch 1/5 n=613 mean_loss=0.3519
      epoch 2/5 n=613 mean_loss=0.2804
      epoch 3/5 n=613 mean_loss=0.1872
      epoch 4/5 n=613 mean_loss=0.2301
      epoch 5/5 n=613 mean_loss=0.2557
       記憶體 +613 → |M|=64
       eval tcga_esca  class-IL=1.0000 task-IL=1.0000
       eval tcga_rcc   class-IL=0.8974 task-IL=0.8974
    ── stage 2: tcga_brca
      epoch 1/5 n=762 mean_loss=0.7484
      epoch 2/5 n=762 mean_loss=0.5861
      epoch 3/5 n=762 mean_loss=0.4607
      epoch 4/5 n=762 mean_loss=0.4608
      epoch 5/5 n=762 mean_loss=0.5026
       記憶體 +762 → |M|=64
       eval tcga_esca  class-IL=0.8750 task-IL=1.0000
       eval tcga_rcc   class-IL=0.9359 task-IL=0.9359
       eval tcga_brca  class-IL=0.8298 task-IL=0.9043
    ── stage 3: tcga_lung
      epoch 1/5 n=756 mean_loss=1.3157
      epoch 2/5 n=756 mean_loss=0.9426
      epoch 3/5 n=756 mean_loss=0.8866
      epoch 4/5 n=756 mean_loss=0.6338
      epoch 5/5 n=756 mean_loss=0.6699
       記憶體 +756 → |M|=64
       eval tcga_esca  class-IL=0.3750 task-IL=0.9375
       eval tcga_rcc   class-IL=0.8205 task-IL=0.9103
       eval tcga_brca  class-IL=0.7766 task-IL=0.8723
       eval tcga_lung  class-IL=0.8750 task-IL=0.8750

→ outputs/exp5/m64_distutil_rev/EXP2.md
