Exp2  arms=['A5']  order=main  seeds=[8]  B=8 c=1 epochs=5 arch=flat alloc=per_budget prior=discriminative head=accumulating uold=current beta_u=0.1 replay_k=1 λ=(1.0,1.0,1.0)
  ▶ A5 (Ours (Replay+KD+eq)) seed=8
    ── stage 0: tcga_lung
      epoch 1/5 n=777 mean_loss=0.5537
      epoch 2/5 n=777 mean_loss=0.3427
      epoch 3/5 n=777 mean_loss=0.3472
      epoch 4/5 n=777 mean_loss=0.2968
      epoch 5/5 n=777 mean_loss=0.3422
       記憶體 +777 → |M|=64
       eval tcga_lung  class-IL=0.8925 task-IL=0.8925
    ── stage 1: tcga_brca
      epoch 1/5 n=762 mean_loss=0.8825
      epoch 2/5 n=762 mean_loss=0.7331
      epoch 3/5 n=762 mean_loss=0.6050
      epoch 4/5 n=762 mean_loss=0.5900
      epoch 5/5 n=762 mean_loss=0.6256
       記憶體 +762 → |M|=64
       eval tcga_lung  class-IL=0.7742 task-IL=0.8925
       eval tcga_brca  class-IL=0.9062 task-IL=0.9167
    ── stage 2: tcga_rcc
      epoch 1/5 n=617 mean_loss=0.6652
      epoch 2/5 n=617 mean_loss=0.5006
      epoch 3/5 n=617 mean_loss=0.4658
      epoch 4/5 n=617 mean_loss=0.4094
      epoch 5/5 n=617 mean_loss=0.4154
       記憶體 +617 → |M|=64
       eval tcga_lung  class-IL=0.7742 task-IL=0.8817
       eval tcga_brca  class-IL=0.8854 task-IL=0.9167
       eval tcga_rcc   class-IL=0.9211 task-IL=0.9342
    ── stage 3: tcga_esca
      epoch 1/5 n=120 mean_loss=1.1826
      epoch 2/5 n=120 mean_loss=1.2258
      epoch 3/5 n=120 mean_loss=1.0213
      epoch 4/5 n=120 mean_loss=0.9124
      epoch 5/5 n=120 mean_loss=0.8588
       記憶體 +120 → |M|=64
       eval tcga_lung  class-IL=0.5806 task-IL=0.8495
       eval tcga_brca  class-IL=0.8438 task-IL=0.8958
       eval tcga_rcc   class-IL=0.8947 task-IL=0.9079
       eval tcga_esca  class-IL=0.8667 task-IL=0.9333

→ outputs/exp5/m64_distutil_fwd/EXP2.md
