Exp2  arms=['A3']  order=reverse  seeds=[9]  B=8 c=1 epochs=5 arch=flat alloc=per_budget prior=discriminative head=accumulating uold=snapshot beta_u=0.1 replay_k=1 λ=(1.0,1.0,1.0)
  ▶ A3 (+ Replay) seed=9
    ── stage 0: tcga_esca
      epoch 1/5 n=121 mean_loss=0.2694
      epoch 2/5 n=121 mean_loss=0.2446
      epoch 3/5 n=121 mean_loss=0.1581
      epoch 4/5 n=121 mean_loss=0.0998
      epoch 5/5 n=121 mean_loss=0.0475
       記憶體 +121 → |M|=64
       eval tcga_esca  class-IL=0.9286 task-IL=0.9286
    ── stage 1: tcga_rcc
      epoch 1/5 n=612 mean_loss=0.3715
      epoch 2/5 n=612 mean_loss=0.2085
      epoch 3/5 n=612 mean_loss=0.2350
      epoch 4/5 n=612 mean_loss=0.1793
      epoch 5/5 n=612 mean_loss=0.1753
       記憶體 +612 → |M|=64
       eval tcga_esca  class-IL=1.0000 task-IL=1.0000
       eval tcga_rcc   class-IL=0.9136 task-IL=0.9136
    ── stage 2: tcga_brca
      epoch 1/5 n=760 mean_loss=0.7196
      epoch 2/5 n=760 mean_loss=0.5758
      epoch 3/5 n=760 mean_loss=0.4354
      epoch 4/5 n=760 mean_loss=0.4923
      epoch 5/5 n=760 mean_loss=0.4012
       記憶體 +760 → |M|=64
       eval tcga_esca  class-IL=0.7857 task-IL=0.9286
       eval tcga_rcc   class-IL=0.9259 task-IL=0.9506
       eval tcga_brca  class-IL=0.8687 task-IL=0.8687
    ── stage 3: tcga_lung
      epoch 1/5 n=762 mean_loss=1.3641
      epoch 2/5 n=762 mean_loss=1.0231
      epoch 3/5 n=762 mean_loss=0.8225
      epoch 4/5 n=762 mean_loss=0.6582
      epoch 5/5 n=762 mean_loss=0.7083
       記憶體 +762 → |M|=64
       eval tcga_esca  class-IL=0.4286 task-IL=1.0000
       eval tcga_rcc   class-IL=0.8642 task-IL=0.9259
       eval tcga_brca  class-IL=0.8283 task-IL=0.8586
       eval tcga_lung  class-IL=0.8370 task-IL=0.8587

→ outputs/exp5/m64_replay_rev/EXP2.md
