Exp2  arms=['A3']  order=main  seeds=[6]  B=8 c=1 epochs=5 arch=flat alloc=per_budget prior=discriminative head=accumulating uold=snapshot beta_u=0.1 replay_k=1 λ=(1.0,1.0,1.0)
  ▶ A3 (+ Replay) seed=6
    ── stage 0: tcga_lung
      epoch 1/5 n=759 mean_loss=0.5221
      epoch 2/5 n=759 mean_loss=0.4700
      epoch 3/5 n=759 mean_loss=0.4327
      epoch 4/5 n=759 mean_loss=0.3751
      epoch 5/5 n=759 mean_loss=0.3767
       記憶體 +759 → |M|=64
       eval tcga_lung  class-IL=0.9886 task-IL=0.9886
    ── stage 1: tcga_brca
      epoch 1/5 n=758 mean_loss=1.0820
      epoch 2/5 n=758 mean_loss=0.6896
      epoch 3/5 n=758 mean_loss=0.5827
      epoch 4/5 n=758 mean_loss=0.6359
      epoch 5/5 n=758 mean_loss=0.4878
       記憶體 +758 → |M|=64
       eval tcga_lung  class-IL=0.9318 task-IL=0.9773
       eval tcga_brca  class-IL=0.8571 task-IL=0.9184
    ── stage 2: tcga_rcc
      epoch 1/5 n=616 mean_loss=0.5773
      epoch 2/5 n=616 mean_loss=0.3501
      epoch 3/5 n=616 mean_loss=0.3009
      epoch 4/5 n=616 mean_loss=0.2339
      epoch 5/5 n=616 mean_loss=0.1921
       記憶體 +616 → |M|=64
       eval tcga_lung  class-IL=0.8750 task-IL=0.9318
       eval tcga_brca  class-IL=0.8571 task-IL=0.9184
       eval tcga_rcc   class-IL=0.9610 task-IL=0.9610
    ── stage 3: tcga_esca
      epoch 1/5 n=119 mean_loss=1.5077
      epoch 2/5 n=119 mean_loss=1.0571
      epoch 3/5 n=119 mean_loss=0.7386
      epoch 4/5 n=119 mean_loss=0.6678
      epoch 5/5 n=119 mean_loss=0.5985
       記憶體 +119 → |M|=64
       eval tcga_lung  class-IL=0.9091 task-IL=0.9432
       eval tcga_brca  class-IL=0.7755 task-IL=0.8673
       eval tcga_rcc   class-IL=0.9481 task-IL=0.9610
       eval tcga_esca  class-IL=0.8125 task-IL=0.8750

→ outputs/exp5/m64_replay_fwd/EXP2.md
