Exp2  arms=['A5']  order=main  seeds=[8]  B=16 c=1 epochs=5 arch=hier alloc=per_budget prior=discriminative head=accumulating uold=current beta_u=0.1 replay_k=1 λ=(1.0,1.0,1.0)
  ▶ A5 (Ours (Replay+KD+eq)) seed=8
    ── stage 0: tcga_lung
      epoch 1/5 n=777 mean_loss=0.6095
      epoch 2/5 n=777 mean_loss=0.3623
      epoch 3/5 n=777 mean_loss=0.3216
      epoch 4/5 n=777 mean_loss=0.3155
      epoch 5/5 n=777 mean_loss=0.2846
       記憶體 +777 → |M|=512
       eval tcga_lung  class-IL=0.8602 task-IL=0.8602
    ── stage 1: tcga_brca
      epoch 1/5 n=762 mean_loss=1.4048
      epoch 2/5 n=762 mean_loss=1.0082
      epoch 3/5 n=762 mean_loss=0.9079
      epoch 4/5 n=762 mean_loss=0.7924
      epoch 5/5 n=762 mean_loss=0.7385
       記憶體 +762 → |M|=512
       eval tcga_lung  class-IL=0.8280 task-IL=0.8710
       eval tcga_brca  class-IL=0.8229 task-IL=0.8854
    ── stage 2: tcga_rcc
      epoch 1/5 n=617 mean_loss=0.9953
      epoch 2/5 n=617 mean_loss=0.9417
      epoch 3/5 n=617 mean_loss=0.9191
      epoch 4/5 n=617 mean_loss=0.7991
      epoch 5/5 n=617 mean_loss=0.6554
       記憶體 +617 → |M|=512
       eval tcga_lung  class-IL=0.8387 task-IL=0.8925
       eval tcga_brca  class-IL=0.8542 task-IL=0.8750
       eval tcga_rcc   class-IL=0.9211 task-IL=0.9474
    ── stage 3: tcga_esca
      epoch 1/5 n=120 mean_loss=2.5917
      epoch 2/5 n=120 mean_loss=1.6040
      epoch 3/5 n=120 mean_loss=1.4913
      epoch 4/5 n=120 mean_loss=1.5682
      epoch 5/5 n=120 mean_loss=1.5015
       記憶體 +120 → |M|=512
       eval tcga_lung  class-IL=0.6452 task-IL=0.8710
       eval tcga_brca  class-IL=0.8229 task-IL=0.8438
       eval tcga_rcc   class-IL=0.8684 task-IL=0.8947
       eval tcga_esca  class-IL=0.8667 task-IL=0.9333

→ outputs/exp3/sota_ucur_b16/EXP2.md
