Exp2  arms=['A5']  order=main  seeds=[10]  B=4 c=1 epochs=5 arch=hier alloc=per_budget prior=discriminative head=accumulating uold=current beta_u=0.1 replay_k=1 λ=(1.0,1.0,1.0)
  ▶ A5 (Ours (Replay+KD+eq)) seed=10
    ── stage 0: tcga_lung
      epoch 1/5 n=771 mean_loss=0.8140
      epoch 2/5 n=771 mean_loss=0.7541
      epoch 3/5 n=771 mean_loss=0.5422
      epoch 4/5 n=771 mean_loss=0.7601
      epoch 5/5 n=771 mean_loss=0.7899
       記憶體 +771 → |M|=512
       eval tcga_lung  class-IL=0.6556 task-IL=0.6556
    ── stage 1: tcga_brca
      epoch 1/5 n=763 mean_loss=4.5112
      epoch 2/5 n=763 mean_loss=3.7652
      epoch 3/5 n=763 mean_loss=3.7925
      epoch 4/5 n=763 mean_loss=3.6117
      epoch 5/5 n=763 mean_loss=3.6310
       記憶體 +763 → |M|=512
       eval tcga_lung  class-IL=0.6111 task-IL=0.6667
       eval tcga_brca  class-IL=0.5714 task-IL=0.6154
    ── stage 2: tcga_rcc
      epoch 1/5 n=618 mean_loss=4.4344
      epoch 2/5 n=618 mean_loss=4.1980
      epoch 3/5 n=618 mean_loss=3.8072
      epoch 4/5 n=618 mean_loss=3.9063
      epoch 5/5 n=618 mean_loss=3.4665
       記憶體 +618 → |M|=512
       eval tcga_lung  class-IL=0.6333 task-IL=0.6889
       eval tcga_brca  class-IL=0.5275 task-IL=0.5824
       eval tcga_rcc   class-IL=0.6351 task-IL=0.7297
    ── stage 3: tcga_esca
      epoch 1/5 n=121 mean_loss=5.5650
      epoch 2/5 n=121 mean_loss=3.9348
      epoch 3/5 n=121 mean_loss=4.9001
      epoch 4/5 n=121 mean_loss=4.4710
      epoch 5/5 n=121 mean_loss=4.5637
       記憶體 +121 → |M|=512
       eval tcga_lung  class-IL=0.5000 task-IL=0.6333
       eval tcga_brca  class-IL=0.4945 task-IL=0.6154
       eval tcga_rcc   class-IL=0.7838 task-IL=0.8243
       eval tcga_esca  class-IL=0.7143 task-IL=0.9286

→ outputs/exp3/sota_ucur_b4/EXP2.md
