Exp2  arms=['B2']  order=reverse  seeds=[4]  B=8 c=1 epochs=5 arch=flat alloc=per_budget prior=discriminative head=fixed beta_u=0.1 replay_k=1 λ=(1.0,1.0,1.0)
  ▶ B2 (只 eq (λ_r=λ_kd=0)) seed=4
    ── stage 0: tcga_esca
      epoch 1/5 n=120 mean_loss=1.6190
      epoch 2/5 n=120 mean_loss=0.1774
      epoch 3/5 n=120 mean_loss=0.0753
      epoch 4/5 n=120 mean_loss=0.1064
      epoch 5/5 n=120 mean_loss=0.2032
       記憶體 +120 → |M|=120
       eval tcga_esca  class-IL=0.8667 task-IL=0.8667
    ── stage 1: tcga_rcc
      epoch 1/5 n=616 mean_loss=0.5911
      epoch 2/5 n=616 mean_loss=0.3915
      epoch 3/5 n=616 mean_loss=0.3740
      epoch 4/5 n=616 mean_loss=0.4556
      epoch 5/5 n=616 mean_loss=0.2734
       記憶體 +616 → |M|=512
       eval tcga_esca  class-IL=0.8667 task-IL=0.8667
       eval tcga_rcc   class-IL=0.9737 task-IL=0.9737
    ── stage 2: tcga_brca
      epoch 1/5 n=763 mean_loss=0.8209
      epoch 2/5 n=763 mean_loss=0.7121
      epoch 3/5 n=763 mean_loss=0.8027
      epoch 4/5 n=763 mean_loss=0.6225
      epoch 5/5 n=763 mean_loss=0.7075
       記憶體 +763 → |M|=512
       eval tcga_esca  class-IL=0.5333 task-IL=0.8667
       eval tcga_rcc   class-IL=0.9342 task-IL=0.9474
       eval tcga_brca  class-IL=0.9140 task-IL=0.9355
    ── stage 3: tcga_lung
      epoch 1/5 n=774 mean_loss=1.2352
      epoch 2/5 n=774 mean_loss=1.0936
      epoch 3/5 n=774 mean_loss=1.1498
      epoch 4/5 n=774 mean_loss=1.3820
      epoch 5/5 n=774 mean_loss=0.8942
       記憶體 +774 → |M|=512
       eval tcga_esca  class-IL=0.6667 task-IL=0.8667
       eval tcga_rcc   class-IL=0.9342 task-IL=0.9605
       eval tcga_brca  class-IL=0.8172 task-IL=0.9032
       eval tcga_lung  class-IL=0.8526 task-IL=0.8526

→ outputs/exp3/ablation_fixed/EXP2.md
