Exp2  arms=['A3']  order=reverse  seeds=[9]  B=8 c=1 epochs=5 arch=flat alloc=per_budget prior=discriminative beta_u=0.1 replay_k=1 λ=(1.0,1.0,1.0)
  ▶ A3 (+ Replay) seed=9
    ── stage 0: tcga_esca
      epoch 1/5 n=121 mean_loss=0.4199
      epoch 2/5 n=121 mean_loss=0.2698
      epoch 3/5 n=121 mean_loss=0.2535
      epoch 4/5 n=121 mean_loss=0.0668
      epoch 5/5 n=121 mean_loss=0.1326
       記憶體 +121 → |M|=121
       eval tcga_esca  class-IL=1.0000 task-IL=1.0000
    ── stage 1: tcga_rcc
      epoch 1/5 n=612 mean_loss=0.5126
      epoch 2/5 n=612 mean_loss=0.3397
      epoch 3/5 n=612 mean_loss=0.3442
      epoch 4/5 n=612 mean_loss=0.3173
      epoch 5/5 n=612 mean_loss=0.2602
       記憶體 +612 → |M|=512
       eval tcga_esca  class-IL=1.0000 task-IL=1.0000
       eval tcga_rcc   class-IL=0.9259 task-IL=0.9259
    ── stage 2: tcga_brca
      epoch 1/5 n=760 mean_loss=1.2057
      epoch 2/5 n=760 mean_loss=0.9703
      epoch 3/5 n=760 mean_loss=0.7907
      epoch 4/5 n=760 mean_loss=0.8387
      epoch 5/5 n=760 mean_loss=0.8533
       記憶體 +760 → |M|=512
       eval tcga_esca  class-IL=0.9286 task-IL=0.9286
       eval tcga_rcc   class-IL=0.9506 task-IL=0.9506
       eval tcga_brca  class-IL=0.8788 task-IL=0.8889
    ── stage 3: tcga_lung
      epoch 1/5 n=762 mean_loss=1.8629
      epoch 2/5 n=762 mean_loss=1.2997
      epoch 3/5 n=762 mean_loss=1.1653
      epoch 4/5 n=762 mean_loss=1.1140
      epoch 5/5 n=762 mean_loss=1.0333
       記憶體 +762 → |M|=512
       eval tcga_esca  class-IL=0.5714 task-IL=1.0000
       eval tcga_rcc   class-IL=0.8889 task-IL=0.9259
       eval tcga_brca  class-IL=0.8485 task-IL=0.8889
       eval tcga_lung  class-IL=0.8696 task-IL=0.9022

→ /Users/aaron/research/02_pathselect/outputs/exp2/sota/EXP2.md
