Exp2  arms=['A3']  order=main  seeds=[8]  B=8 c=1 epochs=5 arch=flat alloc=per_budget prior=discriminative beta_u=0.1 replay_k=1 λ=(1.0,1.0,1.0)
  ▶ A3 (+ Replay) seed=8
    ── stage 0: tcga_lung
      epoch 1/5 n=777 mean_loss=0.5754
      epoch 2/5 n=777 mean_loss=0.4073
      epoch 3/5 n=777 mean_loss=0.3656
      epoch 4/5 n=777 mean_loss=0.3839
      epoch 5/5 n=777 mean_loss=0.4411
       記憶體 +777 → |M|=512
       eval tcga_lung  class-IL=0.8710 task-IL=0.9032
    ── stage 1: tcga_brca
      epoch 1/5 n=762 mean_loss=1.6227
      epoch 2/5 n=762 mean_loss=1.1606
      epoch 3/5 n=762 mean_loss=0.9433
      epoch 4/5 n=762 mean_loss=0.7052
      epoch 5/5 n=762 mean_loss=0.7646
       記憶體 +762 → |M|=512
       eval tcga_lung  class-IL=0.8387 task-IL=0.9032
       eval tcga_brca  class-IL=0.8542 task-IL=0.8542
    ── stage 2: tcga_rcc
      epoch 1/5 n=617 mean_loss=1.1054
      epoch 2/5 n=617 mean_loss=0.7665
      epoch 3/5 n=617 mean_loss=0.7916
      epoch 4/5 n=617 mean_loss=0.7718
      epoch 5/5 n=617 mean_loss=0.6547
       記憶體 +617 → |M|=512
       eval tcga_lung  class-IL=0.7419 task-IL=0.8602
       eval tcga_brca  class-IL=0.8125 task-IL=0.8333
       eval tcga_rcc   class-IL=0.9079 task-IL=0.9211
    ── stage 3: tcga_esca
      epoch 1/5 n=120 mean_loss=2.7412
      epoch 2/5 n=120 mean_loss=1.2858
      epoch 3/5 n=120 mean_loss=1.1201
      epoch 4/5 n=120 mean_loss=1.1300
      epoch 5/5 n=120 mean_loss=1.2366
       記憶體 +120 → |M|=512
       eval tcga_lung  class-IL=0.6344 task-IL=0.8172
       eval tcga_brca  class-IL=0.8333 task-IL=0.8542
       eval tcga_rcc   class-IL=0.9211 task-IL=0.9342
       eval tcga_esca  class-IL=0.8667 task-IL=0.9333

→ /Users/aaron/research/02_pathselect/outputs/exp2/sota/EXP2.md
