Exp2  arms=['A3']  order=main  seeds=[5]  B=8 c=1 epochs=5 arch=flat alloc=per_budget prior=discriminative beta_u=0.1 replay_k=1 λ=(1.0,1.0,1.0)
  ▶ A3 (+ Replay) seed=5
    ── stage 0: tcga_lung
      epoch 1/5 n=764 mean_loss=0.5560
      epoch 2/5 n=764 mean_loss=0.3939
      epoch 3/5 n=764 mean_loss=0.3791
      epoch 4/5 n=764 mean_loss=0.3745
      epoch 5/5 n=764 mean_loss=0.4080
       記憶體 +764 → |M|=512
       eval tcga_lung  class-IL=0.8021 task-IL=0.8021
    ── stage 1: tcga_brca
      epoch 1/5 n=763 mean_loss=1.3444
      epoch 2/5 n=763 mean_loss=1.0929
      epoch 3/5 n=763 mean_loss=0.9397
      epoch 4/5 n=763 mean_loss=0.9124
      epoch 5/5 n=763 mean_loss=0.8726
       記憶體 +763 → |M|=512
       eval tcga_lung  class-IL=0.8542 task-IL=0.9062
       eval tcga_brca  class-IL=0.9149 task-IL=0.9255
    ── stage 2: tcga_rcc
      epoch 1/5 n=619 mean_loss=1.2472
      epoch 2/5 n=619 mean_loss=0.7523
      epoch 3/5 n=619 mean_loss=0.8129
      epoch 4/5 n=619 mean_loss=0.8011
      epoch 5/5 n=619 mean_loss=0.7481
       記憶體 +619 → |M|=512
       eval tcga_lung  class-IL=0.8333 task-IL=0.8958
       eval tcga_brca  class-IL=0.9043 task-IL=0.9362
       eval tcga_rcc   class-IL=0.9595 task-IL=0.9730
    ── stage 3: tcga_esca
      epoch 1/5 n=120 mean_loss=2.0997
      epoch 2/5 n=120 mean_loss=1.4474
      epoch 3/5 n=120 mean_loss=1.1224
      epoch 4/5 n=120 mean_loss=0.8998
      epoch 5/5 n=120 mean_loss=0.6740
       記憶體 +120 → |M|=512
       eval tcga_lung  class-IL=0.7396 task-IL=0.8750
       eval tcga_brca  class-IL=0.8830 task-IL=0.9468
       eval tcga_rcc   class-IL=0.9189 task-IL=0.9459
       eval tcga_esca  class-IL=0.9333 task-IL=1.0000

→ /Users/aaron/research/02_pathselect/outputs/exp2/sota/EXP2.md
