Exp2  arms=['A3']  order=main  seeds=[3]  B=8 c=1 epochs=5 arch=flat alloc=per_budget prior=discriminative beta_u=0.1 replay_k=1 λ=(1.0,1.0,1.0)
  ▶ A3 (+ Replay) seed=3
    ── stage 0: tcga_lung
      epoch 1/5 n=765 mean_loss=0.5670
      epoch 2/5 n=765 mean_loss=0.4702
      epoch 3/5 n=765 mean_loss=0.4488
      epoch 4/5 n=765 mean_loss=0.3855
      epoch 5/5 n=765 mean_loss=0.3763
       記憶體 +765 → |M|=512
       eval tcga_lung  class-IL=0.9439 task-IL=0.9439
    ── stage 1: tcga_brca
      epoch 1/5 n=763 mean_loss=1.1570
      epoch 2/5 n=763 mean_loss=1.0857
      epoch 3/5 n=763 mean_loss=0.9668
      epoch 4/5 n=763 mean_loss=0.8436
      epoch 5/5 n=763 mean_loss=0.8261
       記憶體 +763 → |M|=512
       eval tcga_lung  class-IL=0.8972 task-IL=0.9065
       eval tcga_brca  class-IL=0.8646 task-IL=0.8854
    ── stage 2: tcga_rcc
      epoch 1/5 n=617 mean_loss=0.9946
      epoch 2/5 n=617 mean_loss=0.8272
      epoch 3/5 n=617 mean_loss=0.6692
      epoch 4/5 n=617 mean_loss=0.7309
      epoch 5/5 n=617 mean_loss=0.6675
       記憶體 +617 → |M|=512
       eval tcga_lung  class-IL=0.8131 task-IL=0.8785
       eval tcga_brca  class-IL=0.8750 task-IL=0.9062
       eval tcga_rcc   class-IL=0.9474 task-IL=0.9605
    ── stage 3: tcga_esca
      epoch 1/5 n=120 mean_loss=2.3036
      epoch 2/5 n=120 mean_loss=1.4859
      epoch 3/5 n=120 mean_loss=0.8800
      epoch 4/5 n=120 mean_loss=0.7654
      epoch 5/5 n=120 mean_loss=1.1090
       記憶體 +120 → |M|=512
       eval tcga_lung  class-IL=0.7383 task-IL=0.8505
       eval tcga_brca  class-IL=0.8958 task-IL=0.9271
       eval tcga_rcc   class-IL=0.9079 task-IL=0.9342
       eval tcga_esca  class-IL=0.8000 task-IL=0.8667

→ /Users/aaron/research/02_pathselect/outputs/exp2/sota/EXP2.md
