Exp2  arms=['A3']  order=main  seeds=[1]  B=8 c=1 epochs=5 arch=flat alloc=per_budget prior=discriminative beta_u=0.1 replay_k=1 λ=(1.0,1.0,1.0)
  ▶ A3 (+ Replay) seed=1
    ── stage 0: tcga_lung
      epoch 1/5 n=774 mean_loss=0.6066
      epoch 2/5 n=774 mean_loss=0.3879
      epoch 3/5 n=774 mean_loss=0.3768
      epoch 4/5 n=774 mean_loss=0.3605
      epoch 5/5 n=774 mean_loss=0.3413
       記憶體 +774 → |M|=512
       eval tcga_lung  class-IL=0.8421 task-IL=0.8421
    ── stage 1: tcga_brca
      epoch 1/5 n=763 mean_loss=1.2397
      epoch 2/5 n=763 mean_loss=1.0330
      epoch 3/5 n=763 mean_loss=0.9552
      epoch 4/5 n=763 mean_loss=0.9514
      epoch 5/5 n=763 mean_loss=0.9011
       記憶體 +763 → |M|=512
       eval tcga_lung  class-IL=0.8947 task-IL=0.9053
       eval tcga_brca  class-IL=0.8495 task-IL=0.9032
    ── stage 2: tcga_rcc
      epoch 1/5 n=616 mean_loss=1.1480
      epoch 2/5 n=616 mean_loss=0.8166
      epoch 3/5 n=616 mean_loss=0.8055
      epoch 4/5 n=616 mean_loss=0.8086
      epoch 5/5 n=616 mean_loss=0.7662
       記憶體 +616 → |M|=512
       eval tcga_lung  class-IL=0.8316 task-IL=0.8526
       eval tcga_brca  class-IL=0.7957 task-IL=0.8495
       eval tcga_rcc   class-IL=0.9079 task-IL=0.9211
    ── stage 3: tcga_esca
      epoch 1/5 n=120 mean_loss=1.9340
      epoch 2/5 n=120 mean_loss=1.1365
      epoch 3/5 n=120 mean_loss=0.9878
      epoch 4/5 n=120 mean_loss=1.0323
      epoch 5/5 n=120 mean_loss=0.6556
       記憶體 +120 → |M|=512
       eval tcga_lung  class-IL=0.7789 task-IL=0.8737
       eval tcga_brca  class-IL=0.7634 task-IL=0.8710
       eval tcga_rcc   class-IL=0.9211 task-IL=0.9474
       eval tcga_esca  class-IL=0.8667 task-IL=0.9333

→ /Users/aaron/research/02_pathselect/outputs/exp2/sota/EXP2.md
