Exp2  arms=['A3']  order=reverse  seeds=[5]  B=8 c=1 epochs=5 arch=flat alloc=per_budget prior=discriminative beta_u=0.1 replay_k=1 λ=(1.0,1.0,1.0)
  ▶ A3 (+ Replay) seed=5
    ── stage 0: tcga_esca
      epoch 1/5 n=120 mean_loss=0.4592
      epoch 2/5 n=120 mean_loss=0.2388
      epoch 3/5 n=120 mean_loss=0.0927
      epoch 4/5 n=120 mean_loss=0.2069
      epoch 5/5 n=120 mean_loss=0.0681
       記憶體 +120 → |M|=120
       eval tcga_esca  class-IL=1.0000 task-IL=1.0000
    ── stage 1: tcga_rcc
      epoch 1/5 n=619 mean_loss=0.6118
      epoch 2/5 n=619 mean_loss=0.3682
      epoch 3/5 n=619 mean_loss=0.3461
      epoch 4/5 n=619 mean_loss=0.3751
      epoch 5/5 n=619 mean_loss=0.3061
       記憶體 +619 → |M|=512
       eval tcga_esca  class-IL=1.0000 task-IL=1.0000
       eval tcga_rcc   class-IL=0.9865 task-IL=0.9865
    ── stage 2: tcga_brca
      epoch 1/5 n=763 mean_loss=1.0657
      epoch 2/5 n=763 mean_loss=1.0418
      epoch 3/5 n=763 mean_loss=0.8520
      epoch 4/5 n=763 mean_loss=0.8464
      epoch 5/5 n=763 mean_loss=0.7554
       記憶體 +763 → |M|=512
       eval tcga_esca  class-IL=0.9333 task-IL=0.9333
       eval tcga_rcc   class-IL=0.9865 task-IL=0.9865
       eval tcga_brca  class-IL=0.8936 task-IL=0.9149
    ── stage 3: tcga_lung
      epoch 1/5 n=764 mean_loss=1.5302
      epoch 2/5 n=764 mean_loss=1.2402
      epoch 3/5 n=764 mean_loss=1.0802
      epoch 4/5 n=764 mean_loss=0.9665
      epoch 5/5 n=764 mean_loss=1.0877
       記憶體 +764 → |M|=512
       eval tcga_esca  class-IL=0.8667 task-IL=1.0000
       eval tcga_rcc   class-IL=0.9595 task-IL=0.9730
       eval tcga_brca  class-IL=0.9149 task-IL=0.9255
       eval tcga_lung  class-IL=0.8125 task-IL=0.8646

→ /Users/aaron/research/02_pathselect/outputs/exp2/sota/EXP2.md
