Exp2  arms=['A3']  order=main  seeds=[9]  B=8 c=1 epochs=5 arch=flat alloc=per_budget prior=discriminative beta_u=0.1 replay_k=1 λ=(1.0,1.0,1.0)
  ▶ A3 (+ Replay) seed=9
    ── stage 0: tcga_lung
      epoch 1/5 n=762 mean_loss=0.6487
      epoch 2/5 n=762 mean_loss=0.4547
      epoch 3/5 n=762 mean_loss=0.4040
      epoch 4/5 n=762 mean_loss=0.3812
      epoch 5/5 n=762 mean_loss=0.4018
       記憶體 +762 → |M|=512
       eval tcga_lung  class-IL=0.8696 task-IL=0.8804
    ── stage 1: tcga_brca
      epoch 1/5 n=760 mean_loss=1.3260
      epoch 2/5 n=760 mean_loss=1.1475
      epoch 3/5 n=760 mean_loss=0.9987
      epoch 4/5 n=760 mean_loss=0.9288
      epoch 5/5 n=760 mean_loss=0.8335
       記憶體 +760 → |M|=512
       eval tcga_lung  class-IL=0.8370 task-IL=0.8478
       eval tcga_brca  class-IL=0.7980 task-IL=0.8384
    ── stage 2: tcga_rcc
      epoch 1/5 n=612 mean_loss=1.0530
      epoch 2/5 n=612 mean_loss=0.8120
      epoch 3/5 n=612 mean_loss=0.8241
      epoch 4/5 n=612 mean_loss=0.6083
      epoch 5/5 n=612 mean_loss=0.6849
       記憶體 +612 → |M|=512
       eval tcga_lung  class-IL=0.8478 task-IL=0.8804
       eval tcga_brca  class-IL=0.8384 task-IL=0.8586
       eval tcga_rcc   class-IL=0.9136 task-IL=0.9136
    ── stage 3: tcga_esca
      epoch 1/5 n=121 mean_loss=2.1936
      epoch 2/5 n=121 mean_loss=1.2397
      epoch 3/5 n=121 mean_loss=1.1375
      epoch 4/5 n=121 mean_loss=0.8840
      epoch 5/5 n=121 mean_loss=0.8219
       記憶體 +121 → |M|=512
       eval tcga_lung  class-IL=0.8152 task-IL=0.8804
       eval tcga_brca  class-IL=0.8485 task-IL=0.8586
       eval tcga_rcc   class-IL=0.9012 task-IL=0.9259
       eval tcga_esca  class-IL=0.8571 task-IL=1.0000

→ /Users/aaron/research/02_pathselect/outputs/exp2/sota/EXP2.md
