Exp2  arms=['A3']  order=reverse  seeds=[10]  B=8 c=1 epochs=5 arch=flat alloc=per_budget prior=discriminative beta_u=0.1 replay_k=1 λ=(1.0,1.0,1.0)
  ▶ A3 (+ Replay) seed=10
    ── stage 0: tcga_esca
      epoch 1/5 n=121 mean_loss=0.8047
      epoch 2/5 n=121 mean_loss=0.2471
      epoch 3/5 n=121 mean_loss=0.1335
      epoch 4/5 n=121 mean_loss=0.1696
      epoch 5/5 n=121 mean_loss=0.1316
       記憶體 +121 → |M|=121
       eval tcga_esca  class-IL=1.0000 task-IL=1.0000
    ── stage 1: tcga_rcc
      epoch 1/5 n=618 mean_loss=0.5459
      epoch 2/5 n=618 mean_loss=0.4644
      epoch 3/5 n=618 mean_loss=0.3961
      epoch 4/5 n=618 mean_loss=0.3285
      epoch 5/5 n=618 mean_loss=0.4644
       記憶體 +618 → |M|=512
       eval tcga_esca  class-IL=0.9286 task-IL=1.0000
       eval tcga_rcc   class-IL=0.9189 task-IL=0.9189
    ── stage 2: tcga_brca
      epoch 1/5 n=763 mean_loss=1.1871
      epoch 2/5 n=763 mean_loss=0.9349
      epoch 3/5 n=763 mean_loss=0.8748
      epoch 4/5 n=763 mean_loss=0.6513
      epoch 5/5 n=763 mean_loss=0.6077
       記憶體 +763 → |M|=512
       eval tcga_esca  class-IL=0.7857 task-IL=0.9286
       eval tcga_rcc   class-IL=0.9595 task-IL=0.9865
       eval tcga_brca  class-IL=0.8681 task-IL=0.8901
    ── stage 3: tcga_lung
      epoch 1/5 n=771 mean_loss=1.5161
      epoch 2/5 n=771 mean_loss=1.3322
      epoch 3/5 n=771 mean_loss=1.1116
      epoch 4/5 n=771 mean_loss=1.1012
      epoch 5/5 n=771 mean_loss=1.0658
       記憶體 +771 → |M|=512
       eval tcga_esca  class-IL=0.5714 task-IL=1.0000
       eval tcga_rcc   class-IL=0.9459 task-IL=0.9730
       eval tcga_brca  class-IL=0.8901 task-IL=0.9121
       eval tcga_lung  class-IL=0.7778 task-IL=0.8444

→ /Users/aaron/research/02_pathselect/outputs/exp2/sota/EXP2.md
