Exp2  arms=['A3']  order=reverse  seeds=[4]  B=8 c=1 epochs=5 arch=flat alloc=per_budget prior=discriminative beta_u=0.1 replay_k=1 λ=(1.0,1.0,1.0)
  ▶ A3 (+ Replay) seed=4
    ── stage 0: tcga_esca
      epoch 1/5 n=119 mean_loss=1.3692
      epoch 2/5 n=119 mean_loss=0.2036
      epoch 3/5 n=119 mean_loss=0.2436
      epoch 4/5 n=119 mean_loss=0.1607
      epoch 5/5 n=119 mean_loss=0.1581
       記憶體 +119 → |M|=119
       eval tcga_esca  class-IL=1.0000 task-IL=1.0000
    ── stage 1: tcga_rcc
      epoch 1/5 n=613 mean_loss=0.7032
      epoch 2/5 n=613 mean_loss=0.4024
      epoch 3/5 n=613 mean_loss=0.3269
      epoch 4/5 n=613 mean_loss=0.2729
      epoch 5/5 n=613 mean_loss=0.2623
       記憶體 +613 → |M|=512
       eval tcga_esca  class-IL=1.0000 task-IL=1.0000
       eval tcga_rcc   class-IL=0.9103 task-IL=0.9103
    ── stage 2: tcga_brca
      epoch 1/5 n=762 mean_loss=0.8953
      epoch 2/5 n=762 mean_loss=0.7023
      epoch 3/5 n=762 mean_loss=0.6661
      epoch 4/5 n=762 mean_loss=0.6659
      epoch 5/5 n=762 mean_loss=0.6440
       記憶體 +762 → |M|=512
       eval tcga_esca  class-IL=1.0000 task-IL=1.0000
       eval tcga_rcc   class-IL=0.9231 task-IL=0.9231
       eval tcga_brca  class-IL=0.8404 task-IL=0.9255
    ── stage 3: tcga_lung
      epoch 1/5 n=756 mean_loss=1.5009
      epoch 2/5 n=756 mean_loss=1.0767
      epoch 3/5 n=756 mean_loss=1.0331
      epoch 4/5 n=756 mean_loss=0.9616
      epoch 5/5 n=756 mean_loss=0.8606
       記憶體 +756 → |M|=512
       eval tcga_esca  class-IL=0.8125 task-IL=1.0000
       eval tcga_rcc   class-IL=0.9231 task-IL=0.9487
       eval tcga_brca  class-IL=0.8298 task-IL=0.9149
       eval tcga_lung  class-IL=0.8661 task-IL=0.8839

→ /Users/aaron/research/02_pathselect/outputs/exp2/sota/EXP2.md
