Exp2  arms=['A3']  order=main  seeds=[6]  B=8 c=1 epochs=5 arch=flat alloc=per_budget prior=discriminative beta_u=0.1 replay_k=1 λ=(1.0,1.0,1.0)
  ▶ A3 (+ Replay) seed=6
    ── stage 0: tcga_lung
      epoch 1/5 n=759 mean_loss=0.5324
      epoch 2/5 n=759 mean_loss=0.4525
      epoch 3/5 n=759 mean_loss=0.4368
      epoch 4/5 n=759 mean_loss=0.3924
      epoch 5/5 n=759 mean_loss=0.4055
       記憶體 +759 → |M|=512
       eval tcga_lung  class-IL=0.8523 task-IL=0.8977
    ── stage 1: tcga_brca
      epoch 1/5 n=758 mean_loss=1.3682
      epoch 2/5 n=758 mean_loss=1.0416
      epoch 3/5 n=758 mean_loss=0.9344
      epoch 4/5 n=758 mean_loss=0.8637
      epoch 5/5 n=758 mean_loss=0.8428
       記憶體 +758 → |M|=512
       eval tcga_lung  class-IL=0.9659 task-IL=0.9659
       eval tcga_brca  class-IL=0.8571 task-IL=0.9082
    ── stage 2: tcga_rcc
      epoch 1/5 n=616 mean_loss=1.4736
      epoch 2/5 n=616 mean_loss=0.8989
      epoch 3/5 n=616 mean_loss=0.7056
      epoch 4/5 n=616 mean_loss=0.6899
      epoch 5/5 n=616 mean_loss=0.8885
       記憶體 +616 → |M|=512
       eval tcga_lung  class-IL=0.9545 task-IL=0.9773
       eval tcga_brca  class-IL=0.8878 task-IL=0.9286
       eval tcga_rcc   class-IL=0.9351 task-IL=0.9481
    ── stage 3: tcga_esca
      epoch 1/5 n=119 mean_loss=2.5904
      epoch 2/5 n=119 mean_loss=1.2502
      epoch 3/5 n=119 mean_loss=1.1642
      epoch 4/5 n=119 mean_loss=1.1539
      epoch 5/5 n=119 mean_loss=1.0307
       記憶體 +119 → |M|=512
       eval tcga_lung  class-IL=0.8068 task-IL=0.9659
       eval tcga_brca  class-IL=0.8469 task-IL=0.9184
       eval tcga_rcc   class-IL=0.9481 task-IL=0.9481
       eval tcga_esca  class-IL=0.7500 task-IL=0.9375

→ /Users/aaron/research/02_pathselect/outputs/exp2/sota/EXP2.md
