Exp2  arms=['A3']  order=reverse  seeds=[3]  B=8 c=1 epochs=5 arch=flat alloc=per_budget prior=discriminative beta_u=0.1 replay_k=1 λ=(1.0,1.0,1.0)
  ▶ A3 (+ Replay) seed=3
    ── stage 0: tcga_esca
      epoch 1/5 n=120 mean_loss=0.6703
      epoch 2/5 n=120 mean_loss=0.2117
      epoch 3/5 n=120 mean_loss=0.1819
      epoch 4/5 n=120 mean_loss=0.1137
      epoch 5/5 n=120 mean_loss=0.1493
       記憶體 +120 → |M|=120
       eval tcga_esca  class-IL=1.0000 task-IL=1.0000
    ── stage 1: tcga_rcc
      epoch 1/5 n=617 mean_loss=0.5581
      epoch 2/5 n=617 mean_loss=0.3791
      epoch 3/5 n=617 mean_loss=0.3526
      epoch 4/5 n=617 mean_loss=0.3036
      epoch 5/5 n=617 mean_loss=0.2703
       記憶體 +617 → |M|=512
       eval tcga_esca  class-IL=1.0000 task-IL=1.0000
       eval tcga_rcc   class-IL=0.9605 task-IL=0.9737
    ── stage 2: tcga_brca
      epoch 1/5 n=763 mean_loss=1.0656
      epoch 2/5 n=763 mean_loss=0.8174
      epoch 3/5 n=763 mean_loss=0.7495
      epoch 4/5 n=763 mean_loss=0.8500
      epoch 5/5 n=763 mean_loss=0.6961
       記憶體 +763 → |M|=512
       eval tcga_esca  class-IL=1.0000 task-IL=1.0000
       eval tcga_rcc   class-IL=0.9474 task-IL=0.9605
       eval tcga_brca  class-IL=0.8854 task-IL=0.9167
    ── stage 3: tcga_lung
      epoch 1/5 n=765 mean_loss=1.3015
      epoch 2/5 n=765 mean_loss=1.0430
      epoch 3/5 n=765 mean_loss=1.0143
      epoch 4/5 n=765 mean_loss=0.9644
      epoch 5/5 n=765 mean_loss=1.0844
       記憶體 +765 → |M|=512
       eval tcga_esca  class-IL=0.6000 task-IL=0.9333
       eval tcga_rcc   class-IL=0.9342 task-IL=0.9737
       eval tcga_brca  class-IL=0.8542 task-IL=0.8958
       eval tcga_lung  class-IL=0.8692 task-IL=0.9065

→ /Users/aaron/research/02_pathselect/outputs/exp2/sota/EXP2.md
