Exp2  arms=['A3']  order=main  seeds=[2]  B=8 c=1 epochs=5 arch=flat alloc=per_budget prior=discriminative beta_u=0.1 replay_k=1 λ=(1.0,1.0,1.0)
  ▶ A3 (+ Replay) seed=2
    ── stage 0: tcga_lung
      epoch 1/5 n=761 mean_loss=0.5759
      epoch 2/5 n=761 mean_loss=0.4422
      epoch 3/5 n=761 mean_loss=0.4069
      epoch 4/5 n=761 mean_loss=0.3382
      epoch 5/5 n=761 mean_loss=0.4823
       記憶體 +761 → |M|=512
       eval tcga_lung  class-IL=0.9263 task-IL=0.9368
    ── stage 1: tcga_brca
      epoch 1/5 n=764 mean_loss=1.5238
      epoch 2/5 n=764 mean_loss=1.1626
      epoch 3/5 n=764 mean_loss=1.0160
      epoch 4/5 n=764 mean_loss=0.8989
      epoch 5/5 n=764 mean_loss=0.8576
       記憶體 +764 → |M|=512
       eval tcga_lung  class-IL=0.8842 task-IL=0.8947
       eval tcga_brca  class-IL=0.8842 task-IL=0.9158
    ── stage 2: tcga_rcc
      epoch 1/5 n=613 mean_loss=0.8896
      epoch 2/5 n=613 mean_loss=0.7297
      epoch 3/5 n=613 mean_loss=0.8025
      epoch 4/5 n=613 mean_loss=0.7289
      epoch 5/5 n=613 mean_loss=0.6453
       記憶體 +613 → |M|=512
       eval tcga_lung  class-IL=0.8947 task-IL=0.9158
       eval tcga_brca  class-IL=0.9158 task-IL=0.9368
       eval tcga_rcc   class-IL=0.9753 task-IL=0.9877
    ── stage 3: tcga_esca
      epoch 1/5 n=120 mean_loss=2.9041
      epoch 2/5 n=120 mean_loss=1.5673
      epoch 3/5 n=120 mean_loss=1.2330
      epoch 4/5 n=120 mean_loss=1.0252
      epoch 5/5 n=120 mean_loss=1.3321
       記憶體 +120 → |M|=512
       eval tcga_lung  class-IL=0.8105 task-IL=0.9263
       eval tcga_brca  class-IL=0.8947 task-IL=0.9263
       eval tcga_rcc   class-IL=0.8642 task-IL=0.9383
       eval tcga_esca  class-IL=0.7333 task-IL=1.0000

→ /Users/aaron/research/02_pathselect/outputs/exp2/sota/EXP2.md
