Exp2  arms=['A5']  order=main  seeds=[4]  B=8 c=1 epochs=5 arch=flat alloc=per_budget prior=discriminative beta_u=0.1 replay_k=1 λ=(1.0,1.0,1.0)
  ▶ A5 (Ours (Replay+KD+eq)) seed=4
    ── stage 0: tcga_lung
      epoch 1/5 n=756 mean_loss=0.7016
      epoch 2/5 n=756 mean_loss=0.3846
      epoch 3/5 n=756 mean_loss=0.3993
      epoch 4/5 n=756 mean_loss=0.3518
      epoch 5/5 n=756 mean_loss=0.3803
       記憶體 +756 → |M|=512
       eval tcga_lung  class-IL=0.8304 task-IL=0.8304
    ── stage 1: tcga_brca
      epoch 1/5 n=762 mean_loss=1.2940
      epoch 2/5 n=762 mean_loss=1.2310
      epoch 3/5 n=762 mean_loss=1.1770
      epoch 4/5 n=762 mean_loss=1.0760
      epoch 5/5 n=762 mean_loss=0.9956
       記憶體 +762 → |M|=512
       eval tcga_lung  class-IL=0.8393 task-IL=0.8393
       eval tcga_brca  class-IL=0.8191 task-IL=0.8830
    ── stage 2: tcga_rcc
      epoch 1/5 n=613 mean_loss=1.1161
      epoch 2/5 n=613 mean_loss=0.9850
      epoch 3/5 n=613 mean_loss=0.9019
      epoch 4/5 n=613 mean_loss=0.6930
      epoch 5/5 n=613 mean_loss=0.9000
       記憶體 +613 → |M|=512
       eval tcga_lung  class-IL=0.8750 task-IL=0.8839
       eval tcga_brca  class-IL=0.7979 task-IL=0.8830
       eval tcga_rcc   class-IL=0.9487 task-IL=0.9487
    ── stage 3: tcga_esca
      epoch 1/5 n=119 mean_loss=2.7492
      epoch 2/5 n=119 mean_loss=1.3303
      epoch 3/5 n=119 mean_loss=1.4062
      epoch 4/5 n=119 mean_loss=1.4386
      epoch 5/5 n=119 mean_loss=0.9897
       記憶體 +119 → |M|=512
       eval tcga_lung  class-IL=0.7946 task-IL=0.8750
       eval tcga_brca  class-IL=0.7979 task-IL=0.9043
       eval tcga_rcc   class-IL=0.8590 task-IL=0.9103
       eval tcga_esca  class-IL=0.8750 task-IL=1.0000

→ /Users/aaron/research/02_pathselect/outputs/exp2/sota/EXP2.md
