Exp2  arms=['A5']  order=main  seeds=[7]  B=8 c=1 epochs=5 arch=flat alloc=per_budget prior=discriminative beta_u=0.1 replay_k=1 λ=(1.0,1.0,1.0)
  ▶ A5 (Ours (Replay+KD+eq)) seed=7
    ── stage 0: tcga_lung
      epoch 1/5 n=774 mean_loss=0.6203
      epoch 2/5 n=774 mean_loss=0.4036
      epoch 3/5 n=774 mean_loss=0.4757
      epoch 4/5 n=774 mean_loss=0.4074
      epoch 5/5 n=774 mean_loss=0.3907
       記憶體 +774 → |M|=512
       eval tcga_lung  class-IL=0.9072 task-IL=0.9072
    ── stage 1: tcga_brca
      epoch 1/5 n=760 mean_loss=1.7039
      epoch 2/5 n=760 mean_loss=1.3554
      epoch 3/5 n=760 mean_loss=1.4179
      epoch 4/5 n=760 mean_loss=1.1250
      epoch 5/5 n=760 mean_loss=1.2497
       記憶體 +760 → |M|=512
       eval tcga_lung  class-IL=0.8557 task-IL=0.8866
       eval tcga_brca  class-IL=0.8646 task-IL=0.8646
    ── stage 2: tcga_rcc
      epoch 1/5 n=615 mean_loss=1.7154
      epoch 2/5 n=615 mean_loss=1.2606
      epoch 3/5 n=615 mean_loss=0.9865
      epoch 4/5 n=615 mean_loss=1.0428
      epoch 5/5 n=615 mean_loss=0.7923
       記憶體 +615 → |M|=512
       eval tcga_lung  class-IL=0.8660 task-IL=0.8969
       eval tcga_brca  class-IL=0.9375 task-IL=0.9375
       eval tcga_rcc   class-IL=0.9200 task-IL=0.9200
    ── stage 3: tcga_esca
      epoch 1/5 n=120 mean_loss=2.4506
      epoch 2/5 n=120 mean_loss=1.3357
      epoch 3/5 n=120 mean_loss=1.6668
      epoch 4/5 n=120 mean_loss=1.1909
      epoch 5/5 n=120 mean_loss=1.8111
       記憶體 +120 → |M|=512
       eval tcga_lung  class-IL=0.8454 task-IL=0.8866
       eval tcga_brca  class-IL=0.9167 task-IL=0.9271
       eval tcga_rcc   class-IL=0.9333 task-IL=0.9333
       eval tcga_esca  class-IL=0.9333 task-IL=0.9333

→ /Users/aaron/research/02_pathselect/outputs/exp2/sota/EXP2.md
