Exp2  arms=['A5']  order=reverse  seeds=[1]  B=8 c=1 epochs=5 arch=flat alloc=per_budget prior=discriminative beta_u=0.1 replay_k=1 λ=(1.0,1.0,1.0)
  ▶ A5 (Ours (Replay+KD+eq)) seed=1
    ── stage 0: tcga_esca
      epoch 1/5 n=120 mean_loss=0.4838
      epoch 2/5 n=120 mean_loss=0.1656
      epoch 3/5 n=120 mean_loss=0.1271
      epoch 4/5 n=120 mean_loss=0.1091
      epoch 5/5 n=120 mean_loss=0.1208
       記憶體 +120 → |M|=120
       eval tcga_esca  class-IL=0.8667 task-IL=0.9333
    ── stage 1: tcga_rcc
      epoch 1/5 n=616 mean_loss=0.5541
      epoch 2/5 n=616 mean_loss=0.3550
      epoch 3/5 n=616 mean_loss=0.3300
      epoch 4/5 n=616 mean_loss=0.2779
      epoch 5/5 n=616 mean_loss=0.4621
       記憶體 +616 → |M|=512
       eval tcga_esca  class-IL=0.8667 task-IL=0.9333
       eval tcga_rcc   class-IL=0.9605 task-IL=0.9605
    ── stage 2: tcga_brca
      epoch 1/5 n=763 mean_loss=1.2547
      epoch 2/5 n=763 mean_loss=0.9447
      epoch 3/5 n=763 mean_loss=0.9679
      epoch 4/5 n=763 mean_loss=0.8992
      epoch 5/5 n=763 mean_loss=0.9295
       記憶體 +763 → |M|=512
       eval tcga_esca  class-IL=0.8667 task-IL=0.9333
       eval tcga_rcc   class-IL=0.9474 task-IL=0.9474
       eval tcga_brca  class-IL=0.8065 task-IL=0.8925
    ── stage 3: tcga_lung
      epoch 1/5 n=774 mean_loss=1.7599
      epoch 2/5 n=774 mean_loss=1.3980
      epoch 3/5 n=774 mean_loss=1.6520
      epoch 4/5 n=774 mean_loss=1.3293
      epoch 5/5 n=774 mean_loss=1.5453
       記憶體 +774 → |M|=512
       eval tcga_esca  class-IL=0.6000 task-IL=0.8667
       eval tcga_rcc   class-IL=0.9211 task-IL=0.9474
       eval tcga_brca  class-IL=0.8710 task-IL=0.9247
       eval tcga_lung  class-IL=0.8000 task-IL=0.8316

→ /Users/aaron/research/02_pathselect/outputs/exp2/sota/EXP2.md
