Exp2  arms=['A5']  order=reverse  seeds=[2]  B=8 c=1 epochs=5 arch=flat alloc=per_budget prior=discriminative beta_u=0.1 replay_k=1 λ=(1.0,1.0,1.0)
  ▶ A5 (Ours (Replay+KD+eq)) seed=2
    ── stage 0: tcga_esca
      epoch 1/5 n=120 mean_loss=0.5180
      epoch 2/5 n=120 mean_loss=0.2327
      epoch 3/5 n=120 mean_loss=0.1539
      epoch 4/5 n=120 mean_loss=0.1199
      epoch 5/5 n=120 mean_loss=0.1673
       記憶體 +120 → |M|=120
       eval tcga_esca  class-IL=0.9333 task-IL=0.9333
    ── stage 1: tcga_rcc
      epoch 1/5 n=613 mean_loss=0.5475
      epoch 2/5 n=613 mean_loss=0.5378
      epoch 3/5 n=613 mean_loss=0.4798
      epoch 4/5 n=613 mean_loss=0.3946
      epoch 5/5 n=613 mean_loss=0.3666
       記憶體 +613 → |M|=512
       eval tcga_esca  class-IL=1.0000 task-IL=1.0000
       eval tcga_rcc   class-IL=0.9877 task-IL=1.0000
    ── stage 2: tcga_brca
      epoch 1/5 n=764 mean_loss=1.1699
      epoch 2/5 n=764 mean_loss=1.1963
      epoch 3/5 n=764 mean_loss=1.0848
      epoch 4/5 n=764 mean_loss=0.9812
      epoch 5/5 n=764 mean_loss=0.8807
       記憶體 +764 → |M|=512
       eval tcga_esca  class-IL=0.8000 task-IL=0.8667
       eval tcga_rcc   class-IL=0.9506 task-IL=1.0000
       eval tcga_brca  class-IL=0.8947 task-IL=0.9368
    ── stage 3: tcga_lung
      epoch 1/5 n=761 mean_loss=1.8043
      epoch 2/5 n=761 mean_loss=1.3296
      epoch 3/5 n=761 mean_loss=1.4418
      epoch 4/5 n=761 mean_loss=1.2076
      epoch 5/5 n=761 mean_loss=1.4408
       記憶體 +761 → |M|=512
       eval tcga_esca  class-IL=0.6000 task-IL=1.0000
       eval tcga_rcc   class-IL=0.9753 task-IL=1.0000
       eval tcga_brca  class-IL=0.8737 task-IL=0.9158
       eval tcga_lung  class-IL=0.8421 task-IL=0.8947

→ /Users/aaron/research/02_pathselect/outputs/exp2/sota/EXP2.md
