Exp2  arms=['A5']  order=reverse  seeds=[5]  B=8 c=1 epochs=5 arch=flat alloc=per_budget prior=discriminative beta_u=0.1 replay_k=1 λ=(1.0,1.0,1.0)
  ▶ A5 (Ours (Replay+KD+eq)) seed=5
    ── stage 0: tcga_esca
      epoch 1/5 n=120 mean_loss=0.4592
      epoch 2/5 n=120 mean_loss=0.2388
      epoch 3/5 n=120 mean_loss=0.0927
      epoch 4/5 n=120 mean_loss=0.2069
      epoch 5/5 n=120 mean_loss=0.0681
       記憶體 +120 → |M|=120
       eval tcga_esca  class-IL=1.0000 task-IL=1.0000
    ── stage 1: tcga_rcc
      epoch 1/5 n=619 mean_loss=0.6012
      epoch 2/5 n=619 mean_loss=0.5386
      epoch 3/5 n=619 mean_loss=0.3583
      epoch 4/5 n=619 mean_loss=0.3385
      epoch 5/5 n=619 mean_loss=0.3318
       記憶體 +619 → |M|=512
       eval tcga_esca  class-IL=1.0000 task-IL=1.0000
       eval tcga_rcc   class-IL=0.9730 task-IL=0.9730
    ── stage 2: tcga_brca
      epoch 1/5 n=763 mean_loss=1.1979
      epoch 2/5 n=763 mean_loss=1.1040
      epoch 3/5 n=763 mean_loss=1.3392
      epoch 4/5 n=763 mean_loss=1.1422
      epoch 5/5 n=763 mean_loss=1.1409
       記憶體 +763 → |M|=512
       eval tcga_esca  class-IL=0.9333 task-IL=1.0000
       eval tcga_rcc   class-IL=0.9865 task-IL=0.9865
       eval tcga_brca  class-IL=0.8511 task-IL=0.9362
    ── stage 3: tcga_lung
      epoch 1/5 n=764 mean_loss=1.6696
      epoch 2/5 n=764 mean_loss=1.3389
      epoch 3/5 n=764 mean_loss=1.4636
      epoch 4/5 n=764 mean_loss=1.2567
      epoch 5/5 n=764 mean_loss=1.4257
       記憶體 +764 → |M|=512
       eval tcga_esca  class-IL=0.9333 task-IL=1.0000
       eval tcga_rcc   class-IL=0.9595 task-IL=0.9595
       eval tcga_brca  class-IL=0.8511 task-IL=0.8936
       eval tcga_lung  class-IL=0.7917 task-IL=0.8438

→ /Users/aaron/research/02_pathselect/outputs/exp2/sota/EXP2.md
