Exp2  arms=['A5']  order=reverse  seeds=[6]  B=8 c=1 epochs=5 arch=flat alloc=per_budget prior=discriminative beta_u=0.1 replay_k=1 λ=(1.0,1.0,1.0)
  ▶ A5 (Ours (Replay+KD+eq)) seed=6
    ── stage 0: tcga_esca
      epoch 1/5 n=119 mean_loss=0.5211
      epoch 2/5 n=119 mean_loss=0.1387
      epoch 3/5 n=119 mean_loss=0.2187
      epoch 4/5 n=119 mean_loss=0.1006
      epoch 5/5 n=119 mean_loss=0.1834
       記憶體 +119 → |M|=119
       eval tcga_esca  class-IL=0.7500 task-IL=0.7500
    ── stage 1: tcga_rcc
      epoch 1/5 n=616 mean_loss=0.9413
      epoch 2/5 n=616 mean_loss=0.6123
      epoch 3/5 n=616 mean_loss=0.5695
      epoch 4/5 n=616 mean_loss=0.4948
      epoch 5/5 n=616 mean_loss=0.4327
       記憶體 +616 → |M|=512
       eval tcga_esca  class-IL=0.8125 task-IL=0.9375
       eval tcga_rcc   class-IL=0.9221 task-IL=0.9351
    ── stage 2: tcga_brca
      epoch 1/5 n=758 mean_loss=1.4576
      epoch 2/5 n=758 mean_loss=1.1958
      epoch 3/5 n=758 mean_loss=1.1028
      epoch 4/5 n=758 mean_loss=0.8907
      epoch 5/5 n=758 mean_loss=1.1199
       記憶體 +758 → |M|=512
       eval tcga_esca  class-IL=0.6875 task-IL=0.7500
       eval tcga_rcc   class-IL=0.9481 task-IL=0.9481
       eval tcga_brca  class-IL=0.8980 task-IL=0.9184
    ── stage 3: tcga_lung
      epoch 1/5 n=759 mean_loss=1.5850
      epoch 2/5 n=759 mean_loss=1.5962
      epoch 3/5 n=759 mean_loss=1.2166
      epoch 4/5 n=759 mean_loss=1.1477
      epoch 5/5 n=759 mean_loss=1.1170
       記憶體 +759 → |M|=512
       eval tcga_esca  class-IL=0.8125 task-IL=0.8125
       eval tcga_rcc   class-IL=0.8961 task-IL=0.9351
       eval tcga_brca  class-IL=0.8673 task-IL=0.9082
       eval tcga_lung  class-IL=0.9205 task-IL=0.9432

→ /Users/aaron/research/02_pathselect/outputs/exp2/sota/EXP2.md
