Exp2  arms=['A5']  order=main  seeds=[1]  B=8 c=1 epochs=5 arch=flat alloc=per_budget prior=discriminative beta_u=0.1 replay_k=1 λ=(1.0,1.0,1.0)
  ▶ A5 (Ours (Replay+KD+eq)) seed=1
    ── stage 0: tcga_lung
      epoch 1/5 n=774 mean_loss=0.6066
      epoch 2/5 n=774 mean_loss=0.3879
      epoch 3/5 n=774 mean_loss=0.3768
      epoch 4/5 n=774 mean_loss=0.3605
      epoch 5/5 n=774 mean_loss=0.3413
       記憶體 +774 → |M|=512
       eval tcga_lung  class-IL=0.8421 task-IL=0.8421
    ── stage 1: tcga_brca
      epoch 1/5 n=763 mean_loss=1.4355
      epoch 2/5 n=763 mean_loss=1.1492
      epoch 3/5 n=763 mean_loss=1.1311
      epoch 4/5 n=763 mean_loss=1.2627
      epoch 5/5 n=763 mean_loss=1.2453
       記憶體 +763 → |M|=512
       eval tcga_lung  class-IL=0.8737 task-IL=0.9053
       eval tcga_brca  class-IL=0.8280 task-IL=0.8710
    ── stage 2: tcga_rcc
      epoch 1/5 n=616 mean_loss=1.6530
      epoch 2/5 n=616 mean_loss=1.0000
      epoch 3/5 n=616 mean_loss=1.0386
      epoch 4/5 n=616 mean_loss=1.3235
      epoch 5/5 n=616 mean_loss=0.8234
       記憶體 +616 → |M|=512
       eval tcga_lung  class-IL=0.8421 task-IL=0.8737
       eval tcga_brca  class-IL=0.8495 task-IL=0.9032
       eval tcga_rcc   class-IL=0.9342 task-IL=0.9474
    ── stage 3: tcga_esca
      epoch 1/5 n=120 mean_loss=3.0986
      epoch 2/5 n=120 mean_loss=1.9626
      epoch 3/5 n=120 mean_loss=1.7597
      epoch 4/5 n=120 mean_loss=1.3352
      epoch 5/5 n=120 mean_loss=1.1964
       記憶體 +120 → |M|=512
       eval tcga_lung  class-IL=0.8000 task-IL=0.8842
       eval tcga_brca  class-IL=0.6774 task-IL=0.8387
       eval tcga_rcc   class-IL=0.9079 task-IL=0.9211
       eval tcga_esca  class-IL=0.7333 task-IL=0.9333

→ /Users/aaron/research/02_pathselect/outputs/exp2/sota/EXP2.md
