Exp2  arms=['A5']  order=main  seeds=[5]  B=8 c=1 epochs=5 arch=flat alloc=per_budget prior=discriminative beta_u=0.1 replay_k=1 λ=(1.0,1.0,1.0)
  ▶ A5 (Ours (Replay+KD+eq)) seed=5
    ── stage 0: tcga_lung
      epoch 1/5 n=764 mean_loss=0.5560
      epoch 2/5 n=764 mean_loss=0.3939
      epoch 3/5 n=764 mean_loss=0.3791
      epoch 4/5 n=764 mean_loss=0.3745
      epoch 5/5 n=764 mean_loss=0.4080
       記憶體 +764 → |M|=512
       eval tcga_lung  class-IL=0.8021 task-IL=0.8021
    ── stage 1: tcga_brca
      epoch 1/5 n=763 mean_loss=1.7023
      epoch 2/5 n=763 mean_loss=1.2935
      epoch 3/5 n=763 mean_loss=1.1296
      epoch 4/5 n=763 mean_loss=1.1719
      epoch 5/5 n=763 mean_loss=1.1459
       記憶體 +763 → |M|=512
       eval tcga_lung  class-IL=0.7708 task-IL=0.8438
       eval tcga_brca  class-IL=0.8936 task-IL=0.9043
    ── stage 2: tcga_rcc
      epoch 1/5 n=619 mean_loss=1.4877
      epoch 2/5 n=619 mean_loss=1.0362
      epoch 3/5 n=619 mean_loss=1.1941
      epoch 4/5 n=619 mean_loss=0.9110
      epoch 5/5 n=619 mean_loss=0.9693
       記憶體 +619 → |M|=512
       eval tcga_lung  class-IL=0.8125 task-IL=0.8333
       eval tcga_brca  class-IL=0.8723 task-IL=0.8936
       eval tcga_rcc   class-IL=0.9459 task-IL=0.9595
    ── stage 3: tcga_esca
      epoch 1/5 n=120 mean_loss=2.2936
      epoch 2/5 n=120 mean_loss=1.7608
      epoch 3/5 n=120 mean_loss=1.2389
      epoch 4/5 n=120 mean_loss=0.9080
      epoch 5/5 n=120 mean_loss=1.2579
       記憶體 +120 → |M|=512
       eval tcga_lung  class-IL=0.8333 task-IL=0.8958
       eval tcga_brca  class-IL=0.8617 task-IL=0.8936
       eval tcga_rcc   class-IL=0.9459 task-IL=0.9595
       eval tcga_esca  class-IL=0.8667 task-IL=1.0000

→ /Users/aaron/research/02_pathselect/outputs/exp2/sota/EXP2.md
