Exp2  arms=['A5']  order=main  seeds=[2]  B=8 c=1 epochs=5 arch=flat alloc=per_budget prior=discriminative beta_u=0.1 replay_k=1 λ=(1.0,1.0,1.0)
  ▶ A5 (Ours (Replay+KD+eq)) seed=2
    ── stage 0: tcga_lung
      epoch 1/5 n=761 mean_loss=0.5759
      epoch 2/5 n=761 mean_loss=0.4422
      epoch 3/5 n=761 mean_loss=0.4069
      epoch 4/5 n=761 mean_loss=0.3382
      epoch 5/5 n=761 mean_loss=0.4823
       記憶體 +761 → |M|=512
       eval tcga_lung  class-IL=0.9263 task-IL=0.9368
    ── stage 1: tcga_brca
      epoch 1/5 n=764 mean_loss=1.9349
      epoch 2/5 n=764 mean_loss=1.4414
      epoch 3/5 n=764 mean_loss=1.3222
      epoch 4/5 n=764 mean_loss=1.5530
      epoch 5/5 n=764 mean_loss=1.0612
       記憶體 +764 → |M|=512
       eval tcga_lung  class-IL=0.8947 task-IL=0.8947
       eval tcga_brca  class-IL=0.8211 task-IL=0.9158
    ── stage 2: tcga_rcc
      epoch 1/5 n=613 mean_loss=1.3025
      epoch 2/5 n=613 mean_loss=1.0946
      epoch 3/5 n=613 mean_loss=1.1908
      epoch 4/5 n=613 mean_loss=1.0783
      epoch 5/5 n=613 mean_loss=0.9268
       記憶體 +613 → |M|=512
       eval tcga_lung  class-IL=0.8632 task-IL=0.8947
       eval tcga_brca  class-IL=0.8211 task-IL=0.8842
       eval tcga_rcc   class-IL=0.9630 task-IL=1.0000
    ── stage 3: tcga_esca
      epoch 1/5 n=120 mean_loss=2.7164
      epoch 2/5 n=120 mean_loss=2.0374
      epoch 3/5 n=120 mean_loss=1.6084
      epoch 4/5 n=120 mean_loss=1.5082
      epoch 5/5 n=120 mean_loss=2.3118
       記憶體 +120 → |M|=512
       eval tcga_lung  class-IL=0.8211 task-IL=0.9263
       eval tcga_brca  class-IL=0.8211 task-IL=0.8842
       eval tcga_rcc   class-IL=0.9506 task-IL=0.9506
       eval tcga_esca  class-IL=0.8000 task-IL=1.0000

→ /Users/aaron/research/02_pathselect/outputs/exp2/sota/EXP2.md
