Exp2  arms=['A5']  order=main  seeds=[8]  B=8 c=1 epochs=5 arch=flat alloc=per_budget prior=discriminative beta_u=0.1 replay_k=1 λ=(1.0,1.0,1.0)
  ▶ A5 (Ours (Replay+KD+eq)) seed=8
    ── stage 0: tcga_lung
      epoch 1/5 n=777 mean_loss=0.5754
      epoch 2/5 n=777 mean_loss=0.4073
      epoch 3/5 n=777 mean_loss=0.3656
      epoch 4/5 n=777 mean_loss=0.3839
      epoch 5/5 n=777 mean_loss=0.4411
       記憶體 +777 → |M|=512
       eval tcga_lung  class-IL=0.8710 task-IL=0.9032
    ── stage 1: tcga_brca
      epoch 1/5 n=762 mean_loss=1.8832
      epoch 2/5 n=762 mean_loss=1.3130
      epoch 3/5 n=762 mean_loss=1.2657
      epoch 4/5 n=762 mean_loss=1.0699
      epoch 5/5 n=762 mean_loss=1.1378
       記憶體 +762 → |M|=512
       eval tcga_lung  class-IL=0.8495 task-IL=0.9140
       eval tcga_brca  class-IL=0.8750 task-IL=0.8750
    ── stage 2: tcga_rcc
      epoch 1/5 n=617 mean_loss=1.2893
      epoch 2/5 n=617 mean_loss=1.0582
      epoch 3/5 n=617 mean_loss=1.1328
      epoch 4/5 n=617 mean_loss=1.3569
      epoch 5/5 n=617 mean_loss=0.9038
       記憶體 +617 → |M|=512
       eval tcga_lung  class-IL=0.7742 task-IL=0.8602
       eval tcga_brca  class-IL=0.8646 task-IL=0.8750
       eval tcga_rcc   class-IL=0.9211 task-IL=0.9342
    ── stage 3: tcga_esca
      epoch 1/5 n=120 mean_loss=3.8324
      epoch 2/5 n=120 mean_loss=1.3301
      epoch 3/5 n=120 mean_loss=1.4868
      epoch 4/5 n=120 mean_loss=1.2511
      epoch 5/5 n=120 mean_loss=1.9014
       記憶體 +120 → |M|=512
       eval tcga_lung  class-IL=0.5591 task-IL=0.8710
       eval tcga_brca  class-IL=0.7917 task-IL=0.8438
       eval tcga_rcc   class-IL=0.8553 task-IL=0.8684
       eval tcga_esca  class-IL=0.9333 task-IL=0.9333

→ /Users/aaron/research/02_pathselect/outputs/exp2/sota/EXP2.md
