Exp2  arms=['A5']  order=reverse  seeds=[8]  B=8 c=1 epochs=5 arch=flat alloc=per_budget prior=discriminative beta_u=0.1 replay_k=1 λ=(1.0,1.0,1.0)
  ▶ A5 (Ours (Replay+KD+eq)) seed=8
    ── stage 0: tcga_esca
      epoch 1/5 n=120 mean_loss=0.8406
      epoch 2/5 n=120 mean_loss=0.0863
      epoch 3/5 n=120 mean_loss=0.2127
      epoch 4/5 n=120 mean_loss=0.0552
      epoch 5/5 n=120 mean_loss=0.0678
       記憶體 +120 → |M|=120
       eval tcga_esca  class-IL=0.8667 task-IL=0.8667
    ── stage 1: tcga_rcc
      epoch 1/5 n=617 mean_loss=0.4978
      epoch 2/5 n=617 mean_loss=0.3080
      epoch 3/5 n=617 mean_loss=0.3699
      epoch 4/5 n=617 mean_loss=0.2687
      epoch 5/5 n=617 mean_loss=0.3021
       記憶體 +617 → |M|=512
       eval tcga_esca  class-IL=0.8667 task-IL=0.9333
       eval tcga_rcc   class-IL=0.8026 task-IL=0.8026
    ── stage 2: tcga_brca
      epoch 1/5 n=762 mean_loss=1.4152
      epoch 2/5 n=762 mean_loss=1.2249
      epoch 3/5 n=762 mean_loss=1.0819
      epoch 4/5 n=762 mean_loss=0.7862
      epoch 5/5 n=762 mean_loss=0.8705
       記憶體 +762 → |M|=512
       eval tcga_esca  class-IL=0.8667 task-IL=0.9333
       eval tcga_rcc   class-IL=0.8684 task-IL=0.8684
       eval tcga_brca  class-IL=0.8229 task-IL=0.8229
    ── stage 3: tcga_lung
      epoch 1/5 n=777 mean_loss=1.7610
      epoch 2/5 n=777 mean_loss=1.5467
      epoch 3/5 n=777 mean_loss=1.4104
      epoch 4/5 n=777 mean_loss=1.4419
      epoch 5/5 n=777 mean_loss=1.2186
       記憶體 +777 → |M|=512
       eval tcga_esca  class-IL=0.6667 task-IL=0.8667
       eval tcga_rcc   class-IL=0.9211 task-IL=0.9211
       eval tcga_brca  class-IL=0.8542 task-IL=0.8750
       eval tcga_lung  class-IL=0.7527 task-IL=0.8602

→ /Users/aaron/research/02_pathselect/outputs/exp2/sota/EXP2.md
