Exp2  arms=['A5']  order=reverse  seeds=[9]  B=8 c=1 epochs=5 arch=flat alloc=per_budget prior=discriminative beta_u=0.1 replay_k=1 λ=(1.0,1.0,1.0)
  ▶ A5 (Ours (Replay+KD+eq)) seed=9
    ── stage 0: tcga_esca
      epoch 1/5 n=121 mean_loss=0.4199
      epoch 2/5 n=121 mean_loss=0.2698
      epoch 3/5 n=121 mean_loss=0.2535
      epoch 4/5 n=121 mean_loss=0.0668
      epoch 5/5 n=121 mean_loss=0.1326
       記憶體 +121 → |M|=121
       eval tcga_esca  class-IL=1.0000 task-IL=1.0000
    ── stage 1: tcga_rcc
      epoch 1/5 n=612 mean_loss=0.5721
      epoch 2/5 n=612 mean_loss=0.3880
      epoch 3/5 n=612 mean_loss=0.3358
      epoch 4/5 n=612 mean_loss=0.2733
      epoch 5/5 n=612 mean_loss=0.3970
       記憶體 +612 → |M|=512
       eval tcga_esca  class-IL=1.0000 task-IL=1.0000
       eval tcga_rcc   class-IL=0.9506 task-IL=0.9506
    ── stage 2: tcga_brca
      epoch 1/5 n=760 mean_loss=1.3009
      epoch 2/5 n=760 mean_loss=1.1395
      epoch 3/5 n=760 mean_loss=0.8764
      epoch 4/5 n=760 mean_loss=0.9767
      epoch 5/5 n=760 mean_loss=0.8582
       記憶體 +760 → |M|=512
       eval tcga_esca  class-IL=0.9286 task-IL=0.9286
       eval tcga_rcc   class-IL=0.9383 task-IL=0.9630
       eval tcga_brca  class-IL=0.8788 task-IL=0.8788
    ── stage 3: tcga_lung
      epoch 1/5 n=762 mean_loss=2.1524
      epoch 2/5 n=762 mean_loss=1.6502
      epoch 3/5 n=762 mean_loss=1.3807
      epoch 4/5 n=762 mean_loss=1.3539
      epoch 5/5 n=762 mean_loss=1.1939
       記憶體 +762 → |M|=512
       eval tcga_esca  class-IL=0.7143 task-IL=1.0000
       eval tcga_rcc   class-IL=0.8889 task-IL=0.9259
       eval tcga_brca  class-IL=0.8687 task-IL=0.8889
       eval tcga_lung  class-IL=0.8478 task-IL=0.8804

→ /Users/aaron/research/02_pathselect/outputs/exp2/sota/EXP2.md
