Exp2  arms=['A5']  order=main  seeds=[10]  B=8 c=1 epochs=5 arch=hier alloc=per_budget prior=discriminative beta_u=0.1 replay_k=1 λ=(1.0,1.0,1.0)
  ▶ A5 (Ours (Replay+KD+eq)) seed=10
    ── stage 0: tcga_lung
      epoch 1/5 n=771 mean_loss=0.6752
      epoch 2/5 n=771 mean_loss=0.4981
      epoch 3/5 n=771 mean_loss=0.4095
      epoch 4/5 n=771 mean_loss=0.4512
      epoch 5/5 n=771 mean_loss=0.3653
       記憶體 +771 → |M|=512
       eval tcga_lung  class-IL=0.9000 task-IL=0.9000
    ── stage 1: tcga_brca
      epoch 1/5 n=763 mean_loss=1.8521
      epoch 2/5 n=763 mean_loss=1.4883
      epoch 3/5 n=763 mean_loss=1.3775
      epoch 4/5 n=763 mean_loss=1.4152
      epoch 5/5 n=763 mean_loss=1.3950
       記憶體 +763 → |M|=512
       eval tcga_lung  class-IL=0.8222 task-IL=0.8667
       eval tcga_brca  class-IL=0.8462 task-IL=0.9011
    ── stage 2: tcga_rcc
      epoch 1/5 n=618 mean_loss=2.2315
      epoch 2/5 n=618 mean_loss=1.7492
      epoch 3/5 n=618 mean_loss=1.6111
      epoch 4/5 n=618 mean_loss=1.3740
      epoch 5/5 n=618 mean_loss=1.4468
       記憶體 +618 → |M|=512
       eval tcga_lung  class-IL=0.8222 task-IL=0.8778
       eval tcga_brca  class-IL=0.8352 task-IL=0.8791
       eval tcga_rcc   class-IL=0.9189 task-IL=0.9459
    ── stage 3: tcga_esca
      epoch 1/5 n=121 mean_loss=3.1171
      epoch 2/5 n=121 mean_loss=1.4809
      epoch 3/5 n=121 mean_loss=3.3836
      epoch 4/5 n=121 mean_loss=1.4608
      epoch 5/5 n=121 mean_loss=1.9703
       記憶體 +121 → |M|=512
       eval tcga_lung  class-IL=0.8111 task-IL=0.8667
       eval tcga_brca  class-IL=0.8242 task-IL=0.9011
       eval tcga_rcc   class-IL=0.9324 task-IL=0.9595
       eval tcga_esca  class-IL=0.8571 task-IL=1.0000

→ /Users/aaron/research/02_pathselect/outputs/exp2/sota/EXP2_hier.md
