Exp2  arms=['A5']  order=reverse  seeds=[1]  B=8 c=1 epochs=5 arch=hier alloc=per_budget prior=discriminative beta_u=0.1 replay_k=1 λ=(1.0,1.0,1.0)
  ▶ A5 (Ours (Replay+KD+eq)) seed=1
    ── stage 0: tcga_esca
      epoch 1/5 n=120 mean_loss=0.4888
      epoch 2/5 n=120 mean_loss=0.0759
      epoch 3/5 n=120 mean_loss=0.0849
      epoch 4/5 n=120 mean_loss=0.0955
      epoch 5/5 n=120 mean_loss=0.0572
       記憶體 +120 → |M|=120
       eval tcga_esca  class-IL=0.9333 task-IL=0.9333
    ── stage 1: tcga_rcc
      epoch 1/5 n=616 mean_loss=0.5813
      epoch 2/5 n=616 mean_loss=0.4392
      epoch 3/5 n=616 mean_loss=0.3314
      epoch 4/5 n=616 mean_loss=0.4572
      epoch 5/5 n=616 mean_loss=0.3729
       記憶體 +616 → |M|=512
       eval tcga_esca  class-IL=0.9333 task-IL=0.9333
       eval tcga_rcc   class-IL=0.9211 task-IL=0.9211
    ── stage 2: tcga_brca
      epoch 1/5 n=763 mean_loss=1.0505
      epoch 2/5 n=763 mean_loss=0.8376
