Exp2  arms=['A5']  order=reverse  seeds=[2]  B=8 c=1 epochs=5 arch=hier alloc=per_budget prior=discriminative beta_u=0.1 replay_k=1 λ=(1.0,1.0,1.0)
  ▶ A5 (Ours (Replay+KD+eq)) seed=2
    ── stage 0: tcga_esca
      epoch 1/5 n=120 mean_loss=0.4651
      epoch 2/5 n=120 mean_loss=0.1918
      epoch 3/5 n=120 mean_loss=0.1530
      epoch 4/5 n=120 mean_loss=0.1023
      epoch 5/5 n=120 mean_loss=0.0757
       記憶體 +120 → |M|=120
       eval tcga_esca  class-IL=0.9333 task-IL=0.9333
    ── stage 1: tcga_rcc
      epoch 1/5 n=613 mean_loss=0.6320
      epoch 2/5 n=613 mean_loss=0.4029
      epoch 3/5 n=613 mean_loss=0.3542
      epoch 4/5 n=613 mean_loss=0.3323
      epoch 5/5 n=613 mean_loss=0.4315
       記憶體 +613 → |M|=512
       eval tcga_esca  class-IL=0.8667 task-IL=0.9333
       eval tcga_rcc   class-IL=1.0000 task-IL=1.0000
    ── stage 2: tcga_brca
      epoch 1/5 n=764 mean_loss=1.1197
      epoch 2/5 n=764 mean_loss=0.9530
      epoch 3/5 n=764 mean_loss=1.0878
      epoch 4/5 n=764 mean_loss=0.8608
      epoch 5/5 n=764 mean_loss=0.7620
       記憶體 +764 → |M|=512
       eval tcga_esca  class-IL=0.9333 task-IL=0.9333
       eval tcga_rcc   class-IL=0.9877 task-IL=1.0000
       eval tcga_brca  class-IL=0.9158 task-IL=0.9368
    ── stage 3: tcga_lung
      epoch 1/5 n=761 mean_loss=1.9885
      epoch 2/5 n=761 mean_loss=1.5598
      epoch 3/5 n=761 mean_loss=1.5831
      epoch 4/5 n=761 mean_loss=1.2852
      epoch 5/5 n=761 mean_loss=1.4034
       記憶體 +761 → |M|=512
       eval tcga_esca  class-IL=0.9333 task-IL=1.0000
       eval tcga_rcc   class-IL=0.9877 task-IL=1.0000
       eval tcga_brca  class-IL=0.9263 task-IL=0.9579
       eval tcga_lung  class-IL=0.8421 task-IL=0.8947

→ /Users/aaron/research/02_pathselect/outputs/exp2/sota/EXP2_hier.md
