Exp2  arms=['A5']  order=main  seeds=[2]  B=8 c=1 epochs=5 arch=hier alloc=per_budget prior=discriminative beta_u=0.1 replay_k=1 λ=(1.0,1.0,1.0)
  ▶ A5 (Ours (Replay+KD+eq)) seed=2
    ── stage 0: tcga_lung
      epoch 1/5 n=761 mean_loss=0.7247
      epoch 2/5 n=761 mean_loss=0.4428
      epoch 3/5 n=761 mean_loss=0.4314
      epoch 4/5 n=761 mean_loss=0.4215
      epoch 5/5 n=761 mean_loss=0.4157
       記憶體 +761 → |M|=512
       eval tcga_lung  class-IL=0.9368 task-IL=0.9368
    ── stage 1: tcga_brca
      epoch 1/5 n=764 mean_loss=2.1961
      epoch 2/5 n=764 mean_loss=1.7268
      epoch 3/5 n=764 mean_loss=1.9738
      epoch 4/5 n=764 mean_loss=1.7328
      epoch 5/5 n=764 mean_loss=1.6204
       記憶體 +764 → |M|=512
       eval tcga_lung  class-IL=0.9263 task-IL=0.9368
       eval tcga_brca  class-IL=0.8316 task-IL=0.8947
    ── stage 2: tcga_rcc
      epoch 1/5 n=613 mean_loss=2.2726
      epoch 2/5 n=613 mean_loss=2.7153
      epoch 3/5 n=613 mean_loss=1.9311
      epoch 4/5 n=613 mean_loss=1.4949
      epoch 5/5 n=613 mean_loss=2.1057
       記憶體 +613 → |M|=512
       eval tcga_lung  class-IL=0.9158 task-IL=0.9368
       eval tcga_brca  class-IL=0.8526 task-IL=0.9158
       eval tcga_rcc   class-IL=0.9753 task-IL=0.9753
    ── stage 3: tcga_esca
      epoch 1/5 n=120 mean_loss=2.6659
      epoch 2/5 n=120 mean_loss=3.3819
      epoch 3/5 n=120 mean_loss=2.5933
      epoch 4/5 n=120 mean_loss=1.6479
      epoch 5/5 n=120 mean_loss=3.3930
       記憶體 +120 → |M|=512
       eval tcga_lung  class-IL=0.7684 task-IL=0.8947
       eval tcga_brca  class-IL=0.8000 task-IL=0.8737
       eval tcga_rcc   class-IL=0.9506 task-IL=0.9630
       eval tcga_esca  class-IL=0.7333 task-IL=0.9333

→ /Users/aaron/research/02_pathselect/outputs/exp2/sota/EXP2_hier.md
