Exp2  arms=['A5']  order=reverse  seeds=[7]  B=8 c=1 epochs=5 arch=hier alloc=per_budget prior=discriminative beta_u=0.1 replay_k=1 λ=(1.0,1.0,1.0)
  ▶ A5 (Ours (Replay+KD+eq)) seed=7
    ── stage 0: tcga_esca
      epoch 1/5 n=120 mean_loss=0.2964
      epoch 2/5 n=120 mean_loss=0.2198
      epoch 3/5 n=120 mean_loss=0.2162
      epoch 4/5 n=120 mean_loss=0.1019
      epoch 5/5 n=120 mean_loss=0.0608
       記憶體 +120 → |M|=120
       eval tcga_esca  class-IL=0.9333 task-IL=0.9333
    ── stage 1: tcga_rcc
      epoch 1/5 n=615 mean_loss=0.7825
      epoch 2/5 n=615 mean_loss=0.4210
      epoch 3/5 n=615 mean_loss=0.3647
      epoch 4/5 n=615 mean_loss=0.4211
      epoch 5/5 n=615 mean_loss=0.3278
       記憶體 +615 → |M|=512
       eval tcga_esca  class-IL=0.9333 task-IL=0.9333
       eval tcga_rcc   class-IL=0.9467 task-IL=0.9600
    ── stage 2: tcga_brca
      epoch 1/5 n=760 mean_loss=1.0818
      epoch 2/5 n=760 mean_loss=0.8305
      epoch 3/5 n=760 mean_loss=0.7721
      epoch 4/5 n=760 mean_loss=0.9144
      epoch 5/5 n=760 mean_loss=0.7307
       記憶體 +760 → |M|=512
       eval tcga_esca  class-IL=0.9333 task-IL=1.0000
       eval tcga_rcc   class-IL=0.9467 task-IL=0.9467
       eval tcga_brca  class-IL=0.8750 task-IL=0.8958
    ── stage 3: tcga_lung
      epoch 1/5 n=774 mean_loss=2.3483
      epoch 2/5 n=774 mean_loss=1.8665
      epoch 3/5 n=774 mean_loss=1.5771
      epoch 4/5 n=774 mean_loss=1.4974
      epoch 5/5 n=774 mean_loss=1.2499
       記憶體 +774 → |M|=512
       eval tcga_esca  class-IL=0.8667 task-IL=1.0000
       eval tcga_rcc   class-IL=0.9333 task-IL=0.9600
       eval tcga_brca  class-IL=0.9167 task-IL=0.9375
       eval tcga_lung  class-IL=0.8351 task-IL=0.8660

→ /Users/aaron/research/02_pathselect/outputs/exp2/sota/EXP2_hier.md
