Exp2  arms=['A5']  order=reverse  seeds=[6]  B=8 c=1 epochs=5 arch=hier alloc=per_budget prior=discriminative beta_u=0.1 replay_k=1 λ=(1.0,1.0,1.0)
  ▶ A5 (Ours (Replay+KD+eq)) seed=6
    ── stage 0: tcga_esca
      epoch 1/5 n=119 mean_loss=0.3293
      epoch 2/5 n=119 mean_loss=0.2072
      epoch 3/5 n=119 mean_loss=0.2536
      epoch 4/5 n=119 mean_loss=0.1974
      epoch 5/5 n=119 mean_loss=0.0961
       記憶體 +119 → |M|=119
       eval tcga_esca  class-IL=0.8750 task-IL=0.9375
    ── stage 1: tcga_rcc
      epoch 1/5 n=616 mean_loss=0.6358
      epoch 2/5 n=616 mean_loss=0.4745
      epoch 3/5 n=616 mean_loss=0.4990
      epoch 4/5 n=616 mean_loss=0.3753
      epoch 5/5 n=616 mean_loss=0.3555
       記憶體 +616 → |M|=512
       eval tcga_esca  class-IL=0.8750 task-IL=0.9375
       eval tcga_rcc   class-IL=0.9740 task-IL=0.9740
    ── stage 2: tcga_brca
      epoch 1/5 n=758 mean_loss=1.2903
      epoch 2/5 n=758 mean_loss=1.0937
      epoch 3/5 n=758 mean_loss=0.9242
      epoch 4/5 n=758 mean_loss=0.8830
      epoch 5/5 n=758 mean_loss=0.9420
       記憶體 +758 → |M|=512
       eval tcga_esca  class-IL=0.8750 task-IL=0.9375
       eval tcga_rcc   class-IL=0.9870 task-IL=0.9870
       eval tcga_brca  class-IL=0.8571 task-IL=0.8878
    ── stage 3: tcga_lung
      epoch 1/5 n=759 mean_loss=1.8420
      epoch 2/5 n=759 mean_loss=1.6869
      epoch 3/5 n=759 mean_loss=1.4095
      epoch 4/5 n=759 mean_loss=1.4439
      epoch 5/5 n=759 mean_loss=1.1589
       記憶體 +759 → |M|=512
       eval tcga_esca  class-IL=0.7500 task-IL=0.8125
       eval tcga_rcc   class-IL=0.9740 task-IL=1.0000
       eval tcga_brca  class-IL=0.8673 task-IL=0.8980
       eval tcga_lung  class-IL=0.9205 task-IL=0.9318

→ /Users/aaron/research/02_pathselect/outputs/exp2/sota/EXP2_hier.md
