Exp2  arms=['A5']  order=main  seeds=[7]  B=8 c=1 epochs=5 arch=hier alloc=per_budget prior=discriminative beta_u=0.1 replay_k=1 λ=(1.0,1.0,1.0)
  ▶ A5 (Ours (Replay+KD+eq)) seed=7
    ── stage 0: tcga_lung
      epoch 1/5 n=774 mean_loss=0.6431
      epoch 2/5 n=774 mean_loss=0.4481
      epoch 3/5 n=774 mean_loss=0.4212
      epoch 4/5 n=774 mean_loss=0.3770
      epoch 5/5 n=774 mean_loss=0.3660
       記憶體 +774 → |M|=512
       eval tcga_lung  class-IL=0.9175 task-IL=0.9175
    ── stage 1: tcga_brca
      epoch 1/5 n=760 mean_loss=2.4133
      epoch 2/5 n=760 mean_loss=2.0449
      epoch 3/5 n=760 mean_loss=2.0279
      epoch 4/5 n=760 mean_loss=2.0937
      epoch 5/5 n=760 mean_loss=1.9983
       記憶體 +760 → |M|=512
       eval tcga_lung  class-IL=0.8763 task-IL=0.9175
       eval tcga_brca  class-IL=0.7812 task-IL=0.8229
    ── stage 2: tcga_rcc
      epoch 1/5 n=615 mean_loss=2.9321
      epoch 2/5 n=615 mean_loss=2.5844
      epoch 3/5 n=615 mean_loss=2.4537
      epoch 4/5 n=615 mean_loss=2.6328
      epoch 5/5 n=615 mean_loss=2.0760
       記憶體 +615 → |M|=512
       eval tcga_lung  class-IL=0.8969 task-IL=0.9381
       eval tcga_brca  class-IL=0.7917 task-IL=0.8438
       eval tcga_rcc   class-IL=0.8400 task-IL=0.8667
    ── stage 3: tcga_esca
      epoch 1/5 n=120 mean_loss=3.8753
      epoch 2/5 n=120 mean_loss=2.2960
      epoch 3/5 n=120 mean_loss=1.9374
      epoch 4/5 n=120 mean_loss=3.4101
      epoch 5/5 n=120 mean_loss=2.0674
       記憶體 +120 → |M|=512
       eval tcga_lung  class-IL=0.7629 task-IL=0.8041
       eval tcga_brca  class-IL=0.8021 task-IL=0.8646
       eval tcga_rcc   class-IL=0.9200 task-IL=0.9333
       eval tcga_esca  class-IL=0.8000 task-IL=0.8667

→ /Users/aaron/research/02_pathselect/outputs/exp2/sota/EXP2_hier.md
