Exp2  arms=['A5']  order=main  seeds=[5]  B=8 c=1 epochs=5 arch=hier alloc=per_budget prior=discriminative beta_u=0.1 replay_k=1 λ=(1.0,1.0,1.0)
  ▶ A5 (Ours (Replay+KD+eq)) seed=5
    ── stage 0: tcga_lung
      epoch 1/5 n=764 mean_loss=0.5843
      epoch 2/5 n=764 mean_loss=0.3915
      epoch 3/5 n=764 mean_loss=0.3879
      epoch 4/5 n=764 mean_loss=0.3257
      epoch 5/5 n=764 mean_loss=0.3113
       記憶體 +764 → |M|=512
       eval tcga_lung  class-IL=0.8125 task-IL=0.8438
    ── stage 1: tcga_brca
      epoch 1/5 n=763 mean_loss=2.2694
      epoch 2/5 n=763 mean_loss=2.0334
      epoch 3/5 n=763 mean_loss=1.6281
      epoch 4/5 n=763 mean_loss=1.7399
      epoch 5/5 n=763 mean_loss=1.6502
       記憶體 +763 → |M|=512
       eval tcga_lung  class-IL=0.8021 task-IL=0.8646
       eval tcga_brca  class-IL=0.8723 task-IL=0.9149
    ── stage 2: tcga_rcc
      epoch 1/5 n=619 mean_loss=2.3382
      epoch 2/5 n=619 mean_loss=1.9999
      epoch 3/5 n=619 mean_loss=1.9766
      epoch 4/5 n=619 mean_loss=2.0204
      epoch 5/5 n=619 mean_loss=1.8214
       記憶體 +619 → |M|=512
       eval tcga_lung  class-IL=0.7708 task-IL=0.8333
       eval tcga_brca  class-IL=0.8936 task-IL=0.9043
       eval tcga_rcc   class-IL=0.7973 task-IL=0.8649
    ── stage 3: tcga_esca
      epoch 1/5 n=120 mean_loss=2.9002
      epoch 2/5 n=120 mean_loss=2.7892
      epoch 3/5 n=120 mean_loss=2.0481
      epoch 4/5 n=120 mean_loss=2.2045
      epoch 5/5 n=120 mean_loss=2.0067
       記憶體 +120 → |M|=512
       eval tcga_lung  class-IL=0.6979 task-IL=0.8542
       eval tcga_brca  class-IL=0.8085 task-IL=0.8936
       eval tcga_rcc   class-IL=0.9189 task-IL=0.9459
       eval tcga_esca  class-IL=0.9333 task-IL=1.0000

→ /Users/aaron/research/02_pathselect/outputs/exp2/sota/EXP2_hier.md
