Exp2  arms=['A5']  order=main  seeds=[4]  B=8 c=1 epochs=5 arch=hier alloc=per_budget prior=discriminative beta_u=0.1 replay_k=1 λ=(1.0,1.0,1.0)
  ▶ A5 (Ours (Replay+KD+eq)) seed=4
    ── stage 0: tcga_lung
      epoch 1/5 n=756 mean_loss=0.6512
      epoch 2/5 n=756 mean_loss=0.4277
      epoch 3/5 n=756 mean_loss=0.4230
      epoch 4/5 n=756 mean_loss=0.3526
      epoch 5/5 n=756 mean_loss=0.3836
       記憶體 +756 → |M|=512
       eval tcga_lung  class-IL=0.7857 task-IL=0.7857
    ── stage 1: tcga_brca
      epoch 1/5 n=762 mean_loss=2.2659
      epoch 2/5 n=762 mean_loss=1.8627
      epoch 3/5 n=762 mean_loss=1.7302
      epoch 4/5 n=762 mean_loss=1.7225
      epoch 5/5 n=762 mean_loss=1.4023
       記憶體 +762 → |M|=512
       eval tcga_lung  class-IL=0.8304 task-IL=0.8393
       eval tcga_brca  class-IL=0.8511 task-IL=0.9362
    ── stage 2: tcga_rcc
      epoch 1/5 n=613 mean_loss=1.8776
      epoch 2/5 n=613 mean_loss=1.9911
      epoch 3/5 n=613 mean_loss=2.2012
      epoch 4/5 n=613 mean_loss=1.6546
      epoch 5/5 n=613 mean_loss=1.7064
       記憶體 +613 → |M|=512
       eval tcga_lung  class-IL=0.8571 task-IL=0.9018
       eval tcga_brca  class-IL=0.7872 task-IL=0.8617
       eval tcga_rcc   class-IL=0.8846 task-IL=0.9103
    ── stage 3: tcga_esca
      epoch 1/5 n=119 mean_loss=4.4105
      epoch 2/5 n=119 mean_loss=2.5763
      epoch 3/5 n=119 mean_loss=1.8385
      epoch 4/5 n=119 mean_loss=2.2399
      epoch 5/5 n=119 mean_loss=2.9408
       記憶體 +119 → |M|=512
       eval tcga_lung  class-IL=0.7143 task-IL=0.8214
       eval tcga_brca  class-IL=0.7234 task-IL=0.8404
       eval tcga_rcc   class-IL=0.8333 task-IL=0.8590
       eval tcga_esca  class-IL=0.8750 task-IL=0.8750

→ /Users/aaron/research/02_pathselect/outputs/exp2/sota/EXP2_hier.md
