═══ zero-shot meanpool fold=5 seed=5 order=reverse
    stage 0  tcga_esca  class-IL=0.8000 task-IL=0.9333
    stage 1  tcga_esca  class-IL=0.8000 task-IL=0.9333
    stage 1  tcga_rcc   class-IL=0.8514 task-IL=0.8784
    stage 2  tcga_esca  class-IL=0.8000 task-IL=0.9333
    stage 2  tcga_rcc   class-IL=0.8514 task-IL=0.8784
    stage 2  tcga_brca  class-IL=0.5957 task-IL=0.6277
    stage 3  tcga_esca  class-IL=0.8000 task-IL=0.9333
    stage 3  tcga_rcc   class-IL=0.8514 task-IL=0.8784
    stage 3  tcga_brca  class-IL=0.5957 task-IL=0.6277
    stage 3  tcga_lung  class-IL=0.7292 task-IL=0.8542
    → /Users/aaron/research/02_pathselect/outputs/exp2/sota/per_slide/ZS-mean_reverse_seed5_f5.json
═══ zero-shot rand8 fold=5 seed=5 order=reverse
    stage 0  tcga_esca  class-IL=0.6667 task-IL=0.9333
    stage 1  tcga_esca  class-IL=0.6667 task-IL=0.9333
    stage 1  tcga_rcc   class-IL=0.8243 task-IL=0.8514
    stage 2  tcga_esca  class-IL=0.6667 task-IL=0.9333
    stage 2  tcga_rcc   class-IL=0.8243 task-IL=0.8514
    stage 2  tcga_brca  class-IL=0.4787 task-IL=0.5213
    stage 3  tcga_esca  class-IL=0.6667 task-IL=0.9333
    stage 3  tcga_rcc   class-IL=0.8243 task-IL=0.8514
    stage 3  tcga_brca  class-IL=0.4787 task-IL=0.5213
    stage 3  tcga_lung  class-IL=0.6562 task-IL=0.8021
    → /Users/aaron/research/02_pathselect/outputs/exp2/sota/per_slide/ZS-rand8_reverse_seed5_f5.json
