═══ zero-shot meanpool fold=2 seed=2 order=reverse
    stage 0  tcga_esca  class-IL=0.6000 task-IL=0.9333
    stage 1  tcga_esca  class-IL=0.6000 task-IL=0.9333
    stage 1  tcga_rcc   class-IL=0.8395 task-IL=0.8765
    stage 2  tcga_esca  class-IL=0.6000 task-IL=0.9333
    stage 2  tcga_rcc   class-IL=0.8395 task-IL=0.8765
    stage 2  tcga_brca  class-IL=0.5263 task-IL=0.5474
    stage 3  tcga_esca  class-IL=0.6000 task-IL=0.9333
    stage 3  tcga_rcc   class-IL=0.8395 task-IL=0.8765
    stage 3  tcga_brca  class-IL=0.5263 task-IL=0.5474
    stage 3  tcga_lung  class-IL=0.7474 task-IL=0.8316
    → /Users/aaron/research/02_pathselect/outputs/exp2/sota/per_slide/ZS-mean_reverse_seed2_f2.json
═══ zero-shot rand8 fold=2 seed=2 order=reverse
    stage 0  tcga_esca  class-IL=0.6000 task-IL=0.9333
    stage 1  tcga_esca  class-IL=0.6000 task-IL=0.9333
    stage 1  tcga_rcc   class-IL=0.7778 task-IL=0.8148
    stage 2  tcga_esca  class-IL=0.6000 task-IL=0.9333
    stage 2  tcga_rcc   class-IL=0.7778 task-IL=0.8148
    stage 2  tcga_brca  class-IL=0.4632 task-IL=0.4947
    stage 3  tcga_esca  class-IL=0.6000 task-IL=0.9333
    stage 3  tcga_rcc   class-IL=0.7778 task-IL=0.8148
    stage 3  tcga_brca  class-IL=0.4632 task-IL=0.4947
    stage 3  tcga_lung  class-IL=0.7053 task-IL=0.8000
    → /Users/aaron/research/02_pathselect/outputs/exp2/sota/per_slide/ZS-rand8_reverse_seed2_f2.json
