═══ zero-shot meanpool fold=1 seed=1 order=reverse
    stage 0  tcga_esca  class-IL=0.5333 task-IL=0.6667
    stage 1  tcga_esca  class-IL=0.5333 task-IL=0.6667
    stage 1  tcga_rcc   class-IL=0.8816 task-IL=0.8947
    stage 2  tcga_esca  class-IL=0.5333 task-IL=0.6667
    stage 2  tcga_rcc   class-IL=0.8816 task-IL=0.8947
    stage 2  tcga_brca  class-IL=0.5484 task-IL=0.6022
    stage 3  tcga_esca  class-IL=0.5333 task-IL=0.6667
    stage 3  tcga_rcc   class-IL=0.8816 task-IL=0.8947
    stage 3  tcga_brca  class-IL=0.5484 task-IL=0.6022
    stage 3  tcga_lung  class-IL=0.7474 task-IL=0.8211
    → /Users/aaron/research/02_pathselect/outputs/exp2/sota/per_slide/ZS-mean_reverse_seed1.json
═══ zero-shot rand8 fold=1 seed=1 order=reverse
    stage 0  tcga_esca  class-IL=0.3333 task-IL=0.5333
    stage 1  tcga_esca  class-IL=0.3333 task-IL=0.5333
    stage 1  tcga_rcc   class-IL=0.8421 task-IL=0.8816
    stage 2  tcga_esca  class-IL=0.3333 task-IL=0.5333
    stage 2  tcga_rcc   class-IL=0.8421 task-IL=0.8816
    stage 2  tcga_brca  class-IL=0.4946 task-IL=0.5591
    stage 3  tcga_esca  class-IL=0.3333 task-IL=0.5333
    stage 3  tcga_rcc   class-IL=0.8421 task-IL=0.8816
    stage 3  tcga_brca  class-IL=0.4946 task-IL=0.5591
    stage 3  tcga_lung  class-IL=0.7053 task-IL=0.7895
    → /Users/aaron/research/02_pathselect/outputs/exp2/sota/per_slide/ZS-rand8_reverse_seed1.json
