Exp2  arms=['B2']  order=reverse  seeds=[2]  B=8 c=1 epochs=5 arch=flat alloc=per_budget prior=discriminative head=accumulating beta_u=0.1 replay_k=1 λ=(1.0,1.0,1.0)
  ▶ B2 (只 eq (λ_r=λ_kd=0)) seed=2
    ── stage 0: tcga_esca
      epoch 1/5 n=120 mean_loss=0.2250
      epoch 2/5 n=120 mean_loss=0.0264
      epoch 3/5 n=120 mean_loss=0.0172
      epoch 4/5 n=120 mean_loss=0.0701
      epoch 5/5 n=120 mean_loss=0.0354
       記憶體 +120 → |M|=120
       eval tcga_esca  class-IL=1.0000 task-IL=1.0000
    ── stage 1: tcga_rcc
      epoch 1/5 n=616 mean_loss=0.3459
      epoch 2/5 n=616 mean_loss=0.2478
      epoch 3/5 n=616 mean_loss=0.2983
      epoch 4/5 n=616 mean_loss=0.2184
      epoch 5/5 n=616 mean_loss=0.1954
       記憶體 +616 → |M|=512
       eval tcga_esca  class-IL=0.8667 task-IL=1.0000
       eval tcga_rcc   class-IL=0.9474 task-IL=0.9474
    ── stage 2: tcga_brca
      epoch 1/5 n=763 mean_loss=0.5426
      epoch 2/5 n=763 mean_loss=0.4344
      epoch 3/5 n=763 mean_loss=0.4779
      epoch 4/5 n=763 mean_loss=0.4443
      epoch 5/5 n=763 mean_loss=0.4227
       記憶體 +763 → |M|=512
       eval tcga_esca  class-IL=0.5333 task-IL=0.9333
       eval tcga_rcc   class-IL=0.8816 task-IL=0.9605
       eval tcga_brca  class-IL=0.8925 task-IL=0.9032
    ── stage 3: tcga_lung
      epoch 1/5 n=774 mean_loss=1.0906
      epoch 2/5 n=774 mean_loss=0.8782
      epoch 3/5 n=774 mean_loss=0.6397
      epoch 4/5 n=774 mean_loss=0.6932
      epoch 5/5 n=774 mean_loss=0.6963
       記憶體 +774 → |M|=512
       eval tcga_esca  class-IL=0.2000 task-IL=0.8667
       eval tcga_rcc   class-IL=0.8026 task-IL=0.9079
       eval tcga_brca  class-IL=0.7419 task-IL=0.9032
       eval tcga_lung  class-IL=0.8737 task-IL=0.8737

→ outputs/exp3/ablation_acc/EXP2.md
