Exp2  arms=['A5']  order=main  seeds=[5]  B=8 c=1 epochs=5 arch=hier alloc=per_budget prior=discriminative head=accumulating uold=current beta_u=0.1 replay_k=1 λ=(1.0,1.0,1.0)
  ▶ A5 (Ours (Replay+KD+eq)) seed=5
    ── stage 0: tcga_lung
      epoch 1/5 n=764 mean_loss=0.5780
      epoch 2/5 n=764 mean_loss=0.3549
      epoch 3/5 n=764 mean_loss=0.3144
      epoch 4/5 n=764 mean_loss=0.3063
      epoch 5/5 n=764 mean_loss=0.3543
       記憶體 +764 → |M|=512
       eval tcga_lung  class-IL=0.9167 task-IL=0.9167
    ── stage 1: tcga_brca
      epoch 1/5 n=763 mean_loss=1.8970
      epoch 2/5 n=763 mean_loss=1.3875
      epoch 3/5 n=763 mean_loss=1.2285
      epoch 4/5 n=763 mean_loss=1.1903
      epoch 5/5 n=763 mean_loss=1.1762
       記憶體 +763 → |M|=512
       eval tcga_lung  class-IL=0.8542 task-IL=0.9167
       eval tcga_brca  class-IL=0.9255 task-IL=0.9255
    ── stage 2: tcga_rcc
      epoch 1/5 n=619 mean_loss=1.6253
      epoch 2/5 n=619 mean_loss=1.2368
      epoch 3/5 n=619 mean_loss=1.1411
      epoch 4/5 n=619 mean_loss=1.1108
      epoch 5/5 n=619 mean_loss=1.1220
       記憶體 +619 → |M|=512
       eval tcga_lung  class-IL=0.8854 task-IL=0.9167
       eval tcga_brca  class-IL=0.9362 task-IL=0.9362
       eval tcga_rcc   class-IL=0.9459 task-IL=0.9595
    ── stage 3: tcga_esca
      epoch 1/5 n=120 mean_loss=2.0667
      epoch 2/5 n=120 mean_loss=2.3952
      epoch 3/5 n=120 mean_loss=1.4167
      epoch 4/5 n=120 mean_loss=1.1947
      epoch 5/5 n=120 mean_loss=1.0055
       記憶體 +120 → |M|=512
       eval tcga_lung  class-IL=0.7812 task-IL=0.9062
       eval tcga_brca  class-IL=0.8830 task-IL=0.9255
       eval tcga_rcc   class-IL=0.9595 task-IL=0.9865
       eval tcga_esca  class-IL=0.9333 task-IL=1.0000

→ outputs/exp3/sota_ucur/EXP2_hier.md
