Exp2  arms=['A5']  order=reverse  seeds=[4]  B=8 c=1 epochs=5 arch=flat alloc=per_budget prior=discriminative head=fixed beta_u=0.1 replay_k=1 λ=(1.0,1.0,1.0)
  ▶ A5 (Ours (Replay+KD+eq)) seed=4
    ── stage 0: tcga_esca
      epoch 1/5 n=120 mean_loss=1.6190
      epoch 2/5 n=120 mean_loss=0.1774
      epoch 3/5 n=120 mean_loss=0.0753
      epoch 4/5 n=120 mean_loss=0.1064
      epoch 5/5 n=120 mean_loss=0.2032
       記憶體 +120 → |M|=120
       eval tcga_esca  class-IL=0.8667 task-IL=0.8667
    ── stage 1: tcga_rcc
      epoch 1/5 n=616 mean_loss=0.6927
      epoch 2/5 n=616 mean_loss=0.4234
      epoch 3/5 n=616 mean_loss=0.5127
      epoch 4/5 n=616 mean_loss=0.3914
      epoch 5/5 n=616 mean_loss=0.3186
       記憶體 +616 → |M|=512
       eval tcga_esca  class-IL=0.8667 task-IL=0.8667
       eval tcga_rcc   class-IL=0.9474 task-IL=0.9474
    ── stage 2: tcga_brca
      epoch 1/5 n=763 mean_loss=1.2337
      epoch 2/5 n=763 mean_loss=1.1158
      epoch 3/5 n=763 mean_loss=0.8096
      epoch 4/5 n=763 mean_loss=0.8370
      epoch 5/5 n=763 mean_loss=0.8593
       記憶體 +763 → |M|=512
       eval tcga_esca  class-IL=0.8667 task-IL=0.9333
       eval tcga_rcc   class-IL=0.9342 task-IL=0.9474
       eval tcga_brca  class-IL=0.7957 task-IL=0.8710
    ── stage 3: tcga_lung
      epoch 1/5 n=774 mean_loss=1.9379
      epoch 2/5 n=774 mean_loss=1.5363
      epoch 3/5 n=774 mean_loss=1.5064
      epoch 4/5 n=774 mean_loss=1.3577
      epoch 5/5 n=774 mean_loss=1.1355
       記憶體 +774 → |M|=512
       eval tcga_esca  class-IL=0.6667 task-IL=0.8667
       eval tcga_rcc   class-IL=0.9079 task-IL=0.9342
       eval tcga_brca  class-IL=0.8172 task-IL=0.8817
       eval tcga_lung  class-IL=0.8000 task-IL=0.8421

→ outputs/exp3/ablation_fixed/EXP2.md
