Exp2  arms=['A5']  order=reverse  seeds=[5]  B=8 c=1 epochs=5 arch=hier alloc=per_budget prior=discriminative head=accumulating beta_u=0.1 replay_k=1 λ=(1.0,1.0,1.0)
  ▶ A5 (Ours (Replay+KD+eq)) seed=5
    ── stage 0: tcga_esca
      epoch 1/5 n=120 mean_loss=0.3425
      epoch 2/5 n=120 mean_loss=0.1191
      epoch 3/5 n=120 mean_loss=0.0795
      epoch 4/5 n=120 mean_loss=0.1040
      epoch 5/5 n=120 mean_loss=0.0254
       記憶體 +120 → |M|=120
       eval tcga_esca  class-IL=1.0000 task-IL=1.0000
    ── stage 1: tcga_rcc
      epoch 1/5 n=619 mean_loss=0.4098
      epoch 2/5 n=619 mean_loss=0.3422
      epoch 3/5 n=619 mean_loss=0.2632
      epoch 4/5 n=619 mean_loss=0.2783
      epoch 5/5 n=619 mean_loss=0.3107
       記憶體 +619 → |M|=512
       eval tcga_esca  class-IL=1.0000 task-IL=1.0000
       eval tcga_rcc   class-IL=0.9595 task-IL=0.9595
    ── stage 2: tcga_brca
      epoch 1/5 n=763 mean_loss=1.4408
      epoch 2/5 n=763 mean_loss=0.9947
      epoch 3/5 n=763 mean_loss=1.0958
      epoch 4/5 n=763 mean_loss=1.0432
      epoch 5/5 n=763 mean_loss=1.0887
       記憶體 +763 → |M|=512
       eval tcga_esca  class-IL=0.9333 task-IL=1.0000
       eval tcga_rcc   class-IL=0.9324 task-IL=0.9459
       eval tcga_brca  class-IL=0.8723 task-IL=0.9255
    ── stage 3: tcga_lung
      epoch 1/5 n=764 mean_loss=2.0528
      epoch 2/5 n=764 mean_loss=1.6953
      epoch 3/5 n=764 mean_loss=1.4587
      epoch 4/5 n=764 mean_loss=1.4724
      epoch 5/5 n=764 mean_loss=1.4343
       記憶體 +764 → |M|=512
       eval tcga_esca  class-IL=0.6667 task-IL=1.0000
       eval tcga_rcc   class-IL=0.9459 task-IL=0.9595
       eval tcga_brca  class-IL=0.8723 task-IL=0.9043
       eval tcga_lung  class-IL=0.7812 task-IL=0.8438

→ outputs/exp3/sota_acc/EXP2.md
