Exp2  arms=['A4']  order=reverse  seeds=[3]  B=8 c=1 epochs=5 arch=flat alloc=per_budget prior=discriminative head=fixed beta_u=0.1 replay_k=1 λ=(1.0,1.0,1.0)
  ▶ A4 (+ Replay + KD) seed=3
    ── stage 0: tcga_esca
      epoch 1/5 n=120 mean_loss=0.5415
      epoch 2/5 n=120 mean_loss=0.2037
      epoch 3/5 n=120 mean_loss=0.1161
      epoch 4/5 n=120 mean_loss=0.0515
      epoch 5/5 n=120 mean_loss=0.0385
       記憶體 +120 → |M|=120
       eval tcga_esca  class-IL=0.8000 task-IL=0.8667
    ── stage 1: tcga_rcc
      epoch 1/5 n=616 mean_loss=0.5787
      epoch 2/5 n=616 mean_loss=0.3577
      epoch 3/5 n=616 mean_loss=0.3195
      epoch 4/5 n=616 mean_loss=0.3585
      epoch 5/5 n=616 mean_loss=0.3094
       記憶體 +616 → |M|=512
       eval tcga_esca  class-IL=0.8667 task-IL=0.9333
       eval tcga_rcc   class-IL=0.9605 task-IL=0.9605
    ── stage 2: tcga_brca
      epoch 1/5 n=763 mean_loss=1.1826
      epoch 2/5 n=763 mean_loss=0.8035
      epoch 3/5 n=763 mean_loss=0.8458
      epoch 4/5 n=763 mean_loss=0.8449
      epoch 5/5 n=763 mean_loss=0.8264
       記憶體 +763 → |M|=512
       eval tcga_esca  class-IL=0.8000 task-IL=0.9333
       eval tcga_rcc   class-IL=0.9342 task-IL=0.9605
       eval tcga_brca  class-IL=0.8817 task-IL=0.9247
    ── stage 3: tcga_lung
      epoch 1/5 n=774 mean_loss=1.4059
      epoch 2/5 n=774 mean_loss=1.3119
      epoch 3/5 n=774 mean_loss=1.1128
      epoch 4/5 n=774 mean_loss=1.1585
      epoch 5/5 n=774 mean_loss=1.0293
       記憶體 +774 → |M|=512
       eval tcga_esca  class-IL=0.7333 task-IL=0.9333
       eval tcga_rcc   class-IL=0.9079 task-IL=0.9342
       eval tcga_brca  class-IL=0.8925 task-IL=0.9462
       eval tcga_lung  class-IL=0.8211 task-IL=0.8526

→ outputs/exp3/ablation_fixed/EXP2.md
