Exp2  arms=['A5']  order=reverse  seeds=[0]  B=8 c=1 epochs=5 arch=flat alloc=per_budget prior=discriminative head=accumulating uold=current beta_u=0.1 replay_k=1 λ=(1.0,1.0,1.0)
  ▶ A5 (Ours (Replay+KD+eq)) seed=0
    ── stage 0: tcga_esca
      epoch 1/5 n=120 mean_loss=0.4049
      epoch 2/5 n=120 mean_loss=0.1213
      epoch 3/5 n=120 mean_loss=0.0553
      epoch 4/5 n=120 mean_loss=0.0247
      epoch 5/5 n=120 mean_loss=0.0207
       記憶體 +120 → |M|=120
       eval tcga_esca  class-IL=1.0000 task-IL=1.0000
    ── stage 1: tcga_rcc
      epoch 1/5 n=616 mean_loss=0.5289
      epoch 2/5 n=616 mean_loss=0.4082
      epoch 3/5 n=616 mean_loss=0.3105
      epoch 4/5 n=616 mean_loss=0.3558
      epoch 5/5 n=616 mean_loss=0.2785
       記憶體 +616 → |M|=512
       eval tcga_esca  class-IL=0.9333 task-IL=0.9333
       eval tcga_rcc   class-IL=0.9342 task-IL=0.9605
    ── stage 2: tcga_brca
      epoch 1/5 n=763 mean_loss=1.2421
      epoch 2/5 n=763 mean_loss=1.0020
      epoch 3/5 n=763 mean_loss=0.8354
      epoch 4/5 n=763 mean_loss=0.8533
      epoch 5/5 n=763 mean_loss=0.8033
       記憶體 +763 → |M|=512
       eval tcga_esca  class-IL=0.9333 task-IL=0.9333
       eval tcga_rcc   class-IL=0.9211 task-IL=0.9474
       eval tcga_brca  class-IL=0.8602 task-IL=0.9032
    ── stage 3: tcga_lung
      epoch 1/5 n=774 mean_loss=1.8318
      epoch 2/5 n=774 mean_loss=1.5071
      epoch 3/5 n=774 mean_loss=1.3781
      epoch 4/5 n=774 mean_loss=1.2667
      epoch 5/5 n=774 mean_loss=1.3054
       記憶體 +774 → |M|=512
       eval tcga_esca  class-IL=0.7333 task-IL=0.9333
       eval tcga_rcc   class-IL=0.9211 task-IL=0.9605
       eval tcga_brca  class-IL=0.7849 task-IL=0.8710
       eval tcga_lung  class-IL=0.8000 task-IL=0.8211

→ outputs/exp3/ablation_ucur/EXP2.md
