Exp2  arms=['A5']  order=reverse  seeds=[4]  B=8 c=1 epochs=5 arch=flat alloc=per_budget prior=discriminative head=accumulating beta_u=0.1 replay_k=1 λ=(1.0,1.0,1.0)
  ▶ A5 (Ours (Replay+KD+eq)) seed=4
    ── stage 0: tcga_esca
      epoch 1/5 n=119 mean_loss=0.5062
      epoch 2/5 n=119 mean_loss=0.1161
      epoch 3/5 n=119 mean_loss=0.1664
      epoch 4/5 n=119 mean_loss=0.1051
      epoch 5/5 n=119 mean_loss=0.0417
       記憶體 +119 → |M|=119
       eval tcga_esca  class-IL=1.0000 task-IL=1.0000
    ── stage 1: tcga_rcc
      epoch 1/5 n=613 mean_loss=0.3721
      epoch 2/5 n=613 mean_loss=0.2922
      epoch 3/5 n=613 mean_loss=0.3006
      epoch 4/5 n=613 mean_loss=0.2434
      epoch 5/5 n=613 mean_loss=0.2569
       記憶體 +613 → |M|=512
       eval tcga_esca  class-IL=1.0000 task-IL=1.0000
       eval tcga_rcc   class-IL=0.9103 task-IL=0.9103
    ── stage 2: tcga_brca
      epoch 1/5 n=762 mean_loss=1.0360
      epoch 2/5 n=762 mean_loss=0.8700
      epoch 3/5 n=762 mean_loss=0.8495
      epoch 4/5 n=762 mean_loss=0.8127
      epoch 5/5 n=762 mean_loss=0.7469
       記憶體 +762 → |M|=512
       eval tcga_esca  class-IL=0.8750 task-IL=0.9375
       eval tcga_rcc   class-IL=0.8974 task-IL=0.8974
       eval tcga_brca  class-IL=0.8298 task-IL=0.9043
    ── stage 3: tcga_lung
      epoch 1/5 n=756 mean_loss=1.3274
      epoch 2/5 n=756 mean_loss=1.1726
      epoch 3/5 n=756 mean_loss=1.0775
      epoch 4/5 n=756 mean_loss=1.1543
      epoch 5/5 n=756 mean_loss=0.9207
       記憶體 +756 → |M|=512
       eval tcga_esca  class-IL=0.6875 task-IL=1.0000
       eval tcga_rcc   class-IL=0.8846 task-IL=0.9103
       eval tcga_brca  class-IL=0.7766 task-IL=0.8830
       eval tcga_lung  class-IL=0.8125 task-IL=0.8125

→ outputs/exp3/sota_acc/EXP2.md
