Exp2  arms=['A5']  order=reverse  seeds=[5]  B=8 c=1 epochs=5 arch=flat alloc=per_budget prior=discriminative head=accumulating uold=current beta_u=0.1 replay_k=1 λ=(1.0,1.0,1.0)
  ▶ A5 (Ours (Replay+KD+eq)) seed=5
    ── stage 0: tcga_esca
      epoch 1/5 n=120 mean_loss=0.3758
      epoch 2/5 n=120 mean_loss=0.1160
      epoch 3/5 n=120 mean_loss=0.0677
      epoch 4/5 n=120 mean_loss=0.0318
      epoch 5/5 n=120 mean_loss=0.0610
       記憶體 +120 → |M|=120
       eval tcga_esca  class-IL=1.0000 task-IL=1.0000
    ── stage 1: tcga_rcc
      epoch 1/5 n=619 mean_loss=0.3592
      epoch 2/5 n=619 mean_loss=0.3565
      epoch 3/5 n=619 mean_loss=0.3252
      epoch 4/5 n=619 mean_loss=0.2368
      epoch 5/5 n=619 mean_loss=0.2743
       記憶體 +619 → |M|=512
       eval tcga_esca  class-IL=1.0000 task-IL=1.0000
       eval tcga_rcc   class-IL=0.9865 task-IL=0.9865
    ── stage 2: tcga_brca
      epoch 1/5 n=763 mean_loss=1.3541
      epoch 2/5 n=763 mean_loss=0.9966
      epoch 3/5 n=763 mean_loss=1.0189
      epoch 4/5 n=763 mean_loss=0.8825
      epoch 5/5 n=763 mean_loss=1.0965
       記憶體 +763 → |M|=512
       eval tcga_esca  class-IL=1.0000 task-IL=1.0000
       eval tcga_rcc   class-IL=0.9595 task-IL=0.9595
       eval tcga_brca  class-IL=0.8723 task-IL=0.9149
    ── stage 3: tcga_lung
      epoch 1/5 n=764 mean_loss=1.6992
      epoch 2/5 n=764 mean_loss=1.2591
      epoch 3/5 n=764 mean_loss=1.1585
      epoch 4/5 n=764 mean_loss=1.1614
      epoch 5/5 n=764 mean_loss=1.1754
       記憶體 +764 → |M|=512
       eval tcga_esca  class-IL=0.9333 task-IL=1.0000
       eval tcga_rcc   class-IL=0.9595 task-IL=0.9730
       eval tcga_brca  class-IL=0.8830 task-IL=0.9149
       eval tcga_lung  class-IL=0.8021 task-IL=0.9062

→ outputs/exp3/sota_ucur/EXP2.md
