Exp2  arms=['A5']  order=main  seeds=[2]  B=16 c=1 epochs=5 arch=hier alloc=per_budget prior=discriminative head=accumulating uold=current beta_u=0.1 replay_k=1 λ=(1.0,1.0,1.0)
  ▶ A5 (Ours (Replay+KD+eq)) seed=2
    ── stage 0: tcga_lung
      epoch 1/5 n=761 mean_loss=0.6075
      epoch 2/5 n=761 mean_loss=0.3862
      epoch 3/5 n=761 mean_loss=0.3909
      epoch 4/5 n=761 mean_loss=0.3411
      epoch 5/5 n=761 mean_loss=0.3524
       記憶體 +761 → |M|=512
       eval tcga_lung  class-IL=0.8842 task-IL=0.8842
    ── stage 1: tcga_brca
      epoch 1/5 n=764 mean_loss=1.4039
      epoch 2/5 n=764 mean_loss=0.9981
      epoch 3/5 n=764 mean_loss=0.9995
      epoch 4/5 n=764 mean_loss=0.9605
      epoch 5/5 n=764 mean_loss=0.7975
       記憶體 +764 → |M|=512
       eval tcga_lung  class-IL=0.8947 task-IL=0.9158
       eval tcga_brca  class-IL=0.8737 task-IL=0.9053
    ── stage 2: tcga_rcc
      epoch 1/5 n=613 mean_loss=0.9414
      epoch 2/5 n=613 mean_loss=0.8154
      epoch 3/5 n=613 mean_loss=0.8392
      epoch 4/5 n=613 mean_loss=0.8496
      epoch 5/5 n=613 mean_loss=0.6807
       記憶體 +613 → |M|=512
       eval tcga_lung  class-IL=0.9053 task-IL=0.9158
       eval tcga_brca  class-IL=0.8842 task-IL=0.9263
       eval tcga_rcc   class-IL=0.9630 task-IL=0.9630
    ── stage 3: tcga_esca
      epoch 1/5 n=120 mean_loss=2.0056
      epoch 2/5 n=120 mean_loss=1.9616
      epoch 3/5 n=120 mean_loss=1.3076
      epoch 4/5 n=120 mean_loss=1.2954
      epoch 5/5 n=120 mean_loss=1.2248
       記憶體 +120 → |M|=512
       eval tcga_lung  class-IL=0.8211 task-IL=0.8947
       eval tcga_brca  class-IL=0.8947 task-IL=0.9263
       eval tcga_rcc   class-IL=0.9877 task-IL=0.9877
       eval tcga_esca  class-IL=0.8667 task-IL=0.9333

→ outputs/exp3/sota_ucur_b16/EXP2.md
