Exp2  arms=['A5']  order=main  seeds=[8]  B=8 c=1 epochs=5 arch=flat alloc=per_budget prior=discriminative head=fixed beta_u=0.1 replay_k=1 λ=(1.0,1.0,1.0)
  ▶ A5 (Ours (Replay+KD+eq)) seed=8
    ── stage 0: tcga_lung
      epoch 1/5 n=777 mean_loss=0.5754
      epoch 2/5 n=777 mean_loss=0.4073
      epoch 3/5 n=777 mean_loss=0.3656
      epoch 4/5 n=777 mean_loss=0.3839
      epoch 5/5 n=777 mean_loss=0.4411
       記憶體 +777 → |M|=512
       eval tcga_lung  class-IL=0.8710 task-IL=0.9032
    ── stage 1: tcga_brca
      epoch 1/5 n=762 mean_loss=1.8731
      epoch 2/5 n=762 mean_loss=1.3888
      epoch 3/5 n=762 mean_loss=1.1451
      epoch 4/5 n=762 mean_loss=1.1548
      epoch 5/5 n=762 mean_loss=1.0112
       記憶體 +762 → |M|=512
       eval tcga_lung  class-IL=0.8280 task-IL=0.9140
       eval tcga_brca  class-IL=0.8646 task-IL=0.8646
    ── stage 2: tcga_rcc
      epoch 1/5 n=617 mean_loss=1.4760
      epoch 2/5 n=617 mean_loss=0.9976
      epoch 3/5 n=617 mean_loss=0.9338
      epoch 4/5 n=617 mean_loss=1.0985
      epoch 5/5 n=617 mean_loss=0.7701
       記憶體 +617 → |M|=512
       eval tcga_lung  class-IL=0.7849 task-IL=0.8710
       eval tcga_brca  class-IL=0.8542 task-IL=0.8646
       eval tcga_rcc   class-IL=0.9079 task-IL=0.9211
    ── stage 3: tcga_esca
      epoch 1/5 n=120 mean_loss=3.4479
      epoch 2/5 n=120 mean_loss=2.1299
      epoch 3/5 n=120 mean_loss=1.8691
      epoch 4/5 n=120 mean_loss=1.3871
      epoch 5/5 n=120 mean_loss=2.2297
       記憶體 +120 → |M|=512
       eval tcga_lung  class-IL=0.6989 task-IL=0.8280
       eval tcga_brca  class-IL=0.8333 task-IL=0.8438
       eval tcga_rcc   class-IL=0.8684 task-IL=0.8816
       eval tcga_esca  class-IL=0.8000 task-IL=0.9333

→ outputs/exp3/sota_fixed/EXP2.md
