Exp2  arms=['A5']  order=reverse  seeds=[4]  B=8 c=1 epochs=5 arch=flat alloc=per_budget prior=discriminative head=accumulating uold=current beta_u=0.1 replay_k=1 λ=(1.0,1.0,1.0)
  ▶ A5 (Ours (Replay+KD+eq)) seed=4
    ── stage 0: tcga_esca
      epoch 1/5 n=119 mean_loss=0.5062
      epoch 2/5 n=119 mean_loss=0.1161
      epoch 3/5 n=119 mean_loss=0.1664
      epoch 4/5 n=119 mean_loss=0.1051
      epoch 5/5 n=119 mean_loss=0.0417
       記憶體 +119 → |M|=119
       eval tcga_esca  class-IL=1.0000 task-IL=1.0000
    ── stage 1: tcga_rcc
      epoch 1/5 n=613 mean_loss=0.3591
      epoch 2/5 n=613 mean_loss=0.3200
      epoch 3/5 n=613 mean_loss=0.2640
      epoch 4/5 n=613 mean_loss=0.2385
      epoch 5/5 n=613 mean_loss=0.2465
       記憶體 +613 → |M|=512
       eval tcga_esca  class-IL=1.0000 task-IL=1.0000
       eval tcga_rcc   class-IL=0.9103 task-IL=0.9103
    ── stage 2: tcga_brca
      epoch 1/5 n=762 mean_loss=1.0182
      epoch 2/5 n=762 mean_loss=0.9858
      epoch 3/5 n=762 mean_loss=0.8081
      epoch 4/5 n=762 mean_loss=0.7422
      epoch 5/5 n=762 mean_loss=0.7897
       記憶體 +762 → |M|=512
       eval tcga_esca  class-IL=0.8125 task-IL=0.9375
       eval tcga_rcc   class-IL=0.9231 task-IL=0.9231
       eval tcga_brca  class-IL=0.8085 task-IL=0.9043
    ── stage 3: tcga_lung
      epoch 1/5 n=756 mean_loss=1.2401
      epoch 2/5 n=756 mean_loss=1.2597
      epoch 3/5 n=756 mean_loss=1.0494
      epoch 4/5 n=756 mean_loss=0.9065
      epoch 5/5 n=756 mean_loss=0.9397
       記憶體 +756 → |M|=512
       eval tcga_esca  class-IL=0.6875 task-IL=0.9375
       eval tcga_rcc   class-IL=0.9231 task-IL=0.9231
       eval tcga_brca  class-IL=0.8085 task-IL=0.8936
       eval tcga_lung  class-IL=0.8839 task-IL=0.8839

→ outputs/exp3/sota_ucur/EXP2.md
