Exp2  arms=['A5']  order=reverse  seeds=[10]  B=8 c=1 epochs=5 arch=flat alloc=per_budget prior=discriminative head=accumulating uold=current beta_u=0.1 replay_k=1 λ=(1.0,1.0,1.0)
  ▶ A5 (Ours (Replay+KD+eq)) seed=10
    ── stage 0: tcga_esca
      epoch 1/5 n=121 mean_loss=0.2894
      epoch 2/5 n=121 mean_loss=0.0865
      epoch 3/5 n=121 mean_loss=0.0878
      epoch 4/5 n=121 mean_loss=0.0348
      epoch 5/5 n=121 mean_loss=0.0621
       記憶體 +121 → |M|=121
       eval tcga_esca  class-IL=1.0000 task-IL=1.0000
    ── stage 1: tcga_rcc
      epoch 1/5 n=618 mean_loss=0.3991
      epoch 2/5 n=618 mean_loss=0.4651
      epoch 3/5 n=618 mean_loss=0.3228
      epoch 4/5 n=618 mean_loss=0.2332
      epoch 5/5 n=618 mean_loss=0.2412
       記憶體 +618 → |M|=512
       eval tcga_esca  class-IL=1.0000 task-IL=1.0000
       eval tcga_rcc   class-IL=0.9730 task-IL=0.9865
    ── stage 2: tcga_brca
      epoch 1/5 n=763 mean_loss=1.0334
      epoch 2/5 n=763 mean_loss=1.0884
      epoch 3/5 n=763 mean_loss=0.8037
      epoch 4/5 n=763 mean_loss=0.8491
      epoch 5/5 n=763 mean_loss=0.7616
       記憶體 +763 → |M|=512
       eval tcga_esca  class-IL=0.9286 task-IL=1.0000
       eval tcga_rcc   class-IL=0.9459 task-IL=0.9595
       eval tcga_brca  class-IL=0.8681 task-IL=0.9121
    ── stage 3: tcga_lung
      epoch 1/5 n=771 mean_loss=1.6906
      epoch 2/5 n=771 mean_loss=1.5539
      epoch 3/5 n=771 mean_loss=1.2079
      epoch 4/5 n=771 mean_loss=1.3572
      epoch 5/5 n=771 mean_loss=1.2662
       記憶體 +771 → |M|=512
       eval tcga_esca  class-IL=0.7143 task-IL=1.0000
       eval tcga_rcc   class-IL=0.9324 task-IL=0.9730
       eval tcga_brca  class-IL=0.8901 task-IL=0.9231
       eval tcga_lung  class-IL=0.7889 task-IL=0.8667

→ outputs/exp3/sota_ucur/EXP2.md
