Exp2  arms=['A5']  order=main  seeds=[1]  B=8 c=1 epochs=5 arch=hier alloc=per_budget prior=discriminative head=accumulating beta_u=0.1 replay_k=1 λ=(1.0,1.0,1.0)
  ▶ A5 (Ours (Replay+KD+eq)) seed=1
    ── stage 0: tcga_lung
      epoch 1/5 n=774 mean_loss=0.4899
      epoch 2/5 n=774 mean_loss=0.3697
      epoch 3/5 n=774 mean_loss=0.3731
      epoch 4/5 n=774 mean_loss=0.3195
      epoch 5/5 n=774 mean_loss=0.3218
       記憶體 +774 → |M|=512
       eval tcga_lung  class-IL=0.9053 task-IL=0.9053
    ── stage 1: tcga_brca
      epoch 1/5 n=763 mean_loss=1.9048
      epoch 2/5 n=763 mean_loss=1.3331
      epoch 3/5 n=763 mean_loss=1.4941
      epoch 4/5 n=763 mean_loss=1.3633
      epoch 5/5 n=763 mean_loss=1.4889
       記憶體 +763 → |M|=512
       eval tcga_lung  class-IL=0.8632 task-IL=0.9368
       eval tcga_brca  class-IL=0.7849 task-IL=0.8602
    ── stage 2: tcga_rcc
      epoch 1/5 n=616 mean_loss=1.5532
      epoch 2/5 n=616 mean_loss=1.3933
      epoch 3/5 n=616 mean_loss=1.0859
      epoch 4/5 n=616 mean_loss=1.1324
      epoch 5/5 n=616 mean_loss=1.2370
       記憶體 +616 → |M|=512
       eval tcga_lung  class-IL=0.7684 task-IL=0.8211
       eval tcga_brca  class-IL=0.8065 task-IL=0.8602
       eval tcga_rcc   class-IL=0.9211 task-IL=0.9342
    ── stage 3: tcga_esca
      epoch 1/5 n=120 mean_loss=2.6156
      epoch 2/5 n=120 mean_loss=2.0682
      epoch 3/5 n=120 mean_loss=2.3330
      epoch 4/5 n=120 mean_loss=1.5991
      epoch 5/5 n=120 mean_loss=2.1495
       記憶體 +120 → |M|=512
       eval tcga_lung  class-IL=0.7053 task-IL=0.8421
       eval tcga_brca  class-IL=0.8065 task-IL=0.8925
       eval tcga_rcc   class-IL=0.9474 task-IL=0.9605
       eval tcga_esca  class-IL=0.8000 task-IL=0.8667

→ outputs/exp3/sota_acc/EXP2_hier.md
