Exp2  arms=['B2']  order=reverse  seeds=[0]  B=8 c=1 epochs=5 arch=flat alloc=per_budget prior=discriminative head=accumulating uold=current beta_u=0.1 replay_k=1 λ=(1.0,1.0,1.0)
  ▶ B2 (只 eq (λ_r=λ_kd=0)) seed=0
    ── stage 0: tcga_esca
      epoch 1/5 n=120 mean_loss=0.4049
      epoch 2/5 n=120 mean_loss=0.1213
      epoch 3/5 n=120 mean_loss=0.0553
      epoch 4/5 n=120 mean_loss=0.0247
      epoch 5/5 n=120 mean_loss=0.0207
       記憶體 +120 → |M|=120
       eval tcga_esca  class-IL=1.0000 task-IL=1.0000
    ── stage 1: tcga_rcc
      epoch 1/5 n=616 mean_loss=0.4659
      epoch 2/5 n=616 mean_loss=0.2928
      epoch 3/5 n=616 mean_loss=0.3600
      epoch 4/5 n=616 mean_loss=0.3430
      epoch 5/5 n=616 mean_loss=0.3350
       記憶體 +616 → |M|=512
       eval tcga_esca  class-IL=1.0000 task-IL=1.0000
       eval tcga_rcc   class-IL=0.9605 task-IL=0.9605
    ── stage 2: tcga_brca
      epoch 1/5 n=763 mean_loss=0.7497
      epoch 2/5 n=763 mean_loss=0.6967
      epoch 3/5 n=763 mean_loss=0.6823
      epoch 4/5 n=763 mean_loss=0.7233
      epoch 5/5 n=763 mean_loss=0.6590
       記憶體 +763 → |M|=512
       eval tcga_esca  class-IL=0.9333 task-IL=0.9333
       eval tcga_rcc   class-IL=0.9342 task-IL=0.9474
       eval tcga_brca  class-IL=0.8172 task-IL=0.8925
    ── stage 3: tcga_lung
      epoch 1/5 n=774 mean_loss=1.1737
      epoch 2/5 n=774 mean_loss=1.0033
      epoch 3/5 n=774 mean_loss=0.9322
      epoch 4/5 n=774 mean_loss=0.9195
      epoch 5/5 n=774 mean_loss=0.8028
       記憶體 +774 → |M|=512
       eval tcga_esca  class-IL=0.6667 task-IL=0.8667
       eval tcga_rcc   class-IL=0.9211 task-IL=0.9605
       eval tcga_brca  class-IL=0.8495 task-IL=0.9032
       eval tcga_lung  class-IL=0.8316 task-IL=0.8526

→ outputs/exp3/ablation_ucur/EXP2.md
