Exp2  arms=['A3']  order=main  seeds=[6]  B=8 c=1 epochs=5 arch=flat alloc=per_budget prior=discriminative head=accumulating beta_u=0.1 replay_k=1 λ=(1.0,1.0,1.0)
  ▶ A3 (+ Replay) seed=6
    ── stage 0: tcga_lung
      epoch 1/5 n=759 mean_loss=0.5221
      epoch 2/5 n=759 mean_loss=0.4700
      epoch 3/5 n=759 mean_loss=0.4327
      epoch 4/5 n=759 mean_loss=0.3751
      epoch 5/5 n=759 mean_loss=0.3767
       記憶體 +759 → |M|=512
       eval tcga_lung  class-IL=0.9886 task-IL=0.9886
    ── stage 1: tcga_brca
      epoch 1/5 n=758 mean_loss=1.3783
      epoch 2/5 n=758 mean_loss=1.0083
      epoch 3/5 n=758 mean_loss=0.9163
      epoch 4/5 n=758 mean_loss=0.8859
      epoch 5/5 n=758 mean_loss=0.8078
       記憶體 +758 → |M|=512
       eval tcga_lung  class-IL=0.9318 task-IL=0.9432
       eval tcga_brca  class-IL=0.8878 task-IL=0.8980
    ── stage 2: tcga_rcc
      epoch 1/5 n=616 mean_loss=1.3269
      epoch 2/5 n=616 mean_loss=0.8218
      epoch 3/5 n=616 mean_loss=0.7490
      epoch 4/5 n=616 mean_loss=0.7513
      epoch 5/5 n=616 mean_loss=0.8596
       記憶體 +616 → |M|=512
       eval tcga_lung  class-IL=0.9432 task-IL=0.9773
       eval tcga_brca  class-IL=0.8469 task-IL=0.9184
       eval tcga_rcc   class-IL=0.8961 task-IL=0.9351
    ── stage 3: tcga_esca
      epoch 1/5 n=119 mean_loss=2.2228
      epoch 2/5 n=119 mean_loss=1.0318
      epoch 3/5 n=119 mean_loss=0.8323
      epoch 4/5 n=119 mean_loss=1.2577
      epoch 5/5 n=119 mean_loss=1.2453
       記憶體 +119 → |M|=512
       eval tcga_lung  class-IL=0.8636 task-IL=0.9659
       eval tcga_brca  class-IL=0.8878 task-IL=0.9184
       eval tcga_rcc   class-IL=0.9740 task-IL=0.9870
       eval tcga_esca  class-IL=0.8125 task-IL=0.8750

→ outputs/exp3/sota_acc/EXP2.md
