Exp2  arms=['A2']  order=reverse  seeds=[1]  B=8 c=1 epochs=5 arch=flat alloc=per_budget prior=discriminative head=accumulating beta_u=0.1 replay_k=1 λ=(1.0,1.0,1.0)
  ▶ A2 (+ LoRA merge) seed=1
    ── stage 0: tcga_esca
      epoch 1/5 n=120 mean_loss=0.1700
      epoch 2/5 n=120 mean_loss=0.1838
      epoch 3/5 n=120 mean_loss=0.0211
      epoch 4/5 n=120 mean_loss=0.0660
      epoch 5/5 n=120 mean_loss=0.0135
       eval tcga_esca  class-IL=1.0000 task-IL=1.0000
    ── stage 1: tcga_rcc
      epoch 1/5 n=616 mean_loss=0.2334
      epoch 2/5 n=616 mean_loss=0.1891
      epoch 3/5 n=616 mean_loss=0.1809
      epoch 4/5 n=616 mean_loss=0.1443
      epoch 5/5 n=616 mean_loss=0.1639
       eval tcga_esca  class-IL=0.4667 task-IL=0.5333
       eval tcga_rcc   class-IL=0.9342 task-IL=0.9342
    ── stage 2: tcga_brca
      epoch 1/5 n=763 mean_loss=0.3872
      epoch 2/5 n=763 mean_loss=0.3210
      epoch 3/5 n=763 mean_loss=0.3007
      epoch 4/5 n=763 mean_loss=0.2873
      epoch 5/5 n=763 mean_loss=0.3360
       eval tcga_esca  class-IL=0.2667 task-IL=0.5333
       eval tcga_rcc   class-IL=0.7368 task-IL=0.9211
       eval tcga_brca  class-IL=0.8387 task-IL=0.8387
    ── stage 3: tcga_lung
      epoch 1/5 n=774 mean_loss=0.6042
      epoch 2/5 n=774 mean_loss=0.3749
      epoch 3/5 n=774 mean_loss=0.3993
      epoch 4/5 n=774 mean_loss=0.3358
      epoch 5/5 n=774 mean_loss=0.2827
       eval tcga_esca  class-IL=0.2667 task-IL=0.9333
       eval tcga_rcc   class-IL=0.6316 task-IL=0.8421
       eval tcga_brca  class-IL=0.6667 task-IL=0.8280
       eval tcga_lung  class-IL=0.8632 task-IL=0.8632

→ outputs/exp3/ablation_acc/EXP2.md
