Exp2  arms=['A5']  order=reverse  seeds=[7]  B=4 c=1 epochs=5 arch=hier alloc=per_budget prior=discriminative head=accumulating uold=current beta_u=0.1 replay_k=1 λ=(1.0,1.0,1.0)
  ▶ A5 (Ours (Replay+KD+eq)) seed=7
    ── stage 0: tcga_esca
      epoch 1/5 n=120 mean_loss=0.2434
      epoch 2/5 n=120 mean_loss=0.1844
      epoch 3/5 n=120 mean_loss=0.1320
      epoch 4/5 n=120 mean_loss=0.1396
      epoch 5/5 n=120 mean_loss=0.0612
       記憶體 +120 → |M|=120
       eval tcga_esca  class-IL=0.8667 task-IL=0.8667
    ── stage 1: tcga_rcc
      epoch 1/5 n=615 mean_loss=0.7453
      epoch 2/5 n=615 mean_loss=0.5489
      epoch 3/5 n=615 mean_loss=0.4015
      epoch 4/5 n=615 mean_loss=0.4152
      epoch 5/5 n=615 mean_loss=0.4642
       記憶體 +615 → |M|=512
       eval tcga_esca  class-IL=0.9333 task-IL=0.9333
       eval tcga_rcc   class-IL=0.9600 task-IL=0.9600
    ── stage 2: tcga_brca
      epoch 1/5 n=760 mean_loss=1.1612
      epoch 2/5 n=760 mean_loss=1.1604
      epoch 3/5 n=760 mean_loss=0.9802
      epoch 4/5 n=760 mean_loss=1.0245
      epoch 5/5 n=760 mean_loss=1.0123
       記憶體 +760 → |M|=512
       eval tcga_esca  class-IL=0.8667 task-IL=0.8667
       eval tcga_rcc   class-IL=0.8933 task-IL=0.9067
       eval tcga_brca  class-IL=0.8646 task-IL=0.8750
    ── stage 3: tcga_lung
      epoch 1/5 n=774 mean_loss=1.9025
      epoch 2/5 n=774 mean_loss=1.6735
      epoch 3/5 n=774 mean_loss=1.8170
      epoch 4/5 n=774 mean_loss=1.4710
      epoch 5/5 n=774 mean_loss=1.5662
       記憶體 +774 → |M|=512
       eval tcga_esca  class-IL=0.6667 task-IL=0.8667
       eval tcga_rcc   class-IL=0.9067 task-IL=0.9333
       eval tcga_brca  class-IL=0.8750 task-IL=0.8958
       eval tcga_lung  class-IL=0.7938 task-IL=0.8247

→ outputs/exp3/sota_ucur_b4/EXP2.md
