Exp2  arms=['A2']  order=reverse  seeds=[3]  B=8 c=1 epochs=5 arch=flat alloc=per_budget prior=discriminative head=accumulating beta_u=0.1 replay_k=1 λ=(1.0,1.0,1.0)
  ▶ A2 (+ LoRA merge) seed=3
    ── stage 0: tcga_esca
      epoch 1/5 n=120 mean_loss=0.2726
      epoch 2/5 n=120 mean_loss=0.0528
      epoch 3/5 n=120 mean_loss=0.0201
      epoch 4/5 n=120 mean_loss=0.0132
      epoch 5/5 n=120 mean_loss=0.0154
       eval tcga_esca  class-IL=1.0000 task-IL=1.0000
    ── stage 1: tcga_rcc
      epoch 1/5 n=616 mean_loss=0.2820
      epoch 2/5 n=616 mean_loss=0.1811
      epoch 3/5 n=616 mean_loss=0.1853
      epoch 4/5 n=616 mean_loss=0.1658
      epoch 5/5 n=616 mean_loss=0.1355
       eval tcga_esca  class-IL=0.4000 task-IL=0.7333
       eval tcga_rcc   class-IL=0.9605 task-IL=0.9605
    ── stage 2: tcga_brca
      epoch 1/5 n=763 mean_loss=0.3900
      epoch 2/5 n=763 mean_loss=0.3197
      epoch 3/5 n=763 mean_loss=0.2860
      epoch 4/5 n=763 mean_loss=0.3109
      epoch 5/5 n=763 mean_loss=0.3196
       eval tcga_esca  class-IL=0.3333 task-IL=0.7333
       eval tcga_rcc   class-IL=0.1974 task-IL=0.6447
       eval tcga_brca  class-IL=0.8817 task-IL=0.8925
    ── stage 3: tcga_lung
      epoch 1/5 n=774 mean_loss=0.6088
      epoch 2/5 n=774 mean_loss=0.4028
      epoch 3/5 n=774 mean_loss=0.4070
      epoch 4/5 n=774 mean_loss=0.3539
      epoch 5/5 n=774 mean_loss=0.3752
       eval tcga_esca  class-IL=0.1333 task-IL=0.9333
       eval tcga_rcc   class-IL=0.1053 task-IL=0.6447
       eval tcga_brca  class-IL=0.4731 task-IL=0.8387
       eval tcga_lung  class-IL=0.8632 task-IL=0.8632

→ outputs/exp3/ablation_acc/EXP2.md
