Exp2  arms=['A5']  order=reverse  seeds=[6]  B=8 c=1 epochs=5 arch=hier alloc=per_budget prior=discriminative head=accumulating uold=current beta_u=0.1 replay_k=1 λ=(1.0,1.0,1.0)
  ▶ A5 (Ours (Replay+KD+eq)) seed=6
    ── stage 0: tcga_esca
      epoch 1/5 n=119 mean_loss=0.1428
      epoch 2/5 n=119 mean_loss=0.0959
      epoch 3/5 n=119 mean_loss=0.0599
      epoch 4/5 n=119 mean_loss=0.0836
      epoch 5/5 n=119 mean_loss=0.0461
       記憶體 +119 → |M|=119
       eval tcga_esca  class-IL=1.0000 task-IL=1.0000
    ── stage 1: tcga_rcc
      epoch 1/5 n=616 mean_loss=0.4847
      epoch 2/5 n=616 mean_loss=0.3281
      epoch 3/5 n=616 mean_loss=0.2842
      epoch 4/5 n=616 mean_loss=0.3131
      epoch 5/5 n=616 mean_loss=0.3036
       記憶體 +616 → |M|=512
       eval tcga_esca  class-IL=0.9375 task-IL=0.9375
       eval tcga_rcc   class-IL=0.9351 task-IL=0.9481
    ── stage 2: tcga_brca
      epoch 1/5 n=758 mean_loss=1.3368
      epoch 2/5 n=758 mean_loss=1.1013
      epoch 3/5 n=758 mean_loss=1.1734
      epoch 4/5 n=758 mean_loss=0.9058
      epoch 5/5 n=758 mean_loss=0.8514
       記憶體 +758 → |M|=512
       eval tcga_esca  class-IL=0.8750 task-IL=0.8750
       eval tcga_rcc   class-IL=0.9610 task-IL=0.9610
       eval tcga_brca  class-IL=0.8980 task-IL=0.9286
    ── stage 3: tcga_lung
      epoch 1/5 n=759 mean_loss=1.7151
      epoch 2/5 n=759 mean_loss=1.3557
      epoch 3/5 n=759 mean_loss=1.2996
      epoch 4/5 n=759 mean_loss=1.2508
      epoch 5/5 n=759 mean_loss=1.2733
       記憶體 +759 → |M|=512
       eval tcga_esca  class-IL=0.6875 task-IL=0.8125
       eval tcga_rcc   class-IL=0.8961 task-IL=0.9481
       eval tcga_brca  class-IL=0.8673 task-IL=0.9286
       eval tcga_lung  class-IL=0.9091 task-IL=0.9091

→ outputs/exp3/sota_ucur/EXP2_hier.md
