Exp2  arms=['A2']  order=reverse  seeds=[3]  B=8 c=1 epochs=5 arch=flat alloc=per_budget prior=discriminative head=fixed beta_u=0.1 replay_k=1 λ=(1.0,1.0,1.0)
  ▶ A2 (+ LoRA merge) seed=3
    ── stage 0: tcga_esca
      epoch 1/5 n=120 mean_loss=0.5415
      epoch 2/5 n=120 mean_loss=0.2037
      epoch 3/5 n=120 mean_loss=0.1161
      epoch 4/5 n=120 mean_loss=0.0515
      epoch 5/5 n=120 mean_loss=0.0385
       eval tcga_esca  class-IL=0.8000 task-IL=0.8667
    ── stage 1: tcga_rcc
      epoch 1/5 n=616 mean_loss=0.2885
      epoch 2/5 n=616 mean_loss=0.2034
      epoch 3/5 n=616 mean_loss=0.1877
      epoch 4/5 n=616 mean_loss=0.1586
      epoch 5/5 n=616 mean_loss=0.1331
       eval tcga_esca  class-IL=0.1333 task-IL=0.7333
       eval tcga_rcc   class-IL=0.9211 task-IL=0.9342
    ── stage 2: tcga_brca
      epoch 1/5 n=763 mean_loss=0.3633
      epoch 2/5 n=763 mean_loss=0.3224
      epoch 3/5 n=763 mean_loss=0.2866
      epoch 4/5 n=763 mean_loss=0.3283
      epoch 5/5 n=763 mean_loss=0.3192
       eval tcga_esca  class-IL=0.2000 task-IL=0.8000
       eval tcga_rcc   class-IL=0.6184 task-IL=0.9342
       eval tcga_brca  class-IL=0.8817 task-IL=0.8925
    ── stage 3: tcga_lung
      epoch 1/5 n=774 mean_loss=0.6287
      epoch 2/5 n=774 mean_loss=0.4105
      epoch 3/5 n=774 mean_loss=0.4036
      epoch 4/5 n=774 mean_loss=0.3444
      epoch 5/5 n=774 mean_loss=0.3576
       eval tcga_esca  class-IL=0.2667 task-IL=0.8667
       eval tcga_rcc   class-IL=0.2368 task-IL=0.6316
       eval tcga_brca  class-IL=0.3763 task-IL=0.8065
       eval tcga_lung  class-IL=0.8316 task-IL=0.8421

→ outputs/exp3/ablation_fixed/EXP2.md
