Exp2  arms=['A5']  order=main  seeds=[3]  B=4 c=1 epochs=5 arch=hier alloc=per_budget prior=discriminative head=accumulating uold=current beta_u=0.1 replay_k=1 λ=(1.0,1.0,1.0)
  ▶ A5 (Ours (Replay+KD+eq)) seed=3
    ── stage 0: tcga_lung
      epoch 1/5 n=765 mean_loss=0.7538
      epoch 2/5 n=765 mean_loss=0.5268
      epoch 3/5 n=765 mean_loss=0.4482
      epoch 4/5 n=765 mean_loss=0.4862
      epoch 5/5 n=765 mean_loss=0.3915
       記憶體 +765 → |M|=512
       eval tcga_lung  class-IL=0.8785 task-IL=0.8785
    ── stage 1: tcga_brca
      epoch 1/5 n=763 mean_loss=2.0894
      epoch 2/5 n=763 mean_loss=1.6202
      epoch 3/5 n=763 mean_loss=1.4412
      epoch 4/5 n=763 mean_loss=1.4185
      epoch 5/5 n=763 mean_loss=1.3314
       記憶體 +763 → |M|=512
       eval tcga_lung  class-IL=0.8037 task-IL=0.8692
       eval tcga_brca  class-IL=0.8542 task-IL=0.8854
    ── stage 2: tcga_rcc
      epoch 1/5 n=617 mean_loss=1.4063
      epoch 2/5 n=617 mean_loss=1.5025
      epoch 3/5 n=617 mean_loss=1.1181
      epoch 4/5 n=617 mean_loss=1.1699
      epoch 5/5 n=617 mean_loss=1.1176
       記憶體 +617 → |M|=512
       eval tcga_lung  class-IL=0.7477 task-IL=0.8411
       eval tcga_brca  class-IL=0.8021 task-IL=0.8646
       eval tcga_rcc   class-IL=0.8816 task-IL=0.8816
    ── stage 3: tcga_esca
      epoch 1/5 n=120 mean_loss=3.7222
      epoch 2/5 n=120 mean_loss=2.6837
      epoch 3/5 n=120 mean_loss=2.0894
      epoch 4/5 n=120 mean_loss=1.6781
      epoch 5/5 n=120 mean_loss=1.7037
       記憶體 +120 → |M|=512
       eval tcga_lung  class-IL=0.6355 task-IL=0.8692
       eval tcga_brca  class-IL=0.8021 task-IL=0.8750
       eval tcga_rcc   class-IL=0.8816 task-IL=0.9342
       eval tcga_esca  class-IL=0.9333 task-IL=0.9333

→ outputs/exp3/sota_ucur_b4/EXP2.md
