Exp2  arms=['A3']  order=reverse  seeds=[6]  B=8 c=1 epochs=5 arch=flat alloc=per_budget prior=discriminative head=accumulating beta_u=0.1 replay_k=1 λ=(1.0,1.0,1.0)
  ▶ A3 (+ Replay) seed=6
    ── stage 0: tcga_esca
      epoch 1/5 n=119 mean_loss=0.2372
      epoch 2/5 n=119 mean_loss=0.0858
      epoch 3/5 n=119 mean_loss=0.0473
      epoch 4/5 n=119 mean_loss=0.1829
      epoch 5/5 n=119 mean_loss=0.0981
       記憶體 +119 → |M|=119
       eval tcga_esca  class-IL=0.8125 task-IL=0.8125
    ── stage 1: tcga_rcc
      epoch 1/5 n=616 mean_loss=0.4570
      epoch 2/5 n=616 mean_loss=0.3237
      epoch 3/5 n=616 mean_loss=0.3233
      epoch 4/5 n=616 mean_loss=0.3240
      epoch 5/5 n=616 mean_loss=0.3126
       記憶體 +616 → |M|=512
       eval tcga_esca  class-IL=0.8125 task-IL=0.8750
       eval tcga_rcc   class-IL=0.9610 task-IL=0.9610
    ── stage 2: tcga_brca
      epoch 1/5 n=758 mean_loss=1.0221
      epoch 2/5 n=758 mean_loss=0.9508
      epoch 3/5 n=758 mean_loss=0.8808
      epoch 4/5 n=758 mean_loss=0.6910
      epoch 5/5 n=758 mean_loss=0.7536
       記憶體 +758 → |M|=512
       eval tcga_esca  class-IL=0.7500 task-IL=0.8125
       eval tcga_rcc   class-IL=0.9740 task-IL=0.9740
       eval tcga_brca  class-IL=0.9286 task-IL=0.9286
    ── stage 3: tcga_lung
      epoch 1/5 n=759 mean_loss=1.2411
      epoch 2/5 n=759 mean_loss=1.0645
      epoch 3/5 n=759 mean_loss=0.9776
      epoch 4/5 n=759 mean_loss=1.0081
      epoch 5/5 n=759 mean_loss=0.9432
       記憶體 +759 → |M|=512
       eval tcga_esca  class-IL=0.6250 task-IL=0.8750
       eval tcga_rcc   class-IL=0.9740 task-IL=0.9740
       eval tcga_brca  class-IL=0.9082 task-IL=0.9286
       eval tcga_lung  class-IL=0.9432 task-IL=0.9659

→ outputs/exp3/sota_acc/EXP2.md
