Exp2  arms=['A5']  order=reverse  seeds=[9]  B=8 c=1 epochs=5 arch=hier alloc=per_budget prior=discriminative head=accumulating beta_u=0.1 replay_k=1 λ=(1.0,1.0,1.0)
  ▶ A5 (Ours (Replay+KD+eq)) seed=9
    ── stage 0: tcga_esca
      epoch 1/5 n=121 mean_loss=0.2336
      epoch 2/5 n=121 mean_loss=0.0812
      epoch 3/5 n=121 mean_loss=0.0616
      epoch 4/5 n=121 mean_loss=0.0829
      epoch 5/5 n=121 mean_loss=0.0375
       記憶體 +121 → |M|=121
       eval tcga_esca  class-IL=1.0000 task-IL=1.0000
    ── stage 1: tcga_rcc
      epoch 1/5 n=612 mean_loss=0.5014
      epoch 2/5 n=612 mean_loss=0.3474
      epoch 3/5 n=612 mean_loss=0.3838
      epoch 4/5 n=612 mean_loss=0.3207
      epoch 5/5 n=612 mean_loss=0.2475
       記憶體 +612 → |M|=512
       eval tcga_esca  class-IL=1.0000 task-IL=1.0000
       eval tcga_rcc   class-IL=0.9383 task-IL=0.9383
    ── stage 2: tcga_brca
      epoch 1/5 n=760 mean_loss=1.1205
      epoch 2/5 n=760 mean_loss=0.9569
      epoch 3/5 n=760 mean_loss=0.7395
      epoch 4/5 n=760 mean_loss=0.8509
      epoch 5/5 n=760 mean_loss=0.8093
       記憶體 +760 → |M|=512
       eval tcga_esca  class-IL=0.8571 task-IL=1.0000
       eval tcga_rcc   class-IL=0.9383 task-IL=0.9383
       eval tcga_brca  class-IL=0.8687 task-IL=0.8687
    ── stage 3: tcga_lung
      epoch 1/5 n=762 mean_loss=1.5948
      epoch 2/5 n=762 mean_loss=1.2749
      epoch 3/5 n=762 mean_loss=1.2479
      epoch 4/5 n=762 mean_loss=1.1313
      epoch 5/5 n=762 mean_loss=1.0242
       記憶體 +762 → |M|=512
       eval tcga_esca  class-IL=0.6429 task-IL=1.0000
       eval tcga_rcc   class-IL=0.8642 task-IL=0.9259
       eval tcga_brca  class-IL=0.9091 task-IL=0.9192
       eval tcga_lung  class-IL=0.8478 task-IL=0.8587

→ outputs/exp3/sota_acc/EXP2.md
