Exp2  arms=['A5']  order=main  seeds=[7]  B=8 c=1 epochs=5 arch=hier alloc=per_budget prior=discriminative head=accumulating beta_u=0.1 replay_k=1 λ=(1.0,1.0,1.0)
  ▶ A5 (Ours (Replay+KD+eq)) seed=7
    ── stage 0: tcga_lung
      epoch 1/5 n=774 mean_loss=0.7122
      epoch 2/5 n=774 mean_loss=0.5001
      epoch 3/5 n=774 mean_loss=0.4247
      epoch 4/5 n=774 mean_loss=0.3858
      epoch 5/5 n=774 mean_loss=0.4415
       記憶體 +774 → |M|=512
       eval tcga_lung  class-IL=0.8866 task-IL=0.8866
    ── stage 1: tcga_brca
      epoch 1/5 n=760 mean_loss=1.9839
      epoch 2/5 n=760 mean_loss=1.6289
      epoch 3/5 n=760 mean_loss=1.4802
      epoch 4/5 n=760 mean_loss=1.5213
      epoch 5/5 n=760 mean_loss=1.3323
       記憶體 +760 → |M|=512
       eval tcga_lung  class-IL=0.8247 task-IL=0.8866
       eval tcga_brca  class-IL=0.9062 task-IL=0.9167
    ── stage 2: tcga_rcc
      epoch 1/5 n=615 mean_loss=1.3341
      epoch 2/5 n=615 mean_loss=1.3868
      epoch 3/5 n=615 mean_loss=1.0359
      epoch 4/5 n=615 mean_loss=1.3023
      epoch 5/5 n=615 mean_loss=1.0255
       記憶體 +615 → |M|=512
       eval tcga_lung  class-IL=0.8969 task-IL=0.9072
       eval tcga_brca  class-IL=0.9271 task-IL=0.9271
       eval tcga_rcc   class-IL=0.9067 task-IL=0.9200
    ── stage 3: tcga_esca
      epoch 1/5 n=120 mean_loss=2.3720
      epoch 2/5 n=120 mean_loss=1.5528
      epoch 3/5 n=120 mean_loss=1.8308
      epoch 4/5 n=120 mean_loss=1.9571
      epoch 5/5 n=120 mean_loss=1.5419
       記憶體 +120 → |M|=512
       eval tcga_lung  class-IL=0.6804 task-IL=0.9072
       eval tcga_brca  class-IL=0.9062 task-IL=0.9271
       eval tcga_rcc   class-IL=0.9467 task-IL=0.9467
       eval tcga_esca  class-IL=0.8667 task-IL=0.8667

→ outputs/exp3/sota_acc/EXP2_hier.md
