Exp2  arms=['B1']  order=reverse  seeds=[2]  B=8 c=1 epochs=5 arch=flat alloc=per_budget prior=discriminative head=accumulating beta_u=0.1 replay_k=1 λ=(1.0,1.0,1.0)
  ▶ B1 (只 KD (λ_r=λ_eq=0)) seed=2
    ── stage 0: tcga_esca
      epoch 1/5 n=120 mean_loss=0.2250
      epoch 2/5 n=120 mean_loss=0.0264
      epoch 3/5 n=120 mean_loss=0.0172
      epoch 4/5 n=120 mean_loss=0.0701
      epoch 5/5 n=120 mean_loss=0.0354
       記憶體 +120 → |M|=120
       eval tcga_esca  class-IL=1.0000 task-IL=1.0000
    ── stage 1: tcga_rcc
      epoch 1/5 n=616 mean_loss=0.3219
      epoch 2/5 n=616 mean_loss=0.1810
      epoch 3/5 n=616 mean_loss=0.1767
      epoch 4/5 n=616 mean_loss=0.1607
      epoch 5/5 n=616 mean_loss=0.1702
       記憶體 +616 → |M|=512
       eval tcga_esca  class-IL=0.6000 task-IL=0.8667
       eval tcga_rcc   class-IL=0.9342 task-IL=0.9342
    ── stage 2: tcga_brca
      epoch 1/5 n=763 mean_loss=0.3950
      epoch 2/5 n=763 mean_loss=0.3579
      epoch 3/5 n=763 mean_loss=0.3144
      epoch 4/5 n=763 mean_loss=0.3175
      epoch 5/5 n=763 mean_loss=0.3291
       記憶體 +763 → |M|=512
       eval tcga_esca  class-IL=0.2667 task-IL=0.8000
       eval tcga_rcc   class-IL=0.6579 task-IL=0.8947
       eval tcga_brca  class-IL=0.8710 task-IL=0.8817
    ── stage 3: tcga_lung
      epoch 1/5 n=774 mean_loss=0.5682
      epoch 2/5 n=774 mean_loss=0.4661
      epoch 3/5 n=774 mean_loss=0.4183
      epoch 4/5 n=774 mean_loss=0.4117
      epoch 5/5 n=774 mean_loss=0.3602
       記憶體 +774 → |M|=512
       eval tcga_esca  class-IL=0.5333 task-IL=0.8667
       eval tcga_rcc   class-IL=0.7895 task-IL=0.8947
       eval tcga_brca  class-IL=0.5269 task-IL=0.8925
       eval tcga_lung  class-IL=0.8526 task-IL=0.8737

→ outputs/exp3/ablation_acc/EXP2.md
