Exp2  arms=['A5']  order=main  seeds=[1]  B=8 c=1 epochs=5 arch=hier alloc=per_budget prior=discriminative head=accumulating uold=current beta_u=0.1 replay_k=1 λ=(1.0,1.0,1.0)
  ▶ A5 (Ours (Replay+KD+eq)) seed=1
    ── stage 0: tcga_lung
      epoch 1/5 n=774 mean_loss=0.4899
      epoch 2/5 n=774 mean_loss=0.3697
      epoch 3/5 n=774 mean_loss=0.3731
      epoch 4/5 n=774 mean_loss=0.3195
      epoch 5/5 n=774 mean_loss=0.3218
       記憶體 +774 → |M|=512
       eval tcga_lung  class-IL=0.9053 task-IL=0.9053
    ── stage 1: tcga_brca
      epoch 1/5 n=763 mean_loss=1.8947
      epoch 2/5 n=763 mean_loss=1.3994
      epoch 3/5 n=763 mean_loss=1.3751
      epoch 4/5 n=763 mean_loss=1.2991
      epoch 5/5 n=763 mean_loss=1.2802
       記憶體 +763 → |M|=512
       eval tcga_lung  class-IL=0.8842 task-IL=0.9263
       eval tcga_brca  class-IL=0.7849 task-IL=0.8710
    ── stage 2: tcga_rcc
      epoch 1/5 n=616 mean_loss=1.4991
      epoch 2/5 n=616 mean_loss=1.1368
      epoch 3/5 n=616 mean_loss=0.9828
      epoch 4/5 n=616 mean_loss=0.9568
      epoch 5/5 n=616 mean_loss=1.0342
       記憶體 +616 → |M|=512
       eval tcga_lung  class-IL=0.7789 task-IL=0.8421
       eval tcga_brca  class-IL=0.7849 task-IL=0.8495
       eval tcga_rcc   class-IL=0.9342 task-IL=0.9605
    ── stage 3: tcga_esca
      epoch 1/5 n=120 mean_loss=2.4559
      epoch 2/5 n=120 mean_loss=1.6390
      epoch 3/5 n=120 mean_loss=1.6930
      epoch 4/5 n=120 mean_loss=2.0411
      epoch 5/5 n=120 mean_loss=1.7098
       記憶體 +120 → |M|=512
       eval tcga_lung  class-IL=0.6842 task-IL=0.8632
       eval tcga_brca  class-IL=0.7527 task-IL=0.8602
       eval tcga_rcc   class-IL=0.9474 task-IL=0.9605
       eval tcga_esca  class-IL=0.8667 task-IL=0.9333

→ outputs/exp3/sota_ucur/EXP2_hier.md
