Exp2  arms=['A5']  order=reverse  seeds=[2]  B=4 c=1 epochs=5 arch=hier alloc=per_budget prior=discriminative head=accumulating uold=current beta_u=0.1 replay_k=1 λ=(1.0,1.0,1.0)
  ▶ A5 (Ours (Replay+KD+eq)) seed=2
    ── stage 0: tcga_esca
      epoch 1/5 n=120 mean_loss=0.1590
      epoch 2/5 n=120 mean_loss=0.1126
      epoch 3/5 n=120 mean_loss=0.1206
      epoch 4/5 n=120 mean_loss=0.0296
      epoch 5/5 n=120 mean_loss=0.0396
       記憶體 +120 → |M|=120
       eval tcga_esca  class-IL=0.9333 task-IL=0.9333
    ── stage 1: tcga_rcc
      epoch 1/5 n=613 mean_loss=0.5851
      epoch 2/5 n=613 mean_loss=0.3673
      epoch 3/5 n=613 mean_loss=0.3722
      epoch 4/5 n=613 mean_loss=0.3936
      epoch 5/5 n=613 mean_loss=0.4053
       記憶體 +613 → |M|=512
       eval tcga_esca  class-IL=1.0000 task-IL=1.0000
       eval tcga_rcc   class-IL=0.9877 task-IL=1.0000
    ── stage 2: tcga_brca
      epoch 1/5 n=764 mean_loss=1.3450
      epoch 2/5 n=764 mean_loss=1.4096
      epoch 3/5 n=764 mean_loss=1.3842
      epoch 4/5 n=764 mean_loss=1.0657
      epoch 5/5 n=764 mean_loss=1.1571
       記憶體 +764 → |M|=512
       eval tcga_esca  class-IL=0.9333 task-IL=0.9333
       eval tcga_rcc   class-IL=0.9753 task-IL=0.9753
       eval tcga_brca  class-IL=0.8316 task-IL=0.9263
    ── stage 3: tcga_lung
      epoch 1/5 n=761 mean_loss=1.9498
      epoch 2/5 n=761 mean_loss=1.6641
      epoch 3/5 n=761 mean_loss=1.7722
      epoch 4/5 n=761 mean_loss=1.5907
      epoch 5/5 n=761 mean_loss=1.4370
       記憶體 +761 → |M|=512
       eval tcga_esca  class-IL=0.4667 task-IL=0.9333
       eval tcga_rcc   class-IL=0.9877 task-IL=0.9877
       eval tcga_brca  class-IL=0.8526 task-IL=0.9158
       eval tcga_lung  class-IL=0.8105 task-IL=0.9158

→ outputs/exp3/sota_ucur_b4/EXP2.md
