Exp2  arms=['A5']  order=reverse  seeds=[8]  B=4 c=1 epochs=5 arch=hier alloc=per_budget prior=discriminative head=accumulating uold=current beta_u=0.1 replay_k=1 λ=(1.0,1.0,1.0)
  ▶ A5 (Ours (Replay+KD+eq)) seed=8
    ── stage 0: tcga_esca
      epoch 1/5 n=120 mean_loss=0.3518
      epoch 2/5 n=120 mean_loss=0.1267
      epoch 3/5 n=120 mean_loss=0.1439
      epoch 4/5 n=120 mean_loss=0.1110
      epoch 5/5 n=120 mean_loss=0.0359
       記憶體 +120 → |M|=120
       eval tcga_esca  class-IL=0.9333 task-IL=0.9333
    ── stage 1: tcga_rcc
      epoch 1/5 n=617 mean_loss=0.5805
      epoch 2/5 n=617 mean_loss=0.4396
      epoch 3/5 n=617 mean_loss=0.3517
      epoch 4/5 n=617 mean_loss=0.3266
      epoch 5/5 n=617 mean_loss=0.3023
       記憶體 +617 → |M|=512
       eval tcga_esca  class-IL=0.9333 task-IL=1.0000
       eval tcga_rcc   class-IL=0.9211 task-IL=0.9211
    ── stage 2: tcga_brca
      epoch 1/5 n=762 mean_loss=1.4298
      epoch 2/5 n=762 mean_loss=1.1451
      epoch 3/5 n=762 mean_loss=1.1498
      epoch 4/5 n=762 mean_loss=1.0352
      epoch 5/5 n=762 mean_loss=0.9540
       記憶體 +762 → |M|=512
       eval tcga_esca  class-IL=0.9333 task-IL=1.0000
       eval tcga_rcc   class-IL=0.9474 task-IL=0.9474
       eval tcga_brca  class-IL=0.8750 task-IL=0.8958
    ── stage 3: tcga_lung
      epoch 1/5 n=777 mean_loss=1.6074
      epoch 2/5 n=777 mean_loss=1.6177
      epoch 3/5 n=777 mean_loss=1.5342
      epoch 4/5 n=777 mean_loss=1.5120
      epoch 5/5 n=777 mean_loss=1.4156
       記憶體 +777 → |M|=512
       eval tcga_esca  class-IL=0.6667 task-IL=0.9333
       eval tcga_rcc   class-IL=0.9605 task-IL=0.9737
       eval tcga_brca  class-IL=0.8125 task-IL=0.8750
       eval tcga_lung  class-IL=0.7742 task-IL=0.8925

→ outputs/exp3/sota_ucur_b4/EXP2.md
