Exp2  arms=['A5']  order=reverse  seeds=[3]  B=8 c=1 epochs=5 arch=hier alloc=per_budget prior=discriminative head=accumulating beta_u=0.1 replay_k=1 λ=(1.0,1.0,1.0)
  ▶ A5 (Ours (Replay+KD+eq)) seed=3
    ── stage 0: tcga_esca
      epoch 1/5 n=120 mean_loss=0.2638
      epoch 2/5 n=120 mean_loss=0.1116
      epoch 3/5 n=120 mean_loss=0.0693
      epoch 4/5 n=120 mean_loss=0.0998
      epoch 5/5 n=120 mean_loss=0.0437
       記憶體 +120 → |M|=120
       eval tcga_esca  class-IL=0.9333 task-IL=0.9333
    ── stage 1: tcga_rcc
      epoch 1/5 n=617 mean_loss=0.4692
      epoch 2/5 n=617 mean_loss=0.4240
      epoch 3/5 n=617 mean_loss=0.3147
      epoch 4/5 n=617 mean_loss=0.4983
      epoch 5/5 n=617 mean_loss=0.2939
       記憶體 +617 → |M|=512
       eval tcga_esca  class-IL=0.9333 task-IL=0.9333
       eval tcga_rcc   class-IL=0.9079 task-IL=0.9211
    ── stage 2: tcga_brca
      epoch 1/5 n=763 mean_loss=1.2332
      epoch 2/5 n=763 mean_loss=1.0337
      epoch 3/5 n=763 mean_loss=0.8742
      epoch 4/5 n=763 mean_loss=0.7890
      epoch 5/5 n=763 mean_loss=0.7651
       記憶體 +763 → |M|=512
       eval tcga_esca  class-IL=0.8667 task-IL=1.0000
       eval tcga_rcc   class-IL=0.9211 task-IL=0.9342
       eval tcga_brca  class-IL=0.8438 task-IL=0.8750
    ── stage 3: tcga_lung
      epoch 1/5 n=765 mean_loss=1.4592
      epoch 2/5 n=765 mean_loss=1.2525
      epoch 3/5 n=765 mean_loss=1.1264
      epoch 4/5 n=765 mean_loss=1.1257
      epoch 5/5 n=765 mean_loss=1.3871
       記憶體 +765 → |M|=512
       eval tcga_esca  class-IL=0.7333 task-IL=1.0000
       eval tcga_rcc   class-IL=0.8947 task-IL=0.9605
       eval tcga_brca  class-IL=0.8750 task-IL=0.9167
       eval tcga_lung  class-IL=0.8131 task-IL=0.8692

→ outputs/exp3/sota_acc/EXP2.md
