Exp2  arms=['A5']  order=reverse  seeds=[9]  B=8 c=1 epochs=5 arch=hier alloc=per_budget prior=discriminative head=accumulating uold=current beta_u=0.1 replay_k=1 λ=(1.0,1.0,1.0)
  ▶ A5 (Ours (Replay+KD+eq)) seed=9
    ── stage 0: tcga_esca
      epoch 1/5 n=121 mean_loss=0.2336
      epoch 2/5 n=121 mean_loss=0.0812
      epoch 3/5 n=121 mean_loss=0.0616
      epoch 4/5 n=121 mean_loss=0.0829
      epoch 5/5 n=121 mean_loss=0.0375
       記憶體 +121 → |M|=121
       eval tcga_esca  class-IL=1.0000 task-IL=1.0000
    ── stage 1: tcga_rcc
      epoch 1/5 n=612 mean_loss=0.6757
      epoch 2/5 n=612 mean_loss=0.4779
      epoch 3/5 n=612 mean_loss=0.2691
      epoch 4/5 n=612 mean_loss=0.2490
      epoch 5/5 n=612 mean_loss=0.3351
       記憶體 +612 → |M|=512
       eval tcga_esca  class-IL=1.0000 task-IL=1.0000
       eval tcga_rcc   class-IL=0.9136 task-IL=0.9136
    ── stage 2: tcga_brca
      epoch 1/5 n=760 mean_loss=1.2116
      epoch 2/5 n=760 mean_loss=1.0997
      epoch 3/5 n=760 mean_loss=0.6990
      epoch 4/5 n=760 mean_loss=0.7994
      epoch 5/5 n=760 mean_loss=0.7198
       記憶體 +760 → |M|=512
       eval tcga_esca  class-IL=1.0000 task-IL=1.0000
       eval tcga_rcc   class-IL=0.9383 task-IL=0.9383
       eval tcga_brca  class-IL=0.9091 task-IL=0.9192
    ── stage 3: tcga_lung
      epoch 1/5 n=762 mean_loss=1.7967
      epoch 2/5 n=762 mean_loss=1.3353
      epoch 3/5 n=762 mean_loss=1.2962
      epoch 4/5 n=762 mean_loss=1.2318
      epoch 5/5 n=762 mean_loss=1.1000
       記憶體 +762 → |M|=512
       eval tcga_esca  class-IL=0.6429 task-IL=1.0000
       eval tcga_rcc   class-IL=0.9012 task-IL=0.9259
       eval tcga_brca  class-IL=0.8687 task-IL=0.9192
       eval tcga_lung  class-IL=0.8043 task-IL=0.8587

→ outputs/exp3/sota_ucur/EXP2_hier.md
