Exp2  arms=['A5']  order=main  seeds=[1]  B=16 c=1 epochs=5 arch=hier alloc=per_budget prior=discriminative head=accumulating uold=current beta_u=0.1 replay_k=1 λ=(1.0,1.0,1.0)
  ▶ A5 (Ours (Replay+KD+eq)) seed=1
    ── stage 0: tcga_lung
      epoch 1/5 n=774 mean_loss=0.4898
      epoch 2/5 n=774 mean_loss=0.3313
      epoch 3/5 n=774 mean_loss=0.2877
      epoch 4/5 n=774 mean_loss=0.2811
      epoch 5/5 n=774 mean_loss=0.2654
       記憶體 +774 → |M|=512
       eval tcga_lung  class-IL=0.8526 task-IL=0.8526
    ── stage 1: tcga_brca
      epoch 1/5 n=763 mean_loss=1.6340
      epoch 2/5 n=763 mean_loss=1.3148
      epoch 3/5 n=763 mean_loss=1.2604
      epoch 4/5 n=763 mean_loss=1.2080
      epoch 5/5 n=763 mean_loss=1.1811
       記憶體 +763 → |M|=512
       eval tcga_lung  class-IL=0.8632 task-IL=0.8842
       eval tcga_brca  class-IL=0.7204 task-IL=0.8925
    ── stage 2: tcga_rcc
      epoch 1/5 n=616 mean_loss=1.3678
      epoch 2/5 n=616 mean_loss=1.0129
      epoch 3/5 n=616 mean_loss=0.9433
      epoch 4/5 n=616 mean_loss=0.9630
      epoch 5/5 n=616 mean_loss=0.9643
       記憶體 +616 → |M|=512
       eval tcga_lung  class-IL=0.7895 task-IL=0.8316
       eval tcga_brca  class-IL=0.8065 task-IL=0.8925
       eval tcga_rcc   class-IL=0.9211 task-IL=0.9342
    ── stage 3: tcga_esca
      epoch 1/5 n=120 mean_loss=2.5588
      epoch 2/5 n=120 mean_loss=1.6799
      epoch 3/5 n=120 mean_loss=1.6439
      epoch 4/5 n=120 mean_loss=1.4821
      epoch 5/5 n=120 mean_loss=1.6770
       記憶體 +120 → |M|=512
       eval tcga_lung  class-IL=0.7579 task-IL=0.8632
       eval tcga_brca  class-IL=0.7204 task-IL=0.8710
       eval tcga_rcc   class-IL=0.9211 task-IL=0.9342
       eval tcga_esca  class-IL=0.8000 task-IL=0.9333

→ outputs/exp3/sota_ucur_b16/EXP2.md
