Exp2  arms=['B2']  order=reverse  seeds=[1]  B=8 c=1 epochs=5 arch=flat alloc=per_budget prior=discriminative head=accumulating uold=current beta_u=0.1 replay_k=1 λ=(1.0,1.0,1.0)
  ▶ B2 (只 eq (λ_r=λ_kd=0)) seed=1
    ── stage 0: tcga_esca
      epoch 1/5 n=120 mean_loss=0.1700
      epoch 2/5 n=120 mean_loss=0.1838
      epoch 3/5 n=120 mean_loss=0.0211
      epoch 4/5 n=120 mean_loss=0.0660
      epoch 5/5 n=120 mean_loss=0.0135
       記憶體 +120 → |M|=120
       eval tcga_esca  class-IL=1.0000 task-IL=1.0000
    ── stage 1: tcga_rcc
      epoch 1/5 n=616 mean_loss=0.4911
      epoch 2/5 n=616 mean_loss=0.3097
      epoch 3/5 n=616 mean_loss=0.4615
      epoch 4/5 n=616 mean_loss=0.2503
      epoch 5/5 n=616 mean_loss=0.2910
       記憶體 +616 → |M|=512
       eval tcga_esca  class-IL=0.9333 task-IL=1.0000
       eval tcga_rcc   class-IL=0.9211 task-IL=0.9342
    ── stage 2: tcga_brca
      epoch 1/5 n=763 mean_loss=0.7483
      epoch 2/5 n=763 mean_loss=0.8015
      epoch 3/5 n=763 mean_loss=0.7348
      epoch 4/5 n=763 mean_loss=0.6920
      epoch 5/5 n=763 mean_loss=0.5944
       記憶體 +763 → |M|=512
       eval tcga_esca  class-IL=0.9333 task-IL=1.0000
       eval tcga_rcc   class-IL=0.9211 task-IL=0.9342
       eval tcga_brca  class-IL=0.8495 task-IL=0.8925
    ── stage 3: tcga_lung
      epoch 1/5 n=774 mean_loss=1.2406
      epoch 2/5 n=774 mean_loss=1.1607
      epoch 3/5 n=774 mean_loss=1.0324
      epoch 4/5 n=774 mean_loss=1.0857
      epoch 5/5 n=774 mean_loss=0.9509
       記憶體 +774 → |M|=512
       eval tcga_esca  class-IL=0.4667 task-IL=0.8000
       eval tcga_rcc   class-IL=0.8947 task-IL=0.9474
       eval tcga_brca  class-IL=0.8172 task-IL=0.8710
       eval tcga_lung  class-IL=0.8000 task-IL=0.8316

→ outputs/exp3/ablation_ucur/EXP2.md
