Exp2  arms=['A5']  order=reverse  seeds=[8]  B=8 c=1 epochs=5 arch=flat alloc=per_budget prior=discriminative head=fixed beta_u=0.1 replay_k=1 λ=(1.0,1.0,1.0)
  ▶ A5 (Ours (Replay+KD+eq)) seed=8
    ── stage 0: tcga_esca
      epoch 1/5 n=120 mean_loss=0.8406
      epoch 2/5 n=120 mean_loss=0.0863
      epoch 3/5 n=120 mean_loss=0.2127
      epoch 4/5 n=120 mean_loss=0.0552
      epoch 5/5 n=120 mean_loss=0.0678
       記憶體 +120 → |M|=120
       eval tcga_esca  class-IL=0.8667 task-IL=0.8667
    ── stage 1: tcga_rcc
      epoch 1/5 n=617 mean_loss=0.4978
      epoch 2/5 n=617 mean_loss=0.3080
      epoch 3/5 n=617 mean_loss=0.3699
      epoch 4/5 n=617 mean_loss=0.2687
      epoch 5/5 n=617 mean_loss=0.2996
       記憶體 +617 → |M|=512
       eval tcga_esca  class-IL=0.9333 task-IL=0.9333
       eval tcga_rcc   class-IL=0.8158 task-IL=0.8158
    ── stage 2: tcga_brca
      epoch 1/5 n=762 mean_loss=1.3241
      epoch 2/5 n=762 mean_loss=1.0786
      epoch 3/5 n=762 mean_loss=1.0262
      epoch 4/5 n=762 mean_loss=0.8422
      epoch 5/5 n=762 mean_loss=0.6983
       記憶體 +762 → |M|=512
       eval tcga_esca  class-IL=0.9333 task-IL=0.9333
       eval tcga_rcc   class-IL=0.8553 task-IL=0.8553
       eval tcga_brca  class-IL=0.8438 task-IL=0.8854
    ── stage 3: tcga_lung
      epoch 1/5 n=777 mean_loss=1.5563
      epoch 2/5 n=777 mean_loss=1.5114
      epoch 3/5 n=777 mean_loss=1.2811
      epoch 4/5 n=777 mean_loss=1.3855
      epoch 5/5 n=777 mean_loss=1.2195
       記憶體 +777 → |M|=512
       eval tcga_esca  class-IL=0.6000 task-IL=0.8667
       eval tcga_rcc   class-IL=0.9474 task-IL=0.9605
       eval tcga_brca  class-IL=0.8229 task-IL=0.8750
       eval tcga_lung  class-IL=0.7527 task-IL=0.8817

→ outputs/exp3/sota_fixed/EXP2.md
