Exp2  arms=['A5']  order=reverse  seeds=[4]  B=8 c=1 epochs=5 arch=flat alloc=per_budget prior=discriminative head=accumulating beta_u=0.1 replay_k=1 λ=(1.0,1.0,1.0)
  ▶ A5 (Ours (Replay+KD+eq)) seed=4
    ── stage 0: tcga_esca
      epoch 1/5 n=120 mean_loss=0.3262
      epoch 2/5 n=120 mean_loss=0.0376
      epoch 3/5 n=120 mean_loss=0.0349
      epoch 4/5 n=120 mean_loss=0.0801
      epoch 5/5 n=120 mean_loss=0.0328
       記憶體 +120 → |M|=120
       eval tcga_esca  class-IL=0.9333 task-IL=0.9333
    ── stage 1: tcga_rcc
      epoch 1/5 n=616 mean_loss=0.4316
      epoch 2/5 n=616 mean_loss=0.3452
      epoch 3/5 n=616 mean_loss=0.3008
      epoch 4/5 n=616 mean_loss=0.2351
      epoch 5/5 n=616 mean_loss=0.2303
       記憶體 +616 → |M|=512
       eval tcga_esca  class-IL=1.0000 task-IL=1.0000
       eval tcga_rcc   class-IL=0.9474 task-IL=0.9605
    ── stage 2: tcga_brca
      epoch 1/5 n=763 mean_loss=0.9101
      epoch 2/5 n=763 mean_loss=0.8702
      epoch 3/5 n=763 mean_loss=0.8645
      epoch 4/5 n=763 mean_loss=0.8226
      epoch 5/5 n=763 mean_loss=0.8445
       記憶體 +763 → |M|=512
       eval tcga_esca  class-IL=0.9333 task-IL=1.0000
       eval tcga_rcc   class-IL=0.8947 task-IL=0.9474
       eval tcga_brca  class-IL=0.8280 task-IL=0.8710
    ── stage 3: tcga_lung
      epoch 1/5 n=774 mean_loss=1.7251
      epoch 2/5 n=774 mean_loss=1.4611
      epoch 3/5 n=774 mean_loss=1.5774
      epoch 4/5 n=774 mean_loss=1.3791
      epoch 5/5 n=774 mean_loss=1.0581
       記憶體 +774 → |M|=512
       eval tcga_esca  class-IL=0.4667 task-IL=1.0000
       eval tcga_rcc   class-IL=0.8947 task-IL=0.9342
       eval tcga_brca  class-IL=0.7957 task-IL=0.8602
       eval tcga_lung  class-IL=0.8105 task-IL=0.8526

→ outputs/exp3/ablation_acc/EXP2.md
