Exp2  arms=['A5']  order=main  seeds=[5]  B=16 c=1 epochs=5 arch=hier alloc=per_budget prior=discriminative head=accumulating uold=current beta_u=0.1 replay_k=1 λ=(1.0,1.0,1.0)
  ▶ A5 (Ours (Replay+KD+eq)) seed=5
    ── stage 0: tcga_lung
      epoch 1/5 n=764 mean_loss=0.4660
      epoch 2/5 n=764 mean_loss=0.3234
      epoch 3/5 n=764 mean_loss=0.2810
      epoch 4/5 n=764 mean_loss=0.2744
      epoch 5/5 n=764 mean_loss=0.3310
       記憶體 +764 → |M|=512
       eval tcga_lung  class-IL=0.8958 task-IL=0.8958
    ── stage 1: tcga_brca
      epoch 1/5 n=763 mean_loss=1.6325
      epoch 2/5 n=763 mean_loss=1.2845
      epoch 3/5 n=763 mean_loss=1.0702
      epoch 4/5 n=763 mean_loss=1.1165
      epoch 5/5 n=763 mean_loss=1.0764
       記憶體 +763 → |M|=512
       eval tcga_lung  class-IL=0.8542 task-IL=0.8958
       eval tcga_brca  class-IL=0.9043 task-IL=0.9362
    ── stage 2: tcga_rcc
      epoch 1/5 n=619 mean_loss=1.5095
      epoch 2/5 n=619 mean_loss=1.1648
      epoch 3/5 n=619 mean_loss=0.9674
      epoch 4/5 n=619 mean_loss=1.0713
      epoch 5/5 n=619 mean_loss=1.0930
       記憶體 +619 → |M|=512
       eval tcga_lung  class-IL=0.8854 task-IL=0.9062
       eval tcga_brca  class-IL=0.9043 task-IL=0.9362
       eval tcga_rcc   class-IL=0.9459 task-IL=0.9730
    ── stage 3: tcga_esca
      epoch 1/5 n=120 mean_loss=2.2676
      epoch 2/5 n=120 mean_loss=2.6467
      epoch 3/5 n=120 mean_loss=1.7093
      epoch 4/5 n=120 mean_loss=1.4436
      epoch 5/5 n=120 mean_loss=1.4988
       記憶體 +120 → |M|=512
       eval tcga_lung  class-IL=0.7396 task-IL=0.8958
       eval tcga_brca  class-IL=0.8404 task-IL=0.9149
       eval tcga_rcc   class-IL=0.9459 task-IL=0.9595
       eval tcga_esca  class-IL=0.8667 task-IL=1.0000

→ outputs/exp3/sota_ucur_b16/EXP2.md
