Exp2  arms=['A4']  order=reverse  seeds=[2]  B=8 c=1 epochs=5 arch=flat alloc=per_budget prior=discriminative head=accumulating beta_u=0.1 replay_k=1 λ=(1.0,1.0,1.0)
  ▶ A4 (+ Replay + KD) seed=2
    ── stage 0: tcga_esca
      epoch 1/5 n=120 mean_loss=0.2250
      epoch 2/5 n=120 mean_loss=0.0264
      epoch 3/5 n=120 mean_loss=0.0172
      epoch 4/5 n=120 mean_loss=0.0701
      epoch 5/5 n=120 mean_loss=0.0354
       記憶體 +120 → |M|=120
       eval tcga_esca  class-IL=1.0000 task-IL=1.0000
    ── stage 1: tcga_rcc
      epoch 1/5 n=616 mean_loss=0.3918
      epoch 2/5 n=616 mean_loss=0.3538
      epoch 3/5 n=616 mean_loss=0.2992
      epoch 4/5 n=616 mean_loss=0.2911
      epoch 5/5 n=616 mean_loss=0.2478
       記憶體 +616 → |M|=512
       eval tcga_esca  class-IL=0.8667 task-IL=1.0000
       eval tcga_rcc   class-IL=0.9474 task-IL=0.9474
    ── stage 2: tcga_brca
      epoch 1/5 n=763 mean_loss=1.0065
      epoch 2/5 n=763 mean_loss=0.6833
      epoch 3/5 n=763 mean_loss=0.7909
      epoch 4/5 n=763 mean_loss=0.6282
      epoch 5/5 n=763 mean_loss=0.7018
       記憶體 +763 → |M|=512
       eval tcga_esca  class-IL=0.6000 task-IL=0.8667
       eval tcga_rcc   class-IL=0.8816 task-IL=0.9342
       eval tcga_brca  class-IL=0.8387 task-IL=0.8710
    ── stage 3: tcga_lung
      epoch 1/5 n=774 mean_loss=1.4917
      epoch 2/5 n=774 mean_loss=1.2040
      epoch 3/5 n=774 mean_loss=0.9808
      epoch 4/5 n=774 mean_loss=1.1397
      epoch 5/5 n=774 mean_loss=0.9494
       記憶體 +774 → |M|=512
       eval tcga_esca  class-IL=0.4000 task-IL=0.8667
       eval tcga_rcc   class-IL=0.8947 task-IL=0.9342
       eval tcga_brca  class-IL=0.7957 task-IL=0.8602
       eval tcga_lung  class-IL=0.7789 task-IL=0.8526

→ outputs/exp3/ablation_acc/EXP2.md
