Exp2  arms=['A5']  order=reverse  seeds=[2]  B=8 c=1 epochs=5 arch=flat alloc=per_budget prior=discriminative head=fixed beta_u=0.1 replay_k=1 λ=(1.0,1.0,1.0)
  ▶ A5 (Ours (Replay+KD+eq)) seed=2
    ── stage 0: tcga_esca
      epoch 1/5 n=120 mean_loss=0.5715
      epoch 2/5 n=120 mean_loss=0.2234
      epoch 3/5 n=120 mean_loss=0.0734
      epoch 4/5 n=120 mean_loss=0.1335
      epoch 5/5 n=120 mean_loss=0.1558
       記憶體 +120 → |M|=120
       eval tcga_esca  class-IL=0.8667 task-IL=0.9333
    ── stage 1: tcga_rcc
      epoch 1/5 n=616 mean_loss=0.5300
      epoch 2/5 n=616 mean_loss=0.3479
      epoch 3/5 n=616 mean_loss=0.3540
      epoch 4/5 n=616 mean_loss=0.3722
      epoch 5/5 n=616 mean_loss=0.3493
       記憶體 +616 → |M|=512
       eval tcga_esca  class-IL=0.8667 task-IL=0.9333
       eval tcga_rcc   class-IL=0.9605 task-IL=0.9605
    ── stage 2: tcga_brca
      epoch 1/5 n=763 mean_loss=1.2122
      epoch 2/5 n=763 mean_loss=0.9551
      epoch 3/5 n=763 mean_loss=1.0523
      epoch 4/5 n=763 mean_loss=0.8895
      epoch 5/5 n=763 mean_loss=0.8250
       記憶體 +763 → |M|=512
       eval tcga_esca  class-IL=0.8000 task-IL=0.9333
       eval tcga_rcc   class-IL=0.9342 task-IL=0.9474
       eval tcga_brca  class-IL=0.8065 task-IL=0.8495
    ── stage 3: tcga_lung
      epoch 1/5 n=774 mean_loss=2.0018
      epoch 2/5 n=774 mean_loss=1.6801
      epoch 3/5 n=774 mean_loss=1.4509
      epoch 4/5 n=774 mean_loss=1.3767
      epoch 5/5 n=774 mean_loss=1.2559
       記憶體 +774 → |M|=512
       eval tcga_esca  class-IL=0.6667 task-IL=0.8667
       eval tcga_rcc   class-IL=0.9079 task-IL=0.9211
       eval tcga_brca  class-IL=0.8387 task-IL=0.9140
       eval tcga_lung  class-IL=0.8316 task-IL=0.8737

→ outputs/exp3/ablation_fixed/EXP2.md
