[2026-09-15 03:57:10] batch 10：20 run，parallel=10 threads=8 commit=8d51962bddaa21b40e7da59d758b4ae3a89e6f54
[2026-09-15 03:57:12] ▶ start A5_flat_rev_ucur_f5
[2026-09-15 03:57:12] ▶ start A5_flat_rev_ucur_f2
[2026-09-15 03:57:12] ▶ start A5_flat_rev_ucur_f1
[2026-09-15 03:57:12] ▶ start A5_flat_rev_ucur_f3
[2026-09-15 03:57:12] ▶ start A5_flat_rev_ucur_f8
[2026-09-15 03:57:12] ▶ start A5_flat_rev_ucur_f4
[2026-09-15 03:57:12] ▶ start A5_flat_rev_ucur_f6
[2026-09-15 03:57:12] ▶ start A5_flat_rev_ucur_f10
[2026-09-15 03:57:12] ▶ start A5_flat_rev_ucur_f9
[2026-09-15 03:57:12] ▶ start A5_flat_rev_ucur_f7
[2026-09-15 04:33:22] ✅ done A5_flat_rev_ucur_f2（per_slide 檔數 2）       eval tcga_lung  class-IL=0.8842 task-IL=0.9053
[2026-09-15 04:33:23] ✅ done A5_flat_rev_ucur_f6（per_slide 檔數 2）       eval tcga_lung  class-IL=0.8295 task-IL=0.9659
[2026-09-15 04:33:24] ▶ start A5_flat_fwd_ucur_f1
[2026-09-15 04:33:25] ▶ start A5_flat_fwd_ucur_f2
[2026-09-15 04:33:44] ✅ done A5_flat_rev_ucur_f7（per_slide 檔數 3）       eval tcga_lung  class-IL=0.8866 task-IL=0.8969
[2026-09-15 04:33:46] ▶ start A5_flat_fwd_ucur_f3
[2026-09-15 04:33:47] ✅ done A5_flat_rev_ucur_f3（per_slide 檔數 5）       eval tcga_lung  class-IL=0.8411 task-IL=0.8972
[2026-09-15 04:33:47] ✅ done A5_flat_rev_ucur_f4（per_slide 檔數 5）       eval tcga_lung  class-IL=0.8839 task-IL=0.8839
[2026-09-15 04:33:49] ▶ start A5_flat_fwd_ucur_f4
[2026-09-15 04:33:49] ✅ done A5_flat_rev_ucur_f9（per_slide 檔數 6）       eval tcga_lung  class-IL=0.8696 task-IL=0.8696
[2026-09-15 04:33:49] ▶ start A5_flat_fwd_ucur_f5
[2026-09-15 04:33:51] ▶ start A5_flat_fwd_ucur_f6
[2026-09-15 04:33:54] ✅ done A5_flat_rev_ucur_f1（per_slide 檔數 7）       eval tcga_lung  class-IL=0.8421 task-IL=0.8737
[2026-09-15 04:33:56] ▶ start A5_flat_fwd_ucur_f7
[2026-09-15 04:34:18] ✅ done A5_flat_rev_ucur_f10（per_slide 檔數 8）       eval tcga_lung  class-IL=0.7889 task-IL=0.8667
[2026-09-15 04:34:20] ▶ start A5_flat_fwd_ucur_f8
[2026-09-15 04:34:36] ✅ done A5_flat_rev_ucur_f8（per_slide 檔數 9）       eval tcga_lung  class-IL=0.7419 task-IL=0.8495
[2026-09-15 04:34:39] ▶ start A5_flat_fwd_ucur_f9
[2026-09-15 04:34:39] ✅ done A5_flat_rev_ucur_f5（per_slide 檔數 10）       eval tcga_lung  class-IL=0.8021 task-IL=0.9062
[2026-09-15 04:34:41] ▶ start A5_flat_fwd_ucur_f10
[2026-09-15 05:10:10] ✅ done A5_flat_fwd_ucur_f4（per_slide 檔數 11）       eval tcga_esca  class-IL=0.9375 task-IL=1.0000
[2026-09-15 05:10:20] ✅ done A5_flat_fwd_ucur_f2（per_slide 檔數 12）       eval tcga_esca  class-IL=0.8667 task-IL=0.9333
[2026-09-15 05:10:23] ✅ done A5_flat_fwd_ucur_f1（per_slide 檔數 13）       eval tcga_esca  class-IL=0.8000 task-IL=0.8667
[2026-09-15 05:10:28] ✅ done A5_flat_fwd_ucur_f3（per_slide 檔數 14）       eval tcga_esca  class-IL=0.8667 task-IL=0.8667
[2026-09-15 05:10:35] ✅ done A5_flat_fwd_ucur_f6（per_slide 檔數 15）       eval tcga_esca  class-IL=0.8125 task-IL=0.9375
[2026-09-15 05:10:53] ✅ done A5_flat_fwd_ucur_f7（per_slide 檔數 16）       eval tcga_esca  class-IL=0.9333 task-IL=0.9333
[2026-09-15 05:10:57] ✅ done A5_flat_fwd_ucur_f9（per_slide 檔數 17）       eval tcga_esca  class-IL=0.8571 task-IL=0.9286
[2026-09-15 05:11:03] ✅ done A5_flat_fwd_ucur_f5（per_slide 檔數 18）       eval tcga_esca  class-IL=0.9333 task-IL=1.0000
[2026-09-15 05:11:25] ✅ done A5_flat_fwd_ucur_f10（per_slide 檔數 19）       eval tcga_esca  class-IL=0.9286 task-IL=1.0000
[2026-09-15 05:11:33] ✅ done A5_flat_fwd_ucur_f8（per_slide 檔數 20）       eval tcga_esca  class-IL=0.7333 task-IL=0.9333
[2026-09-15 05:11:33] BATCH_DONE 10 20/20
