[2026-09-14 22:37:12] batch 6：30 run，parallel=10 threads=8 commit=5338775747b03cf2b128ace116beb430fbbef6d0
[2026-09-14 22:37:14] ▶ start A2_flat_rev_f1_s0_fix
[2026-09-14 22:37:14] ▶ start A2_flat_rev_f1_s2_fix
[2026-09-14 22:37:14] ▶ start A3_flat_rev_f1_s1_fix
[2026-09-14 22:37:14] ▶ start A2_flat_rev_f1_s3_fix
[2026-09-14 22:37:14] ▶ start A3_flat_rev_f1_s0_fix
[2026-09-14 22:37:14] ▶ start A2_flat_rev_f1_s1_fix
[2026-09-14 22:37:14] ▶ start A3_flat_rev_f1_s4_fix
[2026-09-14 22:37:14] ▶ start A3_flat_rev_f1_s3_fix
[2026-09-14 22:37:14] ▶ start A2_flat_rev_f1_s4_fix
[2026-09-14 22:37:14] ▶ start A3_flat_rev_f1_s2_fix
[2026-09-14 22:46:47] ✅ done A2_flat_rev_f1_s1_fix（per_slide 檔數 4）       eval tcga_lung  class-IL=0.8737 task-IL=0.8842
[2026-09-14 22:46:47] ✅ done A2_flat_rev_f1_s4_fix（per_slide 檔數 4）       eval tcga_lung  class-IL=0.8421 task-IL=0.8632
[2026-09-14 22:46:47] ✅ done A2_flat_rev_f1_s2_fix（per_slide 檔數 4）       eval tcga_lung  class-IL=0.8842 task-IL=0.8842
[2026-09-14 22:46:47] ✅ done A2_flat_rev_f1_s3_fix（per_slide 檔數 4）       eval tcga_lung  class-IL=0.8316 task-IL=0.8421
[2026-09-14 22:46:48] ▶ start A4_flat_rev_f1_s0_fix
[2026-09-14 22:46:49] ▶ start A4_flat_rev_f1_s1_fix
[2026-09-14 22:46:49] ▶ start A4_flat_rev_f1_s2_fix
[2026-09-14 22:46:49] ▶ start A4_flat_rev_f1_s3_fix
[2026-09-14 22:47:09] ✅ done A2_flat_rev_f1_s0_fix（per_slide 檔數 5）       eval tcga_lung  class-IL=0.8737 task-IL=0.8737
[2026-09-14 22:47:11] ▶ start A4_flat_rev_f1_s4_fix
[2026-09-14 23:14:14] ✅ done A3_flat_rev_f1_s3_fix（per_slide 檔數 8）       eval tcga_lung  class-IL=0.8211 task-IL=0.8632
[2026-09-14 23:14:14] ✅ done A3_flat_rev_f1_s0_fix（per_slide 檔數 8）       eval tcga_lung  class-IL=0.8105 task-IL=0.8316
[2026-09-14 23:14:14] ✅ done A3_flat_rev_f1_s2_fix（per_slide 檔數 8）       eval tcga_lung  class-IL=0.8316 task-IL=0.8842
[2026-09-14 23:14:16] ▶ start A5_flat_rev_f1_s0_fix
[2026-09-14 23:14:16] ▶ start A5_flat_rev_f1_s1_fix
[2026-09-14 23:14:16] ▶ start A5_flat_rev_f1_s2_fix
[2026-09-14 23:14:17] ✅ done A3_flat_rev_f1_s1_fix（per_slide 檔數 9）       eval tcga_lung  class-IL=0.8211 task-IL=0.8737
[2026-09-14 23:14:18] ▶ start A5_flat_rev_f1_s3_fix
[2026-09-14 23:14:23] ✅ done A3_flat_rev_f1_s4_fix（per_slide 檔數 10）       eval tcga_lung  class-IL=0.7895 task-IL=0.8211
[2026-09-14 23:14:25] ▶ start A5_flat_rev_f1_s4_fix
[2026-09-14 23:21:31] ✅ done A4_flat_rev_f1_s4_fix（per_slide 檔數 12）       eval tcga_lung  class-IL=0.7789 task-IL=0.8526
[2026-09-14 23:21:31] ✅ done A4_flat_rev_f1_s0_fix（per_slide 檔數 12）       eval tcga_lung  class-IL=0.8421 task-IL=0.8737
[2026-09-14 23:21:32] ✅ done A4_flat_rev_f1_s1_fix（per_slide 檔數 13）       eval tcga_lung  class-IL=0.8632 task-IL=0.9053
[2026-09-14 23:21:33] ▶ start B1_flat_rev_f1_s0_fix
[2026-09-14 23:21:33] ▶ start B1_flat_rev_f1_s1_fix
[2026-09-14 23:21:34] ▶ start B1_flat_rev_f1_s2_fix
[2026-09-14 23:21:34] ✅ done A4_flat_rev_f1_s3_fix（per_slide 檔數 14）       eval tcga_lung  class-IL=0.8211 task-IL=0.8526
[2026-09-14 23:21:36] ▶ start B1_flat_rev_f1_s3_fix
[2026-09-14 23:23:11] ✅ done A4_flat_rev_f1_s2_fix（per_slide 檔數 15）       eval tcga_lung  class-IL=0.8316 task-IL=0.8632
[2026-09-14 23:23:13] ▶ start B1_flat_rev_f1_s4_fix
[2026-09-14 23:49:36] ✅ done A5_flat_rev_f1_s2_fix（per_slide 檔數 19）       eval tcga_lung  class-IL=0.8316 task-IL=0.8737
[2026-09-14 23:49:36] ✅ done A5_flat_rev_f1_s3_fix（per_slide 檔數 19）       eval tcga_lung  class-IL=0.8000 task-IL=0.8421
[2026-09-14 23:49:36] ✅ done A5_flat_rev_f1_s1_fix（per_slide 檔數 19）       eval tcga_lung  class-IL=0.8211 task-IL=0.8737
[2026-09-14 23:49:36] ✅ done A5_flat_rev_f1_s0_fix（per_slide 檔數 19）       eval tcga_lung  class-IL=0.8105 task-IL=0.8316
[2026-09-14 23:49:38] ▶ start B2_flat_rev_f1_s0_fix
[2026-09-14 23:49:38] ▶ start B2_flat_rev_f1_s1_fix
[2026-09-14 23:49:38] ▶ start B2_flat_rev_f1_s2_fix
[2026-09-14 23:49:38] ▶ start B2_flat_rev_f1_s3_fix
[2026-09-14 23:49:41] ✅ done A5_flat_rev_f1_s4_fix（per_slide 檔數 20）       eval tcga_lung  class-IL=0.8000 task-IL=0.8421
[2026-09-14 23:49:43] ▶ start B2_flat_rev_f1_s4_fix
[2026-09-14 23:56:20] ✅ done B1_flat_rev_f1_s3_fix（per_slide 檔數 24）       eval tcga_lung  class-IL=0.8842 task-IL=0.8947
[2026-09-14 23:56:20] ✅ done B1_flat_rev_f1_s2_fix（per_slide 檔數 24）       eval tcga_lung  class-IL=0.8842 task-IL=0.8947
[2026-09-14 23:56:20] ✅ done B1_flat_rev_f1_s1_fix（per_slide 檔數 24）       eval tcga_lung  class-IL=0.8842 task-IL=0.8842
[2026-09-14 23:56:20] ✅ done B1_flat_rev_f1_s0_fix（per_slide 檔數 24）       eval tcga_lung  class-IL=0.8526 task-IL=0.8526
[2026-09-14 23:59:33] ✅ done B1_flat_rev_f1_s4_fix（per_slide 檔數 25）       eval tcga_lung  class-IL=0.8316 task-IL=0.8421
[2026-09-15 00:27:02] ✅ done B2_flat_rev_f1_s2_fix（per_slide 檔數 29）       eval tcga_lung  class-IL=0.8105 task-IL=0.8632
[2026-09-15 00:27:02] ✅ done B2_flat_rev_f1_s3_fix（per_slide 檔數 29）       eval tcga_lung  class-IL=0.8842 task-IL=0.8947
[2026-09-15 00:27:03] ✅ done B2_flat_rev_f1_s1_fix（per_slide 檔數 29）       eval tcga_lung  class-IL=0.8842 task-IL=0.9053
[2026-09-15 00:27:04] ✅ done B2_flat_rev_f1_s0_fix（per_slide 檔數 30）       eval tcga_lung  class-IL=0.8105 task-IL=0.8316
[2026-09-15 00:27:05] ✅ done B2_flat_rev_f1_s4_fix（per_slide 檔數 30）       eval tcga_lung  class-IL=0.8526 task-IL=0.8526
[2026-09-15 00:27:05] BATCH_DONE 6 30/30
