✅ 注入生效：class_mask_old=None、u_old 為 8 類口徑（原版 2 類、值不同）
Exp2  arms=['B2']  order=reverse  seeds=[2]  B=8 c=1 epochs=5 arch=flat alloc=per_budget prior=discriminative head=accumulating beta_u=0.1 replay_k=1 λ=(1.0,1.0,1.0)
  ▶ B2 (只 eq (λ_r=λ_kd=0)) seed=2
    ── stage 0: tcga_esca
      epoch 1/5 n=120 mean_loss=0.2250
      epoch 2/5 n=120 mean_loss=0.0264
      epoch 3/5 n=120 mean_loss=0.0172
      epoch 4/5 n=120 mean_loss=0.0701
      epoch 5/5 n=120 mean_loss=0.0354
       記憶體 +120 → |M|=120
       eval tcga_esca  class-IL=1.0000 task-IL=1.0000
    ── stage 1: tcga_rcc
      epoch 1/5 n=616 mean_loss=0.5218
      epoch 2/5 n=616 mean_loss=0.3291
      epoch 3/5 n=616 mean_loss=0.2910
      epoch 4/5 n=616 mean_loss=0.2959
      epoch 5/5 n=616 mean_loss=0.2751
       記憶體 +616 → |M|=512
       eval tcga_esca  class-IL=0.9333 task-IL=0.9333
       eval tcga_rcc   class-IL=0.9211 task-IL=0.9342
    ── stage 2: tcga_brca
      epoch 1/5 n=763 mean_loss=0.7960
      epoch 2/5 n=763 mean_loss=0.6581
      epoch 3/5 n=763 mean_loss=0.8065
      epoch 4/5 n=763 mean_loss=0.6094
      epoch 5/5 n=763 mean_loss=0.6293
       記憶體 +763 → |M|=512
       eval tcga_esca  class-IL=0.5333 task-IL=0.7333
       eval tcga_rcc   class-IL=0.8947 task-IL=0.9474
       eval tcga_brca  class-IL=0.8925 task-IL=0.9032
    ── stage 3: tcga_lung
      epoch 1/5 n=774 mean_loss=1.3251
      epoch 2/5 n=774 mean_loss=1.0937
      epoch 3/5 n=774 mean_loss=0.9717
      epoch 4/5 n=774 mean_loss=0.8819
      epoch 5/5 n=774 mean_loss=0.8007
       記憶體 +774 → |M|=512
       eval tcga_esca  class-IL=0.6000 task-IL=0.8000
       eval tcga_rcc   class-IL=0.9211 task-IL=0.9474
       eval tcga_brca  class-IL=0.8387 task-IL=0.8817
       eval tcga_lung  class-IL=0.8632 task-IL=0.8947

→ outputs/exp3/dr053_hinge8/EXP2.md
