✅ 注入生效：class_mask_old=None、u_old 為 8 類口徑（原版 2 類、值不同）
Exp2  arms=['B2']  order=reverse  seeds=[1]  B=8 c=1 epochs=5 arch=flat alloc=per_budget prior=discriminative head=accumulating beta_u=0.1 replay_k=1 λ=(1.0,1.0,1.0)
  ▶ B2 (只 eq (λ_r=λ_kd=0)) seed=1
    ── stage 0: tcga_esca
      epoch 1/5 n=120 mean_loss=0.1700
      epoch 2/5 n=120 mean_loss=0.1838
      epoch 3/5 n=120 mean_loss=0.0211
      epoch 4/5 n=120 mean_loss=0.0660
      epoch 5/5 n=120 mean_loss=0.0135
       記憶體 +120 → |M|=120
       eval tcga_esca  class-IL=1.0000 task-IL=1.0000
    ── stage 1: tcga_rcc
      epoch 1/5 n=616 mean_loss=0.5617
      epoch 2/5 n=616 mean_loss=0.4371
      epoch 3/5 n=616 mean_loss=0.3512
      epoch 4/5 n=616 mean_loss=0.3007
      epoch 5/5 n=616 mean_loss=0.3247
       記憶體 +616 → |M|=512
       eval tcga_esca  class-IL=0.9333 task-IL=0.9333
       eval tcga_rcc   class-IL=0.9211 task-IL=0.9211
    ── stage 2: tcga_brca
      epoch 1/5 n=763 mean_loss=0.8496
      epoch 2/5 n=763 mean_loss=0.7842
      epoch 3/5 n=763 mean_loss=0.7703
      epoch 4/5 n=763 mean_loss=0.7247
      epoch 5/5 n=763 mean_loss=0.5911
       記憶體 +763 → |M|=512
       eval tcga_esca  class-IL=0.9333 task-IL=0.9333
       eval tcga_rcc   class-IL=0.9474 task-IL=0.9605
       eval tcga_brca  class-IL=0.8280 task-IL=0.8925
    ── stage 3: tcga_lung
      epoch 1/5 n=774 mean_loss=1.4173
      epoch 2/5 n=774 mean_loss=1.1999
      epoch 3/5 n=774 mean_loss=1.2316
      epoch 4/5 n=774 mean_loss=1.1777
      epoch 5/5 n=774 mean_loss=1.1021
       記憶體 +774 → |M|=512
       eval tcga_esca  class-IL=0.6000 task-IL=0.8000
       eval tcga_rcc   class-IL=0.9342 task-IL=0.9737
       eval tcga_brca  class-IL=0.8495 task-IL=0.9247
       eval tcga_lung  class-IL=0.8632 task-IL=0.8842

→ outputs/exp3/dr053_hinge8/EXP2.md
