✅ 注入生效：class_mask_old=None、u_old 為 8 類口徑（原版 2 類、值不同）
Exp2  arms=['B2']  order=reverse  seeds=[4]  B=8 c=1 epochs=5 arch=flat alloc=per_budget prior=discriminative head=accumulating beta_u=0.1 replay_k=1 λ=(1.0,1.0,1.0)
  ▶ B2 (只 eq (λ_r=λ_kd=0)) seed=4
    ── stage 0: tcga_esca
      epoch 1/5 n=120 mean_loss=0.3262
      epoch 2/5 n=120 mean_loss=0.0376
      epoch 3/5 n=120 mean_loss=0.0349
      epoch 4/5 n=120 mean_loss=0.0801
      epoch 5/5 n=120 mean_loss=0.0328
       記憶體 +120 → |M|=120
       eval tcga_esca  class-IL=0.9333 task-IL=0.9333
    ── stage 1: tcga_rcc
      epoch 1/5 n=616 mean_loss=0.4795
      epoch 2/5 n=616 mean_loss=0.3378
      epoch 3/5 n=616 mean_loss=0.3147
      epoch 4/5 n=616 mean_loss=0.3049
      epoch 5/5 n=616 mean_loss=0.2450
       記憶體 +616 → |M|=512
       eval tcga_esca  class-IL=0.9333 task-IL=1.0000
       eval tcga_rcc   class-IL=0.9342 task-IL=0.9474
    ── stage 2: tcga_brca
      epoch 1/5 n=763 mean_loss=0.9743
      epoch 2/5 n=763 mean_loss=0.6849
      epoch 3/5 n=763 mean_loss=0.6841
      epoch 4/5 n=763 mean_loss=0.6484
      epoch 5/5 n=763 mean_loss=0.5459
       記憶體 +763 → |M|=512
       eval tcga_esca  class-IL=0.8000 task-IL=0.9333
       eval tcga_rcc   class-IL=0.9342 task-IL=0.9605
       eval tcga_brca  class-IL=0.8387 task-IL=0.8710
    ── stage 3: tcga_lung
      epoch 1/5 n=774 mean_loss=1.3018
      epoch 2/5 n=774 mean_loss=0.8939
      epoch 3/5 n=774 mean_loss=1.0400
      epoch 4/5 n=774 mean_loss=0.9484
      epoch 5/5 n=774 mean_loss=0.8202
       記憶體 +774 → |M|=512
       eval tcga_esca  class-IL=0.6000 task-IL=0.8667
       eval tcga_rcc   class-IL=0.8947 task-IL=0.9342
       eval tcga_brca  class-IL=0.7419 task-IL=0.8172
       eval tcga_lung  class-IL=0.8737 task-IL=0.8947

→ outputs/exp3/dr053_hinge8/EXP2.md
