[2026-09-14 15:37:07] done=0/0 running=[none] last='-' gpu=0% load=3.90 free=605T
[2026-09-14 15:47:07] done=0/20 running=[A5-hier-reverse-f8s8,A5-hier-reverse-f3s3,A5-hier-reverse-f4s4,A5-hier-reverse-f5s5,A5-hier-reverse-f10s10,A5-hier-reverse-f9s9,A5-hier-reverse-f1s1,A5-hier-reverse-f2s2,A5-hier-reverse-f7s7,A5-hier-reverse-f6s6] last='eval tcga_rcc   class-IL=0.9459 task-IL=0.9595' gpu=0% load=38.25 free=604T
[2026-09-14 15:57:07] done=0/20 running=[A5-hier-reverse-f8s8,A5-hier-reverse-f3s3,A5-hier-reverse-f4s4,A5-hier-reverse-f5s5,A5-hier-reverse-f10s10,A5-hier-reverse-f9s9,A5-hier-reverse-f1s1,A5-hier-reverse-f2s2,A5-hier-reverse-f7s7,A5-hier-reverse-f6s6] last='eval tcga_rcc   class-IL=0.9459 task-IL=0.9595' gpu=0% load=35.66 free=603T
[2026-09-14 16:07:07] done=0/20 running=[A5-hier-reverse-f8s8,A5-hier-reverse-f3s3,A5-hier-reverse-f4s4,A5-hier-reverse-f5s5,A5-hier-reverse-f10s10,A5-hier-reverse-f9s9,A5-hier-reverse-f1s1,A5-hier-reverse-f2s2,A5-hier-reverse-f7s7,A5-hier-reverse-f6s6] last='eval tcga_brca  class-IL=0.7742 task-IL=0.8495' gpu=0% load=38.58 free=603T
[2026-09-14 16:17:07] done=10/20 running=[A5-flat-reverse-f1s1,A5-flat-reverse-f2s2,A5-flat-reverse-f3s3,A5-flat-reverse-f4s4,A5-flat-reverse-f5s5,A5-flat-reverse-f6s6,A5-flat-reverse-f7s7,A5-flat-reverse-f8s8,A5-flat-reverse-f9s9,A5-flat-reverse-f10s10] last='eval tcga_esca  class-IL=1.0000 task-IL=1.0000' gpu=0% load=37.51 free=602T
[2026-09-14 16:27:08] done=10/20 running=[A5-flat-reverse-f1s1,A5-flat-reverse-f2s2,A5-flat-reverse-f3s3,A5-flat-reverse-f4s4,A5-flat-reverse-f5s5,A5-flat-reverse-f6s6,A5-flat-reverse-f7s7,A5-flat-reverse-f8s8,A5-flat-reverse-f9s9,A5-flat-reverse-f10s10] last='eval tcga_rcc   class-IL=0.9383 task-IL=0.9383' gpu=0% load=39.68 free=602T
[2026-09-14 16:37:08] done=10/20 running=[A5-flat-reverse-f1s1,A5-flat-reverse-f2s2,A5-flat-reverse-f3s3,A5-flat-reverse-f4s4,A5-flat-reverse-f5s5,A5-flat-reverse-f6s6,A5-flat-reverse-f7s7,A5-flat-reverse-f8s8,A5-flat-reverse-f9s9,A5-flat-reverse-f10s10] last='eval tcga_brca  class-IL=0.8901 task-IL=0.9121' gpu=0% load=36.22 free=601T
[2026-09-14 16:47:08] done=10/20 running=[A5-flat-reverse-f1s1,A5-flat-reverse-f2s2,A5-flat-reverse-f3s3,A5-flat-reverse-f4s4,A5-flat-reverse-f5s5,A5-flat-reverse-f6s6,A5-flat-reverse-f7s7,A5-flat-reverse-f8s8,A5-flat-reverse-f9s9,A5-flat-reverse-f10s10] last='eval tcga_brca  class-IL=0.8586 task-IL=0.8687' gpu=0% load=32.01 free=601T
[2026-09-14 16:51:03] BATCH_DONE 1 20/20
[2026-09-14 16:57:08] done=20/40 running=[A5-hier-reverse-f5s5,A5-hier-reverse-f6s6,A5-hier-reverse-f3s3,A5-hier-reverse-f9s9,A5-hier-reverse-f7s7,A5-hier-reverse-f4s4,A5-hier-reverse-f1s1,A5-hier-reverse-f2s2,A5-hier-reverse-f8s8,A5-hier-reverse-f10s10] last='eval tcga_esca  class-IL=0.8667 task-IL=0.8667' gpu=0% load=56.93 free=601T
[2026-09-14 17:07:09] done=20/40 running=[A5-hier-reverse-f5s5,A5-hier-reverse-f6s6,A5-hier-reverse-f3s3,A5-hier-reverse-f9s9,A5-hier-reverse-f7s7,A5-hier-reverse-f4s4,A5-hier-reverse-f1s1,A5-hier-reverse-f2s2,A5-hier-reverse-f8s8,A5-hier-reverse-f10s10] last='eval tcga_rcc   class-IL=0.9136 task-IL=0.9136' gpu=0% load=48.56 free=600T
[2026-09-14 17:17:09] done=20/40 running=[A5-hier-reverse-f5s5,A5-hier-reverse-f6s6,A5-hier-reverse-f3s3,A5-hier-reverse-f9s9,A5-hier-reverse-f7s7,A5-hier-reverse-f4s4,A5-hier-reverse-f1s1,A5-hier-reverse-f2s2,A5-hier-reverse-f8s8,A5-hier-reverse-f10s10] last='eval tcga_brca  class-IL=0.8646 task-IL=0.8646' gpu=0% load=52.67 free=601T
[2026-09-14 17:27:09] done=20/40 running=[A5-hier-reverse-f5s5,A5-hier-reverse-f6s6,A5-hier-reverse-f3s3,A5-hier-reverse-f9s9,A5-hier-reverse-f7s7,A5-hier-reverse-f4s4,A5-hier-reverse-f1s1,A5-hier-reverse-f2s2,A5-hier-reverse-f8s8,A5-hier-reverse-f10s10] last='eval tcga_brca  class-IL=0.8646 task-IL=0.8646' gpu=0% load=36.41 free=600T
[2026-09-14 17:37:09] done=30/40 running=[A5-flat-reverse-f1s1,A5-flat-reverse-f2s2,A5-flat-reverse-f3s3,A5-flat-reverse-f4s4,A5-flat-reverse-f5s5,A5-flat-reverse-f6s6,A5-flat-reverse-f7s7,A5-flat-reverse-f8s8,A5-flat-reverse-f9s9,A5-flat-reverse-f10s10] last='eval tcga_rcc   class-IL=0.9730 task-IL=0.9730' gpu=0% load=40.38 free=600T
[2026-09-14 17:47:10] done=30/40 running=[A5-flat-reverse-f1s1,A5-flat-reverse-f2s2,A5-flat-reverse-f3s3,A5-flat-reverse-f4s4,A5-flat-reverse-f5s5,A5-flat-reverse-f6s6,A5-flat-reverse-f7s7,A5-flat-reverse-f8s8,A5-flat-reverse-f9s9,A5-flat-reverse-f10s10] last='eval tcga_rcc   class-IL=0.9459 task-IL=0.9459' gpu=0% load=36.10 free=598T
[2026-09-14 17:57:10] done=30/40 running=[A5-flat-reverse-f1s1,A5-flat-reverse-f2s2,A5-flat-reverse-f3s3,A5-flat-reverse-f4s4,A5-flat-reverse-f5s5,A5-flat-reverse-f6s6,A5-flat-reverse-f7s7,A5-flat-reverse-f8s8,A5-flat-reverse-f9s9,A5-flat-reverse-f10s10] last='eval tcga_brca  class-IL=0.8936 task-IL=0.9362' gpu=0% load=27.94 free=596T
[2026-09-14 18:06:58] BATCH_DONE 2 20/20
[2026-09-14 18:07:11] done=40/60 running=[A5-hier-main-f5s5,A5-hier-main-f3s3,A5-hier-main-f4s4,A5-hier-main-f6s6,A5-hier-main-f7s7,A5-hier-main-f9s9,A5-hier-main-f10s10,A5-hier-main-f8s8,A5-hier-main-f2s2,A5-hier-main-f1s1] last='' gpu=0% load=10.02 free=594T
[2026-09-14 18:17:11] done=40/60 running=[A5-hier-main-f5s5,A5-hier-main-f3s3,A5-hier-main-f4s4,A5-hier-main-f6s6,A5-hier-main-f7s7,A5-hier-main-f9s9,A5-hier-main-f10s10,A5-hier-main-f8s8,A5-hier-main-f2s2,A5-hier-main-f1s1] last='eval tcga_lung  class-IL=0.8866 task-IL=0.8866' gpu=0% load=31.33 free=594T
[2026-09-14 18:27:11] done=40/60 running=[A5-hier-main-f5s5,A5-hier-main-f3s3,A5-hier-main-f4s4,A5-hier-main-f6s6,A5-hier-main-f7s7,A5-hier-main-f9s9,A5-hier-main-f10s10,A5-hier-main-f8s8,A5-hier-main-f2s2,A5-hier-main-f1s1] last='eval tcga_lung  class-IL=0.8866 task-IL=0.8866' gpu=0% load=28.34 free=593T
[2026-09-14 18:37:12] done=40/60 running=[A5-hier-main-f5s5,A5-hier-main-f3s3,A5-hier-main-f4s4,A5-hier-main-f6s6,A5-hier-main-f7s7,A5-hier-main-f9s9,A5-hier-main-f10s10,A5-hier-main-f8s8,A5-hier-main-f2s2,A5-hier-main-f1s1] last='eval tcga_brca  class-IL=0.8021 task-IL=0.8438' gpu=0% load=31.99 free=593T
[2026-09-14 18:47:12] done=50/60 running=[A5-flat-main-f1s1,A5-flat-main-f2s2,A5-flat-main-f3s3,A5-flat-main-f4s4,A5-flat-main-f5s5,A5-flat-main-f6s6,A5-flat-main-f7s7,A5-flat-main-f8s8,A5-flat-main-f9s9,A5-flat-main-f10s10] last='' gpu=0% load=15.49 free=594T
[2026-09-14 18:57:13] done=50/60 running=[A5-flat-main-f1s1,A5-flat-main-f2s2,A5-flat-main-f3s3,A5-flat-main-f4s4,A5-flat-main-f5s5,A5-flat-main-f6s6,A5-flat-main-f7s7,A5-flat-main-f8s8,A5-flat-main-f9s9,A5-flat-main-f10s10] last='eval tcga_lung  class-IL=0.7717 task-IL=0.7717' gpu=0% load=33.29 free=594T
[2026-09-14 19:07:13] done=50/60 running=[A5-flat-main-f1s1,A5-flat-main-f2s2,A5-flat-main-f3s3,A5-flat-main-f4s4,A5-flat-main-f5s5,A5-flat-main-f6s6,A5-flat-main-f7s7,A5-flat-main-f8s8,A5-flat-main-f9s9,A5-flat-main-f10s10] last='eval tcga_lung  class-IL=0.9196 task-IL=0.9375' gpu=0% load=44.04 free=594T
[2026-09-14 19:17:14] done=50/60 running=[A5-flat-main-f1s1,A5-flat-main-f2s2,A5-flat-main-f3s3,A5-flat-main-f4s4,A5-flat-main-f5s5,A5-flat-main-f6s6,A5-flat-main-f7s7,A5-flat-main-f8s8,A5-flat-main-f9s9,A5-flat-main-f10s10] last='eval tcga_brca  class-IL=0.8571 task-IL=0.9011' gpu=0% load=28.72 free=595T
[2026-09-14 19:24:19] BATCH_DONE 3 20/20
[2026-09-14 19:27:14] done=60/80 running=[A5-hier-main-f3s3,A5-hier-main-f7s7,A5-hier-main-f2s2,A5-hier-main-f6s6,A5-hier-main-f1s1,A5-hier-main-f9s9,A5-hier-main-f5s5,A5-hier-main-f8s8,A5-hier-main-f10s10,A5-hier-main-f4s4] last='' gpu=0% load=21.86 free=596T
