Exp2  arms=['A3']  order=reverse  seeds=[7]  B=8 c=1 epochs=5 arch=flat alloc=per_budget prior=discriminative head=accumulating beta_u=0.1 replay_k=1 λ=(1.0,1.0,1.0)
  ▶ A3 (+ Replay) seed=7
    ── stage 0: tcga_esca
      epoch 1/5 n=120 mean_loss=0.2366
      epoch 2/5 n=120 mean_loss=0.0605
      epoch 3/5 n=120 mean_loss=0.1673
      epoch 4/5 n=120 mean_loss=0.1841
      epoch 5/5 n=120 mean_loss=0.0094
       記憶體 +120 → |M|=120
       eval tcga_esca  class-IL=0.9333 task-IL=0.9333
    ── stage 1: tcga_rcc
      epoch 1/5 n=615 mean_loss=0.4850
      epoch 2/5 n=615 mean_loss=0.3766
      epoch 3/5 n=615 mean_loss=0.3998
      epoch 4/5 n=615 mean_loss=0.3135
      epoch 5/5 n=615 mean_loss=0.2886
       記憶體 +615 → |M|=512
       eval tcga_esca  class-IL=1.0000 task-IL=1.0000
       eval tcga_rcc   class-IL=0.9333 task-IL=0.9600
    ── stage 2: tcga_brca
      epoch 1/5 n=760 mean_loss=0.9988
      epoch 2/5 n=760 mean_loss=0.7944
      epoch 3/5 n=760 mean_loss=0.7355
      epoch 4/5 n=760 mean_loss=0.7874
      epoch 5/5 n=760 mean_loss=0.6810
       記憶體 +760 → |M|=512
       eval tcga_esca  class-IL=0.8000 task-IL=0.8667
       eval tcga_rcc   class-IL=0.9600 task-IL=0.9733
       eval tcga_brca  class-IL=0.8646 task-IL=0.8750
    ── stage 3: tcga_lung
      epoch 1/5 n=774 mean_loss=1.2744
      epoch 2/5 n=774 mean_loss=1.1650
      epoch 3/5 n=774 mean_loss=1.2462
      epoch 4/5 n=774 mean_loss=1.0045
      epoch 5/5 n=774 mean_loss=0.9466
       記憶體 +774 → |M|=512
       eval tcga_esca  class-IL=0.7333 task-IL=0.8667
       eval tcga_rcc   class-IL=0.9333 task-IL=0.9600
       eval tcga_brca  class-IL=0.9271 task-IL=0.9271
       eval tcga_lung  class-IL=0.8351 task-IL=0.8660

→ outputs/exp3/sota_acc/EXP2.md
