Exp2  arms=['A5']  order=main  seeds=[9]  B=8 c=1 epochs=5 arch=hier alloc=per_budget prior=discriminative head=accumulating uold=current beta_u=0.1 replay_k=1 λ=(1.0,1.0,1.0)
  ▶ A5 (Ours (Replay+KD+eq)) seed=9
    ── stage 0: tcga_lung
      epoch 1/5 n=762 mean_loss=0.5963
      epoch 2/5 n=762 mean_loss=0.3747
      epoch 3/5 n=762 mean_loss=0.3321
      epoch 4/5 n=762 mean_loss=0.3060
      epoch 5/5 n=762 mean_loss=0.3457
       記憶體 +762 → |M|=512
       eval tcga_lung  class-IL=0.8804 task-IL=0.8804
    ── stage 1: tcga_brca
      epoch 1/5 n=760 mean_loss=1.5061
      epoch 2/5 n=760 mean_loss=1.3510
      epoch 3/5 n=760 mean_loss=1.2985
      epoch 4/5 n=760 mean_loss=1.1605
      epoch 5/5 n=760 mean_loss=1.1992
       記憶體 +760 → |M|=512
       eval tcga_lung  class-IL=0.8261 task-IL=0.8804
       eval tcga_brca  class-IL=0.8384 task-IL=0.8687
    ── stage 2: tcga_rcc
      epoch 1/5 n=612 mean_loss=1.2856
      epoch 2/5 n=612 mean_loss=1.3050
      epoch 3/5 n=612 mean_loss=1.3075
      epoch 4/5 n=612 mean_loss=1.3334
      epoch 5/5 n=612 mean_loss=1.2599
       記憶體 +612 → |M|=512
       eval tcga_lung  class-IL=0.8043 task-IL=0.8587
       eval tcga_brca  class-IL=0.8687 task-IL=0.8889
       eval tcga_rcc   class-IL=0.8519 task-IL=0.9259
    ── stage 3: tcga_esca
      epoch 1/5 n=121 mean_loss=2.3424
      epoch 2/5 n=121 mean_loss=1.6240
      epoch 3/5 n=121 mean_loss=1.3746
      epoch 4/5 n=121 mean_loss=1.4814
      epoch 5/5 n=121 mean_loss=1.6740
       記憶體 +121 → |M|=512
       eval tcga_lung  class-IL=0.7174 task-IL=0.8587
       eval tcga_brca  class-IL=0.8182 task-IL=0.8889
       eval tcga_rcc   class-IL=0.9259 task-IL=0.9383
       eval tcga_esca  class-IL=0.8571 task-IL=1.0000

→ outputs/exp3/sota_ucur/EXP2_hier.md
