Exp2  arms=['A5']  order=main  seeds=[4]  B=16 c=1 epochs=5 arch=hier alloc=per_budget prior=discriminative head=accumulating uold=current beta_u=0.1 replay_k=1 λ=(1.0,1.0,1.0)
  ▶ A5 (Ours (Replay+KD+eq)) seed=4
    ── stage 0: tcga_lung
      epoch 1/5 n=756 mean_loss=0.5481
      epoch 2/5 n=756 mean_loss=0.3100
      epoch 3/5 n=756 mean_loss=0.3221
      epoch 4/5 n=756 mean_loss=0.2929
      epoch 5/5 n=756 mean_loss=0.2797
       記憶體 +756 → |M|=512
       eval tcga_lung  class-IL=0.8839 task-IL=0.8839
    ── stage 1: tcga_brca
      epoch 1/5 n=762 mean_loss=1.2328
      epoch 2/5 n=762 mean_loss=0.9543
      epoch 3/5 n=762 mean_loss=0.9506
      epoch 4/5 n=762 mean_loss=0.8714
      epoch 5/5 n=762 mean_loss=0.8589
       記憶體 +762 → |M|=512
       eval tcga_lung  class-IL=0.9018 task-IL=0.9018
       eval tcga_brca  class-IL=0.8936 task-IL=0.9362
    ── stage 2: tcga_rcc
      epoch 1/5 n=613 mean_loss=0.9806
      epoch 2/5 n=613 mean_loss=0.8064
      epoch 3/5 n=613 mean_loss=0.5162
      epoch 4/5 n=613 mean_loss=0.6299
      epoch 5/5 n=613 mean_loss=0.6862
       記憶體 +613 → |M|=512
       eval tcga_lung  class-IL=0.8661 task-IL=0.8750
       eval tcga_brca  class-IL=0.8617 task-IL=0.9149
       eval tcga_rcc   class-IL=0.9103 task-IL=0.9103
    ── stage 3: tcga_esca
      epoch 1/5 n=119 mean_loss=1.9745
      epoch 2/5 n=119 mean_loss=1.1516
      epoch 3/5 n=119 mean_loss=0.9576
      epoch 4/5 n=119 mean_loss=1.2198
      epoch 5/5 n=119 mean_loss=1.0316
       記憶體 +119 → |M|=512
       eval tcga_lung  class-IL=0.7946 task-IL=0.8929
       eval tcga_brca  class-IL=0.7979 task-IL=0.8936
       eval tcga_rcc   class-IL=0.8846 task-IL=0.8846
       eval tcga_esca  class-IL=0.9375 task-IL=1.0000

→ outputs/exp3/sota_ucur_b16/EXP2.md
