Exp2  arms=['A5']  order=main  seeds=[1]  B=8 c=1 epochs=5 arch=flat alloc=per_budget prior=discriminative head=accumulating beta_u=0.1 replay_k=1 λ=(1.0,1.0,1.0)
  ▶ A5 (Ours (Replay+KD+eq)) seed=1
    ── stage 0: tcga_lung
      epoch 1/5 n=774 mean_loss=0.5030
      epoch 2/5 n=774 mean_loss=0.3710
      epoch 3/5 n=774 mean_loss=0.3167
      epoch 4/5 n=774 mean_loss=0.2993
      epoch 5/5 n=774 mean_loss=0.2885
       記憶體 +774 → |M|=512
       eval tcga_lung  class-IL=0.8737 task-IL=0.8737
    ── stage 1: tcga_brca
      epoch 1/5 n=763 mean_loss=1.5400
      epoch 2/5 n=763 mean_loss=1.1867
      epoch 3/5 n=763 mean_loss=0.9967
      epoch 4/5 n=763 mean_loss=0.9198
      epoch 5/5 n=763 mean_loss=0.9087
       記憶體 +763 → |M|=512
       eval tcga_lung  class-IL=0.8105 task-IL=0.8421
       eval tcga_brca  class-IL=0.8280 task-IL=0.8817
    ── stage 2: tcga_rcc
      epoch 1/5 n=616 mean_loss=1.3730
      epoch 2/5 n=616 mean_loss=0.7993
      epoch 3/5 n=616 mean_loss=0.9797
      epoch 4/5 n=616 mean_loss=0.8273
      epoch 5/5 n=616 mean_loss=0.6556
       記憶體 +616 → |M|=512
       eval tcga_lung  class-IL=0.7789 task-IL=0.8632
       eval tcga_brca  class-IL=0.7849 task-IL=0.8387
       eval tcga_rcc   class-IL=0.9342 task-IL=0.9605
    ── stage 3: tcga_esca
      epoch 1/5 n=120 mean_loss=1.9523
      epoch 2/5 n=120 mean_loss=1.3599
      epoch 3/5 n=120 mean_loss=1.3200
      epoch 4/5 n=120 mean_loss=1.1672
      epoch 5/5 n=120 mean_loss=1.0941
       記憶體 +120 → |M|=512
       eval tcga_lung  class-IL=0.7474 task-IL=0.8316
       eval tcga_brca  class-IL=0.7419 task-IL=0.8602
       eval tcga_rcc   class-IL=0.9474 task-IL=0.9474
       eval tcga_esca  class-IL=0.8000 task-IL=0.9333

→ outputs/exp3/sota_acc/EXP2.md
