Exp2  arms=['A5']  order=main  seeds=[2]  B=8 c=1 epochs=5 arch=flat alloc=per_budget prior=discriminative head=accumulating uold=current beta_u=0.1 replay_k=1 λ=(1.0,1.0,1.0)
  ▶ A5 (Ours (Replay+KD+eq)) seed=2
    ── stage 0: tcga_lung
      epoch 1/5 n=761 mean_loss=0.5551
      epoch 2/5 n=761 mean_loss=0.3962
      epoch 3/5 n=761 mean_loss=0.3474
      epoch 4/5 n=761 mean_loss=0.3308
      epoch 5/5 n=761 mean_loss=0.3459
       記憶體 +761 → |M|=512
       eval tcga_lung  class-IL=0.9158 task-IL=0.9158
    ── stage 1: tcga_brca
      epoch 1/5 n=764 mean_loss=1.4428
      epoch 2/5 n=764 mean_loss=1.2894
      epoch 3/5 n=764 mean_loss=1.1041
      epoch 4/5 n=764 mean_loss=1.0306
      epoch 5/5 n=764 mean_loss=0.9363
       記憶體 +764 → |M|=512
       eval tcga_lung  class-IL=0.9474 task-IL=0.9474
       eval tcga_brca  class-IL=0.9158 task-IL=0.9368
    ── stage 2: tcga_rcc
      epoch 1/5 n=613 mean_loss=1.0735
      epoch 2/5 n=613 mean_loss=0.8666
      epoch 3/5 n=613 mean_loss=0.9631
      epoch 4/5 n=613 mean_loss=0.8613
      epoch 5/5 n=613 mean_loss=0.8417
       記憶體 +613 → |M|=512
       eval tcga_lung  class-IL=0.9158 task-IL=0.9368
       eval tcga_brca  class-IL=0.9158 task-IL=0.9474
       eval tcga_rcc   class-IL=0.9753 task-IL=0.9877
    ── stage 3: tcga_esca
      epoch 1/5 n=120 mean_loss=1.9655
      epoch 2/5 n=120 mean_loss=1.8515
      epoch 3/5 n=120 mean_loss=1.4178
      epoch 4/5 n=120 mean_loss=1.3344
      epoch 5/5 n=120 mean_loss=2.2163
       記憶體 +120 → |M|=512
       eval tcga_lung  class-IL=0.8421 task-IL=0.9263
       eval tcga_brca  class-IL=0.9263 task-IL=0.9368
       eval tcga_rcc   class-IL=0.9506 task-IL=0.9877
       eval tcga_esca  class-IL=0.8667 task-IL=0.9333

→ outputs/exp3/sota_ucur/EXP2.md
