Exp2  arms=['B1']  order=reverse  seeds=[2]  B=8 c=1 epochs=5 arch=flat alloc=per_budget prior=discriminative head=fixed beta_u=0.1 replay_k=1 λ=(1.0,1.0,1.0)
  ▶ B1 (只 KD (λ_r=λ_eq=0)) seed=2
    ── stage 0: tcga_esca
      epoch 1/5 n=120 mean_loss=0.5715
      epoch 2/5 n=120 mean_loss=0.2234
      epoch 3/5 n=120 mean_loss=0.0734
      epoch 4/5 n=120 mean_loss=0.1335
      epoch 5/5 n=120 mean_loss=0.1558
       記憶體 +120 → |M|=120
       eval tcga_esca  class-IL=0.8667 task-IL=0.9333
    ── stage 1: tcga_rcc
      epoch 1/5 n=616 mean_loss=0.3188
      epoch 2/5 n=616 mean_loss=0.1981
      epoch 3/5 n=616 mean_loss=0.1859
      epoch 4/5 n=616 mean_loss=0.1933
      epoch 5/5 n=616 mean_loss=0.1715
       記憶體 +616 → |M|=512
       eval tcga_esca  class-IL=0.6667 task-IL=0.9333
       eval tcga_rcc   class-IL=0.9474 task-IL=0.9474
    ── stage 2: tcga_brca
      epoch 1/5 n=763 mean_loss=0.4908
      epoch 2/5 n=763 mean_loss=0.3261
      epoch 3/5 n=763 mean_loss=0.3430
      epoch 4/5 n=763 mean_loss=0.3549
      epoch 5/5 n=763 mean_loss=0.3225
       記憶體 +763 → |M|=512
       eval tcga_esca  class-IL=0.2667 task-IL=0.7333
       eval tcga_rcc   class-IL=0.7763 task-IL=0.8947
       eval tcga_brca  class-IL=0.8710 task-IL=0.8817
    ── stage 3: tcga_lung
      epoch 1/5 n=774 mean_loss=0.6838
      epoch 2/5 n=774 mean_loss=0.3608
      epoch 3/5 n=774 mean_loss=0.4352
      epoch 4/5 n=774 mean_loss=0.3393
      epoch 5/5 n=774 mean_loss=0.3218
       記憶體 +774 → |M|=512
       eval tcga_esca  class-IL=0.6000 task-IL=0.8667
       eval tcga_rcc   class-IL=0.6711 task-IL=0.9211
       eval tcga_brca  class-IL=0.5914 task-IL=0.8065
       eval tcga_lung  class-IL=0.8842 task-IL=0.8947

→ outputs/exp3/ablation_fixed/EXP2.md
