Exp2  arms=['A4']  order=reverse  seeds=[2]  B=8 c=1 epochs=5 arch=flat alloc=per_budget prior=discriminative head=fixed beta_u=0.1 replay_k=1 λ=(1.0,1.0,1.0)
  ▶ A4 (+ Replay + KD) seed=2
    ── stage 0: tcga_esca
      epoch 1/5 n=120 mean_loss=0.5715
      epoch 2/5 n=120 mean_loss=0.2234
      epoch 3/5 n=120 mean_loss=0.0734
      epoch 4/5 n=120 mean_loss=0.1335
      epoch 5/5 n=120 mean_loss=0.1558
       記憶體 +120 → |M|=120
       eval tcga_esca  class-IL=0.8667 task-IL=0.9333
    ── stage 1: tcga_rcc
      epoch 1/5 n=616 mean_loss=0.5408
      epoch 2/5 n=616 mean_loss=0.3468
      epoch 3/5 n=616 mean_loss=0.2430
      epoch 4/5 n=616 mean_loss=0.3921
      epoch 5/5 n=616 mean_loss=0.3112
       記憶體 +616 → |M|=512
       eval tcga_esca  class-IL=0.8667 task-IL=0.9333
       eval tcga_rcc   class-IL=0.9342 task-IL=0.9342
    ── stage 2: tcga_brca
      epoch 1/5 n=763 mean_loss=0.9746
      epoch 2/5 n=763 mean_loss=0.8435
      epoch 3/5 n=763 mean_loss=0.7884
      epoch 4/5 n=763 mean_loss=0.7482
      epoch 5/5 n=763 mean_loss=0.6592
       記憶體 +763 → |M|=512
       eval tcga_esca  class-IL=0.5333 task-IL=0.8667
       eval tcga_rcc   class-IL=0.8158 task-IL=0.9474
       eval tcga_brca  class-IL=0.8710 task-IL=0.8925
    ── stage 3: tcga_lung
      epoch 1/5 n=774 mean_loss=1.5163
      epoch 2/5 n=774 mean_loss=1.2859
      epoch 3/5 n=774 mean_loss=1.0424
      epoch 4/5 n=774 mean_loss=1.1099
      epoch 5/5 n=774 mean_loss=1.1432
       記憶體 +774 → |M|=512
       eval tcga_esca  class-IL=0.6667 task-IL=1.0000
       eval tcga_rcc   class-IL=0.8684 task-IL=0.8947
       eval tcga_brca  class-IL=0.7527 task-IL=0.8710
       eval tcga_lung  class-IL=0.8316 task-IL=0.8632

→ outputs/exp3/ablation_fixed/EXP2.md
