Exp2  arms=['A5']  order=reverse  seeds=[7]  B=8 c=1 epochs=5 arch=hier alloc=per_budget prior=discriminative head=accumulating beta_u=0.1 replay_k=1 λ=(1.0,1.0,1.0)
  ▶ A5 (Ours (Replay+KD+eq)) seed=7
    ── stage 0: tcga_esca
      epoch 1/5 n=120 mean_loss=0.1248
      epoch 2/5 n=120 mean_loss=0.1753
      epoch 3/5 n=120 mean_loss=0.1019
      epoch 4/5 n=120 mean_loss=0.0333
      epoch 5/5 n=120 mean_loss=0.0199
       記憶體 +120 → |M|=120
       eval tcga_esca  class-IL=0.9333 task-IL=0.9333
    ── stage 1: tcga_rcc
      epoch 1/5 n=615 mean_loss=0.5332
      epoch 2/5 n=615 mean_loss=0.4383
      epoch 3/5 n=615 mean_loss=0.3587
      epoch 4/5 n=615 mean_loss=0.3319
      epoch 5/5 n=615 mean_loss=0.2917
       記憶體 +615 → |M|=512
       eval tcga_esca  class-IL=0.9333 task-IL=0.9333
       eval tcga_rcc   class-IL=0.9467 task-IL=0.9600
    ── stage 2: tcga_brca
      epoch 1/5 n=760 mean_loss=0.9203
      epoch 2/5 n=760 mean_loss=0.8330
      epoch 3/5 n=760 mean_loss=0.7930
      epoch 4/5 n=760 mean_loss=0.9597
      epoch 5/5 n=760 mean_loss=0.6880
       記憶體 +760 → |M|=512
       eval tcga_esca  class-IL=0.9333 task-IL=0.9333
       eval tcga_rcc   class-IL=0.9200 task-IL=0.9467
       eval tcga_brca  class-IL=0.8646 task-IL=0.8646
    ── stage 3: tcga_lung
      epoch 1/5 n=774 mean_loss=1.6726
      epoch 2/5 n=774 mean_loss=1.4653
      epoch 3/5 n=774 mean_loss=1.4640
      epoch 4/5 n=774 mean_loss=1.3534
      epoch 5/5 n=774 mean_loss=1.2191
       記憶體 +774 → |M|=512
       eval tcga_esca  class-IL=0.4667 task-IL=0.8667
       eval tcga_rcc   class-IL=0.9333 task-IL=0.9467
       eval tcga_brca  class-IL=0.8854 task-IL=0.9271
       eval tcga_lung  class-IL=0.7938 task-IL=0.8247

→ outputs/exp3/sota_acc/EXP2.md
