Exp2  arms=['B1']  order=reverse  seeds=[1]  B=8 c=1 epochs=5 arch=flat alloc=per_budget prior=discriminative head=fixed beta_u=0.1 replay_k=1 λ=(1.0,1.0,1.0)
  ▶ B1 (只 KD (λ_r=λ_eq=0)) seed=1
    ── stage 0: tcga_esca
      epoch 1/5 n=120 mean_loss=0.4838
      epoch 2/5 n=120 mean_loss=0.1656
      epoch 3/5 n=120 mean_loss=0.1271
      epoch 4/5 n=120 mean_loss=0.1091
      epoch 5/5 n=120 mean_loss=0.1208
       記憶體 +120 → |M|=120
       eval tcga_esca  class-IL=0.8667 task-IL=0.9333
    ── stage 1: tcga_rcc
      epoch 1/5 n=616 mean_loss=0.3576
      epoch 2/5 n=616 mean_loss=0.2392
      epoch 3/5 n=616 mean_loss=0.2553
      epoch 4/5 n=616 mean_loss=0.1499
      epoch 5/5 n=616 mean_loss=0.2208
       記憶體 +616 → |M|=512
       eval tcga_esca  class-IL=0.5333 task-IL=0.9333
       eval tcga_rcc   class-IL=0.9342 task-IL=0.9342
    ── stage 2: tcga_brca
      epoch 1/5 n=763 mean_loss=0.3994
      epoch 2/5 n=763 mean_loss=0.3394
      epoch 3/5 n=763 mean_loss=0.3333
      epoch 4/5 n=763 mean_loss=0.3294
      epoch 5/5 n=763 mean_loss=0.3083
       記憶體 +763 → |M|=512
       eval tcga_esca  class-IL=0.3333 task-IL=0.7333
       eval tcga_rcc   class-IL=0.8553 task-IL=0.9474
       eval tcga_brca  class-IL=0.8710 task-IL=0.8817
    ── stage 3: tcga_lung
      epoch 1/5 n=774 mean_loss=0.5988
      epoch 2/5 n=774 mean_loss=0.4167
      epoch 3/5 n=774 mean_loss=0.4277
      epoch 4/5 n=774 mean_loss=0.4030
      epoch 5/5 n=774 mean_loss=0.3641
       記憶體 +774 → |M|=512
       eval tcga_esca  class-IL=0.3333 task-IL=0.9333
       eval tcga_rcc   class-IL=0.4868 task-IL=0.8289
       eval tcga_brca  class-IL=0.3978 task-IL=0.8602
       eval tcga_lung  class-IL=0.8842 task-IL=0.8842

→ outputs/exp3/ablation_fixed/EXP2.md
