Exp2  arms=['A5']  order=main  seeds=[9]  B=8 c=1 epochs=5 arch=flat alloc=per_budget prior=discriminative head=fixed beta_u=0.1 replay_k=1 λ=(1.0,1.0,1.0)
  ▶ A5 (Ours (Replay+KD+eq)) seed=9
    ── stage 0: tcga_lung
      epoch 1/5 n=762 mean_loss=0.6487
      epoch 2/5 n=762 mean_loss=0.4547
      epoch 3/5 n=762 mean_loss=0.4040
      epoch 4/5 n=762 mean_loss=0.3812
      epoch 5/5 n=762 mean_loss=0.4018
       記憶體 +762 → |M|=512
       eval tcga_lung  class-IL=0.8696 task-IL=0.8804
    ── stage 1: tcga_brca
      epoch 1/5 n=760 mean_loss=1.6560
      epoch 2/5 n=760 mean_loss=1.4501
      epoch 3/5 n=760 mean_loss=1.2872
      epoch 4/5 n=760 mean_loss=1.2221
      epoch 5/5 n=760 mean_loss=1.0860
       記憶體 +760 → |M|=512
       eval tcga_lung  class-IL=0.8043 task-IL=0.8370
       eval tcga_brca  class-IL=0.8283 task-IL=0.8485
    ── stage 2: tcga_rcc
      epoch 1/5 n=612 mean_loss=1.3854
      epoch 2/5 n=612 mean_loss=1.0169
      epoch 3/5 n=612 mean_loss=1.0619
      epoch 4/5 n=612 mean_loss=1.1343
      epoch 5/5 n=612 mean_loss=0.8593
       記憶體 +612 → |M|=512
       eval tcga_lung  class-IL=0.8152 task-IL=0.8804
       eval tcga_brca  class-IL=0.8485 task-IL=0.8586
       eval tcga_rcc   class-IL=0.9012 task-IL=0.9012
    ── stage 3: tcga_esca
      epoch 1/5 n=121 mean_loss=2.7608
      epoch 2/5 n=121 mean_loss=1.7380
      epoch 3/5 n=121 mean_loss=1.6023
      epoch 4/5 n=121 mean_loss=1.1877
      epoch 5/5 n=121 mean_loss=1.1487
       記憶體 +121 → |M|=512
       eval tcga_lung  class-IL=0.8478 task-IL=0.8804
       eval tcga_brca  class-IL=0.8283 task-IL=0.8485
       eval tcga_rcc   class-IL=0.9136 task-IL=0.9136
       eval tcga_esca  class-IL=0.7857 task-IL=1.0000

→ outputs/exp3/sota_fixed/EXP2.md
