Exp2  arms=['A5']  order=main  seeds=[4]  B=8 c=1 epochs=5 arch=hier alloc=per_budget prior=discriminative head=fixed beta_u=0.1 replay_k=1 λ=(1.0,1.0,1.0)
  ▶ A5 (Ours (Replay+KD+eq)) seed=4
    ── stage 0: tcga_lung
      epoch 1/5 n=756 mean_loss=0.6512
      epoch 2/5 n=756 mean_loss=0.4277
      epoch 3/5 n=756 mean_loss=0.4230
      epoch 4/5 n=756 mean_loss=0.3526
      epoch 5/5 n=756 mean_loss=0.3836
       記憶體 +756 → |M|=512
       eval tcga_lung  class-IL=0.7857 task-IL=0.7857
    ── stage 1: tcga_brca
      epoch 1/5 n=762 mean_loss=2.2405
      epoch 2/5 n=762 mean_loss=1.8193
      epoch 3/5 n=762 mean_loss=1.7031
      epoch 4/5 n=762 mean_loss=1.7542
      epoch 5/5 n=762 mean_loss=1.3888
       記憶體 +762 → |M|=512
       eval tcga_lung  class-IL=0.8304 task-IL=0.8393
       eval tcga_brca  class-IL=0.8617 task-IL=0.9255
    ── stage 2: tcga_rcc
      epoch 1/5 n=613 mean_loss=1.8102
      epoch 2/5 n=613 mean_loss=2.0750
      epoch 3/5 n=613 mean_loss=2.1665
      epoch 4/5 n=613 mean_loss=1.5336
      epoch 5/5 n=613 mean_loss=1.7543
       記憶體 +613 → |M|=512
       eval tcga_lung  class-IL=0.8393 task-IL=0.8571
       eval tcga_brca  class-IL=0.7766 task-IL=0.8617
       eval tcga_rcc   class-IL=0.8718 task-IL=0.9231
    ── stage 3: tcga_esca
      epoch 1/5 n=119 mean_loss=4.2121
      epoch 2/5 n=119 mean_loss=2.5064
      epoch 3/5 n=119 mean_loss=2.1278
      epoch 4/5 n=119 mean_loss=2.4887
      epoch 5/5 n=119 mean_loss=2.7202
       記憶體 +119 → |M|=512
       eval tcga_lung  class-IL=0.6964 task-IL=0.8393
       eval tcga_brca  class-IL=0.8085 task-IL=0.8936
       eval tcga_rcc   class-IL=0.8846 task-IL=0.9103
       eval tcga_esca  class-IL=0.9375 task-IL=1.0000

→ outputs/exp3/sota_fixed/EXP2_hier.md
