Exp2  arms=['A5']  order=reverse  seeds=[9]  B=8 c=1 epochs=5 arch=flat alloc=per_budget prior=discriminative head=accumulating uold=current beta_u=0.1 replay_k=1 λ=(1.0,1.0,1.0)
  ▶ A5 (Ours (Replay+KD+eq)) seed=9
    ── stage 0: tcga_esca
      epoch 1/5 n=121 mean_loss=0.2694
      epoch 2/5 n=121 mean_loss=0.2446
      epoch 3/5 n=121 mean_loss=0.1581
      epoch 4/5 n=121 mean_loss=0.0998
      epoch 5/5 n=121 mean_loss=0.0475
       記憶體 +121 → |M|=121
       eval tcga_esca  class-IL=0.9286 task-IL=0.9286
    ── stage 1: tcga_rcc
      epoch 1/5 n=612 mean_loss=0.4267
      epoch 2/5 n=612 mean_loss=0.3325
      epoch 3/5 n=612 mean_loss=0.3274
      epoch 4/5 n=612 mean_loss=0.2373
      epoch 5/5 n=612 mean_loss=0.2293
       記憶體 +612 → |M|=512
       eval tcga_esca  class-IL=1.0000 task-IL=1.0000
       eval tcga_rcc   class-IL=0.9136 task-IL=0.9136
    ── stage 2: tcga_brca
      epoch 1/5 n=760 mean_loss=1.0028
      epoch 2/5 n=760 mean_loss=1.0517
      epoch 3/5 n=760 mean_loss=0.7023
      epoch 4/5 n=760 mean_loss=0.7767
      epoch 5/5 n=760 mean_loss=0.8784
       記憶體 +760 → |M|=512
       eval tcga_esca  class-IL=1.0000 task-IL=1.0000
       eval tcga_rcc   class-IL=0.9383 task-IL=0.9383
       eval tcga_brca  class-IL=0.8788 task-IL=0.8889
    ── stage 3: tcga_lung
      epoch 1/5 n=762 mean_loss=1.7423
      epoch 2/5 n=762 mean_loss=1.3660
      epoch 3/5 n=762 mean_loss=1.2606
      epoch 4/5 n=762 mean_loss=1.1662
      epoch 5/5 n=762 mean_loss=1.3298
       記憶體 +762 → |M|=512
       eval tcga_esca  class-IL=0.5000 task-IL=1.0000
       eval tcga_rcc   class-IL=0.9012 task-IL=0.9259
       eval tcga_brca  class-IL=0.8687 task-IL=0.8889
       eval tcga_lung  class-IL=0.8696 task-IL=0.8696

→ outputs/exp3/sota_ucur/EXP2.md
