Exp2  arms=['A5']  order=main  seeds=[10]  B=8 c=1 epochs=5 arch=hier alloc=per_budget prior=discriminative head=accumulating beta_u=0.1 replay_k=1 λ=(1.0,1.0,1.0)
  ▶ A5 (Ours (Replay+KD+eq)) seed=10
    ── stage 0: tcga_lung
      epoch 1/5 n=771 mean_loss=0.7909
      epoch 2/5 n=771 mean_loss=0.5461
      epoch 3/5 n=771 mean_loss=0.4992
      epoch 4/5 n=771 mean_loss=0.4924
      epoch 5/5 n=771 mean_loss=0.4578
       記憶體 +771 → |M|=512
       eval tcga_lung  class-IL=0.8333 task-IL=0.8333
    ── stage 1: tcga_brca
      epoch 1/5 n=763 mean_loss=2.6221
      epoch 2/5 n=763 mean_loss=1.9363
      epoch 3/5 n=763 mean_loss=1.8909
      epoch 4/5 n=763 mean_loss=1.9770
      epoch 5/5 n=763 mean_loss=1.9385
       記憶體 +763 → |M|=512
       eval tcga_lung  class-IL=0.7667 task-IL=0.7778
       eval tcga_brca  class-IL=0.8681 task-IL=0.9121
    ── stage 2: tcga_rcc
      epoch 1/5 n=618 mean_loss=1.9295
      epoch 2/5 n=618 mean_loss=1.8460
      epoch 3/5 n=618 mean_loss=1.8022
      epoch 4/5 n=618 mean_loss=1.4538
      epoch 5/5 n=618 mean_loss=1.5816
       記憶體 +618 → |M|=512
       eval tcga_lung  class-IL=0.7778 task-IL=0.8000
       eval tcga_brca  class-IL=0.8462 task-IL=0.8901
       eval tcga_rcc   class-IL=0.8649 task-IL=0.9054
    ── stage 3: tcga_esca
      epoch 1/5 n=121 mean_loss=3.0299
      epoch 2/5 n=121 mean_loss=1.8384
      epoch 3/5 n=121 mean_loss=2.5134
      epoch 4/5 n=121 mean_loss=1.9584
      epoch 5/5 n=121 mean_loss=2.0364
       記憶體 +121 → |M|=512
       eval tcga_lung  class-IL=0.7556 task-IL=0.8222
       eval tcga_brca  class-IL=0.8462 task-IL=0.9121
       eval tcga_rcc   class-IL=0.9054 task-IL=0.9459
       eval tcga_esca  class-IL=0.8571 task-IL=0.9286

→ outputs/exp3/sota_acc/EXP2_hier.md
