Exp2  arms=['B2']  order=reverse  seeds=[4]  B=8 c=1 epochs=5 arch=flat alloc=per_budget prior=discriminative head=accumulating beta_u=0.1 replay_k=1 λ=(1.0,1.0,1.0)
  ▶ B2 (只 eq (λ_r=λ_kd=0)) seed=4
    ── stage 0: tcga_esca
      epoch 1/5 n=120 mean_loss=0.3262
      epoch 2/5 n=120 mean_loss=0.0376
      epoch 3/5 n=120 mean_loss=0.0349
      epoch 4/5 n=120 mean_loss=0.0801
      epoch 5/5 n=120 mean_loss=0.0328
       記憶體 +120 → |M|=120
       eval tcga_esca  class-IL=0.9333 task-IL=0.9333
    ── stage 1: tcga_rcc
      epoch 1/5 n=616 mean_loss=0.3497
      epoch 2/5 n=616 mean_loss=0.2807
      epoch 3/5 n=616 mean_loss=0.3388
      epoch 4/5 n=616 mean_loss=0.2360
      epoch 5/5 n=616 mean_loss=0.2549
       記憶體 +616 → |M|=512
       eval tcga_esca  class-IL=0.8667 task-IL=1.0000
       eval tcga_rcc   class-IL=0.9342 task-IL=0.9342
    ── stage 2: tcga_brca
      epoch 1/5 n=763 mean_loss=0.6258
      epoch 2/5 n=763 mean_loss=0.4302
      epoch 3/5 n=763 mean_loss=0.5233
      epoch 4/5 n=763 mean_loss=0.4525
      epoch 5/5 n=763 mean_loss=0.4681
       記憶體 +763 → |M|=512
       eval tcga_esca  class-IL=0.6000 task-IL=0.9333
       eval tcga_rcc   class-IL=0.8947 task-IL=0.9474
       eval tcga_brca  class-IL=0.8710 task-IL=0.8925
    ── stage 3: tcga_lung
      epoch 1/5 n=774 mean_loss=1.0824
      epoch 2/5 n=774 mean_loss=0.8661
      epoch 3/5 n=774 mean_loss=0.8884
      epoch 4/5 n=774 mean_loss=0.8155
      epoch 5/5 n=774 mean_loss=0.6440
       記憶體 +774 → |M|=512
       eval tcga_esca  class-IL=0.0667 task-IL=0.9333
       eval tcga_rcc   class-IL=0.8947 task-IL=0.9605
       eval tcga_brca  class-IL=0.7957 task-IL=0.9032
       eval tcga_lung  class-IL=0.8526 task-IL=0.8526

→ outputs/exp3/ablation_acc/EXP2.md
