Exp2  arms=['A5']  order=reverse  seeds=[1]  B=4 c=1 epochs=5 arch=hier alloc=per_budget prior=discriminative head=accumulating uold=current beta_u=0.1 replay_k=1 λ=(1.0,1.0,1.0)
  ▶ A5 (Ours (Replay+KD+eq)) seed=1
    ── stage 0: tcga_esca
      epoch 1/5 n=120 mean_loss=0.3786
      epoch 2/5 n=120 mean_loss=0.0824
      epoch 3/5 n=120 mean_loss=0.0459
      epoch 4/5 n=120 mean_loss=0.0301
      epoch 5/5 n=120 mean_loss=0.0341
       記憶體 +120 → |M|=120
       eval tcga_esca  class-IL=0.9333 task-IL=0.9333
    ── stage 1: tcga_rcc
      epoch 1/5 n=616 mean_loss=0.4530
      epoch 2/5 n=616 mean_loss=0.3378
      epoch 3/5 n=616 mean_loss=0.3896
      epoch 4/5 n=616 mean_loss=0.3064
      epoch 5/5 n=616 mean_loss=0.3371
       記憶體 +616 → |M|=512
       eval tcga_esca  class-IL=0.9333 task-IL=0.9333
       eval tcga_rcc   class-IL=0.9474 task-IL=0.9474
    ── stage 2: tcga_brca
      epoch 1/5 n=763 mean_loss=1.4516
      epoch 2/5 n=763 mean_loss=1.3097
      epoch 3/5 n=763 mean_loss=1.2364
      epoch 4/5 n=763 mean_loss=1.1417
      epoch 5/5 n=763 mean_loss=1.2155
       記憶體 +763 → |M|=512
       eval tcga_esca  class-IL=0.7333 task-IL=0.8667
       eval tcga_rcc   class-IL=0.9737 task-IL=0.9737
       eval tcga_brca  class-IL=0.7742 task-IL=0.8280
    ── stage 3: tcga_lung
      epoch 1/5 n=774 mean_loss=2.1185
      epoch 2/5 n=774 mean_loss=1.7795
      epoch 3/5 n=774 mean_loss=1.8316
      epoch 4/5 n=774 mean_loss=2.0098
      epoch 5/5 n=774 mean_loss=1.6222
       記憶體 +774 → |M|=512
       eval tcga_esca  class-IL=0.4667 task-IL=0.8667
       eval tcga_rcc   class-IL=0.9079 task-IL=0.9342
       eval tcga_brca  class-IL=0.8065 task-IL=0.8495
       eval tcga_lung  class-IL=0.7895 task-IL=0.8526

→ outputs/exp3/sota_ucur_b4/EXP2.md
