Exp2  arms=['A5']  order=main  seeds=[7]  B=8 c=1 epochs=5 arch=hier alloc=per_budget prior=discriminative head=accumulating uold=current beta_u=0.1 replay_k=1 λ=(1.0,1.0,1.0)
  ▶ A5 (Ours (Replay+KD+eq)) seed=7
    ── stage 0: tcga_lung
      epoch 1/5 n=774 mean_loss=0.7122
      epoch 2/5 n=774 mean_loss=0.5001
      epoch 3/5 n=774 mean_loss=0.4247
      epoch 4/5 n=774 mean_loss=0.3858
      epoch 5/5 n=774 mean_loss=0.4415
       記憶體 +774 → |M|=512
       eval tcga_lung  class-IL=0.8866 task-IL=0.8866
    ── stage 1: tcga_brca
      epoch 1/5 n=760 mean_loss=1.6712
      epoch 2/5 n=760 mean_loss=1.3896
      epoch 3/5 n=760 mean_loss=1.2976
      epoch 4/5 n=760 mean_loss=1.1962
      epoch 5/5 n=760 mean_loss=1.0523
       記憶體 +760 → |M|=512
       eval tcga_lung  class-IL=0.8557 task-IL=0.9072
       eval tcga_brca  class-IL=0.8438 task-IL=0.8646
    ── stage 2: tcga_rcc
      epoch 1/5 n=615 mean_loss=1.2729
      epoch 2/5 n=615 mean_loss=1.1376
      epoch 3/5 n=615 mean_loss=0.7773
      epoch 4/5 n=615 mean_loss=1.0344
      epoch 5/5 n=615 mean_loss=0.9460
       記憶體 +615 → |M|=512
       eval tcga_lung  class-IL=0.8557 task-IL=0.9175
       eval tcga_brca  class-IL=0.8958 task-IL=0.9062
       eval tcga_rcc   class-IL=0.9200 task-IL=0.9200
    ── stage 3: tcga_esca
      epoch 1/5 n=120 mean_loss=1.9966
      epoch 2/5 n=120 mean_loss=1.5594
      epoch 3/5 n=120 mean_loss=1.4331
      epoch 4/5 n=120 mean_loss=1.6713
      epoch 5/5 n=120 mean_loss=1.4384
       記憶體 +120 → |M|=512
       eval tcga_lung  class-IL=0.7835 task-IL=0.9278
       eval tcga_brca  class-IL=0.8854 task-IL=0.9062
       eval tcga_rcc   class-IL=0.9333 task-IL=0.9467
       eval tcga_esca  class-IL=0.7333 task-IL=0.8667

→ outputs/exp3/sota_ucur/EXP2_hier.md
