Exp2  arms=['B2']  order=reverse  seeds=[2]  B=8 c=1 epochs=5 arch=flat alloc=per_budget prior=discriminative head=fixed beta_u=0.1 replay_k=1 λ=(1.0,1.0,1.0)
  ▶ B2 (只 eq (λ_r=λ_kd=0)) seed=2
    ── stage 0: tcga_esca
      epoch 1/5 n=120 mean_loss=0.5715
      epoch 2/5 n=120 mean_loss=0.2234
      epoch 3/5 n=120 mean_loss=0.0734
      epoch 4/5 n=120 mean_loss=0.1335
      epoch 5/5 n=120 mean_loss=0.1558
       記憶體 +120 → |M|=120
       eval tcga_esca  class-IL=0.8667 task-IL=0.9333
    ── stage 1: tcga_rcc
      epoch 1/5 n=616 mean_loss=0.4115
      epoch 2/5 n=616 mean_loss=0.2499
      epoch 3/5 n=616 mean_loss=0.2694
      epoch 4/5 n=616 mean_loss=0.2868
      epoch 5/5 n=616 mean_loss=0.3066
       記憶體 +616 → |M|=512
       eval tcga_esca  class-IL=0.8000 task-IL=0.9333
       eval tcga_rcc   class-IL=0.9342 task-IL=0.9342
    ── stage 2: tcga_brca
      epoch 1/5 n=763 mean_loss=0.8151
      epoch 2/5 n=763 mean_loss=0.7480
      epoch 3/5 n=763 mean_loss=0.7660
      epoch 4/5 n=763 mean_loss=0.6419
      epoch 5/5 n=763 mean_loss=0.6455
       記憶體 +763 → |M|=512
       eval tcga_esca  class-IL=0.6000 task-IL=0.8667
       eval tcga_rcc   class-IL=0.8684 task-IL=0.9342
       eval tcga_brca  class-IL=0.8280 task-IL=0.8495
    ── stage 3: tcga_lung
      epoch 1/5 n=774 mean_loss=1.7306
      epoch 2/5 n=774 mean_loss=1.2180
      epoch 3/5 n=774 mean_loss=0.9455
      epoch 4/5 n=774 mean_loss=1.0684
      epoch 5/5 n=774 mean_loss=0.9068
       記憶體 +774 → |M|=512
       eval tcga_esca  class-IL=0.7333 task-IL=0.8667
       eval tcga_rcc   class-IL=0.9605 task-IL=0.9737
       eval tcga_brca  class-IL=0.7419 task-IL=0.8280
       eval tcga_lung  class-IL=0.8105 task-IL=0.8632

→ outputs/exp3/ablation_fixed/EXP2.md
