Exp2  arms=['A5']  order=main  seeds=[6]  B=4 c=1 epochs=5 arch=hier alloc=per_budget prior=discriminative head=accumulating uold=current beta_u=0.1 replay_k=1 λ=(1.0,1.0,1.0)
  ▶ A5 (Ours (Replay+KD+eq)) seed=6
    ── stage 0: tcga_lung
      epoch 1/5 n=759 mean_loss=0.6786
      epoch 2/5 n=759 mean_loss=0.4841
      epoch 3/5 n=759 mean_loss=0.4321
      epoch 4/5 n=759 mean_loss=0.4078
      epoch 5/5 n=759 mean_loss=0.3918
       記憶體 +759 → |M|=512
       eval tcga_lung  class-IL=0.9205 task-IL=0.9205
    ── stage 1: tcga_brca
      epoch 1/5 n=758 mean_loss=2.2970
      epoch 2/5 n=758 mean_loss=1.6904
      epoch 3/5 n=758 mean_loss=1.5062
      epoch 4/5 n=758 mean_loss=1.3965
      epoch 5/5 n=758 mean_loss=1.2966
       記憶體 +758 → |M|=512
       eval tcga_lung  class-IL=0.9432 task-IL=0.9545
       eval tcga_brca  class-IL=0.8776 task-IL=0.9082
    ── stage 2: tcga_rcc
      epoch 1/5 n=616 mean_loss=1.1652
      epoch 2/5 n=616 mean_loss=1.0050
      epoch 3/5 n=616 mean_loss=1.0114
      epoch 4/5 n=616 mean_loss=0.7990
      epoch 5/5 n=616 mean_loss=1.0502
       記憶體 +616 → |M|=512
       eval tcga_lung  class-IL=0.8977 task-IL=0.9432
       eval tcga_brca  class-IL=0.8878 task-IL=0.9082
       eval tcga_rcc   class-IL=0.9091 task-IL=0.9481
    ── stage 3: tcga_esca
      epoch 1/5 n=119 mean_loss=2.7722
      epoch 2/5 n=119 mean_loss=1.6028
      epoch 3/5 n=119 mean_loss=1.3917
      epoch 4/5 n=119 mean_loss=1.8888
      epoch 5/5 n=119 mean_loss=1.4009
       記憶體 +119 → |M|=512
       eval tcga_lung  class-IL=0.8068 task-IL=0.9545
       eval tcga_brca  class-IL=0.8469 task-IL=0.9184
       eval tcga_rcc   class-IL=0.9221 task-IL=0.9351
       eval tcga_esca  class-IL=0.8125 task-IL=0.8750

→ outputs/exp3/sota_ucur_b4/EXP2.md
