Exp2  arms=['A3']  order=reverse  seeds=[3]  B=8 c=1 epochs=5 arch=flat alloc=per_budget prior=discriminative head=fixed beta_u=0.1 replay_k=1 λ=(1.0,1.0,1.0)
  ▶ A3 (+ Replay) seed=3
    ── stage 0: tcga_esca
      epoch 1/5 n=120 mean_loss=0.5415
      epoch 2/5 n=120 mean_loss=0.2037
      epoch 3/5 n=120 mean_loss=0.1161
      epoch 4/5 n=120 mean_loss=0.0515
      epoch 5/5 n=120 mean_loss=0.0385
       記憶體 +120 → |M|=120
       eval tcga_esca  class-IL=0.8000 task-IL=0.8667
    ── stage 1: tcga_rcc
      epoch 1/5 n=616 mean_loss=0.5611
      epoch 2/5 n=616 mean_loss=0.4551
      epoch 3/5 n=616 mean_loss=0.3669
      epoch 4/5 n=616 mean_loss=0.3923
      epoch 5/5 n=616 mean_loss=0.2913
       記憶體 +616 → |M|=512
       eval tcga_esca  class-IL=0.8000 task-IL=0.8667
       eval tcga_rcc   class-IL=0.9474 task-IL=0.9474
    ── stage 2: tcga_brca
      epoch 1/5 n=763 mean_loss=1.1446
      epoch 2/5 n=763 mean_loss=0.8689
      epoch 3/5 n=763 mean_loss=0.8561
      epoch 4/5 n=763 mean_loss=0.8403
      epoch 5/5 n=763 mean_loss=0.6545
       記憶體 +763 → |M|=512
       eval tcga_esca  class-IL=0.6667 task-IL=0.8667
       eval tcga_rcc   class-IL=0.9079 task-IL=0.9605
       eval tcga_brca  class-IL=0.8280 task-IL=0.8602
    ── stage 3: tcga_lung
      epoch 1/5 n=774 mean_loss=1.6498
      epoch 2/5 n=774 mean_loss=1.3027
      epoch 3/5 n=774 mean_loss=1.2202
      epoch 4/5 n=774 mean_loss=1.2272
      epoch 5/5 n=774 mean_loss=1.1475
       記憶體 +774 → |M|=512
       eval tcga_esca  class-IL=0.6667 task-IL=0.8667
       eval tcga_rcc   class-IL=0.9079 task-IL=0.9474
       eval tcga_brca  class-IL=0.8172 task-IL=0.8925
       eval tcga_lung  class-IL=0.8211 task-IL=0.8632

→ outputs/exp3/ablation_fixed/EXP2.md
