Exp2  arms=['A5']  order=reverse  seeds=[8]  B=8 c=1 epochs=5 arch=hier alloc=per_budget prior=discriminative head=accumulating uold=current beta_u=0.1 replay_k=1 λ=(1.0,1.0,1.0)
  ▶ A5 (Ours (Replay+KD+eq)) seed=8
    ── stage 0: tcga_esca
      epoch 1/5 n=120 mean_loss=0.3892
      epoch 2/5 n=120 mean_loss=0.0979
      epoch 3/5 n=120 mean_loss=0.0770
      epoch 4/5 n=120 mean_loss=0.0641
      epoch 5/5 n=120 mean_loss=0.0324
       記憶體 +120 → |M|=120
       eval tcga_esca  class-IL=0.8000 task-IL=0.8000
    ── stage 1: tcga_rcc
      epoch 1/5 n=617 mean_loss=0.5432
      epoch 2/5 n=617 mean_loss=0.4214
      epoch 3/5 n=617 mean_loss=0.3960
      epoch 4/5 n=617 mean_loss=0.3621
      epoch 5/5 n=617 mean_loss=0.2867
       記憶體 +617 → |M|=512
       eval tcga_esca  class-IL=0.8667 task-IL=0.8667
       eval tcga_rcc   class-IL=0.8816 task-IL=0.8947
    ── stage 2: tcga_brca
      epoch 1/5 n=762 mean_loss=1.1054
      epoch 2/5 n=762 mean_loss=0.9731
      epoch 3/5 n=762 mean_loss=0.9873
      epoch 4/5 n=762 mean_loss=0.8365
      epoch 5/5 n=762 mean_loss=0.7114
       記憶體 +762 → |M|=512
       eval tcga_esca  class-IL=0.8667 task-IL=0.8667
       eval tcga_rcc   class-IL=0.9605 task-IL=0.9605
       eval tcga_brca  class-IL=0.8125 task-IL=0.8333
    ── stage 3: tcga_lung
      epoch 1/5 n=777 mean_loss=1.8738
      epoch 2/5 n=777 mean_loss=1.7367
      epoch 3/5 n=777 mean_loss=1.4977
      epoch 4/5 n=777 mean_loss=1.5298
      epoch 5/5 n=777 mean_loss=1.3853
       記憶體 +777 → |M|=512
       eval tcga_esca  class-IL=0.6000 task-IL=0.9333
       eval tcga_rcc   class-IL=0.8947 task-IL=0.9079
       eval tcga_brca  class-IL=0.8125 task-IL=0.8333
       eval tcga_lung  class-IL=0.8495 task-IL=0.9247

→ outputs/exp3/sota_ucur/EXP2_hier.md
