Exp2  arms=['A5']  order=reverse  seeds=[8]  B=8 c=1 epochs=5 arch=flat alloc=per_budget prior=discriminative head=accumulating beta_u=0.1 replay_k=1 λ=(1.0,1.0,1.0)
  ▶ A5 (Ours (Replay+KD+eq)) seed=8
    ── stage 0: tcga_esca
      epoch 1/5 n=120 mean_loss=0.3718
      epoch 2/5 n=120 mean_loss=0.0535
      epoch 3/5 n=120 mean_loss=0.0436
      epoch 4/5 n=120 mean_loss=0.0168
      epoch 5/5 n=120 mean_loss=0.0124
       記憶體 +120 → |M|=120
       eval tcga_esca  class-IL=0.8667 task-IL=0.8667
    ── stage 1: tcga_rcc
      epoch 1/5 n=617 mean_loss=0.4185
      epoch 2/5 n=617 mean_loss=0.2827
      epoch 3/5 n=617 mean_loss=0.3591
      epoch 4/5 n=617 mean_loss=0.2484
      epoch 5/5 n=617 mean_loss=0.2389
       記憶體 +617 → |M|=512
       eval tcga_esca  class-IL=0.8667 task-IL=0.8667
       eval tcga_rcc   class-IL=0.8684 task-IL=0.8816
    ── stage 2: tcga_brca
      epoch 1/5 n=762 mean_loss=1.0387
      epoch 2/5 n=762 mean_loss=1.1188
      epoch 3/5 n=762 mean_loss=0.9688
      epoch 4/5 n=762 mean_loss=0.8437
      epoch 5/5 n=762 mean_loss=0.7984
       記憶體 +762 → |M|=512
       eval tcga_esca  class-IL=0.8667 task-IL=0.9333
       eval tcga_rcc   class-IL=0.9211 task-IL=0.9342
       eval tcga_brca  class-IL=0.8542 task-IL=0.8646
    ── stage 3: tcga_lung
      epoch 1/5 n=777 mean_loss=1.5651
      epoch 2/5 n=777 mean_loss=1.4077
      epoch 3/5 n=777 mean_loss=1.2310
      epoch 4/5 n=777 mean_loss=1.2110
      epoch 5/5 n=777 mean_loss=1.0832
       記憶體 +777 → |M|=512
       eval tcga_esca  class-IL=0.6000 task-IL=0.9333
       eval tcga_rcc   class-IL=0.9211 task-IL=0.9342
       eval tcga_brca  class-IL=0.8542 task-IL=0.8646
       eval tcga_lung  class-IL=0.7634 task-IL=0.8495

→ outputs/exp3/sota_acc/EXP2.md
