Exp2  arms=['A5']  order=reverse  seeds=[4]  B=16 c=1 epochs=5 arch=hier alloc=per_budget prior=discriminative head=accumulating uold=current beta_u=0.1 replay_k=1 λ=(1.0,1.0,1.0)
  ▶ A5 (Ours (Replay+KD+eq)) seed=4
    ── stage 0: tcga_esca
      epoch 1/5 n=119 mean_loss=0.4766
      epoch 2/5 n=119 mean_loss=0.1271
      epoch 3/5 n=119 mean_loss=0.0481
      epoch 4/5 n=119 mean_loss=0.0196
      epoch 5/5 n=119 mean_loss=0.0116
       記憶體 +119 → |M|=119
       eval tcga_esca  class-IL=1.0000 task-IL=1.0000
    ── stage 1: tcga_rcc
      epoch 1/5 n=613 mean_loss=0.3330
      epoch 2/5 n=613 mean_loss=0.2773
      epoch 3/5 n=613 mean_loss=0.2218
      epoch 4/5 n=613 mean_loss=0.2302
      epoch 5/5 n=613 mean_loss=0.1754
       記憶體 +613 → |M|=512
       eval tcga_esca  class-IL=1.0000 task-IL=1.0000
       eval tcga_rcc   class-IL=0.9231 task-IL=0.9231
    ── stage 2: tcga_brca
      epoch 1/5 n=762 mean_loss=1.0733
      epoch 2/5 n=762 mean_loss=0.8412
      epoch 3/5 n=762 mean_loss=0.7850
      epoch 4/5 n=762 mean_loss=0.6187
      epoch 5/5 n=762 mean_loss=0.5727
       記憶體 +762 → |M|=512
       eval tcga_esca  class-IL=0.9375 task-IL=1.0000
       eval tcga_rcc   class-IL=0.9231 task-IL=0.9231
       eval tcga_brca  class-IL=0.8404 task-IL=0.9255
    ── stage 3: tcga_lung
      epoch 1/5 n=756 mean_loss=1.2925
      epoch 2/5 n=756 mean_loss=1.0607
      epoch 3/5 n=756 mean_loss=1.0067
      epoch 4/5 n=756 mean_loss=0.8214
      epoch 5/5 n=756 mean_loss=0.8173
       記憶體 +756 → |M|=512
       eval tcga_esca  class-IL=0.6875 task-IL=0.9375
       eval tcga_rcc   class-IL=0.8718 task-IL=0.9103
       eval tcga_brca  class-IL=0.8723 task-IL=0.9468
       eval tcga_lung  class-IL=0.8750 task-IL=0.8750

→ outputs/exp3/sota_ucur_b16/EXP2.md
