Exp2  arms=['A3']  order=reverse  seeds=[3]  B=8 c=1 epochs=5 arch=flat alloc=per_budget prior=discriminative head=accumulating beta_u=0.1 replay_k=1 λ=(1.0,1.0,1.0)
  ▶ A3 (+ Replay) seed=3
    ── stage 0: tcga_esca
      epoch 1/5 n=120 mean_loss=0.3006
      epoch 2/5 n=120 mean_loss=0.1074
      epoch 3/5 n=120 mean_loss=0.1949
      epoch 4/5 n=120 mean_loss=0.0500
      epoch 5/5 n=120 mean_loss=0.0464
       記憶體 +120 → |M|=120
       eval tcga_esca  class-IL=1.0000 task-IL=1.0000
    ── stage 1: tcga_rcc
      epoch 1/5 n=617 mean_loss=0.4052
      epoch 2/5 n=617 mean_loss=0.2344
      epoch 3/5 n=617 mean_loss=0.2647
      epoch 4/5 n=617 mean_loss=0.2443
      epoch 5/5 n=617 mean_loss=0.2304
       記憶體 +617 → |M|=512
       eval tcga_esca  class-IL=1.0000 task-IL=1.0000
       eval tcga_rcc   class-IL=0.9211 task-IL=0.9605
    ── stage 2: tcga_brca
      epoch 1/5 n=763 mean_loss=1.0488
      epoch 2/5 n=763 mean_loss=0.9664
      epoch 3/5 n=763 mean_loss=0.9749
      epoch 4/5 n=763 mean_loss=0.8102
      epoch 5/5 n=763 mean_loss=0.7476
       記憶體 +763 → |M|=512
       eval tcga_esca  class-IL=0.8000 task-IL=0.8000
       eval tcga_rcc   class-IL=0.9342 task-IL=0.9474
       eval tcga_brca  class-IL=0.8750 task-IL=0.9062
    ── stage 3: tcga_lung
      epoch 1/5 n=765 mean_loss=1.1913
      epoch 2/5 n=765 mean_loss=1.1121
      epoch 3/5 n=765 mean_loss=0.9190
      epoch 4/5 n=765 mean_loss=0.9340
      epoch 5/5 n=765 mean_loss=1.0566
       記憶體 +765 → |M|=512
       eval tcga_esca  class-IL=0.5333 task-IL=0.8000
       eval tcga_rcc   class-IL=0.9342 task-IL=0.9605
       eval tcga_brca  class-IL=0.8542 task-IL=0.9167
       eval tcga_lung  class-IL=0.8785 task-IL=0.9065

→ outputs/exp3/sota_acc/EXP2.md
