Exp2  arms=['B1']  order=reverse  seeds=[3]  B=8 c=1 epochs=5 arch=flat alloc=per_budget prior=discriminative head=fixed beta_u=0.1 replay_k=1 λ=(1.0,1.0,1.0)
  ▶ B1 (只 KD (λ_r=λ_eq=0)) seed=3
    ── stage 0: tcga_esca
      epoch 1/5 n=120 mean_loss=0.5415
      epoch 2/5 n=120 mean_loss=0.2037
      epoch 3/5 n=120 mean_loss=0.1161
      epoch 4/5 n=120 mean_loss=0.0515
      epoch 5/5 n=120 mean_loss=0.0385
       記憶體 +120 → |M|=120
       eval tcga_esca  class-IL=0.8000 task-IL=0.8667
    ── stage 1: tcga_rcc
      epoch 1/5 n=616 mean_loss=0.3052
      epoch 2/5 n=616 mean_loss=0.2267
      epoch 3/5 n=616 mean_loss=0.1619
      epoch 4/5 n=616 mean_loss=0.1303
      epoch 5/5 n=616 mean_loss=0.1480
       記憶體 +616 → |M|=512
       eval tcga_esca  class-IL=0.8667 task-IL=0.9333
       eval tcga_rcc   class-IL=0.9211 task-IL=0.9211
    ── stage 2: tcga_brca
      epoch 1/5 n=763 mean_loss=0.3905
      epoch 2/5 n=763 mean_loss=0.3606
      epoch 3/5 n=763 mean_loss=0.3282
      epoch 4/5 n=763 mean_loss=0.2992
      epoch 5/5 n=763 mean_loss=0.3158
       記憶體 +763 → |M|=512
       eval tcga_esca  class-IL=0.4667 task-IL=0.8000
       eval tcga_rcc   class-IL=0.4474 task-IL=0.8553
       eval tcga_brca  class-IL=0.8710 task-IL=0.8817
    ── stage 3: tcga_lung
      epoch 1/5 n=774 mean_loss=0.6077
      epoch 2/5 n=774 mean_loss=0.4513
      epoch 3/5 n=774 mean_loss=0.4046
      epoch 4/5 n=774 mean_loss=0.3274
      epoch 5/5 n=774 mean_loss=0.3509
       記憶體 +774 → |M|=512
       eval tcga_esca  class-IL=0.2667 task-IL=0.8667
       eval tcga_rcc   class-IL=0.4868 task-IL=0.7763
       eval tcga_brca  class-IL=0.5699 task-IL=0.8280
       eval tcga_lung  class-IL=0.8842 task-IL=0.8947

→ outputs/exp3/ablation_fixed/EXP2.md
