Exp2  arms=['B2']  order=reverse  seeds=[3]  B=8 c=1 epochs=5 arch=flat alloc=per_budget prior=discriminative head=accumulating uold=current beta_u=0.1 replay_k=1 λ=(1.0,1.0,1.0)
  ▶ B2 (只 eq (λ_r=λ_kd=0)) seed=3
    ── stage 0: tcga_esca
      epoch 1/5 n=120 mean_loss=0.2726
      epoch 2/5 n=120 mean_loss=0.0528
      epoch 3/5 n=120 mean_loss=0.0201
      epoch 4/5 n=120 mean_loss=0.0132
      epoch 5/5 n=120 mean_loss=0.0154
       記憶體 +120 → |M|=120
       eval tcga_esca  class-IL=1.0000 task-IL=1.0000
    ── stage 1: tcga_rcc
      epoch 1/5 n=616 mean_loss=0.4827
      epoch 2/5 n=616 mean_loss=0.3152
      epoch 3/5 n=616 mean_loss=0.2663
      epoch 4/5 n=616 mean_loss=0.2838
      epoch 5/5 n=616 mean_loss=0.2498
       記憶體 +616 → |M|=512
       eval tcga_esca  class-IL=1.0000 task-IL=1.0000
       eval tcga_rcc   class-IL=0.9474 task-IL=0.9474
    ── stage 2: tcga_brca
      epoch 1/5 n=763 mean_loss=0.8851
      epoch 2/5 n=763 mean_loss=0.8583
      epoch 3/5 n=763 mean_loss=0.9442
      epoch 4/5 n=763 mean_loss=0.7394
      epoch 5/5 n=763 mean_loss=0.6269
       記憶體 +763 → |M|=512
       eval tcga_esca  class-IL=0.9333 task-IL=0.9333
       eval tcga_rcc   class-IL=0.8816 task-IL=0.9474
       eval tcga_brca  class-IL=0.8710 task-IL=0.8925
    ── stage 3: tcga_lung
      epoch 1/5 n=774 mean_loss=1.2072
      epoch 2/5 n=774 mean_loss=0.9829
      epoch 3/5 n=774 mean_loss=0.9442
      epoch 4/5 n=774 mean_loss=0.9640
      epoch 5/5 n=774 mean_loss=0.9556
       記憶體 +774 → |M|=512
       eval tcga_esca  class-IL=0.6000 task-IL=0.8667
       eval tcga_rcc   class-IL=0.9211 task-IL=0.9474
       eval tcga_brca  class-IL=0.8387 task-IL=0.8710
       eval tcga_lung  class-IL=0.8526 task-IL=0.8947

→ outputs/exp3/ablation_ucur/EXP2.md
