Exp2  arms=['A5']  order=main  seeds=[3]  B=8 c=1 epochs=5 arch=hier alloc=per_budget prior=discriminative head=accumulating beta_u=0.1 replay_k=1 λ=(1.0,1.0,1.0)
  ▶ A5 (Ours (Replay+KD+eq)) seed=3
    ── stage 0: tcga_lung
      epoch 1/5 n=765 mean_loss=0.5310
      epoch 2/5 n=765 mean_loss=0.4204
      epoch 3/5 n=765 mean_loss=0.3523
      epoch 4/5 n=765 mean_loss=0.4665
      epoch 5/5 n=765 mean_loss=0.3344
       記憶體 +765 → |M|=512
       eval tcga_lung  class-IL=0.8692 task-IL=0.8692
    ── stage 1: tcga_brca
      epoch 1/5 n=763 mean_loss=2.0144
      epoch 2/5 n=763 mean_loss=1.6769
      epoch 3/5 n=763 mean_loss=1.5924
      epoch 4/5 n=763 mean_loss=1.5934
      epoch 5/5 n=763 mean_loss=1.4760
       記憶體 +763 → |M|=512
       eval tcga_lung  class-IL=0.7664 task-IL=0.8785
       eval tcga_brca  class-IL=0.8021 task-IL=0.8438
    ── stage 2: tcga_rcc
      epoch 1/5 n=617 mean_loss=1.7995
      epoch 2/5 n=617 mean_loss=1.6305
      epoch 3/5 n=617 mean_loss=1.2829
      epoch 4/5 n=617 mean_loss=1.3116
      epoch 5/5 n=617 mean_loss=1.5688
       記憶體 +617 → |M|=512
       eval tcga_lung  class-IL=0.8318 task-IL=0.8879
       eval tcga_brca  class-IL=0.7708 task-IL=0.8333
       eval tcga_rcc   class-IL=0.8947 task-IL=0.9342
    ── stage 3: tcga_esca
      epoch 1/5 n=120 mean_loss=3.2333
      epoch 2/5 n=120 mean_loss=2.5497
      epoch 3/5 n=120 mean_loss=2.4753
      epoch 4/5 n=120 mean_loss=2.2189
      epoch 5/5 n=120 mean_loss=2.1522
       記憶體 +120 → |M|=512
       eval tcga_lung  class-IL=0.7103 task-IL=0.8505
       eval tcga_brca  class-IL=0.7396 task-IL=0.8542
       eval tcga_rcc   class-IL=0.9211 task-IL=0.9737
       eval tcga_esca  class-IL=0.8667 task-IL=0.9333

→ outputs/exp3/sota_acc/EXP2_hier.md
