Exp2  arms=['A5']  order=reverse  seeds=[4]  B=8 c=1 epochs=5 arch=hier alloc=per_budget prior=discriminative head=fixed beta_u=0.1 replay_k=1 λ=(1.0,1.0,1.0)
  ▶ A5 (Ours (Replay+KD+eq)) seed=4
    ── stage 0: tcga_esca
      epoch 1/5 n=119 mean_loss=0.9226
      epoch 2/5 n=119 mean_loss=0.2595
      epoch 3/5 n=119 mean_loss=0.1936
      epoch 4/5 n=119 mean_loss=0.2380
      epoch 5/5 n=119 mean_loss=0.2228
       記憶體 +119 → |M|=119
       eval tcga_esca  class-IL=1.0000 task-IL=1.0000
    ── stage 1: tcga_rcc
      epoch 1/5 n=613 mean_loss=0.8969
      epoch 2/5 n=613 mean_loss=0.5269
      epoch 3/5 n=613 mean_loss=0.6641
      epoch 4/5 n=613 mean_loss=0.5300
      epoch 5/5 n=613 mean_loss=0.5384
       記憶體 +613 → |M|=512
       eval tcga_esca  class-IL=0.9375 task-IL=1.0000
       eval tcga_rcc   class-IL=0.9487 task-IL=0.9487
    ── stage 2: tcga_brca
      epoch 1/5 n=762 mean_loss=1.2253
      epoch 2/5 n=762 mean_loss=0.9364
      epoch 3/5 n=762 mean_loss=0.9650
      epoch 4/5 n=762 mean_loss=0.8675
      epoch 5/5 n=762 mean_loss=0.7509
       記憶體 +762 → |M|=512
       eval tcga_esca  class-IL=0.9375 task-IL=0.9375
       eval tcga_rcc   class-IL=0.9231 task-IL=0.9231
       eval tcga_brca  class-IL=0.8191 task-IL=0.9043
    ── stage 3: tcga_lung
      epoch 1/5 n=756 mean_loss=1.7079
      epoch 2/5 n=756 mean_loss=1.2812
      epoch 3/5 n=756 mean_loss=1.3918
      epoch 4/5 n=756 mean_loss=1.1742
      epoch 5/5 n=756 mean_loss=1.0065
       記憶體 +756 → |M|=512
       eval tcga_esca  class-IL=0.7500 task-IL=0.8750
       eval tcga_rcc   class-IL=0.8846 task-IL=0.9103
       eval tcga_brca  class-IL=0.8085 task-IL=0.9043
       eval tcga_lung  class-IL=0.8750 task-IL=0.8750

→ outputs/exp3/sota_fixed/EXP2.md
