Exp2  arms=['A5']  order=main  seeds=[8]  B=8 c=1 epochs=5 arch=hier alloc=per_budget prior=discriminative head=accumulating beta_u=0.1 replay_k=1 λ=(1.0,1.0,1.0)
  ▶ A5 (Ours (Replay+KD+eq)) seed=8
    ── stage 0: tcga_lung
      epoch 1/5 n=777 mean_loss=0.7337
      epoch 2/5 n=777 mean_loss=0.4825
      epoch 3/5 n=777 mean_loss=0.3742
      epoch 4/5 n=777 mean_loss=0.3594
      epoch 5/5 n=777 mean_loss=0.4066
       記憶體 +777 → |M|=512
       eval tcga_lung  class-IL=0.8172 task-IL=0.8172
    ── stage 1: tcga_brca
      epoch 1/5 n=762 mean_loss=2.6545
      epoch 2/5 n=762 mean_loss=2.1437
      epoch 3/5 n=762 mean_loss=2.0376
      epoch 4/5 n=762 mean_loss=1.8667
      epoch 5/5 n=762 mean_loss=2.0146
       記憶體 +762 → |M|=512
       eval tcga_lung  class-IL=0.7527 task-IL=0.8280
       eval tcga_brca  class-IL=0.8646 task-IL=0.8854
    ── stage 2: tcga_rcc
      epoch 1/5 n=617 mean_loss=2.0638
      epoch 2/5 n=617 mean_loss=1.8311
      epoch 3/5 n=617 mean_loss=2.1633
      epoch 4/5 n=617 mean_loss=1.8278
      epoch 5/5 n=617 mean_loss=1.6130
       記憶體 +617 → |M|=512
       eval tcga_lung  class-IL=0.7634 task-IL=0.8387
       eval tcga_brca  class-IL=0.8646 task-IL=0.8646
       eval tcga_rcc   class-IL=0.9342 task-IL=0.9474
    ── stage 3: tcga_esca
      epoch 1/5 n=120 mean_loss=3.3887
      epoch 2/5 n=120 mean_loss=1.8247
      epoch 3/5 n=120 mean_loss=2.0705
      epoch 4/5 n=120 mean_loss=2.0360
      epoch 5/5 n=120 mean_loss=2.3502
       記憶體 +120 → |M|=512
       eval tcga_lung  class-IL=0.4946 task-IL=0.8387
       eval tcga_brca  class-IL=0.8021 task-IL=0.8438
       eval tcga_rcc   class-IL=0.9079 task-IL=0.9211
       eval tcga_esca  class-IL=0.8667 task-IL=0.9333

→ outputs/exp3/sota_acc/EXP2_hier.md
