Exp2  arms=['A3']  order=reverse  seeds=[2]  B=8 c=1 epochs=5 arch=flat alloc=per_budget prior=discriminative head=accumulating beta_u=0.1 replay_k=1 λ=(1.0,1.0,1.0)
  ▶ A3 (+ Replay) seed=2
    ── stage 0: tcga_esca
      epoch 1/5 n=120 mean_loss=0.2438
      epoch 2/5 n=120 mean_loss=0.0424
      epoch 3/5 n=120 mean_loss=0.1333
      epoch 4/5 n=120 mean_loss=0.0659
      epoch 5/5 n=120 mean_loss=0.0232
       記憶體 +120 → |M|=120
       eval tcga_esca  class-IL=1.0000 task-IL=1.0000
    ── stage 1: tcga_rcc
      epoch 1/5 n=613 mean_loss=0.4270
      epoch 2/5 n=613 mean_loss=0.2996
      epoch 3/5 n=613 mean_loss=0.3342
      epoch 4/5 n=613 mean_loss=0.2995
      epoch 5/5 n=613 mean_loss=0.3245
       記憶體 +613 → |M|=512
       eval tcga_esca  class-IL=1.0000 task-IL=1.0000
       eval tcga_rcc   class-IL=0.9877 task-IL=1.0000
    ── stage 2: tcga_brca
      epoch 1/5 n=764 mean_loss=0.9111
      epoch 2/5 n=764 mean_loss=0.9183
      epoch 3/5 n=764 mean_loss=0.9093
      epoch 4/5 n=764 mean_loss=0.8293
      epoch 5/5 n=764 mean_loss=0.7467
       記憶體 +764 → |M|=512
       eval tcga_esca  class-IL=0.9333 task-IL=1.0000
       eval tcga_rcc   class-IL=0.9383 task-IL=0.9506
       eval tcga_brca  class-IL=0.8947 task-IL=0.8947
    ── stage 3: tcga_lung
      epoch 1/5 n=761 mean_loss=1.4630
      epoch 2/5 n=761 mean_loss=1.1208
      epoch 3/5 n=761 mean_loss=1.0421
      epoch 4/5 n=761 mean_loss=0.9454
      epoch 5/5 n=761 mean_loss=1.0104
       記憶體 +761 → |M|=512
       eval tcga_esca  class-IL=0.7333 task-IL=1.0000
       eval tcga_rcc   class-IL=0.9753 task-IL=0.9877
       eval tcga_brca  class-IL=0.9158 task-IL=0.9474
       eval tcga_lung  class-IL=0.8211 task-IL=0.8421

→ outputs/exp3/sota_acc/EXP2.md
