Exp2  arms=['A5']  order=main  seeds=[6]  B=8 c=1 epochs=5 arch=hier alloc=per_budget prior=discriminative head=accumulating beta_u=0.1 replay_k=1 λ=(1.0,1.0,1.0)
  ▶ A5 (Ours (Replay+KD+eq)) seed=6
    ── stage 0: tcga_lung
      epoch 1/5 n=759 mean_loss=0.5512
      epoch 2/5 n=759 mean_loss=0.4770
      epoch 3/5 n=759 mean_loss=0.3997
      epoch 4/5 n=759 mean_loss=0.3442
      epoch 5/5 n=759 mean_loss=0.3889
       記憶體 +759 → |M|=512
       eval tcga_lung  class-IL=0.7955 task-IL=0.7955
    ── stage 1: tcga_brca
      epoch 1/5 n=758 mean_loss=2.0649
      epoch 2/5 n=758 mean_loss=1.8156
      epoch 3/5 n=758 mean_loss=1.5712
      epoch 4/5 n=758 mean_loss=1.5966
      epoch 5/5 n=758 mean_loss=1.5807
       記憶體 +758 → |M|=512
       eval tcga_lung  class-IL=0.8977 task-IL=0.9205
       eval tcga_brca  class-IL=0.8878 task-IL=0.9184
    ── stage 2: tcga_rcc
      epoch 1/5 n=616 mean_loss=1.7813
      epoch 2/5 n=616 mean_loss=1.4575
      epoch 3/5 n=616 mean_loss=1.1664
      epoch 4/5 n=616 mean_loss=1.3480
      epoch 5/5 n=616 mean_loss=1.5074
       記憶體 +616 → |M|=512
       eval tcga_lung  class-IL=0.8977 task-IL=0.9545
       eval tcga_brca  class-IL=0.8776 task-IL=0.9082
       eval tcga_rcc   class-IL=0.9091 task-IL=0.9481
    ── stage 3: tcga_esca
      epoch 1/5 n=119 mean_loss=2.9633
      epoch 2/5 n=119 mean_loss=2.0414
      epoch 3/5 n=119 mean_loss=1.4832
      epoch 4/5 n=119 mean_loss=2.1231
      epoch 5/5 n=119 mean_loss=1.8222
       記憶體 +119 → |M|=512
       eval tcga_lung  class-IL=0.7500 task-IL=0.9545
       eval tcga_brca  class-IL=0.8469 task-IL=0.8980
       eval tcga_rcc   class-IL=0.9610 task-IL=0.9740
       eval tcga_esca  class-IL=0.6250 task-IL=0.8125

→ outputs/exp3/sota_acc/EXP2_hier.md
