Exp2  arms=['A5']  order=main  seeds=[7]  B=8 c=1 epochs=5 arch=flat alloc=per_budget prior=discriminative head=fixed beta_u=0.1 replay_k=1 λ=(1.0,1.0,1.0)
  ▶ A5 (Ours (Replay+KD+eq)) seed=7
    ── stage 0: tcga_lung
      epoch 1/5 n=774 mean_loss=0.6203
      epoch 2/5 n=774 mean_loss=0.4036
      epoch 3/5 n=774 mean_loss=0.4757
      epoch 4/5 n=774 mean_loss=0.4074
      epoch 5/5 n=774 mean_loss=0.3907
       記憶體 +774 → |M|=512
       eval tcga_lung  class-IL=0.9072 task-IL=0.9072
    ── stage 1: tcga_brca
      epoch 1/5 n=760 mean_loss=1.7039
      epoch 2/5 n=760 mean_loss=1.3554
      epoch 3/5 n=760 mean_loss=1.4179
      epoch 4/5 n=760 mean_loss=1.1250
      epoch 5/5 n=760 mean_loss=1.2497
       記憶體 +760 → |M|=512
       eval tcga_lung  class-IL=0.8557 task-IL=0.8866
       eval tcga_brca  class-IL=0.8646 task-IL=0.8646
    ── stage 2: tcga_rcc
      epoch 1/5 n=615 mean_loss=1.7154
      epoch 2/5 n=615 mean_loss=1.2370
      epoch 3/5 n=615 mean_loss=1.0373
      epoch 4/5 n=615 mean_loss=1.0583
      epoch 5/5 n=615 mean_loss=0.7295
       記憶體 +615 → |M|=512
       eval tcga_lung  class-IL=0.8969 task-IL=0.9278
       eval tcga_brca  class-IL=0.9271 task-IL=0.9271
       eval tcga_rcc   class-IL=0.9333 task-IL=0.9333
    ── stage 3: tcga_esca
      epoch 1/5 n=120 mean_loss=2.8548
      epoch 2/5 n=120 mean_loss=1.1556
      epoch 3/5 n=120 mean_loss=1.4713
      epoch 4/5 n=120 mean_loss=1.2714
      epoch 5/5 n=120 mean_loss=1.4995
       記憶體 +120 → |M|=512
       eval tcga_lung  class-IL=0.7835 task-IL=0.8763
       eval tcga_brca  class-IL=0.8958 task-IL=0.9167
       eval tcga_rcc   class-IL=0.9467 task-IL=0.9467
       eval tcga_esca  class-IL=0.8667 task-IL=0.9333

→ outputs/exp3/sota_fixed/EXP2.md
