Exp2  arms=['A5']  order=main  seeds=[2]  B=8 c=1 epochs=5 arch=flat alloc=per_budget prior=discriminative head=fixed beta_u=0.1 replay_k=1 λ=(1.0,1.0,1.0)
  ▶ A5 (Ours (Replay+KD+eq)) seed=2
    ── stage 0: tcga_lung
      epoch 1/5 n=761 mean_loss=0.5759
      epoch 2/5 n=761 mean_loss=0.4422
      epoch 3/5 n=761 mean_loss=0.4069
      epoch 4/5 n=761 mean_loss=0.3382
      epoch 5/5 n=761 mean_loss=0.4823
       記憶體 +761 → |M|=512
       eval tcga_lung  class-IL=0.9263 task-IL=0.9368
    ── stage 1: tcga_brca
      epoch 1/5 n=764 mean_loss=1.8637
      epoch 2/5 n=764 mean_loss=1.3822
      epoch 3/5 n=764 mean_loss=1.2183
      epoch 4/5 n=764 mean_loss=1.4054
      epoch 5/5 n=764 mean_loss=1.0833
       記憶體 +764 → |M|=512
       eval tcga_lung  class-IL=0.8737 task-IL=0.9053
       eval tcga_brca  class-IL=0.9053 task-IL=0.9263
    ── stage 2: tcga_rcc
      epoch 1/5 n=613 mean_loss=1.2040
      epoch 2/5 n=613 mean_loss=0.9304
      epoch 3/5 n=613 mean_loss=1.2382
      epoch 4/5 n=613 mean_loss=0.8890
      epoch 5/5 n=613 mean_loss=1.0032
       記憶體 +613 → |M|=512
       eval tcga_lung  class-IL=0.8737 task-IL=0.9158
       eval tcga_brca  class-IL=0.8632 task-IL=0.9053
       eval tcga_rcc   class-IL=0.9877 task-IL=0.9877
    ── stage 3: tcga_esca
      epoch 1/5 n=120 mean_loss=3.0758
      epoch 2/5 n=120 mean_loss=1.9752
      epoch 3/5 n=120 mean_loss=1.9574
      epoch 4/5 n=120 mean_loss=1.8615
      epoch 5/5 n=120 mean_loss=2.5275
       記憶體 +120 → |M|=512
       eval tcga_lung  class-IL=0.8632 task-IL=0.9158
       eval tcga_brca  class-IL=0.8421 task-IL=0.8947
       eval tcga_rcc   class-IL=0.9630 task-IL=0.9753
       eval tcga_esca  class-IL=0.7333 task-IL=0.9333

→ outputs/exp3/sota_fixed/EXP2.md
