Exp2  arms=['A5']  order=reverse  seeds=[7]  B=16 c=1 epochs=5 arch=hier alloc=per_budget prior=discriminative head=accumulating uold=current beta_u=0.1 replay_k=1 λ=(1.0,1.0,1.0)
  ▶ A5 (Ours (Replay+KD+eq)) seed=7
    ── stage 0: tcga_esca
      epoch 1/5 n=120 mean_loss=0.1226
      epoch 2/5 n=120 mean_loss=0.1774
      epoch 3/5 n=120 mean_loss=0.0735
      epoch 4/5 n=120 mean_loss=0.0513
      epoch 5/5 n=120 mean_loss=0.0263
       記憶體 +120 → |M|=120
       eval tcga_esca  class-IL=0.9333 task-IL=0.9333
    ── stage 1: tcga_rcc
      epoch 1/5 n=615 mean_loss=0.4738
      epoch 2/5 n=615 mean_loss=0.3506
      epoch 3/5 n=615 mean_loss=0.3014
      epoch 4/5 n=615 mean_loss=0.3000
      epoch 5/5 n=615 mean_loss=0.2363
       記憶體 +615 → |M|=512
       eval tcga_esca  class-IL=0.9333 task-IL=0.9333
       eval tcga_rcc   class-IL=0.9733 task-IL=0.9867
    ── stage 2: tcga_brca
      epoch 1/5 n=760 mean_loss=1.0273
      epoch 2/5 n=760 mean_loss=0.9044
      epoch 3/5 n=760 mean_loss=0.8820
      epoch 4/5 n=760 mean_loss=0.8269
      epoch 5/5 n=760 mean_loss=0.7457
       記憶體 +760 → |M|=512
       eval tcga_esca  class-IL=0.8000 task-IL=0.8667
       eval tcga_rcc   class-IL=0.9600 task-IL=0.9600
       eval tcga_brca  class-IL=0.8958 task-IL=0.9062
    ── stage 3: tcga_lung
      epoch 1/5 n=774 mean_loss=1.4827
      epoch 2/5 n=774 mean_loss=1.3010
      epoch 3/5 n=774 mean_loss=1.2114
      epoch 4/5 n=774 mean_loss=1.1733
      epoch 5/5 n=774 mean_loss=0.9575
       記憶體 +774 → |M|=512
       eval tcga_esca  class-IL=0.6667 task-IL=0.9333
       eval tcga_rcc   class-IL=0.9200 task-IL=0.9333
       eval tcga_brca  class-IL=0.8854 task-IL=0.9167
       eval tcga_lung  class-IL=0.8557 task-IL=0.8969

→ outputs/exp3/sota_ucur_b16/EXP2.md
