Exp2  arms=['A5']  order=reverse  seeds=[4]  B=4 c=1 epochs=5 arch=hier alloc=per_budget prior=discriminative head=accumulating uold=current beta_u=0.1 replay_k=1 λ=(1.0,1.0,1.0)
  ▶ A5 (Ours (Replay+KD+eq)) seed=4
    ── stage 0: tcga_esca
      epoch 1/5 n=119 mean_loss=0.6646
      epoch 2/5 n=119 mean_loss=0.2413
      epoch 3/5 n=119 mean_loss=0.1455
      epoch 4/5 n=119 mean_loss=0.1037
      epoch 5/5 n=119 mean_loss=0.0951
       記憶體 +119 → |M|=119
       eval tcga_esca  class-IL=1.0000 task-IL=1.0000
    ── stage 1: tcga_rcc
      epoch 1/5 n=613 mean_loss=0.4866
      epoch 2/5 n=613 mean_loss=0.4564
      epoch 3/5 n=613 mean_loss=0.4151
      epoch 4/5 n=613 mean_loss=0.3791
      epoch 5/5 n=613 mean_loss=0.2654
       記憶體 +613 → |M|=512
       eval tcga_esca  class-IL=0.9375 task-IL=1.0000
       eval tcga_rcc   class-IL=0.9359 task-IL=0.9359
    ── stage 2: tcga_brca
      epoch 1/5 n=762 mean_loss=1.3014
      epoch 2/5 n=762 mean_loss=1.0530
      epoch 3/5 n=762 mean_loss=0.7890
      epoch 4/5 n=762 mean_loss=0.9881
      epoch 5/5 n=762 mean_loss=1.0730
       記憶體 +762 → |M|=512
       eval tcga_esca  class-IL=0.9375 task-IL=0.9375
       eval tcga_rcc   class-IL=0.9103 task-IL=0.9103
       eval tcga_brca  class-IL=0.8191 task-IL=0.9255
    ── stage 3: tcga_lung
      epoch 1/5 n=756 mean_loss=1.5970
      epoch 2/5 n=756 mean_loss=1.4299
      epoch 3/5 n=756 mean_loss=1.5138
      epoch 4/5 n=756 mean_loss=1.3649
      epoch 5/5 n=756 mean_loss=1.3140
       記憶體 +756 → |M|=512
       eval tcga_esca  class-IL=0.9375 task-IL=1.0000
       eval tcga_rcc   class-IL=0.8590 task-IL=0.8846
       eval tcga_brca  class-IL=0.7766 task-IL=0.8830
       eval tcga_lung  class-IL=0.8304 task-IL=0.8571

→ outputs/exp3/sota_ucur_b4/EXP2.md
