Exp2  arms=['A5']  order=main  seeds=[6]  B=8 c=1 epochs=5 arch=flat alloc=per_budget prior=discriminative head=fixed beta_u=0.1 replay_k=1 λ=(1.0,1.0,1.0)
  ▶ A5 (Ours (Replay+KD+eq)) seed=6
    ── stage 0: tcga_lung
      epoch 1/5 n=759 mean_loss=0.5324
      epoch 2/5 n=759 mean_loss=0.4525
      epoch 3/5 n=759 mean_loss=0.4368
      epoch 4/5 n=759 mean_loss=0.3924
      epoch 5/5 n=759 mean_loss=0.4055
       記憶體 +759 → |M|=512
       eval tcga_lung  class-IL=0.8523 task-IL=0.8977
    ── stage 1: tcga_brca
      epoch 1/5 n=758 mean_loss=1.4829
      epoch 2/5 n=758 mean_loss=1.4026
      epoch 3/5 n=758 mean_loss=1.2928
      epoch 4/5 n=758 mean_loss=1.2265
      epoch 5/5 n=758 mean_loss=1.1791
       記憶體 +758 → |M|=512
       eval tcga_lung  class-IL=0.7955 task-IL=0.9545
       eval tcga_brca  class-IL=0.8980 task-IL=0.9082
    ── stage 2: tcga_rcc
      epoch 1/5 n=616 mean_loss=1.6916
      epoch 2/5 n=616 mean_loss=1.1076
      epoch 3/5 n=616 mean_loss=1.0635
      epoch 4/5 n=616 mean_loss=0.8593
      epoch 5/5 n=616 mean_loss=1.0850
       記憶體 +616 → |M|=512
       eval tcga_lung  class-IL=0.9091 task-IL=0.9318
       eval tcga_brca  class-IL=0.8776 task-IL=0.9082
       eval tcga_rcc   class-IL=0.9481 task-IL=0.9481
    ── stage 3: tcga_esca
      epoch 1/5 n=119 mean_loss=3.0807
      epoch 2/5 n=119 mean_loss=1.4893
      epoch 3/5 n=119 mean_loss=0.9753
      epoch 4/5 n=119 mean_loss=1.0383
      epoch 5/5 n=119 mean_loss=1.8401
       記憶體 +119 → |M|=512
       eval tcga_lung  class-IL=0.8977 task-IL=0.9432
       eval tcga_brca  class-IL=0.8980 task-IL=0.9184
       eval tcga_rcc   class-IL=0.9740 task-IL=0.9870
       eval tcga_esca  class-IL=0.6875 task-IL=0.8125

→ outputs/exp3/sota_fixed/EXP2.md
