Exp2  arms=['A4']  order=reverse  seeds=[1]  B=8 c=1 epochs=5 arch=flat alloc=per_budget prior=discriminative head=fixed beta_u=0.1 replay_k=1 λ=(1.0,1.0,1.0)
  ▶ A4 (+ Replay + KD) seed=1
    ── stage 0: tcga_esca
      epoch 1/5 n=120 mean_loss=0.4838
      epoch 2/5 n=120 mean_loss=0.1656
      epoch 3/5 n=120 mean_loss=0.1271
      epoch 4/5 n=120 mean_loss=0.1091
      epoch 5/5 n=120 mean_loss=0.1208
       記憶體 +120 → |M|=120
       eval tcga_esca  class-IL=0.8667 task-IL=0.9333
    ── stage 1: tcga_rcc
      epoch 1/5 n=616 mean_loss=0.5028
      epoch 2/5 n=616 mean_loss=0.3217
      epoch 3/5 n=616 mean_loss=0.3274
      epoch 4/5 n=616 mean_loss=0.2428
      epoch 5/5 n=616 mean_loss=0.4360
       記憶體 +616 → |M|=512
       eval tcga_esca  class-IL=0.8000 task-IL=0.8667
       eval tcga_rcc   class-IL=0.9737 task-IL=0.9737
    ── stage 2: tcga_brca
      epoch 1/5 n=763 mean_loss=0.9765
      epoch 2/5 n=763 mean_loss=0.7906
      epoch 3/5 n=763 mean_loss=0.8170
      epoch 4/5 n=763 mean_loss=0.7255
      epoch 5/5 n=763 mean_loss=0.7495
       記憶體 +763 → |M|=512
       eval tcga_esca  class-IL=0.8000 task-IL=0.9333
       eval tcga_rcc   class-IL=0.9342 task-IL=0.9474
       eval tcga_brca  class-IL=0.8817 task-IL=0.9140
    ── stage 3: tcga_lung
      epoch 1/5 n=774 mean_loss=1.5495
      epoch 2/5 n=774 mean_loss=1.0978
      epoch 3/5 n=774 mean_loss=1.2346
      epoch 4/5 n=774 mean_loss=1.0480
      epoch 5/5 n=774 mean_loss=1.0456
       記憶體 +774 → |M|=512
       eval tcga_esca  class-IL=0.7333 task-IL=0.8667
       eval tcga_rcc   class-IL=0.9342 task-IL=0.9605
       eval tcga_brca  class-IL=0.8602 task-IL=0.8925
       eval tcga_lung  class-IL=0.8632 task-IL=0.9053

→ outputs/exp3/ablation_fixed/EXP2.md
