Exp2  arms=['A5']  order=main  seeds=[5]  B=4 c=1 epochs=5 arch=hier alloc=per_budget prior=discriminative head=accumulating uold=current beta_u=0.1 replay_k=1 λ=(1.0,1.0,1.0)
  ▶ A5 (Ours (Replay+KD+eq)) seed=5
    ── stage 0: tcga_lung
      epoch 1/5 n=764 mean_loss=0.6245
      epoch 2/5 n=764 mean_loss=0.4884
      epoch 3/5 n=764 mean_loss=0.4348
      epoch 4/5 n=764 mean_loss=0.4446
      epoch 5/5 n=764 mean_loss=0.4165
       記憶體 +764 → |M|=512
       eval tcga_lung  class-IL=0.9167 task-IL=0.9167
    ── stage 1: tcga_brca
      epoch 1/5 n=763 mean_loss=1.9560
      epoch 2/5 n=763 mean_loss=1.8143
      epoch 3/5 n=763 mean_loss=1.6264
      epoch 4/5 n=763 mean_loss=1.4579
      epoch 5/5 n=763 mean_loss=1.4457
       記憶體 +763 → |M|=512
       eval tcga_lung  class-IL=0.8021 task-IL=0.8333
       eval tcga_brca  class-IL=0.8830 task-IL=0.9468
    ── stage 2: tcga_rcc
      epoch 1/5 n=619 mean_loss=2.0655
      epoch 2/5 n=619 mean_loss=1.4753
      epoch 3/5 n=619 mean_loss=1.4800
      epoch 4/5 n=619 mean_loss=1.6234
      epoch 5/5 n=619 mean_loss=1.2178
       記憶體 +619 → |M|=512
       eval tcga_lung  class-IL=0.8125 task-IL=0.8958
       eval tcga_brca  class-IL=0.8511 task-IL=0.9149
       eval tcga_rcc   class-IL=0.8649 task-IL=0.9054
    ── stage 3: tcga_esca
      epoch 1/5 n=120 mean_loss=2.1288
      epoch 2/5 n=120 mean_loss=2.2830
      epoch 3/5 n=120 mean_loss=2.0190
      epoch 4/5 n=120 mean_loss=1.2973
      epoch 5/5 n=120 mean_loss=0.9648
       記憶體 +120 → |M|=512
       eval tcga_lung  class-IL=0.6771 task-IL=0.8854
       eval tcga_brca  class-IL=0.7660 task-IL=0.9149
       eval tcga_rcc   class-IL=0.9189 task-IL=0.9459
       eval tcga_esca  class-IL=1.0000 task-IL=1.0000

→ outputs/exp3/sota_ucur_b4/EXP2.md
