Exp2  arms=['A5']  order=reverse  seeds=[7]  B=8 c=1 epochs=5 arch=hier alloc=per_budget prior=discriminative head=fixed beta_u=0.1 replay_k=1 λ=(1.0,1.0,1.0)
  ▶ A5 (Ours (Replay+KD+eq)) seed=7
    ── stage 0: tcga_esca
      epoch 1/5 n=120 mean_loss=0.2964
      epoch 2/5 n=120 mean_loss=0.2198
      epoch 3/5 n=120 mean_loss=0.2162
      epoch 4/5 n=120 mean_loss=0.1019
      epoch 5/5 n=120 mean_loss=0.0608
       記憶體 +120 → |M|=120
       eval tcga_esca  class-IL=0.9333 task-IL=0.9333
    ── stage 1: tcga_rcc
      epoch 1/5 n=615 mean_loss=0.7825
      epoch 2/5 n=615 mean_loss=0.4210
      epoch 3/5 n=615 mean_loss=0.3647
      epoch 4/5 n=615 mean_loss=0.3622
      epoch 5/5 n=615 mean_loss=0.3590
       記憶體 +615 → |M|=512
       eval tcga_esca  class-IL=0.9333 task-IL=0.9333
       eval tcga_rcc   class-IL=0.9600 task-IL=0.9600
    ── stage 2: tcga_brca
      epoch 1/5 n=760 mean_loss=0.9489
      epoch 2/5 n=760 mean_loss=0.8610
      epoch 3/5 n=760 mean_loss=0.8115
      epoch 4/5 n=760 mean_loss=0.9315
      epoch 5/5 n=760 mean_loss=0.8200
       記憶體 +760 → |M|=512
       eval tcga_esca  class-IL=0.9333 task-IL=0.9333
       eval tcga_rcc   class-IL=0.9067 task-IL=0.9333
       eval tcga_brca  class-IL=0.9062 task-IL=0.9167
    ── stage 3: tcga_lung
      epoch 1/5 n=774 mean_loss=2.0857
      epoch 2/5 n=774 mean_loss=1.5551
      epoch 3/5 n=774 mean_loss=1.5659
      epoch 4/5 n=774 mean_loss=1.3879
      epoch 5/5 n=774 mean_loss=1.2172
       記憶體 +774 → |M|=512
       eval tcga_esca  class-IL=0.8667 task-IL=0.9333
       eval tcga_rcc   class-IL=0.9067 task-IL=0.9333
       eval tcga_brca  class-IL=0.8646 task-IL=0.8750
       eval tcga_lung  class-IL=0.8351 task-IL=0.8763

→ outputs/exp3/sota_fixed/EXP2.md
