Exp2  arms=['A3']  order=reverse  seeds=[0]  B=8 c=1 epochs=5 arch=flat alloc=per_budget prior=discriminative head=accumulating beta_u=0.1 replay_k=1 λ=(1.0,1.0,1.0)
  ▶ A3 (+ Replay) seed=0
    ── stage 0: tcga_esca
      epoch 1/5 n=120 mean_loss=0.4049
      epoch 2/5 n=120 mean_loss=0.1213
      epoch 3/5 n=120 mean_loss=0.0553
      epoch 4/5 n=120 mean_loss=0.0247
      epoch 5/5 n=120 mean_loss=0.0207
       記憶體 +120 → |M|=120
       eval tcga_esca  class-IL=1.0000 task-IL=1.0000
    ── stage 1: tcga_rcc
      epoch 1/5 n=616 mean_loss=0.4254
      epoch 2/5 n=616 mean_loss=0.3119
      epoch 3/5 n=616 mean_loss=0.3233
      epoch 4/5 n=616 mean_loss=0.3307
      epoch 5/5 n=616 mean_loss=0.3010
       記憶體 +616 → |M|=512
       eval tcga_esca  class-IL=0.9333 task-IL=0.9333
       eval tcga_rcc   class-IL=0.9342 task-IL=0.9474
    ── stage 2: tcga_brca
      epoch 1/5 n=763 mean_loss=1.0441
      epoch 2/5 n=763 mean_loss=0.7819
      epoch 3/5 n=763 mean_loss=0.6751
      epoch 4/5 n=763 mean_loss=0.6846
      epoch 5/5 n=763 mean_loss=0.7360
       記憶體 +763 → |M|=512
       eval tcga_esca  class-IL=0.8667 task-IL=0.8667
       eval tcga_rcc   class-IL=0.9079 task-IL=0.9342
       eval tcga_brca  class-IL=0.7957 task-IL=0.8387
    ── stage 3: tcga_lung
      epoch 1/5 n=774 mean_loss=1.6321
      epoch 2/5 n=774 mean_loss=1.2592
      epoch 3/5 n=774 mean_loss=1.0928
      epoch 4/5 n=774 mean_loss=1.0593
      epoch 5/5 n=774 mean_loss=0.9387
       記憶體 +774 → |M|=512
       eval tcga_esca  class-IL=0.4667 task-IL=0.9333
       eval tcga_rcc   class-IL=0.8947 task-IL=0.9079
       eval tcga_brca  class-IL=0.8602 task-IL=0.9140
       eval tcga_lung  class-IL=0.8211 task-IL=0.8421

→ outputs/exp3/ablation_acc/EXP2.md
