Exp2  arms=['A3']  order=main  seeds=[7]  B=8 c=1 epochs=5 arch=flat alloc=per_budget prior=discriminative head=accumulating beta_u=0.1 replay_k=1 λ=(1.0,1.0,1.0)
  ▶ A3 (+ Replay) seed=7
    ── stage 0: tcga_lung
      epoch 1/5 n=774 mean_loss=0.5638
      epoch 2/5 n=774 mean_loss=0.4328
      epoch 3/5 n=774 mean_loss=0.3656
      epoch 4/5 n=774 mean_loss=0.3211
      epoch 5/5 n=774 mean_loss=0.3281
       記憶體 +774 → |M|=512
       eval tcga_lung  class-IL=0.9278 task-IL=0.9278
    ── stage 1: tcga_brca
      epoch 1/5 n=760 mean_loss=1.3103
      epoch 2/5 n=760 mean_loss=1.0316
      epoch 3/5 n=760 mean_loss=1.0165
      epoch 4/5 n=760 mean_loss=0.9116
      epoch 5/5 n=760 mean_loss=0.8674
       記憶體 +760 → |M|=512
       eval tcga_lung  class-IL=0.8866 task-IL=0.9072
       eval tcga_brca  class-IL=0.8646 task-IL=0.8854
    ── stage 2: tcga_rcc
      epoch 1/5 n=615 mean_loss=0.9399
      epoch 2/5 n=615 mean_loss=0.8104
      epoch 3/5 n=615 mean_loss=0.7262
      epoch 4/5 n=615 mean_loss=0.7687
      epoch 5/5 n=615 mean_loss=0.5716
       記憶體 +615 → |M|=512
       eval tcga_lung  class-IL=0.8969 task-IL=0.9381
       eval tcga_brca  class-IL=0.8854 task-IL=0.8958
       eval tcga_rcc   class-IL=0.8800 task-IL=0.8933
    ── stage 3: tcga_esca
      epoch 1/5 n=120 mean_loss=1.8725
      epoch 2/5 n=120 mean_loss=0.8478
      epoch 3/5 n=120 mean_loss=1.1623
      epoch 4/5 n=120 mean_loss=1.3453
      epoch 5/5 n=120 mean_loss=0.9085
       記憶體 +120 → |M|=512
       eval tcga_lung  class-IL=0.7732 task-IL=0.8763
       eval tcga_brca  class-IL=0.8646 task-IL=0.8854
       eval tcga_rcc   class-IL=0.9333 task-IL=0.9467
       eval tcga_esca  class-IL=0.8667 task-IL=0.9333

→ outputs/exp3/sota_acc/EXP2.md
