Exp2  arms=['A5']  order=reverse  seeds=[3]  B=8 c=1 epochs=5 arch=flat alloc=per_budget prior=discriminative head=fixed beta_u=0.1 replay_k=1 λ=(1.0,1.0,1.0)
  ▶ A5 (Ours (Replay+KD+eq)) seed=3
    ── stage 0: tcga_esca
      epoch 1/5 n=120 mean_loss=0.5415
      epoch 2/5 n=120 mean_loss=0.2037
      epoch 3/5 n=120 mean_loss=0.1161
      epoch 4/5 n=120 mean_loss=0.0515
      epoch 5/5 n=120 mean_loss=0.0385
       記憶體 +120 → |M|=120
       eval tcga_esca  class-IL=0.8000 task-IL=0.8667
    ── stage 1: tcga_rcc
      epoch 1/5 n=616 mean_loss=0.5702
      epoch 2/5 n=616 mean_loss=0.4001
      epoch 3/5 n=616 mean_loss=0.3172
      epoch 4/5 n=616 mean_loss=0.3436
      epoch 5/5 n=616 mean_loss=0.4424
       記憶體 +616 → |M|=512
       eval tcga_esca  class-IL=0.8000 task-IL=0.8667
       eval tcga_rcc   class-IL=0.9342 task-IL=0.9342
    ── stage 2: tcga_brca
      epoch 1/5 n=763 mean_loss=1.2859
      epoch 2/5 n=763 mean_loss=1.0525
      epoch 3/5 n=763 mean_loss=1.1282
      epoch 4/5 n=763 mean_loss=0.9478
      epoch 5/5 n=763 mean_loss=1.0037
       記憶體 +763 → |M|=512
       eval tcga_esca  class-IL=0.8000 task-IL=0.8667
       eval tcga_rcc   class-IL=0.9342 task-IL=0.9474
       eval tcga_brca  class-IL=0.8817 task-IL=0.9355
    ── stage 3: tcga_lung
      epoch 1/5 n=774 mean_loss=1.8208
      epoch 2/5 n=774 mean_loss=1.8498
      epoch 3/5 n=774 mean_loss=1.3929
      epoch 4/5 n=774 mean_loss=1.5128
      epoch 5/5 n=774 mean_loss=1.4806
       記憶體 +774 → |M|=512
       eval tcga_esca  class-IL=0.6667 task-IL=0.8667
       eval tcga_rcc   class-IL=0.9079 task-IL=0.9342
       eval tcga_brca  class-IL=0.8710 task-IL=0.9032
       eval tcga_lung  class-IL=0.8000 task-IL=0.8421

→ outputs/exp3/ablation_fixed/EXP2.md
