Exp2  arms=['A5']  order=reverse  seeds=[6]  B=8 c=1 epochs=5 arch=flat alloc=per_budget prior=discriminative head=accumulating beta_u=0.1 replay_k=1 λ=(1.0,1.0,1.0)
  ▶ A5 (Ours (Replay+KD+eq)) seed=6
    ── stage 0: tcga_esca
      epoch 1/5 n=119 mean_loss=0.2372
      epoch 2/5 n=119 mean_loss=0.0858
      epoch 3/5 n=119 mean_loss=0.0473
      epoch 4/5 n=119 mean_loss=0.1829
      epoch 5/5 n=119 mean_loss=0.0981
       記憶體 +119 → |M|=119
       eval tcga_esca  class-IL=0.8125 task-IL=0.8125
    ── stage 1: tcga_rcc
      epoch 1/5 n=616 mean_loss=0.4335
      epoch 2/5 n=616 mean_loss=0.3139
      epoch 3/5 n=616 mean_loss=0.3076
      epoch 4/5 n=616 mean_loss=0.2614
      epoch 5/5 n=616 mean_loss=0.2608
       記憶體 +616 → |M|=512
       eval tcga_esca  class-IL=0.9375 task-IL=0.9375
       eval tcga_rcc   class-IL=0.9351 task-IL=0.9351
    ── stage 2: tcga_brca
      epoch 1/5 n=758 mean_loss=1.5310
      epoch 2/5 n=758 mean_loss=1.2765
      epoch 3/5 n=758 mean_loss=1.1405
      epoch 4/5 n=758 mean_loss=0.9567
      epoch 5/5 n=758 mean_loss=0.9574
       記憶體 +758 → |M|=512
       eval tcga_esca  class-IL=0.7500 task-IL=0.8125
       eval tcga_rcc   class-IL=0.9481 task-IL=0.9481
       eval tcga_brca  class-IL=0.8673 task-IL=0.9184
    ── stage 3: tcga_lung
      epoch 1/5 n=759 mean_loss=1.4222
      epoch 2/5 n=759 mean_loss=1.3337
      epoch 3/5 n=759 mean_loss=1.1954
      epoch 4/5 n=759 mean_loss=1.1781
      epoch 5/5 n=759 mean_loss=1.1441
       記憶體 +759 → |M|=512
       eval tcga_esca  class-IL=0.6875 task-IL=0.9375
       eval tcga_rcc   class-IL=0.9351 task-IL=0.9610
       eval tcga_brca  class-IL=0.8878 task-IL=0.9286
       eval tcga_lung  class-IL=0.8977 task-IL=0.9318

→ outputs/exp3/sota_acc/EXP2.md
