Exp2  arms=['A5']  order=main  seeds=[4]  B=8 c=1 epochs=5 arch=flat alloc=per_budget prior=discriminative head=accumulating beta_u=0.1 replay_k=1 λ=(1.0,1.0,1.0)
  ▶ A5 (Ours (Replay+KD+eq)) seed=4
    ── stage 0: tcga_lung
      epoch 1/5 n=756 mean_loss=0.6293
      epoch 2/5 n=756 mean_loss=0.3811
      epoch 3/5 n=756 mean_loss=0.3783
      epoch 4/5 n=756 mean_loss=0.3287
      epoch 5/5 n=756 mean_loss=0.2760
       記憶體 +756 → |M|=512
       eval tcga_lung  class-IL=0.8393 task-IL=0.8393
    ── stage 1: tcga_brca
      epoch 1/5 n=762 mean_loss=1.3818
      epoch 2/5 n=762 mean_loss=1.2266
      epoch 3/5 n=762 mean_loss=0.9604
      epoch 4/5 n=762 mean_loss=1.0263
      epoch 5/5 n=762 mean_loss=1.0028
       記憶體 +762 → |M|=512
       eval tcga_lung  class-IL=0.9196 task-IL=0.9375
       eval tcga_brca  class-IL=0.8723 task-IL=0.9362
    ── stage 2: tcga_rcc
      epoch 1/5 n=613 mean_loss=1.0408
      epoch 2/5 n=613 mean_loss=0.8899
      epoch 3/5 n=613 mean_loss=0.8407
      epoch 4/5 n=613 mean_loss=0.6743
      epoch 5/5 n=613 mean_loss=0.8022
       記憶體 +613 → |M|=512
       eval tcga_lung  class-IL=0.9018 task-IL=0.9286
       eval tcga_brca  class-IL=0.8617 task-IL=0.9362
       eval tcga_rcc   class-IL=0.9231 task-IL=0.9359
    ── stage 3: tcga_esca
      epoch 1/5 n=119 mean_loss=2.1077
      epoch 2/5 n=119 mean_loss=1.2100
      epoch 3/5 n=119 mean_loss=1.3681
      epoch 4/5 n=119 mean_loss=1.6697
      epoch 5/5 n=119 mean_loss=0.9207
       記憶體 +119 → |M|=512
       eval tcga_lung  class-IL=0.6696 task-IL=0.8214
       eval tcga_brca  class-IL=0.7340 task-IL=0.8298
       eval tcga_rcc   class-IL=0.8846 task-IL=0.8846
       eval tcga_esca  class-IL=0.8750 task-IL=0.9375

→ outputs/exp3/sota_acc/EXP2.md
