Exp2  arms=['B1']  order=reverse  seeds=[0]  B=8 c=1 epochs=5 arch=flat alloc=per_budget prior=discriminative head=accumulating beta_u=0.1 replay_k=1 λ=(1.0,1.0,1.0)
  ▶ B1 (只 KD (λ_r=λ_eq=0)) seed=0
    ── stage 0: tcga_esca
      epoch 1/5 n=120 mean_loss=0.4049
      epoch 2/5 n=120 mean_loss=0.1213
      epoch 3/5 n=120 mean_loss=0.0553
      epoch 4/5 n=120 mean_loss=0.0247
      epoch 5/5 n=120 mean_loss=0.0207
       記憶體 +120 → |M|=120
       eval tcga_esca  class-IL=1.0000 task-IL=1.0000
    ── stage 1: tcga_rcc
      epoch 1/5 n=616 mean_loss=0.2663
      epoch 2/5 n=616 mean_loss=0.1702
      epoch 3/5 n=616 mean_loss=0.1925
      epoch 4/5 n=616 mean_loss=0.1141
      epoch 5/5 n=616 mean_loss=0.1037
       記憶體 +616 → |M|=512
       eval tcga_esca  class-IL=0.6667 task-IL=0.8667
       eval tcga_rcc   class-IL=0.9342 task-IL=0.9342
    ── stage 2: tcga_brca
      epoch 1/5 n=763 mean_loss=0.3974
      epoch 2/5 n=763 mean_loss=0.3125
      epoch 3/5 n=763 mean_loss=0.3128
      epoch 4/5 n=763 mean_loss=0.3753
      epoch 5/5 n=763 mean_loss=0.3110
       記憶體 +763 → |M|=512
       eval tcga_esca  class-IL=0.3333 task-IL=0.7333
       eval tcga_rcc   class-IL=0.8553 task-IL=0.9474
       eval tcga_brca  class-IL=0.8925 task-IL=0.9032
    ── stage 3: tcga_lung
      epoch 1/5 n=774 mean_loss=0.5901
      epoch 2/5 n=774 mean_loss=0.4260
      epoch 3/5 n=774 mean_loss=0.4104
      epoch 4/5 n=774 mean_loss=0.4099
      epoch 5/5 n=774 mean_loss=0.3844
       記憶體 +774 → |M|=512
       eval tcga_esca  class-IL=0.4667 task-IL=0.9333
       eval tcga_rcc   class-IL=0.5395 task-IL=0.8158
       eval tcga_brca  class-IL=0.2903 task-IL=0.8387
       eval tcga_lung  class-IL=0.8737 task-IL=0.8737

→ outputs/exp3/ablation_acc/EXP2.md
