Exp2  arms=['A5']  order=reverse  seeds=[3]  B=8 c=1 epochs=5 arch=flat alloc=per_budget prior=discriminative head=accumulating beta_u=0.1 replay_k=1 λ=(1.0,1.0,1.0)
  ▶ A5 (Ours (Replay+KD+eq)) seed=3
    ── stage 0: tcga_esca
      epoch 1/5 n=120 mean_loss=0.3006
      epoch 2/5 n=120 mean_loss=0.1074
      epoch 3/5 n=120 mean_loss=0.1949
      epoch 4/5 n=120 mean_loss=0.0500
      epoch 5/5 n=120 mean_loss=0.0464
       記憶體 +120 → |M|=120
       eval tcga_esca  class-IL=1.0000 task-IL=1.0000
    ── stage 1: tcga_rcc
      epoch 1/5 n=617 mean_loss=0.3616
      epoch 2/5 n=617 mean_loss=0.2699
      epoch 3/5 n=617 mean_loss=0.2662
      epoch 4/5 n=617 mean_loss=0.2467
      epoch 5/5 n=617 mean_loss=0.2613
       記憶體 +617 → |M|=512
       eval tcga_esca  class-IL=0.9333 task-IL=0.9333
       eval tcga_rcc   class-IL=0.9474 task-IL=0.9605
    ── stage 2: tcga_brca
      epoch 1/5 n=763 mean_loss=1.0844
      epoch 2/5 n=763 mean_loss=0.8591
      epoch 3/5 n=763 mean_loss=0.8662
      epoch 4/5 n=763 mean_loss=0.9480
      epoch 5/5 n=763 mean_loss=0.8782
       記憶體 +763 → |M|=512
       eval tcga_esca  class-IL=0.9333 task-IL=0.9333
       eval tcga_rcc   class-IL=0.9474 task-IL=0.9605
       eval tcga_brca  class-IL=0.8854 task-IL=0.9062
    ── stage 3: tcga_lung
      epoch 1/5 n=765 mean_loss=1.2967
      epoch 2/5 n=765 mean_loss=1.0891
      epoch 3/5 n=765 mean_loss=1.0599
      epoch 4/5 n=765 mean_loss=0.9751
      epoch 5/5 n=765 mean_loss=1.1697
       記憶體 +765 → |M|=512
       eval tcga_esca  class-IL=0.5333 task-IL=0.9333
       eval tcga_rcc   class-IL=0.9474 task-IL=0.9605
       eval tcga_brca  class-IL=0.8854 task-IL=0.9062
       eval tcga_lung  class-IL=0.8318 task-IL=0.8785

→ outputs/exp3/sota_acc/EXP2.md
