Exp2  arms=['A5']  order=main  seeds=[6]  B=8 c=1 epochs=5 arch=flat alloc=per_budget prior=discriminative head=accumulating uold=current beta_u=0.1 replay_k=1 λ=(1.0,1.0,1.0)
  ▶ A5 (Ours (Replay+KD+eq)) seed=6
    ── stage 0: tcga_lung
      epoch 1/5 n=759 mean_loss=0.5221
      epoch 2/5 n=759 mean_loss=0.4700
      epoch 3/5 n=759 mean_loss=0.4327
      epoch 4/5 n=759 mean_loss=0.3751
      epoch 5/5 n=759 mean_loss=0.3767
       記憶體 +759 → |M|=512
       eval tcga_lung  class-IL=0.9886 task-IL=0.9886
    ── stage 1: tcga_brca
      epoch 1/5 n=758 mean_loss=1.6899
      epoch 2/5 n=758 mean_loss=1.3855
      epoch 3/5 n=758 mean_loss=1.1834
      epoch 4/5 n=758 mean_loss=1.1759
      epoch 5/5 n=758 mean_loss=1.2957
       記憶體 +758 → |M|=512
       eval tcga_lung  class-IL=0.9091 task-IL=0.9205
       eval tcga_brca  class-IL=0.8673 task-IL=0.9082
    ── stage 2: tcga_rcc
      epoch 1/5 n=616 mean_loss=1.4491
      epoch 2/5 n=616 mean_loss=0.9856
      epoch 3/5 n=616 mean_loss=0.9713
      epoch 4/5 n=616 mean_loss=0.7392
      epoch 5/5 n=616 mean_loss=0.9390
       記憶體 +616 → |M|=512
       eval tcga_lung  class-IL=0.8977 task-IL=0.9432
       eval tcga_brca  class-IL=0.8980 task-IL=0.9286
       eval tcga_rcc   class-IL=0.9221 task-IL=0.9610
    ── stage 3: tcga_esca
      epoch 1/5 n=119 mean_loss=2.3837
      epoch 2/5 n=119 mean_loss=1.3944
      epoch 3/5 n=119 mean_loss=1.2146
      epoch 4/5 n=119 mean_loss=1.4502
      epoch 5/5 n=119 mean_loss=1.5991
       記憶體 +119 → |M|=512
       eval tcga_lung  class-IL=0.8864 task-IL=0.9545
       eval tcga_brca  class-IL=0.8878 task-IL=0.9184
       eval tcga_rcc   class-IL=0.9610 task-IL=0.9610
       eval tcga_esca  class-IL=0.8125 task-IL=0.9375

→ outputs/exp3/sota_ucur/EXP2.md
