Exp2  arms=['A3']  order=main  seeds=[1]  B=8 c=1 epochs=5 arch=flat alloc=per_budget prior=discriminative head=accumulating beta_u=0.1 replay_k=1 λ=(1.0,1.0,1.0)
  ▶ A3 (+ Replay) seed=1
    ── stage 0: tcga_lung
      epoch 1/5 n=774 mean_loss=0.5030
      epoch 2/5 n=774 mean_loss=0.3710
      epoch 3/5 n=774 mean_loss=0.3167
      epoch 4/5 n=774 mean_loss=0.2993
      epoch 5/5 n=774 mean_loss=0.2885
       記憶體 +774 → |M|=512
       eval tcga_lung  class-IL=0.8737 task-IL=0.8737
    ── stage 1: tcga_brca
      epoch 1/5 n=763 mean_loss=1.2424
      epoch 2/5 n=763 mean_loss=0.8690
      epoch 3/5 n=763 mean_loss=0.7580
      epoch 4/5 n=763 mean_loss=0.8003
      epoch 5/5 n=763 mean_loss=0.7151
       記憶體 +763 → |M|=512
       eval tcga_lung  class-IL=0.8737 task-IL=0.8842
       eval tcga_brca  class-IL=0.8495 task-IL=0.9032
    ── stage 2: tcga_rcc
      epoch 1/5 n=616 mean_loss=1.0485
      epoch 2/5 n=616 mean_loss=0.6715
      epoch 3/5 n=616 mean_loss=0.6663
      epoch 4/5 n=616 mean_loss=0.6895
      epoch 5/5 n=616 mean_loss=0.6183
       記憶體 +616 → |M|=512
       eval tcga_lung  class-IL=0.7579 task-IL=0.8105
       eval tcga_brca  class-IL=0.8602 task-IL=0.8817
       eval tcga_rcc   class-IL=0.9211 task-IL=0.9474
    ── stage 3: tcga_esca
      epoch 1/5 n=120 mean_loss=1.7102
      epoch 2/5 n=120 mean_loss=1.3586
      epoch 3/5 n=120 mean_loss=0.9929
      epoch 4/5 n=120 mean_loss=0.9983
      epoch 5/5 n=120 mean_loss=0.8112
       記憶體 +120 → |M|=512
       eval tcga_lung  class-IL=0.6526 task-IL=0.8421
       eval tcga_brca  class-IL=0.6452 task-IL=0.8387
       eval tcga_rcc   class-IL=0.9211 task-IL=0.9737
       eval tcga_esca  class-IL=0.8000 task-IL=0.8000

→ outputs/exp3/sota_acc/EXP2.md
