Exp2  arms=['B2']  order=reverse  seeds=[1]  B=8 c=1 epochs=5 arch=flat alloc=per_budget prior=discriminative head=accumulating beta_u=0.1 replay_k=1 λ=(1.0,1.0,1.0)
  ▶ B2 (只 eq (λ_r=λ_kd=0)) seed=1
    ── stage 0: tcga_esca
      epoch 1/5 n=120 mean_loss=0.1700
      epoch 2/5 n=120 mean_loss=0.1838
      epoch 3/5 n=120 mean_loss=0.0211
      epoch 4/5 n=120 mean_loss=0.0660
      epoch 5/5 n=120 mean_loss=0.0135
       記憶體 +120 → |M|=120
       eval tcga_esca  class-IL=1.0000 task-IL=1.0000
    ── stage 1: tcga_rcc
      epoch 1/5 n=616 mean_loss=0.3722
      epoch 2/5 n=616 mean_loss=0.2993
      epoch 3/5 n=616 mean_loss=0.2832
      epoch 4/5 n=616 mean_loss=0.2090
      epoch 5/5 n=616 mean_loss=0.2563
       記憶體 +616 → |M|=512
       eval tcga_esca  class-IL=0.8000 task-IL=0.9333
       eval tcga_rcc   class-IL=0.9605 task-IL=0.9605
    ── stage 2: tcga_brca
      epoch 1/5 n=763 mean_loss=0.5196
      epoch 2/5 n=763 mean_loss=0.3937
      epoch 3/5 n=763 mean_loss=0.4416
      epoch 4/5 n=763 mean_loss=0.4176
      epoch 5/5 n=763 mean_loss=0.4943
       記憶體 +763 → |M|=512
       eval tcga_esca  class-IL=0.3333 task-IL=0.8667
       eval tcga_rcc   class-IL=0.9079 task-IL=0.9605
       eval tcga_brca  class-IL=0.8817 task-IL=0.8925
    ── stage 3: tcga_lung
      epoch 1/5 n=774 mean_loss=1.0538
      epoch 2/5 n=774 mean_loss=0.7682
      epoch 3/5 n=774 mean_loss=0.7471
      epoch 4/5 n=774 mean_loss=0.7429
      epoch 5/5 n=774 mean_loss=0.7799
       記憶體 +774 → |M|=512
       eval tcga_esca  class-IL=0.1333 task-IL=0.9333
       eval tcga_rcc   class-IL=0.8158 task-IL=0.9079
       eval tcga_brca  class-IL=0.7742 task-IL=0.8817
       eval tcga_lung  class-IL=0.8842 task-IL=0.8947

→ outputs/exp3/ablation_acc/EXP2.md
