Exp2  arms=['A5']  order=reverse  seeds=[10]  B=8 c=1 epochs=5 arch=flat alloc=per_budget prior=discriminative head=accumulating beta_u=0.1 replay_k=1 λ=(1.0,1.0,1.0)
  ▶ A5 (Ours (Replay+KD+eq)) seed=10
    ── stage 0: tcga_esca
      epoch 1/5 n=121 mean_loss=0.2894
      epoch 2/5 n=121 mean_loss=0.0865
      epoch 3/5 n=121 mean_loss=0.0878
      epoch 4/5 n=121 mean_loss=0.0348
      epoch 5/5 n=121 mean_loss=0.0621
       記憶體 +121 → |M|=121
       eval tcga_esca  class-IL=1.0000 task-IL=1.0000
    ── stage 1: tcga_rcc
      epoch 1/5 n=618 mean_loss=0.3697
      epoch 2/5 n=618 mean_loss=0.4616
      epoch 3/5 n=618 mean_loss=0.2953
      epoch 4/5 n=618 mean_loss=0.2432
      epoch 5/5 n=618 mean_loss=0.2728
       記憶體 +618 → |M|=512
       eval tcga_esca  class-IL=1.0000 task-IL=1.0000
       eval tcga_rcc   class-IL=0.9865 task-IL=0.9865
    ── stage 2: tcga_brca
      epoch 1/5 n=763 mean_loss=0.9927
      epoch 2/5 n=763 mean_loss=1.0265
      epoch 3/5 n=763 mean_loss=0.8110
      epoch 4/5 n=763 mean_loss=0.8106
      epoch 5/5 n=763 mean_loss=0.6749
       記憶體 +763 → |M|=512
       eval tcga_esca  class-IL=0.7857 task-IL=0.9286
       eval tcga_rcc   class-IL=0.9189 task-IL=0.9595
       eval tcga_brca  class-IL=0.8901 task-IL=0.9121
    ── stage 3: tcga_lung
      epoch 1/5 n=771 mean_loss=1.4432
      epoch 2/5 n=771 mean_loss=1.5723
      epoch 3/5 n=771 mean_loss=1.0113
      epoch 4/5 n=771 mean_loss=1.2547
      epoch 5/5 n=771 mean_loss=1.2513
       記憶體 +771 → |M|=512
       eval tcga_esca  class-IL=0.5714 task-IL=1.0000
       eval tcga_rcc   class-IL=0.8784 task-IL=0.9324
       eval tcga_brca  class-IL=0.8352 task-IL=0.8901
       eval tcga_lung  class-IL=0.8778 task-IL=0.9000

→ outputs/exp3/sota_acc/EXP2.md
