Exp2  arms=['L2']  order=reverse  seeds=[0, 1, 2, 3, 4]  B=8 c=1 epochs=5 arch=hier alloc=per_budget prior=discriminative beta_u=0.1 replay_k=1 λ=(1.0,1.0,1.0)
  ▶ L2 (Single continual adapter + Ours) seed=0
    ── stage 0: tcga_esca
      epoch 1/5 n=120 mean_loss=0.3509
      epoch 2/5 n=120 mean_loss=0.0899
      epoch 3/5 n=120 mean_loss=0.0522
      epoch 4/5 n=120 mean_loss=0.1973
      epoch 5/5 n=120 mean_loss=0.1129
       記憶體 +120 → |M|=120
       eval tcga_esca  class-IL=0.8667 task-IL=0.8667
    ── stage 1: tcga_rcc
      epoch 1/5 n=616 mean_loss=0.6882
      epoch 2/5 n=616 mean_loss=0.4655
      epoch 3/5 n=616 mean_loss=0.3936
      epoch 4/5 n=616 mean_loss=0.4376
      epoch 5/5 n=616 mean_loss=0.3614
       記憶體 +616 → |M|=512
       eval tcga_esca  class-IL=0.8667 task-IL=0.9333
       eval tcga_rcc   class-IL=0.9474 task-IL=0.9474
    ── stage 2: tcga_brca
      epoch 1/5 n=763 mean_loss=1.1699
      epoch 2/5 n=763 mean_loss=0.9483
      epoch 3/5 n=763 mean_loss=0.7731
      epoch 4/5 n=763 mean_loss=0.8437
      epoch 5/5 n=763 mean_loss=0.8393
       記憶體 +763 → |M|=512
       eval tcga_esca  class-IL=0.8000 task-IL=0.8667
       eval tcga_rcc   class-IL=0.9342 task-IL=0.9474
       eval tcga_brca  class-IL=0.8710 task-IL=0.9140
    ── stage 3: tcga_lung
      epoch 1/5 n=774 mean_loss=2.0456
      epoch 2/5 n=774 mean_loss=1.4712
      epoch 3/5 n=774 mean_loss=1.2133
      epoch 4/5 n=774 mean_loss=1.3304
      epoch 5/5 n=774 mean_loss=1.1411
       記憶體 +774 → |M|=512
       eval tcga_esca  class-IL=0.7333 task-IL=0.9333
       eval tcga_rcc   class-IL=0.9342 task-IL=0.9605
       eval tcga_brca  class-IL=0.7957 task-IL=0.8925
       eval tcga_lung  class-IL=0.8421 task-IL=0.8632
  ▶ L2 (Single continual adapter + Ours) seed=1
    ── stage 0: tcga_esca
      epoch 1/5 n=120 mean_loss=0.4888
      epoch 2/5 n=120 mean_loss=0.0759
      epoch 3/5 n=120 mean_loss=0.0849
      epoch 4/5 n=120 mean_loss=0.0955
      epoch 5/5 n=120 mean_loss=0.0572
       記憶體 +120 → |M|=120
       eval tcga_esca  class-IL=0.9333 task-IL=0.9333
    ── stage 1: tcga_rcc
      epoch 1/5 n=616 mean_loss=0.6940
      epoch 2/5 n=616 mean_loss=0.5331
      epoch 3/5 n=616 mean_loss=0.3832
      epoch 4/5 n=616 mean_loss=0.4481
      epoch 5/5 n=616 mean_loss=0.4767
       記憶體 +616 → |M|=512
       eval tcga_esca  class-IL=0.9333 task-IL=0.9333
       eval tcga_rcc   class-IL=0.9474 task-IL=0.9474
    ── stage 2: tcga_brca
      epoch 1/5 n=763 mean_loss=1.1012
      epoch 2/5 n=763 mean_loss=0.8637
      epoch 3/5 n=763 mean_loss=0.9709
      epoch 4/5 n=763 mean_loss=0.8042
      epoch 5/5 n=763 mean_loss=0.7646
       記憶體 +763 → |M|=512
       eval tcga_esca  class-IL=0.8000 task-IL=0.8667
       eval tcga_rcc   class-IL=0.9737 task-IL=0.9868
       eval tcga_brca  class-IL=0.8172 task-IL=0.8925
    ── stage 3: tcga_lung
      epoch 1/5 n=774 mean_loss=2.0393
      epoch 2/5 n=774 mean_loss=1.5786
      epoch 3/5 n=774 mean_loss=1.6877
      epoch 4/5 n=774 mean_loss=1.4837
      epoch 5/5 n=774 mean_loss=1.7148
       記憶體 +774 → |M|=512
       eval tcga_esca  class-IL=0.7333 task-IL=0.8667
       eval tcga_rcc   class-IL=0.9342 task-IL=0.9737
       eval tcga_brca  class-IL=0.8065 task-IL=0.9140
       eval tcga_lung  class-IL=0.8316 task-IL=0.8632
  ▶ L2 (Single continual adapter + Ours) seed=2
    ── stage 0: tcga_esca
      epoch 1/5 n=120 mean_loss=0.3720
      epoch 2/5 n=120 mean_loss=0.0975
      epoch 3/5 n=120 mean_loss=0.0893
      epoch 4/5 n=120 mean_loss=0.0886
      epoch 5/5 n=120 mean_loss=0.0645
       記憶體 +120 → |M|=120
       eval tcga_esca  class-IL=0.8667 task-IL=0.8667
    ── stage 1: tcga_rcc
      epoch 1/5 n=616 mean_loss=0.5802
      epoch 2/5 n=616 mean_loss=0.3839
      epoch 3/5 n=616 mean_loss=0.3220
      epoch 4/5 n=616 mean_loss=0.3397
      epoch 5/5 n=616 mean_loss=0.3067
       記憶體 +616 → |M|=512
       eval tcga_esca  class-IL=0.8667 task-IL=0.8667
       eval tcga_rcc   class-IL=0.9605 task-IL=0.9605
    ── stage 2: tcga_brca
      epoch 1/5 n=763 mean_loss=1.1202
      epoch 2/5 n=763 mean_loss=1.0524
      epoch 3/5 n=763 mean_loss=0.9668
      epoch 4/5 n=763 mean_loss=0.7571
      epoch 5/5 n=763 mean_loss=0.9470
       記憶體 +763 → |M|=512
       eval tcga_esca  class-IL=0.7333 task-IL=0.8667
       eval tcga_rcc   class-IL=0.9342 task-IL=0.9474
       eval tcga_brca  class-IL=0.7849 task-IL=0.8172
    ── stage 3: tcga_lung
      epoch 1/5 n=774 mean_loss=1.7634
      epoch 2/5 n=774 mean_loss=1.3892
      epoch 3/5 n=774 mean_loss=1.0479
      epoch 4/5 n=774 mean_loss=1.2341
      epoch 5/5 n=774 mean_loss=1.0907
       記憶體 +774 → |M|=512
       eval tcga_esca  class-IL=0.8000 task-IL=0.8667
       eval tcga_rcc   class-IL=0.9211 task-IL=0.9211
       eval tcga_brca  class-IL=0.7849 task-IL=0.8710
       eval tcga_lung  class-IL=0.8316 task-IL=0.8842
  ▶ L2 (Single continual adapter + Ours) seed=3
    ── stage 0: tcga_esca
      epoch 1/5 n=120 mean_loss=0.5771
      epoch 2/5 n=120 mean_loss=0.1261
      epoch 3/5 n=120 mean_loss=0.0583
      epoch 4/5 n=120 mean_loss=0.0367
      epoch 5/5 n=120 mean_loss=0.0274
       記憶體 +120 → |M|=120
       eval tcga_esca  class-IL=0.8667 task-IL=0.8667
    ── stage 1: tcga_rcc
      epoch 1/5 n=616 mean_loss=0.5717
      epoch 2/5 n=616 mean_loss=0.4710
      epoch 3/5 n=616 mean_loss=0.4271
      epoch 4/5 n=616 mean_loss=0.3956
      epoch 5/5 n=616 mean_loss=0.3372
       記憶體 +616 → |M|=512
       eval tcga_esca  class-IL=0.8667 task-IL=0.8667
       eval tcga_rcc   class-IL=0.9474 task-IL=0.9605
    ── stage 2: tcga_brca
      epoch 1/5 n=763 mean_loss=1.2873
      epoch 2/5 n=763 mean_loss=0.9128
      epoch 3/5 n=763 mean_loss=1.0103
      epoch 4/5 n=763 mean_loss=0.9102
      epoch 5/5 n=763 mean_loss=1.0241
       記憶體 +763 → |M|=512
       eval tcga_esca  class-IL=0.7333 task-IL=0.8000
       eval tcga_rcc   class-IL=0.9474 task-IL=0.9605
       eval tcga_brca  class-IL=0.8710 task-IL=0.9355
    ── stage 3: tcga_lung
      epoch 1/5 n=774 mean_loss=1.9071
      epoch 2/5 n=774 mean_loss=1.9467
      epoch 3/5 n=774 mean_loss=1.6177
      epoch 4/5 n=774 mean_loss=1.6459
      epoch 5/5 n=774 mean_loss=1.5182
       記憶體 +774 → |M|=512
       eval tcga_esca  class-IL=0.6000 task-IL=0.8667
       eval tcga_rcc   class-IL=0.8947 task-IL=0.9342
       eval tcga_brca  class-IL=0.8172 task-IL=0.8602
       eval tcga_lung  class-IL=0.8316 task-IL=0.8526
  ▶ L2 (Single continual adapter + Ours) seed=4
    ── stage 0: tcga_esca
      epoch 1/5 n=120 mean_loss=1.0300
      epoch 2/5 n=120 mean_loss=0.1011
      epoch 3/5 n=120 mean_loss=0.1336
      epoch 4/5 n=120 mean_loss=0.0586
      epoch 5/5 n=120 mean_loss=0.0385
       記憶體 +120 → |M|=120
       eval tcga_esca  class-IL=0.8667 task-IL=0.8667
    ── stage 1: tcga_rcc
      epoch 1/5 n=616 mean_loss=0.6601
      epoch 2/5 n=616 mean_loss=0.4418
      epoch 3/5 n=616 mean_loss=0.4030
      epoch 4/5 n=616 mean_loss=0.3370
      epoch 5/5 n=616 mean_loss=0.3613
       記憶體 +616 → |M|=512
       eval tcga_esca  class-IL=0.8667 task-IL=0.8667
       eval tcga_rcc   class-IL=0.9342 task-IL=0.9342
    ── stage 2: tcga_brca
      epoch 1/5 n=763 mean_loss=1.2871
      epoch 2/5 n=763 mean_loss=1.0553
      epoch 3/5 n=763 mean_loss=1.0621
      epoch 4/5 n=763 mean_loss=0.8896
      epoch 5/5 n=763 mean_loss=0.8849
       記憶體 +763 → |M|=512
       eval tcga_esca  class-IL=0.7333 task-IL=0.8667
       eval tcga_rcc   class-IL=0.9211 task-IL=0.9342
       eval tcga_brca  class-IL=0.8172 task-IL=0.8925
    ── stage 3: tcga_lung
      epoch 1/5 n=774 mean_loss=2.3855
      epoch 2/5 n=774 mean_loss=1.7191
      epoch 3/5 n=774 mean_loss=1.6383
      epoch 4/5 n=774 mean_loss=1.5711
      epoch 5/5 n=774 mean_loss=1.2047
       記憶體 +774 → |M|=512
       eval tcga_esca  class-IL=0.7333 task-IL=0.9333
       eval tcga_rcc   class-IL=0.9211 task-IL=0.9474
       eval tcga_brca  class-IL=0.8495 task-IL=0.8817
       eval tcga_lung  class-IL=0.8000 task-IL=0.8421

→ /Users/aaron/research/02_pathselect/outputs/exp2/main/EXP2.md
