Exp2  arms=['A1', 'A2', 'A3', 'A4', 'A5', 'W1', 'W1B', 'L2', 'L2B']  order=reverse  seeds=[0, 1, 2, 3, 4]  B=8 c=1 epochs=5 arch=flat alloc=per_budget prior=discriminative beta_u=0.1 replay_k=1 λ=(1.0,1.0,1.0)
  ▷ A1 seed=0 已有存檔，跳過
  ▷ A1 seed=1 已有存檔，跳過
  ▷ A1 seed=2 已有存檔，跳過
  ▷ A1 seed=3 已有存檔，跳過
  ▷ A1 seed=4 已有存檔，跳過
  ▷ A2 seed=0 已有存檔，跳過
  ▷ A2 seed=1 已有存檔，跳過
  ▷ A2 seed=2 已有存檔，跳過
  ▷ A2 seed=3 已有存檔，跳過
  ▷ A2 seed=4 已有存檔，跳過
  ▷ A3 seed=0 已有存檔，跳過
  ▷ A3 seed=1 已有存檔，跳過
  ▷ A3 seed=2 已有存檔，跳過
  ▷ A3 seed=3 已有存檔，跳過
  ▷ A3 seed=4 已有存檔，跳過
  ▷ A4 seed=0 已有存檔，跳過
  ▷ A4 seed=1 已有存檔，跳過
  ▷ A4 seed=2 已有存檔，跳過
  ▷ A4 seed=3 已有存檔，跳過
  ▷ A4 seed=4 已有存檔，跳過
  ▷ A5 seed=0 已有存檔，跳過
  ▷ A5 seed=1 已有存檔，跳過
  ▷ A5 seed=2 已有存檔，跳過
  ▷ A5 seed=3 已有存檔，跳過
  ▷ A5 seed=4 已有存檔，跳過
  ▶ W1 (Warm-start (task1 full FT) + Ours) seed=0
    ── stage 0: tcga_esca
      epoch 1/5 n=120 mean_loss=0.8902
      epoch 2/5 n=120 mean_loss=0.4363
      epoch 3/5 n=120 mean_loss=0.1274
      epoch 4/5 n=120 mean_loss=0.2249
      epoch 5/5 n=120 mean_loss=0.2028
       記憶體 +120 → |M|=120
       eval tcga_esca  class-IL=0.8000 task-IL=0.9333
       ✅ warm-start 自檢：掛上 LoRA 後 F_g / F_p 前向逐位元相同
    ── stage 1: tcga_rcc
      epoch 1/5 n=616 mean_loss=0.8794
      epoch 2/5 n=616 mean_loss=0.4869
      epoch 3/5 n=616 mean_loss=0.4332
      epoch 4/5 n=616 mean_loss=0.3629
      epoch 5/5 n=616 mean_loss=0.4643
       記憶體 +616 → |M|=512
       eval tcga_esca  class-IL=0.8000 task-IL=0.8667
       eval tcga_rcc   class-IL=0.9474 task-IL=0.9474
    ── stage 2: tcga_brca
      epoch 1/5 n=763 mean_loss=1.4647
      epoch 2/5 n=763 mean_loss=1.0236
      epoch 3/5 n=763 mean_loss=0.9017
      epoch 4/5 n=763 mean_loss=0.8088
      epoch 5/5 n=763 mean_loss=0.7891
       記憶體 +763 → |M|=512
       eval tcga_esca  class-IL=0.8667 task-IL=0.9333
       eval tcga_rcc   class-IL=0.9342 task-IL=0.9342
       eval tcga_brca  class-IL=0.8602 task-IL=0.9032
    ── stage 3: tcga_lung
      epoch 1/5 n=774 mean_loss=2.1270
      epoch 2/5 n=774 mean_loss=1.2201
      epoch 3/5 n=774 mean_loss=1.0165
      epoch 4/5 n=774 mean_loss=1.0396
      epoch 5/5 n=774 mean_loss=1.0841
       記憶體 +774 → |M|=512
       eval tcga_esca  class-IL=0.6667 task-IL=0.8667
       eval tcga_rcc   class-IL=0.9079 task-IL=0.9342
       eval tcga_brca  class-IL=0.8387 task-IL=0.9032
       eval tcga_lung  class-IL=0.8000 task-IL=0.8316
  ▶ W1 (Warm-start (task1 full FT) + Ours) seed=1
    ── stage 0: tcga_esca
      epoch 1/5 n=120 mean_loss=0.3498
      epoch 2/5 n=120 mean_loss=0.2847
      epoch 3/5 n=120 mean_loss=0.2418
      epoch 4/5 n=120 mean_loss=0.1413
      epoch 5/5 n=120 mean_loss=0.0573
       記憶體 +120 → |M|=120
       eval tcga_esca  class-IL=0.8000 task-IL=0.8667
       ✅ warm-start 自檢：掛上 LoRA 後 F_g / F_p 前向逐位元相同
    ── stage 1: tcga_rcc
      epoch 1/5 n=616 mean_loss=0.6041
      epoch 2/5 n=616 mean_loss=0.3505
      epoch 3/5 n=616 mean_loss=0.3181
      epoch 4/5 n=616 mean_loss=0.2482
      epoch 5/5 n=616 mean_loss=0.3005
       記憶體 +616 → |M|=512
       eval tcga_esca  class-IL=0.8000 task-IL=0.8667
       eval tcga_rcc   class-IL=0.9605 task-IL=0.9605
    ── stage 2: tcga_brca
      epoch 1/5 n=763 mean_loss=1.1441
      epoch 2/5 n=763 mean_loss=0.9268
      epoch 3/5 n=763 mean_loss=0.9377
      epoch 4/5 n=763 mean_loss=0.8698
      epoch 5/5 n=763 mean_loss=0.8970
       記憶體 +763 → |M|=512
       eval tcga_esca  class-IL=0.8000 task-IL=0.9333
       eval tcga_rcc   class-IL=0.9605 task-IL=0.9605
       eval tcga_brca  class-IL=0.8387 task-IL=0.9032
    ── stage 3: tcga_lung
      epoch 1/5 n=774 mean_loss=1.7676
      epoch 2/5 n=774 mean_loss=1.3161
      epoch 3/5 n=774 mean_loss=1.5264
      epoch 4/5 n=774 mean_loss=1.2767
      epoch 5/5 n=774 mean_loss=1.4650
       記憶體 +774 → |M|=512
       eval tcga_esca  class-IL=0.6667 task-IL=1.0000
       eval tcga_rcc   class-IL=0.9342 task-IL=0.9605
       eval tcga_brca  class-IL=0.8495 task-IL=0.9247
       eval tcga_lung  class-IL=0.8526 task-IL=0.8737
  ▶ W1 (Warm-start (task1 full FT) + Ours) seed=2
    ── stage 0: tcga_esca
      epoch 1/5 n=120 mean_loss=0.3555
      epoch 2/5 n=120 mean_loss=0.3999
      epoch 3/5 n=120 mean_loss=0.2306
      epoch 4/5 n=120 mean_loss=0.2507
      epoch 5/5 n=120 mean_loss=0.3037
       記憶體 +120 → |M|=120
       eval tcga_esca  class-IL=0.8667 task-IL=0.9333
       ✅ warm-start 自檢：掛上 LoRA 後 F_g / F_p 前向逐位元相同
    ── stage 1: tcga_rcc
      epoch 1/5 n=616 mean_loss=0.7486
      epoch 2/5 n=616 mean_loss=0.4167
      epoch 3/5 n=616 mean_loss=0.3464
      epoch 4/5 n=616 mean_loss=0.2830
      epoch 5/5 n=616 mean_loss=0.2398
       記憶體 +616 → |M|=512
       eval tcga_esca  class-IL=0.8000 task-IL=0.9333
       eval tcga_rcc   class-IL=0.9342 task-IL=0.9342
    ── stage 2: tcga_brca
      epoch 1/5 n=763 mean_loss=1.4410
      epoch 2/5 n=763 mean_loss=1.0803
      epoch 3/5 n=763 mean_loss=0.9701
      epoch 4/5 n=763 mean_loss=0.8385
      epoch 5/5 n=763 mean_loss=0.8087
       記憶體 +763 → |M|=512
       eval tcga_esca  class-IL=0.6000 task-IL=0.8667
       eval tcga_rcc   class-IL=0.8816 task-IL=0.8947
       eval tcga_brca  class-IL=0.8172 task-IL=0.8387
    ── stage 3: tcga_lung
      epoch 1/5 n=774 mean_loss=2.1480
      epoch 2/5 n=774 mean_loss=1.5881
      epoch 3/5 n=774 mean_loss=1.2817
      epoch 4/5 n=774 mean_loss=1.2531
      epoch 5/5 n=774 mean_loss=1.0637
       記憶體 +774 → |M|=512
       eval tcga_esca  class-IL=0.7333 task-IL=0.8667
       eval tcga_rcc   class-IL=0.8816 task-IL=0.9342
       eval tcga_brca  class-IL=0.8280 task-IL=0.9032
       eval tcga_lung  class-IL=0.8316 task-IL=0.8632
  ▶ W1 (Warm-start (task1 full FT) + Ours) seed=3
    ── stage 0: tcga_esca
      epoch 1/5 n=120 mean_loss=0.6486
      epoch 2/5 n=120 mean_loss=0.2774
      epoch 3/5 n=120 mean_loss=0.4278
      epoch 4/5 n=120 mean_loss=0.4748
      epoch 5/5 n=120 mean_loss=0.1548
       記憶體 +120 → |M|=120
       eval tcga_esca  class-IL=0.7333 task-IL=0.8667
       ✅ warm-start 自檢：掛上 LoRA 後 F_g / F_p 前向逐位元相同
    ── stage 1: tcga_rcc
      epoch 1/5 n=616 mean_loss=0.6606
      epoch 2/5 n=616 mean_loss=0.3268
      epoch 3/5 n=616 mean_loss=0.2630
      epoch 4/5 n=616 mean_loss=0.2680
      epoch 5/5 n=616 mean_loss=0.3736
       記憶體 +616 → |M|=512
       eval tcga_esca  class-IL=0.8000 task-IL=0.8667
       eval tcga_rcc   class-IL=0.9342 task-IL=0.9474
    ── stage 2: tcga_brca
      epoch 1/5 n=763 mean_loss=1.2544
      epoch 2/5 n=763 mean_loss=0.9608
      epoch 3/5 n=763 mean_loss=0.9391
      epoch 4/5 n=763 mean_loss=0.8657
      epoch 5/5 n=763 mean_loss=0.7544
       記憶體 +763 → |M|=512
       eval tcga_esca  class-IL=0.7333 task-IL=0.9333
       eval tcga_rcc   class-IL=0.9342 task-IL=0.9605
       eval tcga_brca  class-IL=0.9140 task-IL=0.9355
    ── stage 3: tcga_lung
      epoch 1/5 n=774 mean_loss=1.9404
      epoch 2/5 n=774 mean_loss=1.4067
      epoch 3/5 n=774 mean_loss=1.2980
      epoch 4/5 n=774 mean_loss=1.2811
      epoch 5/5 n=774 mean_loss=1.2610
       記憶體 +774 → |M|=512
       eval tcga_esca  class-IL=0.6000 task-IL=0.9333
       eval tcga_rcc   class-IL=0.9211 task-IL=0.9474
       eval tcga_brca  class-IL=0.9247 task-IL=0.9355
       eval tcga_lung  class-IL=0.7474 task-IL=0.8316
  ▶ W1 (Warm-start (task1 full FT) + Ours) seed=4
    ── stage 0: tcga_esca
      epoch 1/5 n=120 mean_loss=0.6396
      epoch 2/5 n=120 mean_loss=0.3580
      epoch 3/5 n=120 mean_loss=0.2797
      epoch 4/5 n=120 mean_loss=0.0627
      epoch 5/5 n=120 mean_loss=0.0655
       記憶體 +120 → |M|=120
       eval tcga_esca  class-IL=0.8000 task-IL=0.8667
       ✅ warm-start 自檢：掛上 LoRA 後 F_g / F_p 前向逐位元相同
    ── stage 1: tcga_rcc
      epoch 1/5 n=616 mean_loss=0.8615
      epoch 2/5 n=616 mean_loss=0.3093
      epoch 3/5 n=616 mean_loss=0.3589
      epoch 4/5 n=616 mean_loss=0.2574
      epoch 5/5 n=616 mean_loss=0.3212
       記憶體 +616 → |M|=512
       eval tcga_esca  class-IL=0.8667 task-IL=0.9333
       eval tcga_rcc   class-IL=0.8947 task-IL=0.9342
    ── stage 2: tcga_brca
      epoch 1/5 n=763 mean_loss=1.2641
      epoch 2/5 n=763 mean_loss=0.9520
      epoch 3/5 n=763 mean_loss=1.0797
      epoch 4/5 n=763 mean_loss=0.7982
      epoch 5/5 n=763 mean_loss=0.9532
       記憶體 +763 → |M|=512
       eval tcga_esca  class-IL=0.8000 task-IL=0.9333
       eval tcga_rcc   class-IL=0.9474 task-IL=0.9605
       eval tcga_brca  class-IL=0.8280 task-IL=0.8602
    ── stage 3: tcga_lung
      epoch 1/5 n=774 mean_loss=2.2730
      epoch 2/5 n=774 mean_loss=1.3775
      epoch 3/5 n=774 mean_loss=1.4100
      epoch 4/5 n=774 mean_loss=1.1587
      epoch 5/5 n=774 mean_loss=1.1890
       記憶體 +774 → |M|=512
       eval tcga_esca  class-IL=0.6000 task-IL=0.9333
       eval tcga_rcc   class-IL=0.8947 task-IL=0.9342
       eval tcga_brca  class-IL=0.7957 task-IL=0.8602
       eval tcga_lung  class-IL=0.8421 task-IL=0.8632
  ▶ W1B (Warm-start (task1 full FT), no preservation) seed=0
    ── stage 0: tcga_esca
      epoch 1/5 n=120 mean_loss=0.8902
      epoch 2/5 n=120 mean_loss=0.4363
      epoch 3/5 n=120 mean_loss=0.1274
      epoch 4/5 n=120 mean_loss=0.2249
      epoch 5/5 n=120 mean_loss=0.2028
       eval tcga_esca  class-IL=0.8000 task-IL=0.9333
       ✅ warm-start 自檢：掛上 LoRA 後 F_g / F_p 前向逐位元相同
    ── stage 1: tcga_rcc
      epoch 1/5 n=616 mean_loss=0.7168
      epoch 2/5 n=616 mean_loss=0.2411
      epoch 3/5 n=616 mean_loss=0.1561
      epoch 4/5 n=616 mean_loss=0.1738
      epoch 5/5 n=616 mean_loss=0.1885
       eval tcga_esca  class-IL=0.1333 task-IL=0.8000
       eval tcga_rcc   class-IL=0.9474 task-IL=0.9474
    ── stage 2: tcga_brca
      epoch 1/5 n=763 mean_loss=0.4930
      epoch 2/5 n=763 mean_loss=0.3286
      epoch 3/5 n=763 mean_loss=0.2957
      epoch 4/5 n=763 mean_loss=0.3006
      epoch 5/5 n=763 mean_loss=0.2908
       eval tcga_esca  class-IL=0.2000 task-IL=0.6667
       eval tcga_rcc   class-IL=0.4079 task-IL=0.8553
       eval tcga_brca  class-IL=0.8710 task-IL=0.8710
    ── stage 3: tcga_lung
      epoch 1/5 n=774 mean_loss=0.7288
      epoch 2/5 n=774 mean_loss=0.3869
      epoch 3/5 n=774 mean_loss=0.3315
      epoch 4/5 n=774 mean_loss=0.3355
      epoch 5/5 n=774 mean_loss=0.3146
       eval tcga_esca  class-IL=0.3333 task-IL=0.8000
       eval tcga_rcc   class-IL=0.3947 task-IL=0.7105
       eval tcga_brca  class-IL=0.4946 task-IL=0.8817
       eval tcga_lung  class-IL=0.8737 task-IL=0.8737
  ▶ W1B (Warm-start (task1 full FT), no preservation) seed=1
    ── stage 0: tcga_esca
      epoch 1/5 n=120 mean_loss=0.3498
      epoch 2/5 n=120 mean_loss=0.2847
      epoch 3/5 n=120 mean_loss=0.2418
      epoch 4/5 n=120 mean_loss=0.1413
      epoch 5/5 n=120 mean_loss=0.0573
       eval tcga_esca  class-IL=0.8000 task-IL=0.8667
       ✅ warm-start 自檢：掛上 LoRA 後 F_g / F_p 前向逐位元相同
    ── stage 1: tcga_rcc
      epoch 1/5 n=616 mean_loss=0.4875
      epoch 2/5 n=616 mean_loss=0.1676
      epoch 3/5 n=616 mean_loss=0.1652
      epoch 4/5 n=616 mean_loss=0.1533
      epoch 5/5 n=616 mean_loss=0.1509
       eval tcga_esca  class-IL=0.2000 task-IL=0.4667
       eval tcga_rcc   class-IL=0.9079 task-IL=0.9079
    ── stage 2: tcga_brca
      epoch 1/5 n=763 mean_loss=0.3896
      epoch 2/5 n=763 mean_loss=0.3434
      epoch 3/5 n=763 mean_loss=0.3217
      epoch 4/5 n=763 mean_loss=0.3042
      epoch 5/5 n=763 mean_loss=0.2920
       eval tcga_esca  class-IL=0.2000 task-IL=0.6000
       eval tcga_rcc   class-IL=0.3289 task-IL=0.8421
       eval tcga_brca  class-IL=0.9140 task-IL=0.9140
    ── stage 3: tcga_lung
      epoch 1/5 n=774 mean_loss=0.7230
      epoch 2/5 n=774 mean_loss=0.3539
      epoch 3/5 n=774 mean_loss=0.3146
      epoch 4/5 n=774 mean_loss=0.2592
      epoch 5/5 n=774 mean_loss=0.2796
       eval tcga_esca  class-IL=0.2000 task-IL=0.8667
       eval tcga_rcc   class-IL=0.5789 task-IL=0.8553
       eval tcga_brca  class-IL=0.5591 task-IL=0.8602
       eval tcga_lung  class-IL=0.8947 task-IL=0.9053
  ▶ W1B (Warm-start (task1 full FT), no preservation) seed=2
    ── stage 0: tcga_esca
      epoch 1/5 n=120 mean_loss=0.3555
      epoch 2/5 n=120 mean_loss=0.3999
      epoch 3/5 n=120 mean_loss=0.2306
      epoch 4/5 n=120 mean_loss=0.2507
      epoch 5/5 n=120 mean_loss=0.3037
       eval tcga_esca  class-IL=0.8667 task-IL=0.9333
       ✅ warm-start 自檢：掛上 LoRA 後 F_g / F_p 前向逐位元相同
    ── stage 1: tcga_rcc
      epoch 1/5 n=616 mean_loss=0.3271
      epoch 2/5 n=616 mean_loss=0.1685
      epoch 3/5 n=616 mean_loss=0.1634
      epoch 4/5 n=616 mean_loss=0.1840
      epoch 5/5 n=616 mean_loss=0.1772
       eval tcga_esca  class-IL=0.2000 task-IL=0.5333
       eval tcga_rcc   class-IL=0.9474 task-IL=0.9474
    ── stage 2: tcga_brca
      epoch 1/5 n=763 mean_loss=0.5299
      epoch 2/5 n=763 mean_loss=0.3354
      epoch 3/5 n=763 mean_loss=0.3081
      epoch 4/5 n=763 mean_loss=0.3089
      epoch 5/5 n=763 mean_loss=0.2917
       eval tcga_esca  class-IL=0.1333 task-IL=0.8000
       eval tcga_rcc   class-IL=0.4211 task-IL=0.8026
       eval tcga_brca  class-IL=0.8925 task-IL=0.8925
    ── stage 3: tcga_lung
      epoch 1/5 n=774 mean_loss=0.7759
      epoch 2/5 n=774 mean_loss=0.3811
      epoch 3/5 n=774 mean_loss=0.3495
      epoch 4/5 n=774 mean_loss=0.3138
      epoch 5/5 n=774 mean_loss=0.3034
       eval tcga_esca  class-IL=0.4000 task-IL=0.9333
       eval tcga_rcc   class-IL=0.4211 task-IL=0.8026
       eval tcga_brca  class-IL=0.1398 task-IL=0.8065
       eval tcga_lung  class-IL=0.8737 task-IL=0.8842
  ▶ W1B (Warm-start (task1 full FT), no preservation) seed=3
    ── stage 0: tcga_esca
      epoch 1/5 n=120 mean_loss=0.6486
      epoch 2/5 n=120 mean_loss=0.2774
      epoch 3/5 n=120 mean_loss=0.4278
      epoch 4/5 n=120 mean_loss=0.4748
      epoch 5/5 n=120 mean_loss=0.1548
       eval tcga_esca  class-IL=0.7333 task-IL=0.8667
       ✅ warm-start 自檢：掛上 LoRA 後 F_g / F_p 前向逐位元相同
    ── stage 1: tcga_rcc
      epoch 1/5 n=616 mean_loss=0.3878
      epoch 2/5 n=616 mean_loss=0.1698
      epoch 3/5 n=616 mean_loss=0.1637
      epoch 4/5 n=616 mean_loss=0.1602
      epoch 5/5 n=616 mean_loss=0.1560
       eval tcga_esca  class-IL=0.2000 task-IL=0.6000
       eval tcga_rcc   class-IL=0.9342 task-IL=0.9342
    ── stage 2: tcga_brca
      epoch 1/5 n=763 mean_loss=0.5072
      epoch 2/5 n=763 mean_loss=0.3163
      epoch 3/5 n=763 mean_loss=0.3125
      epoch 4/5 n=763 mean_loss=0.3036
      epoch 5/5 n=763 mean_loss=0.2811
       eval tcga_esca  class-IL=0.2667 task-IL=0.7333
       eval tcga_rcc   class-IL=0.4737 task-IL=0.8816
       eval tcga_brca  class-IL=0.8817 task-IL=0.8817
    ── stage 3: tcga_lung
      epoch 1/5 n=774 mean_loss=0.6791
      epoch 2/5 n=774 mean_loss=0.3628
      epoch 3/5 n=774 mean_loss=0.3344
      epoch 4/5 n=774 mean_loss=0.2790
      epoch 5/5 n=774 mean_loss=0.3036
       eval tcga_esca  class-IL=0.2667 task-IL=0.8000
       eval tcga_rcc   class-IL=0.3289 task-IL=0.7895
       eval tcga_brca  class-IL=0.3978 task-IL=0.7957
       eval tcga_lung  class-IL=0.8632 task-IL=0.8737
  ▶ W1B (Warm-start (task1 full FT), no preservation) seed=4
    ── stage 0: tcga_esca
      epoch 1/5 n=120 mean_loss=0.6396
      epoch 2/5 n=120 mean_loss=0.3580
      epoch 3/5 n=120 mean_loss=0.2797
      epoch 4/5 n=120 mean_loss=0.0627
      epoch 5/5 n=120 mean_loss=0.0655
       eval tcga_esca  class-IL=0.8000 task-IL=0.8667
       ✅ warm-start 自檢：掛上 LoRA 後 F_g / F_p 前向逐位元相同
    ── stage 1: tcga_rcc
      epoch 1/5 n=616 mean_loss=0.7206
      epoch 2/5 n=616 mean_loss=0.1917
      epoch 3/5 n=616 mean_loss=0.1922
      epoch 4/5 n=616 mean_loss=0.1633
      epoch 5/5 n=616 mean_loss=0.1466
       eval tcga_esca  class-IL=0.0667 task-IL=0.5333
       eval tcga_rcc   class-IL=0.9079 task-IL=0.9079
    ── stage 2: tcga_brca
      epoch 1/5 n=763 mean_loss=0.6048
      epoch 2/5 n=763 mean_loss=0.3270
      epoch 3/5 n=763 mean_loss=0.3183
      epoch 4/5 n=763 mean_loss=0.2959
      epoch 5/5 n=763 mean_loss=0.2726
       eval tcga_esca  class-IL=0.1333 task-IL=0.6000
       eval tcga_rcc   class-IL=0.3026 task-IL=0.8158
       eval tcga_brca  class-IL=0.9032 task-IL=0.9032
    ── stage 3: tcga_lung
      epoch 1/5 n=774 mean_loss=0.6716
      epoch 2/5 n=774 mean_loss=0.3113
      epoch 3/5 n=774 mean_loss=0.2967
      epoch 4/5 n=774 mean_loss=0.2938
      epoch 5/5 n=774 mean_loss=0.2819
       eval tcga_esca  class-IL=0.2000 task-IL=0.8000
       eval tcga_rcc   class-IL=0.1184 task-IL=0.5000
       eval tcga_brca  class-IL=0.2903 task-IL=0.7849
       eval tcga_lung  class-IL=0.8737 task-IL=0.8737
  ▶ L2 (Single continual adapter + Ours) seed=0
    ── stage 0: tcga_esca
      epoch 1/5 n=120 mean_loss=0.5796
      epoch 2/5 n=120 mean_loss=0.1847
      epoch 3/5 n=120 mean_loss=0.0653
      epoch 4/5 n=120 mean_loss=0.0417
      epoch 5/5 n=120 mean_loss=0.1188
       記憶體 +120 → |M|=120
       eval tcga_esca  class-IL=0.8000 task-IL=0.8667
    ── stage 1: tcga_rcc
      epoch 1/5 n=616 mean_loss=0.6235
      epoch 2/5 n=616 mean_loss=0.4094
      epoch 3/5 n=616 mean_loss=0.4829
      epoch 4/5 n=616 mean_loss=0.3799
      epoch 5/5 n=616 mean_loss=0.3888
       記憶體 +616 → |M|=512
       eval tcga_esca  class-IL=0.8667 task-IL=0.9333
       eval tcga_rcc   class-IL=0.9342 task-IL=0.9605
    ── stage 2: tcga_brca
      epoch 1/5 n=763 mean_loss=1.2281
      epoch 2/5 n=763 mean_loss=0.8899
      epoch 3/5 n=763 mean_loss=0.9156
      epoch 4/5 n=763 mean_loss=0.8175
      epoch 5/5 n=763 mean_loss=0.8941
       記憶體 +763 → |M|=512
       eval tcga_esca  class-IL=0.7333 task-IL=0.9333
       eval tcga_rcc   class-IL=0.9342 task-IL=0.9474
       eval tcga_brca  class-IL=0.8280 task-IL=0.8710
    ── stage 3: tcga_lung
      epoch 1/5 n=774 mean_loss=2.2066
      epoch 2/5 n=774 mean_loss=1.5960
      epoch 3/5 n=774 mean_loss=1.4637
      epoch 4/5 n=774 mean_loss=1.3349
      epoch 5/5 n=774 mean_loss=1.5137
       記憶體 +774 → |M|=512
       eval tcga_esca  class-IL=0.7333 task-IL=0.9333
       eval tcga_rcc   class-IL=0.9211 task-IL=0.9605
       eval tcga_brca  class-IL=0.7849 task-IL=0.8602
       eval tcga_lung  class-IL=0.7895 task-IL=0.8421
  ▶ L2 (Single continual adapter + Ours) seed=1
    ── stage 0: tcga_esca
      epoch 1/5 n=120 mean_loss=0.4838
      epoch 2/5 n=120 mean_loss=0.1656
      epoch 3/5 n=120 mean_loss=0.1271
      epoch 4/5 n=120 mean_loss=0.1091
      epoch 5/5 n=120 mean_loss=0.1208
       記憶體 +120 → |M|=120
       eval tcga_esca  class-IL=0.8667 task-IL=0.9333
    ── stage 1: tcga_rcc
      epoch 1/5 n=616 mean_loss=0.5837
      epoch 2/5 n=616 mean_loss=0.3329
      epoch 3/5 n=616 mean_loss=0.4711
      epoch 4/5 n=616 mean_loss=0.2711
      epoch 5/5 n=616 mean_loss=0.2982
       記憶體 +616 → |M|=512
       eval tcga_esca  class-IL=0.8667 task-IL=0.9333
       eval tcga_rcc   class-IL=0.9474 task-IL=0.9474
    ── stage 2: tcga_brca
      epoch 1/5 n=763 mean_loss=1.0406
      epoch 2/5 n=763 mean_loss=0.7552
      epoch 3/5 n=763 mean_loss=0.8853
      epoch 4/5 n=763 mean_loss=0.8507
      epoch 5/5 n=763 mean_loss=0.7040
       記憶體 +763 → |M|=512
       eval tcga_esca  class-IL=0.8000 task-IL=0.9333
       eval tcga_rcc   class-IL=0.9342 task-IL=0.9605
       eval tcga_brca  class-IL=0.8280 task-IL=0.8925
    ── stage 3: tcga_lung
      epoch 1/5 n=774 mean_loss=1.6801
      epoch 2/5 n=774 mean_loss=1.4314
      epoch 3/5 n=774 mean_loss=1.4000
      epoch 4/5 n=774 mean_loss=1.2589
      epoch 5/5 n=774 mean_loss=1.3896
       記憶體 +774 → |M|=512
       eval tcga_esca  class-IL=0.5333 task-IL=1.0000
       eval tcga_rcc   class-IL=0.9079 task-IL=0.9474
       eval tcga_brca  class-IL=0.8065 task-IL=0.8817
       eval tcga_lung  class-IL=0.8211 task-IL=0.8632
  ▶ L2 (Single continual adapter + Ours) seed=2
    ── stage 0: tcga_esca
      epoch 1/5 n=120 mean_loss=0.5715
      epoch 2/5 n=120 mean_loss=0.2234
      epoch 3/5 n=120 mean_loss=0.0734
      epoch 4/5 n=120 mean_loss=0.1335
      epoch 5/5 n=120 mean_loss=0.1558
       記憶體 +120 → |M|=120
       eval tcga_esca  class-IL=0.8667 task-IL=0.9333
    ── stage 1: tcga_rcc
      epoch 1/5 n=616 mean_loss=0.5642
      epoch 2/5 n=616 mean_loss=0.5018
      epoch 3/5 n=616 mean_loss=0.3988
      epoch 4/5 n=616 mean_loss=0.3784
      epoch 5/5 n=616 mean_loss=0.4202
       記憶體 +616 → |M|=512
       eval tcga_esca  class-IL=0.8000 task-IL=0.8667
       eval tcga_rcc   class-IL=0.9474 task-IL=0.9474
    ── stage 2: tcga_brca
      epoch 1/5 n=763 mean_loss=1.2628
      epoch 2/5 n=763 mean_loss=1.0113
      epoch 3/5 n=763 mean_loss=0.9379
      epoch 4/5 n=763 mean_loss=0.8869
      epoch 5/5 n=763 mean_loss=1.0537
       記憶體 +763 → |M|=512
       eval tcga_esca  class-IL=0.8000 task-IL=0.8667
       eval tcga_rcc   class-IL=0.8947 task-IL=0.9342
       eval tcga_brca  class-IL=0.8602 task-IL=0.8710
    ── stage 3: tcga_lung
      epoch 1/5 n=774 mean_loss=2.1516
      epoch 2/5 n=774 mean_loss=1.6387
      epoch 3/5 n=774 mean_loss=1.2733
      epoch 4/5 n=774 mean_loss=1.4606
      epoch 5/5 n=774 mean_loss=1.5378
       記憶體 +774 → |M|=512
       eval tcga_esca  class-IL=0.6667 task-IL=0.8667
       eval tcga_rcc   class-IL=0.9079 task-IL=0.9474
       eval tcga_brca  class-IL=0.7849 task-IL=0.8817
       eval tcga_lung  class-IL=0.8000 task-IL=0.8211
  ▶ L2 (Single continual adapter + Ours) seed=3
    ── stage 0: tcga_esca
      epoch 1/5 n=120 mean_loss=0.5415
      epoch 2/5 n=120 mean_loss=0.2037
      epoch 3/5 n=120 mean_loss=0.1161
      epoch 4/5 n=120 mean_loss=0.0515
      epoch 5/5 n=120 mean_loss=0.0385
       記憶體 +120 → |M|=120
       eval tcga_esca  class-IL=0.8000 task-IL=0.8667
    ── stage 1: tcga_rcc
      epoch 1/5 n=616 mean_loss=0.6239
      epoch 2/5 n=616 mean_loss=0.4494
      epoch 3/5 n=616 mean_loss=0.3276
      epoch 4/5 n=616 mean_loss=0.3878
      epoch 5/5 n=616 mean_loss=0.2500
       記憶體 +616 → |M|=512
       eval tcga_esca  class-IL=0.8667 task-IL=0.9333
       eval tcga_rcc   class-IL=0.9474 task-IL=0.9474
    ── stage 2: tcga_brca
      epoch 1/5 n=763 mean_loss=1.3924
      epoch 2/5 n=763 mean_loss=0.9532
      epoch 3/5 n=763 mean_loss=1.1288
      epoch 4/5 n=763 mean_loss=1.0413
      epoch 5/5 n=763 mean_loss=0.8195
       記憶體 +763 → |M|=512
       eval tcga_esca  class-IL=0.8000 task-IL=0.8667
       eval tcga_rcc   class-IL=0.9079 task-IL=0.9474
       eval tcga_brca  class-IL=0.8495 task-IL=0.8925
    ── stage 3: tcga_lung
      epoch 1/5 n=774 mean_loss=1.7251
      epoch 2/5 n=774 mean_loss=1.6650
      epoch 3/5 n=774 mean_loss=1.5132
      epoch 4/5 n=774 mean_loss=1.5668
      epoch 5/5 n=774 mean_loss=1.2469
       記憶體 +774 → |M|=512
       eval tcga_esca  class-IL=0.6667 task-IL=0.8667
       eval tcga_rcc   class-IL=0.8947 task-IL=0.9474
       eval tcga_brca  class-IL=0.8387 task-IL=0.9032
       eval tcga_lung  class-IL=0.7895 task-IL=0.8316
  ▶ L2 (Single continual adapter + Ours) seed=4
    ── stage 0: tcga_esca
      epoch 1/5 n=120 mean_loss=1.6190
      epoch 2/5 n=120 mean_loss=0.1774
      epoch 3/5 n=120 mean_loss=0.0753
      epoch 4/5 n=120 mean_loss=0.1064
      epoch 5/5 n=120 mean_loss=0.2032
       記憶體 +120 → |M|=120
       eval tcga_esca  class-IL=0.8667 task-IL=0.8667
    ── stage 1: tcga_rcc
      epoch 1/5 n=616 mean_loss=0.7626
      epoch 2/5 n=616 mean_loss=0.4219
      epoch 3/5 n=616 mean_loss=0.4683
      epoch 4/5 n=616 mean_loss=0.4228
      epoch 5/5 n=616 mean_loss=0.4470
       記憶體 +616 → |M|=512
       eval tcga_esca  class-IL=0.8000 task-IL=0.8667
       eval tcga_rcc   class-IL=0.9605 task-IL=0.9605
    ── stage 2: tcga_brca
      epoch 1/5 n=763 mean_loss=1.0621
      epoch 2/5 n=763 mean_loss=0.8741
      epoch 3/5 n=763 mean_loss=0.8516
      epoch 4/5 n=763 mean_loss=0.8851
      epoch 5/5 n=763 mean_loss=0.8621
       記憶體 +763 → |M|=512
       eval tcga_esca  class-IL=0.8000 task-IL=0.9333
       eval tcga_rcc   class-IL=0.9342 task-IL=0.9474
       eval tcga_brca  class-IL=0.8387 task-IL=0.8817
    ── stage 3: tcga_lung
      epoch 1/5 n=774 mean_loss=2.0879
      epoch 2/5 n=774 mean_loss=1.4834
      epoch 3/5 n=774 mean_loss=1.6087
      epoch 4/5 n=774 mean_loss=1.2603
      epoch 5/5 n=774 mean_loss=1.2739
       記憶體 +774 → |M|=512
       eval tcga_esca  class-IL=0.6667 task-IL=0.8667
       eval tcga_rcc   class-IL=0.8816 task-IL=0.9474
       eval tcga_brca  class-IL=0.8065 task-IL=0.8925
       eval tcga_lung  class-IL=0.7684 task-IL=0.8211
  ▶ L2B (Single continual adapter, no preservation) seed=0
    ── stage 0: tcga_esca
      epoch 1/5 n=120 mean_loss=0.5796
      epoch 2/5 n=120 mean_loss=0.1847
      epoch 3/5 n=120 mean_loss=0.0653
      epoch 4/5 n=120 mean_loss=0.0417
      epoch 5/5 n=120 mean_loss=0.1188
       eval tcga_esca  class-IL=0.8000 task-IL=0.8667
    ── stage 1: tcga_rcc
      epoch 1/5 n=616 mean_loss=0.3172
      epoch 2/5 n=616 mean_loss=0.1754
      epoch 3/5 n=616 mean_loss=0.1860
      epoch 4/5 n=616 mean_loss=0.2115
      epoch 5/5 n=616 mean_loss=0.1754
       eval tcga_esca  class-IL=0.4000 task-IL=0.6667
       eval tcga_rcc   class-IL=0.9079 task-IL=0.9079
    ── stage 2: tcga_brca
      epoch 1/5 n=763 mean_loss=0.4058
      epoch 2/5 n=763 mean_loss=0.3295
      epoch 3/5 n=763 mean_loss=0.2980
      epoch 4/5 n=763 mean_loss=0.2856
      epoch 5/5 n=763 mean_loss=0.3083
       eval tcga_esca  class-IL=0.2667 task-IL=0.7333
       eval tcga_rcc   class-IL=0.3289 task-IL=0.6842
       eval tcga_brca  class-IL=0.8710 task-IL=0.8817
    ── stage 3: tcga_lung
      epoch 1/5 n=774 mean_loss=0.7085
      epoch 2/5 n=774 mean_loss=0.4317
      epoch 3/5 n=774 mean_loss=0.4242
      epoch 4/5 n=774 mean_loss=0.3824
      epoch 5/5 n=774 mean_loss=0.3751
       eval tcga_esca  class-IL=0.2000 task-IL=0.8000
       eval tcga_rcc   class-IL=0.5921 task-IL=0.9079
       eval tcga_brca  class-IL=0.2688 task-IL=0.7957
       eval tcga_lung  class-IL=0.9053 task-IL=0.9053
  ▶ L2B (Single continual adapter, no preservation) seed=1
    ── stage 0: tcga_esca
      epoch 1/5 n=120 mean_loss=0.4838
      epoch 2/5 n=120 mean_loss=0.1656
      epoch 3/5 n=120 mean_loss=0.1271
      epoch 4/5 n=120 mean_loss=0.1091
      epoch 5/5 n=120 mean_loss=0.1208
       eval tcga_esca  class-IL=0.8667 task-IL=0.9333
    ── stage 1: tcga_rcc
      epoch 1/5 n=616 mean_loss=0.3658
      epoch 2/5 n=616 mean_loss=0.1896
      epoch 3/5 n=616 mean_loss=0.1724
      epoch 4/5 n=616 mean_loss=0.1813
      epoch 5/5 n=616 mean_loss=0.1868
       eval tcga_esca  class-IL=0.2000 task-IL=0.4667
       eval tcga_rcc   class-IL=0.9474 task-IL=0.9474
    ── stage 2: tcga_brca
      epoch 1/5 n=763 mean_loss=0.3599
      epoch 2/5 n=763 mean_loss=0.3526
      epoch 3/5 n=763 mean_loss=0.3120
      epoch 4/5 n=763 mean_loss=0.3189
      epoch 5/5 n=763 mean_loss=0.3337
       eval tcga_esca  class-IL=0.2667 task-IL=0.7333
       eval tcga_rcc   class-IL=0.7632 task-IL=0.9474
       eval tcga_brca  class-IL=0.8817 task-IL=0.8817
    ── stage 3: tcga_lung
      epoch 1/5 n=774 mean_loss=0.6755
      epoch 2/5 n=774 mean_loss=0.3685
      epoch 3/5 n=774 mean_loss=0.3629
      epoch 4/5 n=774 mean_loss=0.3694
      epoch 5/5 n=774 mean_loss=0.3192
       eval tcga_esca  class-IL=0.2000 task-IL=0.9333
       eval tcga_rcc   class-IL=0.6974 task-IL=0.8684
       eval tcga_brca  class-IL=0.3656 task-IL=0.7957
       eval tcga_lung  class-IL=0.8632 task-IL=0.8632
  ▶ L2B (Single continual adapter, no preservation) seed=2
    ── stage 0: tcga_esca
      epoch 1/5 n=120 mean_loss=0.5715
      epoch 2/5 n=120 mean_loss=0.2234
      epoch 3/5 n=120 mean_loss=0.0734
      epoch 4/5 n=120 mean_loss=0.1335
      epoch 5/5 n=120 mean_loss=0.1558
       eval tcga_esca  class-IL=0.8667 task-IL=0.9333
    ── stage 1: tcga_rcc
      epoch 1/5 n=616 mean_loss=0.2737
      epoch 2/5 n=616 mean_loss=0.1650
      epoch 3/5 n=616 mean_loss=0.1736
      epoch 4/5 n=616 mean_loss=0.1665
      epoch 5/5 n=616 mean_loss=0.1591
       eval tcga_esca  class-IL=0.4000 task-IL=0.4667
       eval tcga_rcc   class-IL=0.9342 task-IL=0.9342
    ── stage 2: tcga_brca
      epoch 1/5 n=763 mean_loss=0.3853
      epoch 2/5 n=763 mean_loss=0.3023
      epoch 3/5 n=763 mean_loss=0.3254
      epoch 4/5 n=763 mean_loss=0.3146
      epoch 5/5 n=763 mean_loss=0.2842
       eval tcga_esca  class-IL=0.2000 task-IL=0.6667
       eval tcga_rcc   class-IL=0.4868 task-IL=0.9079
       eval tcga_brca  class-IL=0.8602 task-IL=0.8710
    ── stage 3: tcga_lung
      epoch 1/5 n=774 mean_loss=0.6939
      epoch 2/5 n=774 mean_loss=0.3990
      epoch 3/5 n=774 mean_loss=0.3622
      epoch 4/5 n=774 mean_loss=0.3629
      epoch 5/5 n=774 mean_loss=0.3663
       eval tcga_esca  class-IL=0.3333 task-IL=0.8667
       eval tcga_rcc   class-IL=0.2632 task-IL=0.6974
       eval tcga_brca  class-IL=0.3118 task-IL=0.8172
       eval tcga_lung  class-IL=0.8526 task-IL=0.8737
  ▶ L2B (Single continual adapter, no preservation) seed=3
    ── stage 0: tcga_esca
      epoch 1/5 n=120 mean_loss=0.5415
      epoch 2/5 n=120 mean_loss=0.2037
      epoch 3/5 n=120 mean_loss=0.1161
      epoch 4/5 n=120 mean_loss=0.0515
      epoch 5/5 n=120 mean_loss=0.0385
       eval tcga_esca  class-IL=0.8000 task-IL=0.8667
    ── stage 1: tcga_rcc
      epoch 1/5 n=616 mean_loss=0.3377
      epoch 2/5 n=616 mean_loss=0.2254
      epoch 3/5 n=616 mean_loss=0.1708
      epoch 4/5 n=616 mean_loss=0.1963
      epoch 5/5 n=616 mean_loss=0.1849
       eval tcga_esca  class-IL=0.2667 task-IL=0.5333
       eval tcga_rcc   class-IL=0.9342 task-IL=0.9474
    ── stage 2: tcga_brca
      epoch 1/5 n=763 mean_loss=0.3703
      epoch 2/5 n=763 mean_loss=0.2919
      epoch 3/5 n=763 mean_loss=0.3104
      epoch 4/5 n=763 mean_loss=0.2982
      epoch 5/5 n=763 mean_loss=0.2717
       eval tcga_esca  class-IL=0.1333 task-IL=0.8000
       eval tcga_rcc   class-IL=0.5658 task-IL=0.7763
       eval tcga_brca  class-IL=0.8817 task-IL=0.8925
    ── stage 3: tcga_lung
      epoch 1/5 n=774 mean_loss=0.6629
      epoch 2/5 n=774 mean_loss=0.3757
      epoch 3/5 n=774 mean_loss=0.4007
      epoch 4/5 n=774 mean_loss=0.3418
      epoch 5/5 n=774 mean_loss=0.3699
       eval tcga_esca  class-IL=0.2667 task-IL=0.7333
       eval tcga_rcc   class-IL=0.1974 task-IL=0.7105
       eval tcga_brca  class-IL=0.2903 task-IL=0.7742
       eval tcga_lung  class-IL=0.8526 task-IL=0.8632
  ▶ L2B (Single continual adapter, no preservation) seed=4
    ── stage 0: tcga_esca
      epoch 1/5 n=120 mean_loss=1.6190
      epoch 2/5 n=120 mean_loss=0.1774
      epoch 3/5 n=120 mean_loss=0.0753
      epoch 4/5 n=120 mean_loss=0.1064
      epoch 5/5 n=120 mean_loss=0.2032
       eval tcga_esca  class-IL=0.8667 task-IL=0.8667
    ── stage 1: tcga_rcc
      epoch 1/5 n=616 mean_loss=0.4273
      epoch 2/5 n=616 mean_loss=0.2014
      epoch 3/5 n=616 mean_loss=0.1616
      epoch 4/5 n=616 mean_loss=0.1585
      epoch 5/5 n=616 mean_loss=0.1699
       eval tcga_esca  class-IL=0.3333 task-IL=0.6667
       eval tcga_rcc   class-IL=0.9605 task-IL=0.9605
    ── stage 2: tcga_brca
      epoch 1/5 n=763 mean_loss=0.4613
      epoch 2/5 n=763 mean_loss=0.2911
      epoch 3/5 n=763 mean_loss=0.3149
      epoch 4/5 n=763 mean_loss=0.2984
      epoch 5/5 n=763 mean_loss=0.3039
       eval tcga_esca  class-IL=0.2000 task-IL=0.6000
       eval tcga_rcc   class-IL=0.3421 task-IL=0.8026
       eval tcga_brca  class-IL=0.9032 task-IL=0.9032
    ── stage 3: tcga_lung
      epoch 1/5 n=774 mean_loss=0.7241
      epoch 2/5 n=774 mean_loss=0.4810
      epoch 3/5 n=774 mean_loss=0.3703
      epoch 4/5 n=774 mean_loss=0.4354
      epoch 5/5 n=774 mean_loss=0.3802
       eval tcga_esca  class-IL=0.1333 task-IL=0.8667
       eval tcga_rcc   class-IL=0.5921 task-IL=0.7105
       eval tcga_brca  class-IL=0.2581 task-IL=0.8065
       eval tcga_lung  class-IL=0.8947 task-IL=0.8947

→ /Users/aaron/research/02_pathselect/outputs/exp2/main/EXP2.md
