Exp2  arms=['L2', 'A5']  order=reverse  seeds=[0, 1, 2, 3, 4]  B=8 c=1 epochs=5 arch=hier alloc=per_budget prior=discriminative beta_u=0.1 replay_k=1 λ=(1.0,1.0,1.0)
  ▷ L2 seed=0 已有存檔，跳過
  ▷ L2 seed=1 已有存檔，跳過
  ▷ L2 seed=2 已有存檔，跳過
  ▷ L2 seed=3 已有存檔，跳過
  ▷ L2 seed=4 已有存檔，跳過
  ▶ A5 (Ours (Replay+KD+eq)) seed=0
    ── stage 0: tcga_esca
      epoch 1/5 n=120 mean_loss=0.3509
      epoch 2/5 n=120 mean_loss=0.0899
      epoch 3/5 n=120 mean_loss=0.0522
      epoch 4/5 n=120 mean_loss=0.1973
      epoch 5/5 n=120 mean_loss=0.1129
       記憶體 +120 → |M|=120
       eval tcga_esca  class-IL=0.8667 task-IL=0.8667
    ── stage 1: tcga_rcc
      epoch 1/5 n=616 mean_loss=0.6526
      epoch 2/5 n=616 mean_loss=0.3688
      epoch 3/5 n=616 mean_loss=0.3238
      epoch 4/5 n=616 mean_loss=0.3122
      epoch 5/5 n=616 mean_loss=0.4213
       記憶體 +616 → |M|=512
       eval tcga_esca  class-IL=0.9333 task-IL=0.9333
       eval tcga_rcc   class-IL=0.9474 task-IL=0.9474
    ── stage 2: tcga_brca
      epoch 1/5 n=763 mean_loss=1.3797
      epoch 2/5 n=763 mean_loss=1.0089
      epoch 3/5 n=763 mean_loss=0.9282
      epoch 4/5 n=763 mean_loss=0.8121
      epoch 5/5 n=763 mean_loss=0.9192
       記憶體 +763 → |M|=512
       eval tcga_esca  class-IL=0.8000 task-IL=0.8667
       eval tcga_rcc   class-IL=0.9474 task-IL=0.9474
       eval tcga_brca  class-IL=0.7957 task-IL=0.8817
    ── stage 3: tcga_lung
      epoch 1/5 n=774 mean_loss=2.4200
      epoch 2/5 n=774 mean_loss=1.8294
      epoch 3/5 n=774 mean_loss=1.4983
      epoch 4/5 n=774 mean_loss=1.4239
      epoch 5/5 n=774 mean_loss=1.2517
       記憶體 +774 → |M|=512
       eval tcga_esca  class-IL=0.6000 task-IL=0.9333
       eval tcga_rcc   class-IL=0.8816 task-IL=0.9605
       eval tcga_brca  class-IL=0.8387 task-IL=0.9247
       eval tcga_lung  class-IL=0.8421 task-IL=0.8526
  ▶ A5 (Ours (Replay+KD+eq)) seed=1
    ── stage 0: tcga_esca
      epoch 1/5 n=120 mean_loss=0.4888
      epoch 2/5 n=120 mean_loss=0.0759
      epoch 3/5 n=120 mean_loss=0.0849
      epoch 4/5 n=120 mean_loss=0.0955
      epoch 5/5 n=120 mean_loss=0.0572
       記憶體 +120 → |M|=120
       eval tcga_esca  class-IL=0.9333 task-IL=0.9333
    ── stage 1: tcga_rcc
      epoch 1/5 n=616 mean_loss=0.5813
      epoch 2/5 n=616 mean_loss=0.4392
      epoch 3/5 n=616 mean_loss=0.3314
      epoch 4/5 n=616 mean_loss=0.4572
      epoch 5/5 n=616 mean_loss=0.3729
       記憶體 +616 → |M|=512
       eval tcga_esca  class-IL=0.9333 task-IL=0.9333
       eval tcga_rcc   class-IL=0.9211 task-IL=0.9211
    ── stage 2: tcga_brca
      epoch 1/5 n=763 mean_loss=1.0505
      epoch 2/5 n=763 mean_loss=0.8376
      epoch 3/5 n=763 mean_loss=0.9048
      epoch 4/5 n=763 mean_loss=0.7929
      epoch 5/5 n=763 mean_loss=0.8237
       記憶體 +763 → |M|=512
       eval tcga_esca  class-IL=0.9333 task-IL=0.9333
       eval tcga_rcc   class-IL=0.9474 task-IL=0.9605
       eval tcga_brca  class-IL=0.8172 task-IL=0.8925
    ── stage 3: tcga_lung
      epoch 1/5 n=774 mean_loss=1.9463
      epoch 2/5 n=774 mean_loss=1.5452
      epoch 3/5 n=774 mean_loss=1.6352
      epoch 4/5 n=774 mean_loss=1.3174
      epoch 5/5 n=774 mean_loss=1.4827
       記憶體 +774 → |M|=512
       eval tcga_esca  class-IL=0.6000 task-IL=0.8667
       eval tcga_rcc   class-IL=0.9474 task-IL=0.9737
       eval tcga_brca  class-IL=0.8172 task-IL=0.9140
       eval tcga_lung  class-IL=0.8526 task-IL=0.9053
  ▶ A5 (Ours (Replay+KD+eq)) seed=2
    ── stage 0: tcga_esca
      epoch 1/5 n=120 mean_loss=0.3720
      epoch 2/5 n=120 mean_loss=0.0975
      epoch 3/5 n=120 mean_loss=0.0893
      epoch 4/5 n=120 mean_loss=0.0886
      epoch 5/5 n=120 mean_loss=0.0645
       記憶體 +120 → |M|=120
       eval tcga_esca  class-IL=0.8667 task-IL=0.8667
    ── stage 1: tcga_rcc
      epoch 1/5 n=616 mean_loss=0.5302
      epoch 2/5 n=616 mean_loss=0.3070
      epoch 3/5 n=616 mean_loss=0.2970
      epoch 4/5 n=616 mean_loss=0.2878
      epoch 5/5 n=616 mean_loss=0.3073
       記憶體 +616 → |M|=512
       eval tcga_esca  class-IL=0.8667 task-IL=0.9333
       eval tcga_rcc   class-IL=0.9605 task-IL=0.9605
    ── stage 2: tcga_brca
      epoch 1/5 n=763 mean_loss=1.1328
      epoch 2/5 n=763 mean_loss=0.9203
      epoch 3/5 n=763 mean_loss=0.8427
      epoch 4/5 n=763 mean_loss=0.7668
      epoch 5/5 n=763 mean_loss=0.7603
       記憶體 +763 → |M|=512
       eval tcga_esca  class-IL=0.8667 task-IL=0.8667
       eval tcga_rcc   class-IL=0.9605 task-IL=0.9605
       eval tcga_brca  class-IL=0.8280 task-IL=0.9247
    ── stage 3: tcga_lung
      epoch 1/5 n=774 mean_loss=2.3040
      epoch 2/5 n=774 mean_loss=1.7584
      epoch 3/5 n=774 mean_loss=1.2521
      epoch 4/5 n=774 mean_loss=1.4393
      epoch 5/5 n=774 mean_loss=1.2004
       記憶體 +774 → |M|=512
       eval tcga_esca  class-IL=0.7333 task-IL=0.8667
       eval tcga_rcc   class-IL=0.9079 task-IL=0.9605
       eval tcga_brca  class-IL=0.8710 task-IL=0.9140
       eval tcga_lung  class-IL=0.8211 task-IL=0.8632
  ▶ A5 (Ours (Replay+KD+eq)) seed=3
    ── stage 0: tcga_esca
      epoch 1/5 n=120 mean_loss=0.5771
      epoch 2/5 n=120 mean_loss=0.1261
      epoch 3/5 n=120 mean_loss=0.0583
      epoch 4/5 n=120 mean_loss=0.0367
      epoch 5/5 n=120 mean_loss=0.0274
       記憶體 +120 → |M|=120
       eval tcga_esca  class-IL=0.8667 task-IL=0.8667
    ── stage 1: tcga_rcc
      epoch 1/5 n=616 mean_loss=0.5616
      epoch 2/5 n=616 mean_loss=0.4157
      epoch 3/5 n=616 mean_loss=0.3817
      epoch 4/5 n=616 mean_loss=0.3689
      epoch 5/5 n=616 mean_loss=0.2778
       記憶體 +616 → |M|=512
       eval tcga_esca  class-IL=0.8667 task-IL=0.8667
       eval tcga_rcc   class-IL=0.9342 task-IL=0.9605
    ── stage 2: tcga_brca
      epoch 1/5 n=763 mean_loss=1.3007
      epoch 2/5 n=763 mean_loss=1.0133
      epoch 3/5 n=763 mean_loss=0.9894
      epoch 4/5 n=763 mean_loss=0.9485
      epoch 5/5 n=763 mean_loss=1.0049
       記憶體 +763 → |M|=512
       eval tcga_esca  class-IL=0.9333 task-IL=0.9333
       eval tcga_rcc   class-IL=0.9474 task-IL=0.9605
       eval tcga_brca  class-IL=0.8817 task-IL=0.9355
    ── stage 3: tcga_lung
      epoch 1/5 n=774 mean_loss=2.1206
      epoch 2/5 n=774 mean_loss=1.6589
      epoch 3/5 n=774 mean_loss=1.6882
      epoch 4/5 n=774 mean_loss=1.5892
      epoch 5/5 n=774 mean_loss=1.3731
       記憶體 +774 → |M|=512
       eval tcga_esca  class-IL=0.6667 task-IL=0.8667
       eval tcga_rcc   class-IL=0.8816 task-IL=0.9605
       eval tcga_brca  class-IL=0.9032 task-IL=0.9247
       eval tcga_lung  class-IL=0.8316 task-IL=0.8526
  ▶ A5 (Ours (Replay+KD+eq)) seed=4
    ── stage 0: tcga_esca
      epoch 1/5 n=120 mean_loss=1.0300
      epoch 2/5 n=120 mean_loss=0.1011
      epoch 3/5 n=120 mean_loss=0.1336
      epoch 4/5 n=120 mean_loss=0.0586
      epoch 5/5 n=120 mean_loss=0.0385
       記憶體 +120 → |M|=120
       eval tcga_esca  class-IL=0.8667 task-IL=0.8667
    ── stage 1: tcga_rcc
      epoch 1/5 n=616 mean_loss=0.5290
      epoch 2/5 n=616 mean_loss=0.3720
      epoch 3/5 n=616 mean_loss=0.3920
      epoch 4/5 n=616 mean_loss=0.2550
      epoch 5/5 n=616 mean_loss=0.2986
       記憶體 +616 → |M|=512
       eval tcga_esca  class-IL=0.9333 task-IL=1.0000
       eval tcga_rcc   class-IL=0.9605 task-IL=0.9605
    ── stage 2: tcga_brca
      epoch 1/5 n=763 mean_loss=1.2179
      epoch 2/5 n=763 mean_loss=0.8233
      epoch 3/5 n=763 mean_loss=0.8751
      epoch 4/5 n=763 mean_loss=0.8426
      epoch 5/5 n=763 mean_loss=0.8952
       記憶體 +763 → |M|=512
       eval tcga_esca  class-IL=0.8000 task-IL=0.8667
       eval tcga_rcc   class-IL=0.9605 task-IL=0.9737
       eval tcga_brca  class-IL=0.8387 task-IL=0.8817
    ── stage 3: tcga_lung
      epoch 1/5 n=774 mean_loss=2.3686
      epoch 2/5 n=774 mean_loss=1.8099
      epoch 3/5 n=774 mean_loss=1.7276
      epoch 4/5 n=774 mean_loss=1.2798
      epoch 5/5 n=774 mean_loss=1.3698
       記憶體 +774 → |M|=512
       eval tcga_esca  class-IL=0.6000 task-IL=0.8667
       eval tcga_rcc   class-IL=0.9605 task-IL=0.9737
       eval tcga_brca  class-IL=0.8387 task-IL=0.9140
       eval tcga_lung  class-IL=0.8421 task-IL=0.8842

→ /Users/aaron/research/02_pathselect/outputs/exp2/main/EXP2_hier.md
