Exp2  arms=['A5']  order=reverse  seeds=[0, 1, 2, 3, 4]  B=8 c=1 epochs=5 arch=flat alloc=per_budget prior=discriminative beta_u=0.1 replay_k=1 λ=(1.0,1.0,1.0)
  ▶ A5 (Ours (Replay+KD+eq)) seed=0
    ── stage 0: tcga_esca
      epoch 1/5 n=120 mean_loss=0.5796
      epoch 2/5 n=120 mean_loss=0.1847
      epoch 3/5 n=120 mean_loss=0.0653
      epoch 4/5 n=120 mean_loss=0.0417
      epoch 5/5 n=120 mean_loss=0.1188
       記憶體 +120 → |M|=120
       💾 ckpt → A5_reverse_seed0_stage0.pt
       eval tcga_esca  class-IL=0.8000 task-IL=0.8667
    ── stage 1: tcga_rcc
      epoch 1/5 n=616 mean_loss=0.7227
      epoch 2/5 n=616 mean_loss=0.4397
      epoch 3/5 n=616 mean_loss=0.3176
      epoch 4/5 n=616 mean_loss=0.2920
      epoch 5/5 n=616 mean_loss=0.3459
       記憶體 +616 → |M|=512
       💾 ckpt → A5_reverse_seed0_stage1.pt
       eval tcga_esca  class-IL=0.8667 task-IL=0.9333
       eval tcga_rcc   class-IL=0.9211 task-IL=0.9474
    ── stage 2: tcga_brca
      epoch 1/5 n=763 mean_loss=1.2222
      epoch 2/5 n=763 mean_loss=1.1433
      epoch 3/5 n=763 mean_loss=0.9104
      epoch 4/5 n=763 mean_loss=1.0326
      epoch 5/5 n=763 mean_loss=0.9722
       記憶體 +763 → |M|=512
       💾 ckpt → A5_reverse_seed0_stage2.pt
       eval tcga_esca  class-IL=0.8000 task-IL=0.8667
       eval tcga_rcc   class-IL=0.9474 task-IL=0.9605
       eval tcga_brca  class-IL=0.7957 task-IL=0.8710
    ── stage 3: tcga_lung
      epoch 1/5 n=774 mean_loss=2.1502
      epoch 2/5 n=774 mean_loss=1.6845
      epoch 3/5 n=774 mean_loss=1.4185
      epoch 4/5 n=774 mean_loss=1.4094
      epoch 5/5 n=774 mean_loss=1.4619
       記憶體 +774 → |M|=512
       💾 ckpt → A5_reverse_seed0_stage3.pt
       eval tcga_esca  class-IL=0.6667 task-IL=1.0000
       eval tcga_rcc   class-IL=0.9079 task-IL=0.9605
       eval tcga_brca  class-IL=0.8065 task-IL=0.9247
       eval tcga_lung  class-IL=0.8105 task-IL=0.8421
  ▶ A5 (Ours (Replay+KD+eq)) seed=1
    ── stage 0: tcga_esca
      epoch 1/5 n=120 mean_loss=0.4838
      epoch 2/5 n=120 mean_loss=0.1656
      epoch 3/5 n=120 mean_loss=0.1271
      epoch 4/5 n=120 mean_loss=0.1091
      epoch 5/5 n=120 mean_loss=0.1208
       記憶體 +120 → |M|=120
       💾 ckpt → A5_reverse_seed1_stage0.pt
       eval tcga_esca  class-IL=0.8667 task-IL=0.9333
    ── stage 1: tcga_rcc
      epoch 1/5 n=616 mean_loss=0.5541
      epoch 2/5 n=616 mean_loss=0.3550
      epoch 3/5 n=616 mean_loss=0.3300
      epoch 4/5 n=616 mean_loss=0.2779
      epoch 5/5 n=616 mean_loss=0.4621
       記憶體 +616 → |M|=512
       💾 ckpt → A5_reverse_seed1_stage1.pt
       eval tcga_esca  class-IL=0.8667 task-IL=0.9333
       eval tcga_rcc   class-IL=0.9605 task-IL=0.9605
    ── stage 2: tcga_brca
      epoch 1/5 n=763 mean_loss=1.2547
      epoch 2/5 n=763 mean_loss=0.9447
      epoch 3/5 n=763 mean_loss=0.9679
      epoch 4/5 n=763 mean_loss=0.8992
      epoch 5/5 n=763 mean_loss=0.9295
       記憶體 +763 → |M|=512
       💾 ckpt → A5_reverse_seed1_stage2.pt
       eval tcga_esca  class-IL=0.8667 task-IL=0.9333
       eval tcga_rcc   class-IL=0.9474 task-IL=0.9474
       eval tcga_brca  class-IL=0.8065 task-IL=0.8925
    ── stage 3: tcga_lung
      epoch 1/5 n=774 mean_loss=1.7599
      epoch 2/5 n=774 mean_loss=1.3980
      epoch 3/5 n=774 mean_loss=1.6520
      epoch 4/5 n=774 mean_loss=1.3293
      epoch 5/5 n=774 mean_loss=1.5453
       記憶體 +774 → |M|=512
       💾 ckpt → A5_reverse_seed1_stage3.pt
       eval tcga_esca  class-IL=0.6000 task-IL=0.8667
       eval tcga_rcc   class-IL=0.9211 task-IL=0.9474
       eval tcga_brca  class-IL=0.8710 task-IL=0.9247
       eval tcga_lung  class-IL=0.8000 task-IL=0.8316
  ▶ A5 (Ours (Replay+KD+eq)) seed=2
    ── stage 0: tcga_esca
      epoch 1/5 n=120 mean_loss=0.5715
      epoch 2/5 n=120 mean_loss=0.2234
      epoch 3/5 n=120 mean_loss=0.0734
      epoch 4/5 n=120 mean_loss=0.1335
      epoch 5/5 n=120 mean_loss=0.1558
       記憶體 +120 → |M|=120
       💾 ckpt → A5_reverse_seed2_stage0.pt
       eval tcga_esca  class-IL=0.8667 task-IL=0.9333
    ── stage 1: tcga_rcc
      epoch 1/5 n=616 mean_loss=0.5300
      epoch 2/5 n=616 mean_loss=0.3479
      epoch 3/5 n=616 mean_loss=0.3540
      epoch 4/5 n=616 mean_loss=0.3722
      epoch 5/5 n=616 mean_loss=0.3493
       記憶體 +616 → |M|=512
       💾 ckpt → A5_reverse_seed2_stage1.pt
       eval tcga_esca  class-IL=0.8667 task-IL=0.9333
       eval tcga_rcc   class-IL=0.9605 task-IL=0.9605
    ── stage 2: tcga_brca
      epoch 1/5 n=763 mean_loss=1.2122
      epoch 2/5 n=763 mean_loss=0.9512
      epoch 3/5 n=763 mean_loss=0.9698
      epoch 4/5 n=763 mean_loss=0.7893
      epoch 5/5 n=763 mean_loss=0.9498
       記憶體 +763 → |M|=512
       💾 ckpt → A5_reverse_seed2_stage2.pt
       eval tcga_esca  class-IL=0.6667 task-IL=0.9333
       eval tcga_rcc   class-IL=0.9211 task-IL=0.9342
       eval tcga_brca  class-IL=0.8065 task-IL=0.8387
    ── stage 3: tcga_lung
      epoch 1/5 n=774 mean_loss=2.0676
      epoch 2/5 n=774 mean_loss=1.8318
      epoch 3/5 n=774 mean_loss=1.3481
      epoch 4/5 n=774 mean_loss=1.3444
      epoch 5/5 n=774 mean_loss=1.3125
       記憶體 +774 → |M|=512
       💾 ckpt → A5_reverse_seed2_stage3.pt
       eval tcga_esca  class-IL=0.8000 task-IL=1.0000
       eval tcga_rcc   class-IL=0.9079 task-IL=0.9342
       eval tcga_brca  class-IL=0.8495 task-IL=0.8817
       eval tcga_lung  class-IL=0.7895 task-IL=0.8526
  ▶ A5 (Ours (Replay+KD+eq)) seed=3
    ── stage 0: tcga_esca
      epoch 1/5 n=120 mean_loss=0.5415
      epoch 2/5 n=120 mean_loss=0.2037
      epoch 3/5 n=120 mean_loss=0.1161
      epoch 4/5 n=120 mean_loss=0.0515
      epoch 5/5 n=120 mean_loss=0.0385
       記憶體 +120 → |M|=120
       💾 ckpt → A5_reverse_seed3_stage0.pt
       eval tcga_esca  class-IL=0.8000 task-IL=0.8667
    ── stage 1: tcga_rcc
      epoch 1/5 n=616 mean_loss=0.5702
      epoch 2/5 n=616 mean_loss=0.4001
      epoch 3/5 n=616 mean_loss=0.3172
      epoch 4/5 n=616 mean_loss=0.3436
      epoch 5/5 n=616 mean_loss=0.4424
       記憶體 +616 → |M|=512
       💾 ckpt → A5_reverse_seed3_stage1.pt
       eval tcga_esca  class-IL=0.8000 task-IL=0.8667
       eval tcga_rcc   class-IL=0.9342 task-IL=0.9342
    ── stage 2: tcga_brca
      epoch 1/5 n=763 mean_loss=1.2859
      epoch 2/5 n=763 mean_loss=1.0525
      epoch 3/5 n=763 mean_loss=1.1282
      epoch 4/5 n=763 mean_loss=0.9602
      epoch 5/5 n=763 mean_loss=1.0373
       記憶體 +763 → |M|=512
       💾 ckpt → A5_reverse_seed3_stage2.pt
       eval tcga_esca  class-IL=0.8000 task-IL=0.9333
       eval tcga_rcc   class-IL=0.9079 task-IL=0.9211
       eval tcga_brca  class-IL=0.8602 task-IL=0.9032
    ── stage 3: tcga_lung
      epoch 1/5 n=774 mean_loss=1.8590
      epoch 2/5 n=774 mean_loss=1.6721
      epoch 3/5 n=774 mean_loss=1.3397
      epoch 4/5 n=774 mean_loss=1.5378
      epoch 5/5 n=774 mean_loss=1.2153
       記憶體 +774 → |M|=512
       💾 ckpt → A5_reverse_seed3_stage3.pt
       eval tcga_esca  class-IL=0.7333 task-IL=1.0000
       eval tcga_rcc   class-IL=0.8816 task-IL=0.9211
       eval tcga_brca  class-IL=0.8495 task-IL=0.9032
       eval tcga_lung  class-IL=0.8211 task-IL=0.8421
  ▶ A5 (Ours (Replay+KD+eq)) seed=4
    ── stage 0: tcga_esca
      epoch 1/5 n=120 mean_loss=1.6190
      epoch 2/5 n=120 mean_loss=0.1774
      epoch 3/5 n=120 mean_loss=0.0753
      epoch 4/5 n=120 mean_loss=0.1064
      epoch 5/5 n=120 mean_loss=0.2032
       記憶體 +120 → |M|=120
       💾 ckpt → A5_reverse_seed4_stage0.pt
       eval tcga_esca  class-IL=0.8667 task-IL=0.8667
    ── stage 1: tcga_rcc
      epoch 1/5 n=616 mean_loss=0.6927
      epoch 2/5 n=616 mean_loss=0.4234
      epoch 3/5 n=616 mean_loss=0.5127
      epoch 4/5 n=616 mean_loss=0.3914
      epoch 5/5 n=616 mean_loss=0.3186
       記憶體 +616 → |M|=512
       💾 ckpt → A5_reverse_seed4_stage1.pt
       eval tcga_esca  class-IL=0.8667 task-IL=0.8667
       eval tcga_rcc   class-IL=0.9474 task-IL=0.9474
    ── stage 2: tcga_brca
      epoch 1/5 n=763 mean_loss=1.2337
      epoch 2/5 n=763 mean_loss=1.1158
      epoch 3/5 n=763 mean_loss=0.7971
      epoch 4/5 n=763 mean_loss=0.8225
      epoch 5/5 n=763 mean_loss=0.9413
       記憶體 +763 → |M|=512
       💾 ckpt → A5_reverse_seed4_stage2.pt
       eval tcga_esca  class-IL=0.8000 task-IL=0.8667
       eval tcga_rcc   class-IL=0.9342 task-IL=0.9474
       eval tcga_brca  class-IL=0.8280 task-IL=0.9140
    ── stage 3: tcga_lung
      epoch 1/5 n=774 mean_loss=2.0388
      epoch 2/5 n=774 mean_loss=1.6368
      epoch 3/5 n=774 mean_loss=1.5278
      epoch 4/5 n=774 mean_loss=1.4762
      epoch 5/5 n=774 mean_loss=1.1568
       記憶體 +774 → |M|=512
       💾 ckpt → A5_reverse_seed4_stage3.pt
       eval tcga_esca  class-IL=0.8667 task-IL=0.9333
       eval tcga_rcc   class-IL=0.9342 task-IL=0.9605
       eval tcga_brca  class-IL=0.8710 task-IL=0.9247
       eval tcga_lung  class-IL=0.7895 task-IL=0.8421

→ /Users/aaron/research/02_pathselect/outputs/exp2/dr051_e3/EXP2.md
→ /Users/aaron/research/02_pathselect/outputs/exp2/dr051/E3_DECOMPOSITION.md
