═══ 佇列 A-1：A3 flat forward folds 1–10
[2026-09-06 01:32:41] #01 A3_flat_fwd_f1
[2026-09-06 02:01:59] #02 A3_flat_fwd_f2
[2026-09-06 02:30:08] #03 A3_flat_fwd_f3
[2026-09-06 02:58:13] #04 A3_flat_fwd_f4
[2026-09-06 03:25:46] #05 A3_flat_fwd_f5
[2026-09-06 03:53:46] #06 A3_flat_fwd_f6
[2026-09-06 04:21:15] #07 A3_flat_fwd_f7
[2026-09-06 04:49:19] #08 A3_flat_fwd_f8
[2026-09-06 05:17:39] #09 A3_flat_fwd_f9
[2026-09-06 05:45:23] #10 A3_flat_fwd_f10
═══ 佇列 A-2：A1 flat forward folds 1–10
[2026-09-06 06:13:47] #11 A1_flat_fwd_f1
[2026-09-06 06:17:34] #12 A1_flat_fwd_f2
[2026-09-06 06:21:14] #13 A1_flat_fwd_f3
[2026-09-06 06:24:56] #14 A1_flat_fwd_f4
[2026-09-06 06:28:40] #15 A1_flat_fwd_f5
[2026-09-06 06:32:21] #16 A1_flat_fwd_f6
[2026-09-06 06:35:58] #17 A1_flat_fwd_f7
[2026-09-06 06:39:39] #18 A1_flat_fwd_f8
[2026-09-06 06:43:24] #19 A1_flat_fwd_f9
[2026-09-06 06:47:09] #20 A1_flat_fwd_f10
═══ 佇列 B：外部基準重現檢查（clone 在 repo 之外）
[2026-09-06 06:51:00] #21 repro_external
═══ 末步：重產 SOTA 表（不 commit）
[2026-09-06 06:51:12] #22 report_sota_overnight
[2026-09-06 06:51:17] 過夜佇列結束：22 步，失敗 0 個
（依裁定不 commit —— 明天由 PI 以「Prompt 11 回報」觸發彙整）
