═══ 1. A5 flat reverse folds 1–10
[2026-09-04 17:20:24] #01 A5_flat_rev_f1
[2026-09-04 17:46:48] #02 A5_flat_rev_f2
[2026-09-04 18:13:56] #03 A5_flat_rev_f3
[2026-09-04 18:40:43] #04 A5_flat_rev_f4
[2026-09-04 19:07:45] #05 A5_flat_rev_f5
[2026-09-04 19:35:58] #06 A5_flat_rev_f6
[2026-09-04 20:03:42] #07 A5_flat_rev_f7
[2026-09-04 20:30:53] #08 A5_flat_rev_f8
[2026-09-04 20:57:48] #09 A5_flat_rev_f9
[2026-09-04 21:23:45] #10 A5_flat_rev_f10
═══ 2. A5 hier reverse folds 1–10
[2026-09-04 21:52:01] #11 A5_hier_rev_f1
[2026-09-04 22:21:24] #12 A5_hier_rev_f2
[2026-09-04 22:50:09] #13 A5_hier_rev_f3
[2026-09-04 23:18:45] #14 A5_hier_rev_f4
[2026-09-04 23:46:32] #15 A5_hier_rev_f5
[2026-09-05 00:14:53] #16 A5_hier_rev_f6
[2026-09-05 00:42:29] #17 A5_hier_rev_f7
[2026-09-05 01:09:28] #18 A5_hier_rev_f8
[2026-09-05 01:36:53] #19 A5_hier_rev_f9
[2026-09-05 02:03:37] #20 A5_hier_rev_f10
═══ 3. zero-shot（reverse，每折；seed = 折號）
[2026-09-05 02:30:50] #21 zeroshot_rev_f1
[2026-09-05 02:32:27] #22 zeroshot_rev_f2
[2026-09-05 02:34:12] #23 zeroshot_rev_f3
[2026-09-05 02:35:55] #24 zeroshot_rev_f4
[2026-09-05 02:37:44] #25 zeroshot_rev_f5
[2026-09-05 02:39:25] #26 zeroshot_rev_f6
[2026-09-05 02:41:07] #27 zeroshot_rev_f7
[2026-09-05 02:42:51] #28 zeroshot_rev_f8
[2026-09-05 02:44:23] #29 zeroshot_rev_f9
[2026-09-05 02:46:01] #30 zeroshot_rev_f10
═══ 4. OPCM（DR-046 協定：fold 1 / seed 0–4，依 C1 delta 快取）
[2026-09-05 02:46:03] #31 opcm_rev_dr046
═══ 5.（選配）A5 flat forward folds 1–10 —— 對應基準論文 Tab. 1
[2026-09-05 02:46:31] #32 A5_flat_fwd_f1
[2026-09-05 03:14:51] #33 A5_flat_fwd_f2
[2026-09-05 03:42:39] #34 A5_flat_fwd_f3
[2026-09-05 04:10:42] #35 A5_flat_fwd_f4
[2026-09-05 04:38:46] #36 A5_flat_fwd_f5
[2026-09-05 05:07:01] #37 A5_flat_fwd_f6
[2026-09-05 05:35:26] #38 A5_flat_fwd_f7
[2026-09-05 06:06:02] #39 A5_flat_fwd_f8
[2026-09-05 06:36:08] #40 A5_flat_fwd_f9
[2026-09-05 07:04:46] #41 A5_flat_fwd_f10
═══ 6.（選配）A1 / A3 flat reverse folds 1–10
[2026-09-05 07:33:07] #42 A1_flat_rev_f1
[2026-09-05 07:36:43] #43 A1_flat_rev_f2
[2026-09-05 07:40:15] #44 A1_flat_rev_f3
[2026-09-05 07:43:48] #45 A1_flat_rev_f4
[2026-09-05 07:47:20] #46 A1_flat_rev_f5
[2026-09-05 07:50:51] #47 A1_flat_rev_f6
[2026-09-05 07:54:20] #48 A1_flat_rev_f7
[2026-09-05 07:57:53] #49 A1_flat_rev_f8
[2026-09-05 08:01:29] #50 A1_flat_rev_f9
[2026-09-05 08:05:03] #51 A1_flat_rev_f10
[2026-09-05 08:08:40] #52 A3_flat_rev_f1
[2026-09-05 08:34:48] #53 A3_flat_rev_f2
[2026-09-05 09:01:30] #54 A3_flat_rev_f3
[2026-09-05 09:29:30] #55 A3_flat_rev_f4
[2026-09-05 09:57:30] #56 A3_flat_rev_f5
[2026-09-05 10:24:10] #57 A3_flat_rev_f6
[2026-09-05 10:51:07] #58 A3_flat_rev_f7
[2026-09-05 11:18:16] #59 A3_flat_rev_f8
[2026-09-05 11:44:51] #60 A3_flat_rev_f9
[2026-09-05 12:10:43] #61 A3_flat_rev_f10
═══ 產表
[2026-09-05 12:37:37] #62 report_sota
[2026-09-05 12:37:40] 佇列結束：62 步，失敗 0 個
