Exp2  arms=['A5']  order=reverse  seeds=[10]  B=4 c=1 epochs=5 arch=hier alloc=per_budget prior=discriminative head=accumulating uold=current beta_u=0.1 replay_k=1 λ=(1.0,1.0,1.0)
  ▶ A5 (Ours (Replay+KD+eq)) seed=10
    ── stage 0: tcga_esca
      epoch 1/5 n=121 mean_loss=0.2891
      epoch 2/5 n=121 mean_loss=0.0874
      epoch 3/5 n=121 mean_loss=0.1337
      epoch 4/5 n=121 mean_loss=0.1335
      epoch 5/5 n=121 mean_loss=0.1716
       記憶體 +121 → |M|=121
       eval tcga_esca  class-IL=1.0000 task-IL=1.0000
    ── stage 1: tcga_rcc
      epoch 1/5 n=618 mean_loss=1.4663
      epoch 2/5 n=618 mean_loss=0.9493
      epoch 3/5 n=618 mean_loss=0.9348
      epoch 4/5 n=618 mean_loss=0.8088
      epoch 5/5 n=618 mean_loss=0.6806
       記憶體 +618 → |M|=512
       eval tcga_esca  class-IL=1.0000 task-IL=1.0000
       eval tcga_rcc   class-IL=0.9459 task-IL=0.9459
    ── stage 2: tcga_brca
      epoch 1/5 n=763 mean_loss=1.5586
      epoch 2/5 n=763 mean_loss=1.2615
      epoch 3/5 n=763 mean_loss=1.4117
      epoch 4/5 n=763 mean_loss=1.3725
      epoch 5/5 n=763 mean_loss=1.0819
       記憶體 +763 → |M|=512
       eval tcga_esca  class-IL=0.9286 task-IL=1.0000
       eval tcga_rcc   class-IL=0.9595 task-IL=0.9730
       eval tcga_brca  class-IL=0.8462 task-IL=0.8571
    ── stage 3: tcga_lung
      epoch 1/5 n=771 mean_loss=2.2613
      epoch 2/5 n=771 mean_loss=2.0875
      epoch 3/5 n=771 mean_loss=1.5892
      epoch 4/5 n=771 mean_loss=1.6962
      epoch 5/5 n=771 mean_loss=1.5170
       記憶體 +771 → |M|=512
       eval tcga_esca  class-IL=0.7857 task-IL=0.9286
       eval tcga_rcc   class-IL=0.9595 task-IL=0.9595
       eval tcga_brca  class-IL=0.8462 task-IL=0.8791
       eval tcga_lung  class-IL=0.7667 task-IL=0.8111

→ outputs/exp3/sota_ucur_b4/EXP2.md
