Exp2  arms=['A5']  order=main  seeds=[3]  B=16 c=1 epochs=5 arch=hier alloc=per_budget prior=discriminative head=accumulating uold=current beta_u=0.1 replay_k=1 λ=(1.0,1.0,1.0)
  ▶ A5 (Ours (Replay+KD+eq)) seed=3
    ── stage 0: tcga_lung
      epoch 1/5 n=765 mean_loss=0.5258
      epoch 2/5 n=765 mean_loss=0.3528
      epoch 3/5 n=765 mean_loss=0.3384
      epoch 4/5 n=765 mean_loss=0.3368
      epoch 5/5 n=765 mean_loss=0.2845
       記憶體 +765 → |M|=512
       eval tcga_lung  class-IL=0.8411 task-IL=0.8411
    ── stage 1: tcga_brca
      epoch 1/5 n=763 mean_loss=1.5249
      epoch 2/5 n=763 mean_loss=1.1051
      epoch 3/5 n=763 mean_loss=0.9982
      epoch 4/5 n=763 mean_loss=0.9486
      epoch 5/5 n=763 mean_loss=0.9464
       記憶體 +763 → |M|=512
       eval tcga_lung  class-IL=0.8879 task-IL=0.8972
       eval tcga_brca  class-IL=0.8125 task-IL=0.8646
    ── stage 2: tcga_rcc
      epoch 1/5 n=617 mean_loss=1.0412
      epoch 2/5 n=617 mean_loss=0.8843
      epoch 3/5 n=617 mean_loss=0.6392
      epoch 4/5 n=617 mean_loss=0.7027
      epoch 5/5 n=617 mean_loss=0.6425
       記憶體 +617 → |M|=512
       eval tcga_lung  class-IL=0.8692 task-IL=0.8785
       eval tcga_brca  class-IL=0.8333 task-IL=0.8750
       eval tcga_rcc   class-IL=0.9342 task-IL=0.9605
    ── stage 3: tcga_esca
      epoch 1/5 n=120 mean_loss=1.7269
      epoch 2/5 n=120 mean_loss=1.4261
      epoch 3/5 n=120 mean_loss=1.1748
      epoch 4/5 n=120 mean_loss=0.9213
      epoch 5/5 n=120 mean_loss=1.0237
       記憶體 +120 → |M|=512
       eval tcga_lung  class-IL=0.7009 task-IL=0.8505
       eval tcga_brca  class-IL=0.7917 task-IL=0.8438
       eval tcga_rcc   class-IL=0.8947 task-IL=0.9605
       eval tcga_esca  class-IL=1.0000 task-IL=1.0000

→ outputs/exp3/sota_ucur_b16/EXP2.md
