Exp2  arms=['A5']  order=reverse  seeds=[2]  B=16 c=1 epochs=5 arch=hier alloc=per_budget prior=discriminative head=accumulating uold=current beta_u=0.1 replay_k=1 λ=(1.0,1.0,1.0)
  ▶ A5 (Ours (Replay+KD+eq)) seed=2
    ── stage 0: tcga_esca
      epoch 1/5 n=120 mean_loss=0.1655
      epoch 2/5 n=120 mean_loss=0.1084
      epoch 3/5 n=120 mean_loss=0.0222
      epoch 4/5 n=120 mean_loss=0.0129
      epoch 5/5 n=120 mean_loss=0.0121
       記憶體 +120 → |M|=120
       eval tcga_esca  class-IL=1.0000 task-IL=1.0000
    ── stage 1: tcga_rcc
      epoch 1/5 n=613 mean_loss=0.3752
      epoch 2/5 n=613 mean_loss=0.2873
      epoch 3/5 n=613 mean_loss=0.2993
      epoch 4/5 n=613 mean_loss=0.3673
      epoch 5/5 n=613 mean_loss=0.2758
       記憶體 +613 → |M|=512
       eval tcga_esca  class-IL=1.0000 task-IL=1.0000
       eval tcga_rcc   class-IL=0.9877 task-IL=1.0000
    ── stage 2: tcga_brca
      epoch 1/5 n=764 mean_loss=0.9621
      epoch 2/5 n=764 mean_loss=0.9176
      epoch 3/5 n=764 mean_loss=0.9485
      epoch 4/5 n=764 mean_loss=0.6915
      epoch 5/5 n=764 mean_loss=0.6579
       記憶體 +764 → |M|=512
       eval tcga_esca  class-IL=0.9333 task-IL=1.0000
       eval tcga_rcc   class-IL=0.9877 task-IL=1.0000
       eval tcga_brca  class-IL=0.9053 task-IL=0.9263
    ── stage 3: tcga_lung
      epoch 1/5 n=761 mean_loss=1.5295
      epoch 2/5 n=761 mean_loss=1.2034
      epoch 3/5 n=761 mean_loss=1.2053
      epoch 4/5 n=761 mean_loss=0.9660
      epoch 5/5 n=761 mean_loss=1.0730
       記憶體 +761 → |M|=512
       eval tcga_esca  class-IL=0.5333 task-IL=0.9333
       eval tcga_rcc   class-IL=1.0000 task-IL=1.0000
       eval tcga_brca  class-IL=0.8842 task-IL=0.9053
       eval tcga_lung  class-IL=0.8632 task-IL=0.8947

→ outputs/exp3/sota_ucur_b16/EXP2.md
