Exp2  arms=['B1']  order=reverse  seeds=[4]  B=8 c=1 epochs=5 arch=flat alloc=per_budget prior=discriminative head=fixed beta_u=0.1 replay_k=1 λ=(1.0,1.0,1.0)
  ▶ B1 (只 KD (λ_r=λ_eq=0)) seed=4
    ── stage 0: tcga_esca
      epoch 1/5 n=120 mean_loss=1.6190
      epoch 2/5 n=120 mean_loss=0.1774
      epoch 3/5 n=120 mean_loss=0.0753
      epoch 4/5 n=120 mean_loss=0.1064
      epoch 5/5 n=120 mean_loss=0.2032
       記憶體 +120 → |M|=120
       eval tcga_esca  class-IL=0.8667 task-IL=0.8667
    ── stage 1: tcga_rcc
      epoch 1/5 n=616 mean_loss=0.4646
      epoch 2/5 n=616 mean_loss=0.2745
      epoch 3/5 n=616 mean_loss=0.1711
      epoch 4/5 n=616 mean_loss=0.1397
      epoch 5/5 n=616 mean_loss=0.1730
       記憶體 +616 → |M|=512
       eval tcga_esca  class-IL=0.8667 task-IL=0.8667
       eval tcga_rcc   class-IL=0.9737 task-IL=0.9737
    ── stage 2: tcga_brca
      epoch 1/5 n=763 mean_loss=0.5492
      epoch 2/5 n=763 mean_loss=0.3621
      epoch 3/5 n=763 mean_loss=0.3241
      epoch 4/5 n=763 mean_loss=0.2860
      epoch 5/5 n=763 mean_loss=0.3028
       記憶體 +763 → |M|=512
       eval tcga_esca  class-IL=0.6000 task-IL=0.9333
       eval tcga_rcc   class-IL=0.8553 task-IL=0.9605
       eval tcga_brca  class-IL=0.8710 task-IL=0.8817
    ── stage 3: tcga_lung
      epoch 1/5 n=774 mean_loss=0.6697
      epoch 2/5 n=774 mean_loss=0.3955
      epoch 3/5 n=774 mean_loss=0.3674
      epoch 4/5 n=774 mean_loss=0.3455
      epoch 5/5 n=774 mean_loss=0.3438
       記憶體 +774 → |M|=512
       eval tcga_esca  class-IL=0.4000 task-IL=0.8667
       eval tcga_rcc   class-IL=0.4737 task-IL=0.8684
       eval tcga_brca  class-IL=0.5269 task-IL=0.8602
       eval tcga_lung  class-IL=0.8316 task-IL=0.8421

→ outputs/exp3/ablation_fixed/EXP2.md
