Exp2  arms=['B2']  order=reverse  seeds=[3]  B=8 c=1 epochs=5 arch=flat alloc=per_budget prior=discriminative head=fixed beta_u=0.1 replay_k=1 λ=(1.0,1.0,1.0)
  ▶ B2 (只 eq (λ_r=λ_kd=0)) seed=3
    ── stage 0: tcga_esca
      epoch 1/5 n=120 mean_loss=0.5415
      epoch 2/5 n=120 mean_loss=0.2037
      epoch 3/5 n=120 mean_loss=0.1161
      epoch 4/5 n=120 mean_loss=0.0515
      epoch 5/5 n=120 mean_loss=0.0385
       記憶體 +120 → |M|=120
       eval tcga_esca  class-IL=0.8000 task-IL=0.8667
    ── stage 1: tcga_rcc
      epoch 1/5 n=616 mean_loss=0.4063
      epoch 2/5 n=616 mean_loss=0.3908
      epoch 3/5 n=616 mean_loss=0.2550
      epoch 4/5 n=616 mean_loss=0.3211
      epoch 5/5 n=616 mean_loss=0.2423
       記憶體 +616 → |M|=512
       eval tcga_esca  class-IL=0.8000 task-IL=0.8667
       eval tcga_rcc   class-IL=0.9474 task-IL=0.9474
    ── stage 2: tcga_brca
      epoch 1/5 n=763 mean_loss=0.8180
      epoch 2/5 n=763 mean_loss=0.6671
      epoch 3/5 n=763 mean_loss=0.6407
      epoch 4/5 n=763 mean_loss=0.7020
      epoch 5/5 n=763 mean_loss=0.6707
       記憶體 +763 → |M|=512
       eval tcga_esca  class-IL=0.8667 task-IL=0.9333
       eval tcga_rcc   class-IL=0.8947 task-IL=0.9342
       eval tcga_brca  class-IL=0.8925 task-IL=0.9247
    ── stage 3: tcga_lung
      epoch 1/5 n=774 mean_loss=1.1520
      epoch 2/5 n=774 mean_loss=1.0111
      epoch 3/5 n=774 mean_loss=0.9748
      epoch 4/5 n=774 mean_loss=0.9696
      epoch 5/5 n=774 mean_loss=0.8841
       記憶體 +774 → |M|=512
       eval tcga_esca  class-IL=0.4667 task-IL=0.9333
       eval tcga_rcc   class-IL=0.8684 task-IL=0.9342
       eval tcga_brca  class-IL=0.7527 task-IL=0.8710
       eval tcga_lung  class-IL=0.8842 task-IL=0.8947

→ outputs/exp3/ablation_fixed/EXP2.md
