Exp2  arms=['A5']  order=main  seeds=[7]  B=8 c=1 epochs=5 arch=hier alloc=per_budget prior=discriminative head=fixed beta_u=0.1 replay_k=1 λ=(1.0,1.0,1.0)
  ▶ A5 (Ours (Replay+KD+eq)) seed=7
    ── stage 0: tcga_lung
      epoch 1/5 n=774 mean_loss=0.6431
      epoch 2/5 n=774 mean_loss=0.4481
      epoch 3/5 n=774 mean_loss=0.4212
      epoch 4/5 n=774 mean_loss=0.3770
      epoch 5/5 n=774 mean_loss=0.3660
       記憶體 +774 → |M|=512
       eval tcga_lung  class-IL=0.9175 task-IL=0.9175
    ── stage 1: tcga_brca
      epoch 1/5 n=760 mean_loss=2.4453
      epoch 2/5 n=760 mean_loss=1.9675
      epoch 3/5 n=760 mean_loss=1.9874
      epoch 4/5 n=760 mean_loss=2.0790
      epoch 5/5 n=760 mean_loss=2.0935
       記憶體 +760 → |M|=512
       eval tcga_lung  class-IL=0.8763 task-IL=0.8969
       eval tcga_brca  class-IL=0.8229 task-IL=0.8646
    ── stage 2: tcga_rcc
      epoch 1/5 n=615 mean_loss=2.9228
      epoch 2/5 n=615 mean_loss=2.8331
      epoch 3/5 n=615 mean_loss=2.5184
      epoch 4/5 n=615 mean_loss=2.7961
      epoch 5/5 n=615 mean_loss=2.2240
       記憶體 +615 → |M|=512
       eval tcga_lung  class-IL=0.8660 task-IL=0.8969
       eval tcga_brca  class-IL=0.8021 task-IL=0.8333
       eval tcga_rcc   class-IL=0.8533 task-IL=0.9067
    ── stage 3: tcga_esca
      epoch 1/5 n=120 mean_loss=4.2303
      epoch 2/5 n=120 mean_loss=2.6939
      epoch 3/5 n=120 mean_loss=2.7313
      epoch 4/5 n=120 mean_loss=3.7354
      epoch 5/5 n=120 mean_loss=2.0890
       記憶體 +120 → |M|=512
       eval tcga_lung  class-IL=0.7320 task-IL=0.8041
       eval tcga_brca  class-IL=0.7917 task-IL=0.8438
       eval tcga_rcc   class-IL=0.8267 task-IL=0.8800
       eval tcga_esca  class-IL=0.8000 task-IL=0.8667

→ outputs/exp3/sota_fixed/EXP2_hier.md
