Exp2  arms=['A3']  order=reverse  seeds=[10]  B=8 c=1 epochs=5 arch=flat alloc=per_budget prior=discriminative head=accumulating beta_u=0.1 replay_k=1 λ=(1.0,1.0,1.0)
  ▶ A3 (+ Replay) seed=10
    ── stage 0: tcga_esca
      epoch 1/5 n=121 mean_loss=0.2894
      epoch 2/5 n=121 mean_loss=0.0865
      epoch 3/5 n=121 mean_loss=0.0878
      epoch 4/5 n=121 mean_loss=0.0348
      epoch 5/5 n=121 mean_loss=0.0621
       記憶體 +121 → |M|=121
       eval tcga_esca  class-IL=1.0000 task-IL=1.0000
    ── stage 1: tcga_rcc
      epoch 1/5 n=618 mean_loss=0.3590
      epoch 2/5 n=618 mean_loss=0.3234
      epoch 3/5 n=618 mean_loss=0.2933
      epoch 4/5 n=618 mean_loss=0.2866
      epoch 5/5 n=618 mean_loss=0.2251
       記憶體 +618 → |M|=512
       eval tcga_esca  class-IL=1.0000 task-IL=1.0000
       eval tcga_rcc   class-IL=0.9189 task-IL=0.9324
    ── stage 2: tcga_brca
      epoch 1/5 n=763 mean_loss=0.9462
      epoch 2/5 n=763 mean_loss=0.9240
      epoch 3/5 n=763 mean_loss=0.7674
      epoch 4/5 n=763 mean_loss=0.6986
      epoch 5/5 n=763 mean_loss=0.6036
       記憶體 +763 → |M|=512
       eval tcga_esca  class-IL=0.8571 task-IL=0.9286
       eval tcga_rcc   class-IL=0.9459 task-IL=0.9865
       eval tcga_brca  class-IL=0.8462 task-IL=0.8681
    ── stage 3: tcga_lung
      epoch 1/5 n=771 mean_loss=1.3680
      epoch 2/5 n=771 mean_loss=1.2810
      epoch 3/5 n=771 mean_loss=1.0038
      epoch 4/5 n=771 mean_loss=1.1137
      epoch 5/5 n=771 mean_loss=0.9661
       記憶體 +771 → |M|=512
       eval tcga_esca  class-IL=0.7143 task-IL=0.9286
       eval tcga_rcc   class-IL=0.9459 task-IL=0.9865
       eval tcga_brca  class-IL=0.8462 task-IL=0.9121
       eval tcga_lung  class-IL=0.8778 task-IL=0.9000

→ outputs/exp3/sota_acc/EXP2.md
