Exp2  arms=['A5']  order=main  seeds=[10]  B=8 c=1 epochs=5 arch=flat alloc=per_budget prior=discriminative head=accumulating beta_u=0.1 replay_k=1 λ=(1.0,1.0,1.0)
  ▶ A5 (Ours (Replay+KD+eq)) seed=10
    ── stage 0: tcga_lung
      epoch 1/5 n=771 mean_loss=0.5691
      epoch 2/5 n=771 mean_loss=0.3867
      epoch 3/5 n=771 mean_loss=0.3274
      epoch 4/5 n=771 mean_loss=0.3279
      epoch 5/5 n=771 mean_loss=0.3187
       記憶體 +771 → |M|=512
       eval tcga_lung  class-IL=0.9000 task-IL=0.9000
    ── stage 1: tcga_brca
      epoch 1/5 n=763 mean_loss=1.4292
      epoch 2/5 n=763 mean_loss=1.1004
      epoch 3/5 n=763 mean_loss=1.0619
      epoch 4/5 n=763 mean_loss=1.1269
      epoch 5/5 n=763 mean_loss=1.0285
       記憶體 +763 → |M|=512
       eval tcga_lung  class-IL=0.8889 task-IL=0.9000
       eval tcga_brca  class-IL=0.8571 task-IL=0.9011
    ── stage 2: tcga_rcc
      epoch 1/5 n=618 mean_loss=0.9133
      epoch 2/5 n=618 mean_loss=0.9884
      epoch 3/5 n=618 mean_loss=0.8622
      epoch 4/5 n=618 mean_loss=0.6726
      epoch 5/5 n=618 mean_loss=0.6992
       記憶體 +618 → |M|=512
       eval tcga_lung  class-IL=0.8889 task-IL=0.9000
       eval tcga_brca  class-IL=0.8901 task-IL=0.9231
       eval tcga_rcc   class-IL=0.9459 task-IL=0.9730
    ── stage 3: tcga_esca
      epoch 1/5 n=121 mean_loss=2.0280
      epoch 2/5 n=121 mean_loss=1.3689
      epoch 3/5 n=121 mean_loss=2.2919
      epoch 4/5 n=121 mean_loss=1.0286
      epoch 5/5 n=121 mean_loss=1.4419
       記憶體 +121 → |M|=512
       eval tcga_lung  class-IL=0.7444 task-IL=0.8778
       eval tcga_brca  class-IL=0.8242 task-IL=0.8791
       eval tcga_rcc   class-IL=0.9324 task-IL=0.9595
       eval tcga_esca  class-IL=1.0000 task-IL=1.0000

→ outputs/exp3/sota_acc/EXP2.md
