Exp2  arms=['A5']  order=reverse  seeds=[10]  B=8 c=1 epochs=5 arch=hier alloc=per_budget prior=discriminative head=accumulating uold=current beta_u=0.1 replay_k=1 λ=(1.0,1.0,1.0)
  ▶ A5 (Ours (Replay+KD+eq)) seed=10
    ── stage 0: tcga_esca
      epoch 1/5 n=121 mean_loss=0.3532
      epoch 2/5 n=121 mean_loss=0.1183
      epoch 3/5 n=121 mean_loss=0.0516
      epoch 4/5 n=121 mean_loss=0.0598
      epoch 5/5 n=121 mean_loss=0.0271
       記憶體 +121 → |M|=121
       eval tcga_esca  class-IL=1.0000 task-IL=1.0000
    ── stage 1: tcga_rcc
      epoch 1/5 n=618 mean_loss=0.4155
      epoch 2/5 n=618 mean_loss=0.3855
      epoch 3/5 n=618 mean_loss=0.2830
      epoch 4/5 n=618 mean_loss=0.2421
      epoch 5/5 n=618 mean_loss=0.1957
       記憶體 +618 → |M|=512
       eval tcga_esca  class-IL=1.0000 task-IL=1.0000
       eval tcga_rcc   class-IL=0.9595 task-IL=0.9730
    ── stage 2: tcga_brca
      epoch 1/5 n=763 mean_loss=0.9461
      epoch 2/5 n=763 mean_loss=0.9170
      epoch 3/5 n=763 mean_loss=0.6952
      epoch 4/5 n=763 mean_loss=0.6938
      epoch 5/5 n=763 mean_loss=0.6464
       記憶體 +763 → |M|=512
       eval tcga_esca  class-IL=0.8571 task-IL=0.9286
       eval tcga_rcc   class-IL=0.9459 task-IL=0.9595
       eval tcga_brca  class-IL=0.9121 task-IL=0.9231
    ── stage 3: tcga_lung
      epoch 1/5 n=771 mean_loss=1.8022
      epoch 2/5 n=771 mean_loss=1.5920
      epoch 3/5 n=771 mean_loss=1.2779
      epoch 4/5 n=771 mean_loss=1.3045
      epoch 5/5 n=771 mean_loss=1.2574
       記憶體 +771 → |M|=512
       eval tcga_esca  class-IL=0.7857 task-IL=1.0000
       eval tcga_rcc   class-IL=0.9054 task-IL=0.9595
       eval tcga_brca  class-IL=0.8571 task-IL=0.9121
       eval tcga_lung  class-IL=0.7778 task-IL=0.8111

→ outputs/exp3/sota_ucur/EXP2_hier.md
