Exp2  arms=['A3']  order=main  seeds=[9]  B=8 c=1 epochs=5 arch=flat alloc=per_budget prior=discriminative head=accumulating beta_u=0.1 replay_k=1 λ=(1.0,1.0,1.0)
  ▶ A3 (+ Replay) seed=9
    ── stage 0: tcga_lung
      epoch 1/5 n=762 mean_loss=0.5737
      epoch 2/5 n=762 mean_loss=0.3931
      epoch 3/5 n=762 mean_loss=0.3695
      epoch 4/5 n=762 mean_loss=0.3262
      epoch 5/5 n=762 mean_loss=0.3616
       記憶體 +762 → |M|=512
       eval tcga_lung  class-IL=0.7717 task-IL=0.7717
    ── stage 1: tcga_brca
      epoch 1/5 n=760 mean_loss=1.2541
      epoch 2/5 n=760 mean_loss=1.0558
      epoch 3/5 n=760 mean_loss=0.8432
      epoch 4/5 n=760 mean_loss=0.7355
      epoch 5/5 n=760 mean_loss=0.7670
       記憶體 +760 → |M|=512
       eval tcga_lung  class-IL=0.8696 task-IL=0.8804
       eval tcga_brca  class-IL=0.8687 task-IL=0.8990
    ── stage 2: tcga_rcc
      epoch 1/5 n=612 mean_loss=0.8816
      epoch 2/5 n=612 mean_loss=0.7205
      epoch 3/5 n=612 mean_loss=0.6647
      epoch 4/5 n=612 mean_loss=0.6754
      epoch 5/5 n=612 mean_loss=0.6391
       記憶體 +612 → |M|=512
       eval tcga_lung  class-IL=0.8370 task-IL=0.8804
       eval tcga_brca  class-IL=0.8788 task-IL=0.8889
       eval tcga_rcc   class-IL=0.9012 task-IL=0.9136
    ── stage 3: tcga_esca
      epoch 1/5 n=121 mean_loss=2.0206
      epoch 2/5 n=121 mean_loss=1.2398
      epoch 3/5 n=121 mean_loss=1.2006
      epoch 4/5 n=121 mean_loss=0.8446
      epoch 5/5 n=121 mean_loss=0.7560
       記憶體 +121 → |M|=512
       eval tcga_lung  class-IL=0.7717 task-IL=0.8804
       eval tcga_brca  class-IL=0.8687 task-IL=0.8788
       eval tcga_rcc   class-IL=0.9259 task-IL=0.9383
       eval tcga_esca  class-IL=0.7143 task-IL=1.0000

→ outputs/exp3/sota_acc/EXP2.md
