Exp2  arms=['A3']  order=reverse  seeds=[2]  B=8 c=1 epochs=5 arch=flat alloc=per_budget prior=discriminative head=fixed beta_u=0.1 replay_k=1 λ=(1.0,1.0,1.0)
  ▶ A3 (+ Replay) seed=2
    ── stage 0: tcga_esca
      epoch 1/5 n=120 mean_loss=0.5715
      epoch 2/5 n=120 mean_loss=0.2234
      epoch 3/5 n=120 mean_loss=0.0734
      epoch 4/5 n=120 mean_loss=0.1335
      epoch 5/5 n=120 mean_loss=0.1558
       記憶體 +120 → |M|=120
       eval tcga_esca  class-IL=0.8667 task-IL=0.9333
    ── stage 1: tcga_rcc
      epoch 1/5 n=616 mean_loss=0.4876
      epoch 2/5 n=616 mean_loss=0.4813
      epoch 3/5 n=616 mean_loss=0.3544
      epoch 4/5 n=616 mean_loss=0.3063
      epoch 5/5 n=616 mean_loss=0.3104
       記憶體 +616 → |M|=512
       eval tcga_esca  class-IL=0.8000 task-IL=0.9333
       eval tcga_rcc   class-IL=0.9474 task-IL=0.9474
    ── stage 2: tcga_brca
      epoch 1/5 n=763 mean_loss=1.0408
      epoch 2/5 n=763 mean_loss=0.8601
      epoch 3/5 n=763 mean_loss=1.0016
      epoch 4/5 n=763 mean_loss=0.8018
      epoch 5/5 n=763 mean_loss=0.8143
       記憶體 +763 → |M|=512
       eval tcga_esca  class-IL=0.8667 task-IL=0.9333
       eval tcga_rcc   class-IL=0.8289 task-IL=0.9342
       eval tcga_brca  class-IL=0.8280 task-IL=0.8710
    ── stage 3: tcga_lung
      epoch 1/5 n=774 mean_loss=1.5690
      epoch 2/5 n=774 mean_loss=1.3259
      epoch 3/5 n=774 mean_loss=0.9866
      epoch 4/5 n=774 mean_loss=1.0572
      epoch 5/5 n=774 mean_loss=0.9888
       記憶體 +774 → |M|=512
       eval tcga_esca  class-IL=0.6000 task-IL=1.0000
       eval tcga_rcc   class-IL=0.9211 task-IL=0.9342
       eval tcga_brca  class-IL=0.7957 task-IL=0.9032
       eval tcga_lung  class-IL=0.8316 task-IL=0.8842

→ outputs/exp3/ablation_fixed/EXP2.md
