Exp2  arms=['A5']  order=reverse  seeds=[10]  B=8 c=1 epochs=5 arch=hier alloc=per_budget prior=discriminative head=fixed beta_u=0.1 replay_k=1 λ=(1.0,1.0,1.0)
  ▶ A5 (Ours (Replay+KD+eq)) seed=10
    ── stage 0: tcga_esca
      epoch 1/5 n=121 mean_loss=0.5653
      epoch 2/5 n=121 mean_loss=0.1410
      epoch 3/5 n=121 mean_loss=0.1424
      epoch 4/5 n=121 mean_loss=0.1038
      epoch 5/5 n=121 mean_loss=0.1005
       記憶體 +121 → |M|=121
       eval tcga_esca  class-IL=0.9286 task-IL=0.9286
    ── stage 1: tcga_rcc
      epoch 1/5 n=618 mean_loss=0.5690
      epoch 2/5 n=618 mean_loss=0.3874
      epoch 3/5 n=618 mean_loss=0.3782
      epoch 4/5 n=618 mean_loss=0.4271
      epoch 5/5 n=618 mean_loss=0.3262
       記憶體 +618 → |M|=512
       eval tcga_esca  class-IL=0.9286 task-IL=1.0000
       eval tcga_rcc   class-IL=0.9459 task-IL=0.9595
    ── stage 2: tcga_brca
      epoch 1/5 n=763 mean_loss=1.1376
      epoch 2/5 n=763 mean_loss=1.0332
      epoch 3/5 n=763 mean_loss=0.9511
      epoch 4/5 n=763 mean_loss=0.8740
      epoch 5/5 n=763 mean_loss=0.9375
       記憶體 +763 → |M|=512
       eval tcga_esca  class-IL=0.9286 task-IL=1.0000
       eval tcga_rcc   class-IL=0.9324 task-IL=0.9459
       eval tcga_brca  class-IL=0.9231 task-IL=0.9231
    ── stage 3: tcga_lung
      epoch 1/5 n=771 mean_loss=2.2070
      epoch 2/5 n=771 mean_loss=1.9348
      epoch 3/5 n=771 mean_loss=1.3504
      epoch 4/5 n=771 mean_loss=1.4837
      epoch 5/5 n=771 mean_loss=1.3038
       記憶體 +771 → |M|=512
       eval tcga_esca  class-IL=0.9286 task-IL=1.0000
       eval tcga_rcc   class-IL=0.8649 task-IL=0.9324
       eval tcga_brca  class-IL=0.8571 task-IL=0.9231
       eval tcga_lung  class-IL=0.7667 task-IL=0.7889

→ outputs/exp3/sota_fixed/EXP2.md
