Exp2  arms=['A5']  order=main  seeds=[10]  B=8 c=1 epochs=5 arch=hier alloc=per_budget prior=discriminative head=accumulating uold=current beta_u=0.1 replay_k=1 λ=(1.0,1.0,1.0)
  ▶ A5 (Ours (Replay+KD+eq)) seed=10
    ── stage 0: tcga_lung
      epoch 1/5 n=771 mean_loss=0.7909
      epoch 2/5 n=771 mean_loss=0.5461
      epoch 3/5 n=771 mean_loss=0.4992
      epoch 4/5 n=771 mean_loss=0.4924
      epoch 5/5 n=771 mean_loss=0.4578
       記憶體 +771 → |M|=512
       eval tcga_lung  class-IL=0.8333 task-IL=0.8333
    ── stage 1: tcga_brca
      epoch 1/5 n=763 mean_loss=2.2041
      epoch 2/5 n=763 mean_loss=1.5653
      epoch 3/5 n=763 mean_loss=1.4213
      epoch 4/5 n=763 mean_loss=1.4816
      epoch 5/5 n=763 mean_loss=1.5188
       記憶體 +763 → |M|=512
       eval tcga_lung  class-IL=0.7778 task-IL=0.7778
       eval tcga_brca  class-IL=0.8571 task-IL=0.8901
    ── stage 2: tcga_rcc
      epoch 1/5 n=618 mean_loss=1.8131
      epoch 2/5 n=618 mean_loss=1.5721
      epoch 3/5 n=618 mean_loss=1.3612
      epoch 4/5 n=618 mean_loss=1.2838
      epoch 5/5 n=618 mean_loss=1.1501
       記憶體 +618 → |M|=512
       eval tcga_lung  class-IL=0.8444 task-IL=0.8556
       eval tcga_brca  class-IL=0.9011 task-IL=0.9341
       eval tcga_rcc   class-IL=0.8919 task-IL=0.9459
    ── stage 3: tcga_esca
      epoch 1/5 n=121 mean_loss=2.7346
      epoch 2/5 n=121 mean_loss=1.9504
      epoch 3/5 n=121 mean_loss=2.1957
      epoch 4/5 n=121 mean_loss=1.4762
      epoch 5/5 n=121 mean_loss=1.7223
       記憶體 +121 → |M|=512
       eval tcga_lung  class-IL=0.8111 task-IL=0.8667
       eval tcga_brca  class-IL=0.8352 task-IL=0.9011
       eval tcga_rcc   class-IL=0.8919 task-IL=0.9459
       eval tcga_esca  class-IL=0.9286 task-IL=1.0000

→ outputs/exp3/sota_ucur/EXP2_hier.md
