Exp2  arms=['A5']  order=reverse  seeds=[5]  B=8 c=1 epochs=5 arch=flat alloc=per_budget prior=discriminative head=accumulating beta_u=0.1 replay_k=1 λ=(1.0,1.0,1.0)
  ▶ A5 (Ours (Replay+KD+eq)) seed=5
    ── stage 0: tcga_esca
      epoch 1/5 n=120 mean_loss=0.3758
      epoch 2/5 n=120 mean_loss=0.1160
      epoch 3/5 n=120 mean_loss=0.0677
      epoch 4/5 n=120 mean_loss=0.0318
      epoch 5/5 n=120 mean_loss=0.0610
       記憶體 +120 → |M|=120
       eval tcga_esca  class-IL=1.0000 task-IL=1.0000
    ── stage 1: tcga_rcc
      epoch 1/5 n=619 mean_loss=0.3591
      epoch 2/5 n=619 mean_loss=0.3274
      epoch 3/5 n=619 mean_loss=0.2984
      epoch 4/5 n=619 mean_loss=0.3241
      epoch 5/5 n=619 mean_loss=0.2373
       記憶體 +619 → |M|=512
       eval tcga_esca  class-IL=1.0000 task-IL=1.0000
       eval tcga_rcc   class-IL=0.9595 task-IL=0.9595
    ── stage 2: tcga_brca
      epoch 1/5 n=763 mean_loss=1.2194
      epoch 2/5 n=763 mean_loss=0.9705
      epoch 3/5 n=763 mean_loss=0.9341
      epoch 4/5 n=763 mean_loss=0.9797
      epoch 5/5 n=763 mean_loss=1.0460
       記憶體 +763 → |M|=512
       eval tcga_esca  class-IL=1.0000 task-IL=1.0000
       eval tcga_rcc   class-IL=0.9865 task-IL=0.9865
       eval tcga_brca  class-IL=0.7979 task-IL=0.9043
    ── stage 3: tcga_lung
      epoch 1/5 n=764 mean_loss=1.6829
      epoch 2/5 n=764 mean_loss=1.3329
      epoch 3/5 n=764 mean_loss=1.2684
      epoch 4/5 n=764 mean_loss=1.1333
      epoch 5/5 n=764 mean_loss=1.1803
       記憶體 +764 → |M|=512
       eval tcga_esca  class-IL=0.6000 task-IL=1.0000
       eval tcga_rcc   class-IL=0.9054 task-IL=0.9459
       eval tcga_brca  class-IL=0.8936 task-IL=0.9362
       eval tcga_lung  class-IL=0.8438 task-IL=0.8646

→ outputs/exp3/sota_acc/EXP2.md
