Exp2  arms=['A5']  order=reverse  seeds=[8]  B=8 c=1 epochs=5 arch=hier alloc=per_budget prior=discriminative head=fixed beta_u=0.1 replay_k=1 λ=(1.0,1.0,1.0)
  ▶ A5 (Ours (Replay+KD+eq)) seed=8
    ── stage 0: tcga_esca
      epoch 1/5 n=120 mean_loss=0.6785
      epoch 2/5 n=120 mean_loss=0.1827
      epoch 3/5 n=120 mean_loss=0.0603
      epoch 4/5 n=120 mean_loss=0.0567
      epoch 5/5 n=120 mean_loss=0.0655
       記憶體 +120 → |M|=120
       eval tcga_esca  class-IL=0.8667 task-IL=0.8667
    ── stage 1: tcga_rcc
      epoch 1/5 n=617 mean_loss=0.5550
      epoch 2/5 n=617 mean_loss=0.3530
      epoch 3/5 n=617 mean_loss=0.3848
      epoch 4/5 n=617 mean_loss=0.2698
      epoch 5/5 n=617 mean_loss=0.2765
       記憶體 +617 → |M|=512
       eval tcga_esca  class-IL=0.8667 task-IL=0.8667
       eval tcga_rcc   class-IL=0.9342 task-IL=0.9474
    ── stage 2: tcga_brca
      epoch 1/5 n=762 mean_loss=1.1796
      epoch 2/5 n=762 mean_loss=0.8952
      epoch 3/5 n=762 mean_loss=1.1769
      epoch 4/5 n=762 mean_loss=0.8697
      epoch 5/5 n=762 mean_loss=0.7936
       記憶體 +762 → |M|=512
       eval tcga_esca  class-IL=0.8667 task-IL=0.8667
       eval tcga_rcc   class-IL=0.9342 task-IL=0.9474
       eval tcga_brca  class-IL=0.8646 task-IL=0.8646
    ── stage 3: tcga_lung
      epoch 1/5 n=777 mean_loss=1.9238
      epoch 2/5 n=777 mean_loss=1.6016
      epoch 3/5 n=777 mean_loss=1.4027
      epoch 4/5 n=777 mean_loss=1.3695
      epoch 5/5 n=777 mean_loss=1.2732
       記憶體 +777 → |M|=512
       eval tcga_esca  class-IL=0.6000 task-IL=0.8667
       eval tcga_rcc   class-IL=0.9474 task-IL=0.9605
       eval tcga_brca  class-IL=0.8229 task-IL=0.8333
       eval tcga_lung  class-IL=0.7527 task-IL=0.8387

→ outputs/exp3/sota_fixed/EXP2.md
