Exp2  arms=['A5']  order=reverse  seeds=[5]  B=4 c=1 epochs=5 arch=hier alloc=per_budget prior=discriminative head=accumulating uold=current beta_u=0.1 replay_k=1 λ=(1.0,1.0,1.0)
  ▶ A5 (Ours (Replay+KD+eq)) seed=5
    ── stage 0: tcga_esca
      epoch 1/5 n=120 mean_loss=0.7548
      epoch 2/5 n=120 mean_loss=0.3185
      epoch 3/5 n=120 mean_loss=0.1118
      epoch 4/5 n=120 mean_loss=0.0665
      epoch 5/5 n=120 mean_loss=0.1233
       記憶體 +120 → |M|=120
       eval tcga_esca  class-IL=1.0000 task-IL=1.0000
    ── stage 1: tcga_rcc
      epoch 1/5 n=619 mean_loss=0.5653
      epoch 2/5 n=619 mean_loss=0.3792
      epoch 3/5 n=619 mean_loss=0.5441
      epoch 4/5 n=619 mean_loss=0.4068
      epoch 5/5 n=619 mean_loss=0.4455
       記憶體 +619 → |M|=512
       eval tcga_esca  class-IL=1.0000 task-IL=1.0000
       eval tcga_rcc   class-IL=0.9189 task-IL=0.9459
    ── stage 2: tcga_brca
      epoch 1/5 n=763 mean_loss=1.6083
      epoch 2/5 n=763 mean_loss=1.4719
      epoch 3/5 n=763 mean_loss=1.5519
      epoch 4/5 n=763 mean_loss=1.0037
      epoch 5/5 n=763 mean_loss=1.4680
       記憶體 +763 → |M|=512
       eval tcga_esca  class-IL=0.9333 task-IL=1.0000
       eval tcga_rcc   class-IL=0.9595 task-IL=0.9595
       eval tcga_brca  class-IL=0.8404 task-IL=0.8936
    ── stage 3: tcga_lung
      epoch 1/5 n=764 mean_loss=2.2999
      epoch 2/5 n=764 mean_loss=1.8821
      epoch 3/5 n=764 mean_loss=1.6119
      epoch 4/5 n=764 mean_loss=1.4354
      epoch 5/5 n=764 mean_loss=1.5215
       記憶體 +764 → |M|=512
       eval tcga_esca  class-IL=0.8667 task-IL=1.0000
       eval tcga_rcc   class-IL=0.9459 task-IL=0.9730
       eval tcga_brca  class-IL=0.8830 task-IL=0.9043
       eval tcga_lung  class-IL=0.8021 task-IL=0.8750

→ outputs/exp3/sota_ucur_b4/EXP2.md
