Exp2  arms=['A5']  order=main  seeds=[1]  B=4 c=1 epochs=5 arch=hier alloc=per_budget prior=discriminative head=accumulating uold=current beta_u=0.1 replay_k=1 λ=(1.0,1.0,1.0)
  ▶ A5 (Ours (Replay+KD+eq)) seed=1
    ── stage 0: tcga_lung
      epoch 1/5 n=774 mean_loss=0.8349
      epoch 2/5 n=774 mean_loss=0.6699
      epoch 3/5 n=774 mean_loss=0.6150
      epoch 4/5 n=774 mean_loss=0.5317
      epoch 5/5 n=774 mean_loss=0.4510
       記憶體 +774 → |M|=512
       eval tcga_lung  class-IL=0.7474 task-IL=0.7474
    ── stage 1: tcga_brca
      epoch 1/5 n=763 mean_loss=2.1874
      epoch 2/5 n=763 mean_loss=1.8366
      epoch 3/5 n=763 mean_loss=2.0136
      epoch 4/5 n=763 mean_loss=1.7820
      epoch 5/5 n=763 mean_loss=1.6993
       記憶體 +763 → |M|=512
       eval tcga_lung  class-IL=0.7895 task-IL=0.8211
       eval tcga_brca  class-IL=0.7849 task-IL=0.8495
    ── stage 2: tcga_rcc
      epoch 1/5 n=616 mean_loss=2.2979
      epoch 2/5 n=616 mean_loss=1.6215
      epoch 3/5 n=616 mean_loss=1.6633
      epoch 4/5 n=616 mean_loss=1.4763
      epoch 5/5 n=616 mean_loss=1.5261
       記憶體 +616 → |M|=512
       eval tcga_lung  class-IL=0.7579 task-IL=0.7895
       eval tcga_brca  class-IL=0.7849 task-IL=0.8602
       eval tcga_rcc   class-IL=0.8684 task-IL=0.8947
    ── stage 3: tcga_esca
      epoch 1/5 n=120 mean_loss=2.6029
      epoch 2/5 n=120 mean_loss=2.0580
      epoch 3/5 n=120 mean_loss=2.5691
      epoch 4/5 n=120 mean_loss=2.3097
      epoch 5/5 n=120 mean_loss=1.6026
       記憶體 +120 → |M|=512
       eval tcga_lung  class-IL=0.6105 task-IL=0.8211
       eval tcga_brca  class-IL=0.7312 task-IL=0.8280
       eval tcga_rcc   class-IL=0.9211 task-IL=0.9342
       eval tcga_esca  class-IL=0.8667 task-IL=0.8667

→ outputs/exp3/sota_ucur_b4/EXP2.md
