Exp2  arms=['A5']  order=main  seeds=[3]  B=8 c=1 epochs=5 arch=flat alloc=per_budget prior=discriminative head=accumulating uold=current beta_u=0.1 replay_k=1 λ=(1.0,1.0,1.0)
  ▶ A5 (Ours (Replay+KD+eq)) seed=3
    ── stage 0: tcga_lung
      epoch 1/5 n=765 mean_loss=0.5001
      epoch 2/5 n=765 mean_loss=0.3636
      epoch 3/5 n=765 mean_loss=0.3568
      epoch 4/5 n=765 mean_loss=0.4099
      epoch 5/5 n=765 mean_loss=0.3260
       記憶體 +765 → |M|=512
       eval tcga_lung  class-IL=0.8785 task-IL=0.8785
    ── stage 1: tcga_brca
      epoch 1/5 n=763 mean_loss=1.7070
      epoch 2/5 n=763 mean_loss=1.4914
      epoch 3/5 n=763 mean_loss=1.3148
      epoch 4/5 n=763 mean_loss=1.2903
      epoch 5/5 n=763 mean_loss=1.1126
       記憶體 +763 → |M|=512
       eval tcga_lung  class-IL=0.9065 task-IL=0.9159
       eval tcga_brca  class-IL=0.8750 task-IL=0.9062
    ── stage 2: tcga_rcc
      epoch 1/5 n=617 mean_loss=0.8648
      epoch 2/5 n=617 mean_loss=0.8636
      epoch 3/5 n=617 mean_loss=0.6948
      epoch 4/5 n=617 mean_loss=0.8856
      epoch 5/5 n=617 mean_loss=0.8129
       記憶體 +617 → |M|=512
       eval tcga_lung  class-IL=0.8879 task-IL=0.9346
       eval tcga_brca  class-IL=0.8646 task-IL=0.9062
       eval tcga_rcc   class-IL=0.9605 task-IL=0.9868
    ── stage 3: tcga_esca
      epoch 1/5 n=120 mean_loss=1.6669
      epoch 2/5 n=120 mean_loss=1.2097
      epoch 3/5 n=120 mean_loss=1.1336
      epoch 4/5 n=120 mean_loss=0.7785
      epoch 5/5 n=120 mean_loss=1.1310
       記憶體 +120 → |M|=512
       eval tcga_lung  class-IL=0.7290 task-IL=0.8785
       eval tcga_brca  class-IL=0.8333 task-IL=0.9062
       eval tcga_rcc   class-IL=0.9605 task-IL=0.9737
       eval tcga_esca  class-IL=0.8667 task-IL=0.8667

→ outputs/exp3/sota_ucur/EXP2.md
