Exp2  arms=['A5']  order=main  seeds=[5]  B=8 c=1 epochs=5 arch=hier alloc=per_budget prior=discriminative head=fixed beta_u=0.1 replay_k=1 λ=(1.0,1.0,1.0)
  ▶ A5 (Ours (Replay+KD+eq)) seed=5
    ── stage 0: tcga_lung
      epoch 1/5 n=764 mean_loss=0.5843
      epoch 2/5 n=764 mean_loss=0.3831
      epoch 3/5 n=764 mean_loss=0.3643
      epoch 4/5 n=764 mean_loss=0.3630
      epoch 5/5 n=764 mean_loss=0.3474
       記憶體 +764 → |M|=512
       eval tcga_lung  class-IL=0.9062 task-IL=0.9271
    ── stage 1: tcga_brca
      epoch 1/5 n=763 mean_loss=2.4057
      epoch 2/5 n=763 mean_loss=1.8014
      epoch 3/5 n=763 mean_loss=1.4569
      epoch 4/5 n=763 mean_loss=1.5352
      epoch 5/5 n=763 mean_loss=1.4923
       記憶體 +763 → |M|=512
       eval tcga_lung  class-IL=0.8438 task-IL=0.8750
       eval tcga_brca  class-IL=0.8830 task-IL=0.9255
    ── stage 2: tcga_rcc
      epoch 1/5 n=619 mean_loss=2.1456
      epoch 2/5 n=619 mean_loss=1.6626
      epoch 3/5 n=619 mean_loss=1.8668
      epoch 4/5 n=619 mean_loss=1.9252
      epoch 5/5 n=619 mean_loss=1.5783
       記憶體 +619 → |M|=512
       eval tcga_lung  class-IL=0.8229 task-IL=0.8750
       eval tcga_brca  class-IL=0.9043 task-IL=0.9255
       eval tcga_rcc   class-IL=0.9054 task-IL=0.9189
    ── stage 3: tcga_esca
      epoch 1/5 n=120 mean_loss=2.7171
      epoch 2/5 n=120 mean_loss=2.9841
      epoch 3/5 n=120 mean_loss=1.7665
      epoch 4/5 n=120 mean_loss=1.8786
      epoch 5/5 n=120 mean_loss=1.7388
       記憶體 +120 → |M|=512
       eval tcga_lung  class-IL=0.7188 task-IL=0.8542
       eval tcga_brca  class-IL=0.8830 task-IL=0.9362
       eval tcga_rcc   class-IL=0.9324 task-IL=0.9459
       eval tcga_esca  class-IL=1.0000 task-IL=1.0000

→ outputs/exp3/sota_fixed/EXP2_hier.md
