Exp2  arms=['A5']  order=main  seeds=[8]  B=8 c=1 epochs=5 arch=flat alloc=per_budget prior=discriminative head=accumulating beta_u=0.1 replay_k=1 λ=(1.0,1.0,1.0)
  ▶ A5 (Ours (Replay+KD+eq)) seed=8
    ── stage 0: tcga_lung
      epoch 1/5 n=777 mean_loss=0.5537
      epoch 2/5 n=777 mean_loss=0.3427
      epoch 3/5 n=777 mean_loss=0.3472
      epoch 4/5 n=777 mean_loss=0.2968
      epoch 5/5 n=777 mean_loss=0.3422
       記憶體 +777 → |M|=512
       eval tcga_lung  class-IL=0.8925 task-IL=0.8925
    ── stage 1: tcga_brca
      epoch 1/5 n=762 mean_loss=1.5620
      epoch 2/5 n=762 mean_loss=1.1935
      epoch 3/5 n=762 mean_loss=1.0581
      epoch 4/5 n=762 mean_loss=0.9474
      epoch 5/5 n=762 mean_loss=0.7808
       記憶體 +762 → |M|=512
       eval tcga_lung  class-IL=0.8065 task-IL=0.8602
       eval tcga_brca  class-IL=0.8125 task-IL=0.8542
    ── stage 2: tcga_rcc
      epoch 1/5 n=617 mean_loss=1.6535
      epoch 2/5 n=617 mean_loss=1.2227
      epoch 3/5 n=617 mean_loss=1.3065
      epoch 4/5 n=617 mean_loss=1.2258
      epoch 5/5 n=617 mean_loss=0.9191
       記憶體 +617 → |M|=512
       eval tcga_lung  class-IL=0.8280 task-IL=0.9140
       eval tcga_brca  class-IL=0.8646 task-IL=0.8750
       eval tcga_rcc   class-IL=0.9079 task-IL=0.9211
    ── stage 3: tcga_esca
      epoch 1/5 n=120 mean_loss=2.4730
      epoch 2/5 n=120 mean_loss=1.9117
      epoch 3/5 n=120 mean_loss=1.2312
      epoch 4/5 n=120 mean_loss=1.7386
      epoch 5/5 n=120 mean_loss=2.3174
       記憶體 +120 → |M|=512
       eval tcga_lung  class-IL=0.6129 task-IL=0.8280
       eval tcga_brca  class-IL=0.7917 task-IL=0.8125
       eval tcga_rcc   class-IL=0.9079 task-IL=0.9211
       eval tcga_esca  class-IL=0.8000 task-IL=0.9333

→ outputs/exp3/sota_acc/EXP2.md
