Exp2  arms=['A5']  order=reverse  seeds=[7]  B=8 c=1 epochs=5 arch=flat alloc=per_budget prior=discriminative head=accumulating uold=current beta_u=0.1 replay_k=1 λ=(1.0,1.0,1.0)
  ▶ A5 (Ours (Replay+KD+eq)) seed=7
    ── stage 0: tcga_esca
      epoch 1/5 n=120 mean_loss=0.2366
      epoch 2/5 n=120 mean_loss=0.0605
      epoch 3/5 n=120 mean_loss=0.1673
      epoch 4/5 n=120 mean_loss=0.1841
      epoch 5/5 n=120 mean_loss=0.0094
       記憶體 +120 → |M|=120
       eval tcga_esca  class-IL=0.9333 task-IL=0.9333
    ── stage 1: tcga_rcc
      epoch 1/5 n=615 mean_loss=0.6742
      epoch 2/5 n=615 mean_loss=0.5838
      epoch 3/5 n=615 mean_loss=0.4661
      epoch 4/5 n=615 mean_loss=0.3650
      epoch 5/5 n=615 mean_loss=0.4043
       記憶體 +615 → |M|=512
       eval tcga_esca  class-IL=0.9333 task-IL=0.9333
       eval tcga_rcc   class-IL=0.9200 task-IL=0.9467
    ── stage 2: tcga_brca
      epoch 1/5 n=760 mean_loss=1.3091
      epoch 2/5 n=760 mean_loss=1.1307
      epoch 3/5 n=760 mean_loss=0.9278
      epoch 4/5 n=760 mean_loss=1.0144
      epoch 5/5 n=760 mean_loss=0.9463
       記憶體 +760 → |M|=512
       eval tcga_esca  class-IL=0.9333 task-IL=0.9333
       eval tcga_rcc   class-IL=0.9333 task-IL=0.9600
       eval tcga_brca  class-IL=0.8750 task-IL=0.8854
    ── stage 3: tcga_lung
      epoch 1/5 n=774 mean_loss=1.7807
      epoch 2/5 n=774 mean_loss=1.3794
      epoch 3/5 n=774 mean_loss=1.4220
      epoch 4/5 n=774 mean_loss=1.1253
      epoch 5/5 n=774 mean_loss=1.0786
       記憶體 +774 → |M|=512
       eval tcga_esca  class-IL=0.7333 task-IL=1.0000
       eval tcga_rcc   class-IL=0.9067 task-IL=0.9467
       eval tcga_brca  class-IL=0.9062 task-IL=0.9167
       eval tcga_lung  class-IL=0.8866 task-IL=0.8969

→ outputs/exp3/sota_ucur/EXP2.md
