Exp2  arms=['A3']  order=reverse  seeds=[0]  B=8 c=1 epochs=5 arch=flat alloc=per_budget prior=discriminative head=fixed beta_u=0.1 replay_k=1 λ=(1.0,1.0,1.0)
  ▶ A3 (+ Replay) seed=0
    ── stage 0: tcga_esca
      epoch 1/5 n=120 mean_loss=0.5796
      epoch 2/5 n=120 mean_loss=0.1847
      epoch 3/5 n=120 mean_loss=0.0653
      epoch 4/5 n=120 mean_loss=0.0417
      epoch 5/5 n=120 mean_loss=0.1188
       記憶體 +120 → |M|=120
       eval tcga_esca  class-IL=0.8000 task-IL=0.8667
    ── stage 1: tcga_rcc
      epoch 1/5 n=616 mean_loss=0.6425
      epoch 2/5 n=616 mean_loss=0.4753
      epoch 3/5 n=616 mean_loss=0.3329
      epoch 4/5 n=616 mean_loss=0.2997
      epoch 5/5 n=616 mean_loss=0.2493
       記憶體 +616 → |M|=512
       eval tcga_esca  class-IL=0.8667 task-IL=0.8667
       eval tcga_rcc   class-IL=0.9474 task-IL=0.9605
    ── stage 2: tcga_brca
      epoch 1/5 n=763 mean_loss=1.0652
      epoch 2/5 n=763 mean_loss=0.9826
      epoch 3/5 n=763 mean_loss=0.8288
      epoch 4/5 n=763 mean_loss=0.8529
      epoch 5/5 n=763 mean_loss=0.8269
       記憶體 +763 → |M|=512
       eval tcga_esca  class-IL=0.6667 task-IL=0.8000
       eval tcga_rcc   class-IL=0.9474 task-IL=0.9605
       eval tcga_brca  class-IL=0.8387 task-IL=0.8925
    ── stage 3: tcga_lung
      epoch 1/5 n=774 mean_loss=1.8511
      epoch 2/5 n=774 mean_loss=1.4400
      epoch 3/5 n=774 mean_loss=1.2521
      epoch 4/5 n=774 mean_loss=1.2589
      epoch 5/5 n=774 mean_loss=1.0474
       記憶體 +774 → |M|=512
       eval tcga_esca  class-IL=0.5333 task-IL=0.8667
       eval tcga_rcc   class-IL=0.9079 task-IL=0.9605
       eval tcga_brca  class-IL=0.7957 task-IL=0.9032
       eval tcga_lung  class-IL=0.8105 task-IL=0.8316

→ outputs/exp3/ablation_fixed/EXP2.md
