Exp2  arms=['A5']  order=main  seeds=[10]  B=16 c=1 epochs=5 arch=hier alloc=per_budget prior=discriminative head=accumulating uold=current beta_u=0.1 replay_k=1 λ=(1.0,1.0,1.0)
  ▶ A5 (Ours (Replay+KD+eq)) seed=10
    ── stage 0: tcga_lung
      epoch 1/5 n=771 mean_loss=0.6687
      epoch 2/5 n=771 mean_loss=0.5201
      epoch 3/5 n=771 mean_loss=0.3693
      epoch 4/5 n=771 mean_loss=0.3606
      epoch 5/5 n=771 mean_loss=0.2797
       記憶體 +771 → |M|=512
       eval tcga_lung  class-IL=0.8556 task-IL=0.8556
    ── stage 1: tcga_brca
      epoch 1/5 n=763 mean_loss=1.2436
      epoch 2/5 n=763 mean_loss=0.9635
      epoch 3/5 n=763 mean_loss=0.8348
      epoch 4/5 n=763 mean_loss=0.8346
      epoch 5/5 n=763 mean_loss=0.7573
       記憶體 +763 → |M|=512
       eval tcga_lung  class-IL=0.7556 task-IL=0.7889
       eval tcga_brca  class-IL=0.8791 task-IL=0.9011
    ── stage 2: tcga_rcc
      epoch 1/5 n=618 mean_loss=1.0409
      epoch 2/5 n=618 mean_loss=0.7350
      epoch 3/5 n=618 mean_loss=0.6893
      epoch 4/5 n=618 mean_loss=0.6230
      epoch 5/5 n=618 mean_loss=0.6506
       記憶體 +618 → |M|=512
       eval tcga_lung  class-IL=0.8111 task-IL=0.8444
       eval tcga_brca  class-IL=0.8571 task-IL=0.9011
       eval tcga_rcc   class-IL=0.8919 task-IL=0.9324
    ── stage 3: tcga_esca
      epoch 1/5 n=121 mean_loss=2.1865
      epoch 2/5 n=121 mean_loss=1.3189
      epoch 3/5 n=121 mean_loss=2.0309
      epoch 4/5 n=121 mean_loss=1.4621
      epoch 5/5 n=121 mean_loss=1.2585
       記憶體 +121 → |M|=512
       eval tcga_lung  class-IL=0.7778 task-IL=0.8667
       eval tcga_brca  class-IL=0.8352 task-IL=0.8901
       eval tcga_rcc   class-IL=0.9189 task-IL=0.9189
       eval tcga_esca  class-IL=0.7857 task-IL=1.0000

→ outputs/exp3/sota_ucur_b16/EXP2.md
