Exp2  arms=['A5']  order=main  seeds=[9]  B=8 c=1 epochs=5 arch=hier alloc=per_budget prior=discriminative head=fixed beta_u=0.1 replay_k=1 λ=(1.0,1.0,1.0)
  ▶ A5 (Ours (Replay+KD+eq)) seed=9
    ── stage 0: tcga_lung
      epoch 1/5 n=762 mean_loss=0.8138
      epoch 2/5 n=762 mean_loss=0.5801
      epoch 3/5 n=762 mean_loss=0.4197
      epoch 4/5 n=762 mean_loss=0.3520
      epoch 5/5 n=762 mean_loss=0.3340
       記憶體 +762 → |M|=512
       eval tcga_lung  class-IL=0.8587 task-IL=0.8587
    ── stage 1: tcga_brca
      epoch 1/5 n=760 mean_loss=2.1198
      epoch 2/5 n=760 mean_loss=1.7598
      epoch 3/5 n=760 mean_loss=1.6466
      epoch 4/5 n=760 mean_loss=1.5699
      epoch 5/5 n=760 mean_loss=1.6126
       記憶體 +760 → |M|=512
       eval tcga_lung  class-IL=0.8804 task-IL=0.9022
       eval tcga_brca  class-IL=0.8586 task-IL=0.8889
    ── stage 2: tcga_rcc
      epoch 1/5 n=612 mean_loss=1.9053
      epoch 2/5 n=612 mean_loss=1.6486
      epoch 3/5 n=612 mean_loss=1.4308
      epoch 4/5 n=612 mean_loss=2.0465
      epoch 5/5 n=612 mean_loss=1.5913
       記憶體 +612 → |M|=512
       eval tcga_lung  class-IL=0.8152 task-IL=0.8587
       eval tcga_brca  class-IL=0.8586 task-IL=0.8889
       eval tcga_rcc   class-IL=0.9136 task-IL=0.9136
    ── stage 3: tcga_esca
      epoch 1/5 n=121 mean_loss=3.8534
      epoch 2/5 n=121 mean_loss=2.3508
      epoch 3/5 n=121 mean_loss=2.2439
      epoch 4/5 n=121 mean_loss=1.8331
      epoch 5/5 n=121 mean_loss=1.8866
       記憶體 +121 → |M|=512
       eval tcga_lung  class-IL=0.7391 task-IL=0.8587
       eval tcga_brca  class-IL=0.8182 task-IL=0.8687
       eval tcga_rcc   class-IL=0.9259 task-IL=0.9259
       eval tcga_esca  class-IL=0.9286 task-IL=1.0000

→ outputs/exp3/sota_fixed/EXP2_hier.md
