Exp2  arms=['A3']  order=main  seeds=[2]  B=8 c=1 epochs=5 arch=flat alloc=per_budget prior=discriminative head=accumulating beta_u=0.1 replay_k=1 λ=(1.0,1.0,1.0)
  ▶ A3 (+ Replay) seed=2
    ── stage 0: tcga_lung
      epoch 1/5 n=761 mean_loss=0.5551
      epoch 2/5 n=761 mean_loss=0.3962
      epoch 3/5 n=761 mean_loss=0.3474
      epoch 4/5 n=761 mean_loss=0.3308
      epoch 5/5 n=761 mean_loss=0.3459
       記憶體 +761 → |M|=512
       eval tcga_lung  class-IL=0.9158 task-IL=0.9158
    ── stage 1: tcga_brca
      epoch 1/5 n=764 mean_loss=1.2235
      epoch 2/5 n=764 mean_loss=0.9385
      epoch 3/5 n=764 mean_loss=0.8670
      epoch 4/5 n=764 mean_loss=0.7967
      epoch 5/5 n=764 mean_loss=0.6556
       記憶體 +764 → |M|=512
       eval tcga_lung  class-IL=0.8947 task-IL=0.9158
       eval tcga_brca  class-IL=0.9474 task-IL=0.9579
    ── stage 2: tcga_rcc
      epoch 1/5 n=613 mean_loss=0.8890
      epoch 2/5 n=613 mean_loss=0.7307
      epoch 3/5 n=613 mean_loss=0.8369
      epoch 4/5 n=613 mean_loss=0.6706
      epoch 5/5 n=613 mean_loss=0.7316
       記憶體 +613 → |M|=512
       eval tcga_lung  class-IL=0.9368 task-IL=0.9368
       eval tcga_brca  class-IL=0.9474 task-IL=0.9579
       eval tcga_rcc   class-IL=0.9753 task-IL=1.0000
    ── stage 3: tcga_esca
      epoch 1/5 n=120 mean_loss=1.8651
      epoch 2/5 n=120 mean_loss=1.3992
      epoch 3/5 n=120 mean_loss=1.4921
      epoch 4/5 n=120 mean_loss=1.2059
      epoch 5/5 n=120 mean_loss=1.3509
       記憶體 +120 → |M|=512
       eval tcga_lung  class-IL=0.7579 task-IL=0.8842
       eval tcga_brca  class-IL=0.8737 task-IL=0.9263
       eval tcga_rcc   class-IL=0.9753 task-IL=0.9877
       eval tcga_esca  class-IL=0.7333 task-IL=0.9333

→ outputs/exp3/sota_acc/EXP2.md
