Exp2  arms=['A5']  order=reverse  seeds=[10]  B=8 c=1 epochs=5 arch=flat alloc=per_budget prior=discriminative head=fixed beta_u=0.1 replay_k=1 λ=(1.0,1.0,1.0)
  ▶ A5 (Ours (Replay+KD+eq)) seed=10
    ── stage 0: tcga_esca
      epoch 1/5 n=121 mean_loss=0.8047
      epoch 2/5 n=121 mean_loss=0.2471
      epoch 3/5 n=121 mean_loss=0.1335
      epoch 4/5 n=121 mean_loss=0.1696
      epoch 5/5 n=121 mean_loss=0.1316
       記憶體 +121 → |M|=121
       eval tcga_esca  class-IL=1.0000 task-IL=1.0000
    ── stage 1: tcga_rcc
      epoch 1/5 n=618 mean_loss=0.6187
      epoch 2/5 n=618 mean_loss=0.4698
      epoch 3/5 n=618 mean_loss=0.4531
      epoch 4/5 n=618 mean_loss=0.4573
      epoch 5/5 n=618 mean_loss=0.3214
       記憶體 +618 → |M|=512
       eval tcga_esca  class-IL=1.0000 task-IL=1.0000
       eval tcga_rcc   class-IL=0.9459 task-IL=0.9459
    ── stage 2: tcga_brca
      epoch 1/5 n=763 mean_loss=1.3206
      epoch 2/5 n=763 mean_loss=1.0871
      epoch 3/5 n=763 mean_loss=1.0457
      epoch 4/5 n=763 mean_loss=0.8108
      epoch 5/5 n=763 mean_loss=0.8482
       記憶體 +763 → |M|=512
       eval tcga_esca  class-IL=0.9286 task-IL=0.9286
       eval tcga_rcc   class-IL=0.9054 task-IL=0.9324
       eval tcga_brca  class-IL=0.9011 task-IL=0.9121
    ── stage 3: tcga_lung
      epoch 1/5 n=771 mean_loss=1.7686
      epoch 2/5 n=771 mean_loss=1.7597
      epoch 3/5 n=771 mean_loss=1.2738
      epoch 4/5 n=771 mean_loss=1.4654
      epoch 5/5 n=771 mean_loss=1.3562
       記憶體 +771 → |M|=512
       eval tcga_esca  class-IL=0.7857 task-IL=0.9286
       eval tcga_rcc   class-IL=0.9189 task-IL=0.9459
       eval tcga_brca  class-IL=0.8901 task-IL=0.9341
       eval tcga_lung  class-IL=0.8667 task-IL=0.9000

→ outputs/exp3/sota_fixed/EXP2.md
