Exp2  arms=['A5']  order=reverse  seeds=[1]  B=8 c=1 epochs=5 arch=hier alloc=per_budget prior=discriminative head=accumulating uold=current beta_u=0.1 replay_k=1 λ=(1.0,1.0,1.0)
  ▶ A5 (Ours (Replay+KD+eq)) seed=1
    ── stage 0: tcga_esca
      epoch 1/5 n=120 mean_loss=0.2153
      epoch 2/5 n=120 mean_loss=0.1084
      epoch 3/5 n=120 mean_loss=0.0640
      epoch 4/5 n=120 mean_loss=0.0529
      epoch 5/5 n=120 mean_loss=0.0140
       記憶體 +120 → |M|=120
       eval tcga_esca  class-IL=1.0000 task-IL=1.0000
    ── stage 1: tcga_rcc
      epoch 1/5 n=616 mean_loss=0.4299
      epoch 2/5 n=616 mean_loss=0.3688
      epoch 3/5 n=616 mean_loss=0.4470
      epoch 4/5 n=616 mean_loss=0.2535
      epoch 5/5 n=616 mean_loss=0.2775
       記憶體 +616 → |M|=128
       eval tcga_esca  class-IL=1.0000 task-IL=1.0000
       eval tcga_rcc   class-IL=0.9605 task-IL=0.9605
    ── stage 2: tcga_brca
      epoch 1/5 n=763 mean_loss=0.9153
      epoch 2/5 n=763 mean_loss=0.7655
      epoch 3/5 n=763 mean_loss=0.6577
      epoch 4/5 n=763 mean_loss=0.4852
      epoch 5/5 n=763 mean_loss=0.5462
       記憶體 +763 → |M|=128
       eval tcga_esca  class-IL=0.7333 task-IL=0.8667
       eval tcga_rcc   class-IL=0.9474 task-IL=0.9605
       eval tcga_brca  class-IL=0.8495 task-IL=0.9032
    ── stage 3: tcga_lung
      epoch 1/5 n=774 mean_loss=1.4117
      epoch 2/5 n=774 mean_loss=1.1596
      epoch 3/5 n=774 mean_loss=1.0121
      epoch 4/5 n=774 mean_loss=0.8599
      epoch 5/5 n=774 mean_loss=0.8253
       記憶體 +774 → |M|=128
       eval tcga_esca  class-IL=0.5333 task-IL=0.9333
       eval tcga_rcc   class-IL=0.9211 task-IL=0.9605
       eval tcga_brca  class-IL=0.7849 task-IL=0.8925
       eval tcga_lung  class-IL=0.8211 task-IL=0.8632

→ outputs/exp4/cand_m128_rfull_b2/EXP2.md
