Exp2  arms=['A5']  order=main  seeds=[1]  B=8 c=1 epochs=5 arch=hier alloc=per_budget prior=discriminative head=accumulating uold=current beta_u=0.1 replay_k=1 λ=(1.0,1.0,1.0)
  ▶ A5 (Ours (Replay+KD+eq)) seed=1
    ── stage 0: tcga_lung
      epoch 1/5 n=774 mean_loss=0.4899
      epoch 2/5 n=774 mean_loss=0.3697
      epoch 3/5 n=774 mean_loss=0.3731
      epoch 4/5 n=774 mean_loss=0.3195
      epoch 5/5 n=774 mean_loss=0.3235
       記憶體 +774 → |M|=128
       eval tcga_lung  class-IL=0.8842 task-IL=0.8842
    ── stage 1: tcga_brca
      epoch 1/5 n=763 mean_loss=1.7754
      epoch 2/5 n=763 mean_loss=1.3167
      epoch 3/5 n=763 mean_loss=1.0983
      epoch 4/5 n=763 mean_loss=1.0259
      epoch 5/5 n=763 mean_loss=0.8978
       記憶體 +763 → |M|=128
       eval tcga_lung  class-IL=0.8632 task-IL=0.8947
       eval tcga_brca  class-IL=0.7634 task-IL=0.8710
    ── stage 2: tcga_rcc
      epoch 1/5 n=616 mean_loss=1.1421
      epoch 2/5 n=616 mean_loss=1.1150
      epoch 3/5 n=616 mean_loss=0.9520
      epoch 4/5 n=616 mean_loss=0.7677
      epoch 5/5 n=616 mean_loss=0.7382
       記憶體 +616 → |M|=128
       eval tcga_lung  class-IL=0.8211 task-IL=0.8737
       eval tcga_brca  class-IL=0.7527 task-IL=0.8602
       eval tcga_rcc   class-IL=0.9342 task-IL=0.9474
    ── stage 3: tcga_esca
      epoch 1/5 n=120 mean_loss=1.9842
      epoch 2/5 n=120 mean_loss=1.5571
      epoch 3/5 n=120 mean_loss=1.0240
      epoch 4/5 n=120 mean_loss=1.1748
      epoch 5/5 n=120 mean_loss=0.8208
       記憶體 +120 → |M|=128
       eval tcga_lung  class-IL=0.6526 task-IL=0.8526
       eval tcga_brca  class-IL=0.7634 task-IL=0.8817
       eval tcga_rcc   class-IL=0.9474 task-IL=0.9605
       eval tcga_esca  class-IL=0.8667 task-IL=0.9333

→ outputs/exp4/cand_m128_rfull_b2/EXP2.md
