Exp2  arms=['A4']  order=reverse  seeds=[0]  B=8 c=1 epochs=5 arch=flat alloc=per_budget prior=discriminative head=fixed beta_u=0.1 replay_k=1 λ=(1.0,1.0,1.0)
  ▶ A4 (+ Replay + KD) seed=0
    ── stage 0: tcga_esca
      epoch 1/5 n=120 mean_loss=0.5796
      epoch 2/5 n=120 mean_loss=0.1847
      epoch 3/5 n=120 mean_loss=0.0653
      epoch 4/5 n=120 mean_loss=0.0417
      epoch 5/5 n=120 mean_loss=0.1188
       記憶體 +120 → |M|=120
       eval tcga_esca  class-IL=0.8000 task-IL=0.8667
    ── stage 1: tcga_rcc
      epoch 1/5 n=616 mean_loss=0.5870
      epoch 2/5 n=616 mean_loss=0.3805
      epoch 3/5 n=616 mean_loss=0.3344
      epoch 4/5 n=616 mean_loss=0.3778
      epoch 5/5 n=616 mean_loss=0.2453
       記憶體 +616 → |M|=512
       eval tcga_esca  class-IL=0.8667 task-IL=0.9333
       eval tcga_rcc   class-IL=0.9342 task-IL=0.9474
    ── stage 2: tcga_brca
      epoch 1/5 n=763 mean_loss=1.0862
      epoch 2/5 n=763 mean_loss=0.9857
      epoch 3/5 n=763 mean_loss=0.7662
      epoch 4/5 n=763 mean_loss=0.8251
      epoch 5/5 n=763 mean_loss=0.8031
       記憶體 +763 → |M|=512
       eval tcga_esca  class-IL=0.8000 task-IL=0.8667
       eval tcga_rcc   class-IL=0.9474 task-IL=0.9474
       eval tcga_brca  class-IL=0.8817 task-IL=0.9032
    ── stage 3: tcga_lung
      epoch 1/5 n=774 mean_loss=1.6470
      epoch 2/5 n=774 mean_loss=1.2616
      epoch 3/5 n=774 mean_loss=1.0166
      epoch 4/5 n=774 mean_loss=0.9280
      epoch 5/5 n=774 mean_loss=1.0569
       記憶體 +774 → |M|=512
       eval tcga_esca  class-IL=0.7333 task-IL=0.9333
       eval tcga_rcc   class-IL=0.9342 task-IL=0.9605
       eval tcga_brca  class-IL=0.8602 task-IL=0.9462
       eval tcga_lung  class-IL=0.8421 task-IL=0.8737

→ outputs/exp3/ablation_fixed/EXP2.md
