Exp2  arms=['A5']  order=reverse  seeds=[2]  B=8 c=1 epochs=5 arch=hier alloc=per_budget prior=discriminative head=accumulating uold=current beta_u=0.1 replay_k=1 λ=(1.0,1.0,1.0)
  ▶ A5 (Ours (Replay+KD+eq)) seed=2
    ── stage 0: tcga_esca
      epoch 1/5 n=120 mean_loss=0.2085
      epoch 2/5 n=120 mean_loss=0.0887
      epoch 3/5 n=120 mean_loss=0.0416
      epoch 4/5 n=120 mean_loss=0.0280
      epoch 5/5 n=120 mean_loss=0.0168
       記憶體 +120 → |M|=120
       eval tcga_esca  class-IL=1.0000 task-IL=1.0000
    ── stage 1: tcga_rcc
      epoch 1/5 n=613 mean_loss=0.4461
      epoch 2/5 n=613 mean_loss=0.3703
      epoch 3/5 n=613 mean_loss=0.2551
      epoch 4/5 n=613 mean_loss=0.2703
      epoch 5/5 n=613 mean_loss=0.2749
       記憶體 +613 → |M|=512
       eval tcga_esca  class-IL=0.9333 task-IL=0.9333
       eval tcga_rcc   class-IL=0.9877 task-IL=0.9877
    ── stage 2: tcga_brca
      epoch 1/5 n=764 mean_loss=1.1334
      epoch 2/5 n=764 mean_loss=1.0347
      epoch 3/5 n=764 mean_loss=1.1169
      epoch 4/5 n=764 mean_loss=0.8704
      epoch 5/5 n=764 mean_loss=0.8359
       記憶體 +764 → |M|=512
       eval tcga_esca  class-IL=0.9333 task-IL=0.9333
       eval tcga_rcc   class-IL=1.0000 task-IL=1.0000
       eval tcga_brca  class-IL=0.8842 task-IL=0.9158
    ── stage 3: tcga_lung
      epoch 1/5 n=761 mean_loss=1.5976
      epoch 2/5 n=761 mean_loss=1.3909
      epoch 3/5 n=761 mean_loss=1.3138
      epoch 4/5 n=761 mean_loss=1.1916
      epoch 5/5 n=761 mean_loss=1.2893
       記憶體 +761 → |M|=512
       eval tcga_esca  class-IL=0.8667 task-IL=1.0000
       eval tcga_rcc   class-IL=1.0000 task-IL=1.0000
       eval tcga_brca  class-IL=0.8842 task-IL=0.9158
       eval tcga_lung  class-IL=0.8526 task-IL=0.8842

→ outputs/exp3/sota_ucur/EXP2_hier.md
