Exp2  arms=['A5']  order=main  seeds=[8]  B=8 c=1 epochs=5 arch=hier alloc=per_budget prior=discriminative head=fixed beta_u=0.1 replay_k=1 λ=(1.0,1.0,1.0)
  ▶ A5 (Ours (Replay+KD+eq)) seed=8
    ── stage 0: tcga_lung
      epoch 1/5 n=777 mean_loss=0.6752
      epoch 2/5 n=777 mean_loss=0.4051
      epoch 3/5 n=777 mean_loss=0.3754
      epoch 4/5 n=777 mean_loss=0.4073
      epoch 5/5 n=777 mean_loss=0.3476
       記憶體 +777 → |M|=512
       eval tcga_lung  class-IL=0.7957 task-IL=0.8495
    ── stage 1: tcga_brca
      epoch 1/5 n=762 mean_loss=2.2227
      epoch 2/5 n=762 mean_loss=1.5776
      epoch 3/5 n=762 mean_loss=1.9873
      epoch 4/5 n=762 mean_loss=1.5543
      epoch 5/5 n=762 mean_loss=1.5526
       記憶體 +762 → |M|=512
       eval tcga_lung  class-IL=0.8280 task-IL=0.8925
       eval tcga_brca  class-IL=0.8021 task-IL=0.8333
    ── stage 2: tcga_rcc
      epoch 1/5 n=617 mean_loss=2.1636
      epoch 2/5 n=617 mean_loss=1.9666
      epoch 3/5 n=617 mean_loss=1.9158
      epoch 4/5 n=617 mean_loss=2.2742
      epoch 5/5 n=617 mean_loss=2.2474
       記憶體 +617 → |M|=512
       eval tcga_lung  class-IL=0.7957 task-IL=0.8495
       eval tcga_brca  class-IL=0.7917 task-IL=0.8229
       eval tcga_rcc   class-IL=0.9605 task-IL=0.9605
    ── stage 3: tcga_esca
      epoch 1/5 n=120 mean_loss=3.7899
      epoch 2/5 n=120 mean_loss=2.1888
      epoch 3/5 n=120 mean_loss=2.4174
      epoch 4/5 n=120 mean_loss=2.0686
      epoch 5/5 n=120 mean_loss=2.4544
       記憶體 +120 → |M|=512
       eval tcga_lung  class-IL=0.5269 task-IL=0.8387
       eval tcga_brca  class-IL=0.7604 task-IL=0.8438
       eval tcga_rcc   class-IL=0.8947 task-IL=0.9079
       eval tcga_esca  class-IL=0.9333 task-IL=0.9333

→ outputs/exp3/sota_fixed/EXP2_hier.md
