SeqFT  orders=['reverse', 'main']  seeds=[0, 1, 2]  B=8 c=1 epochs=5  arch=L3b(no q_tau, no state, flat)  無任何 CL 機制
  ▶ order=reverse seed=0  序列 tcga_esca → tcga_rcc → tcga_brca → tcga_lung
    ── stage 0: 訓練 tcga_esca
      epoch 1/5 n=120 mean_loss=0.7175
      epoch 2/5 n=120 mean_loss=0.1863
      epoch 3/5 n=120 mean_loss=0.2411
      epoch 4/5 n=120 mean_loss=0.2783
      epoch 5/5 n=120 mean_loss=0.2607
       eval tcga_esca  acc=0.8000
    ── stage 1: 訓練 tcga_rcc
      epoch 1/5 n=616 mean_loss=0.5469
      epoch 2/5 n=616 mean_loss=0.2651
      epoch 3/5 n=616 mean_loss=0.2642
      epoch 4/5 n=616 mean_loss=0.3465
      epoch 5/5 n=616 mean_loss=0.2973
       eval tcga_esca  acc=0.3333
       eval tcga_rcc   acc=0.8947
    ── stage 2: 訓練 tcga_brca
      epoch 1/5 n=763 mean_loss=0.5191
      epoch 2/5 n=763 mean_loss=0.4634
      epoch 3/5 n=763 mean_loss=0.4951
      epoch 4/5 n=763 mean_loss=0.3624
      epoch 5/5 n=763 mean_loss=0.3639
       eval tcga_esca  acc=0.2000
       eval tcga_rcc   acc=0.1053
       eval tcga_brca  acc=0.8817
    ── stage 3: 訓練 tcga_lung
      epoch 1/5 n=774 mean_loss=0.6457
      epoch 2/5 n=774 mean_loss=0.5929
      epoch 3/5 n=774 mean_loss=0.4446
      epoch 4/5 n=774 mean_loss=0.4230
      epoch 5/5 n=774 mean_loss=0.4097
       eval tcga_esca  acc=0.0667
       eval tcga_rcc   acc=0.6974
       eval tcga_brca  acc=0.3763
       eval tcga_lung  acc=0.8632
  ▶ order=reverse seed=1  序列 tcga_esca → tcga_rcc → tcga_brca → tcga_lung
    ── stage 0: 訓練 tcga_esca
      epoch 1/5 n=120 mean_loss=0.3317
      epoch 2/5 n=120 mean_loss=0.1433
      epoch 3/5 n=120 mean_loss=0.1541
      epoch 4/5 n=120 mean_loss=0.1369
      epoch 5/5 n=120 mean_loss=0.0535
       eval tcga_esca  acc=0.8000
    ── stage 1: 訓練 tcga_rcc
      epoch 1/5 n=616 mean_loss=0.3487
      epoch 2/5 n=616 mean_loss=0.2176
      epoch 3/5 n=616 mean_loss=0.4091
      epoch 4/5 n=616 mean_loss=0.3908
      epoch 5/5 n=616 mean_loss=0.3551
       eval tcga_esca  acc=0.2667
       eval tcga_rcc   acc=0.9342
    ── stage 2: 訓練 tcga_brca
      epoch 1/5 n=763 mean_loss=0.5751
      epoch 2/5 n=763 mean_loss=0.4075
      epoch 3/5 n=763 mean_loss=0.3279
      epoch 4/5 n=763 mean_loss=0.3496
      epoch 5/5 n=763 mean_loss=0.3578
       eval tcga_esca  acc=0.0667
       eval tcga_rcc   acc=0.0395
       eval tcga_brca  acc=0.8817
    ── stage 3: 訓練 tcga_lung
      epoch 1/5 n=774 mean_loss=0.7709
      epoch 2/5 n=774 mean_loss=0.4536
      epoch 3/5 n=774 mean_loss=0.4391
      epoch 4/5 n=774 mean_loss=0.3595
      epoch 5/5 n=774 mean_loss=0.3362
       eval tcga_esca  acc=0.1333
       eval tcga_rcc   acc=0.1974
       eval tcga_brca  acc=0.6667
       eval tcga_lung  acc=0.8526
  ▶ order=reverse seed=2  序列 tcga_esca → tcga_rcc → tcga_brca → tcga_lung
    ── stage 0: 訓練 tcga_esca
      epoch 1/5 n=120 mean_loss=0.4383
      epoch 2/5 n=120 mean_loss=0.4494
      epoch 3/5 n=120 mean_loss=0.2675
      epoch 4/5 n=120 mean_loss=0.2800
      epoch 5/5 n=120 mean_loss=0.1951
       eval tcga_esca  acc=0.8667
    ── stage 1: 訓練 tcga_rcc
      epoch 1/5 n=616 mean_loss=0.4534
      epoch 2/5 n=616 mean_loss=0.3671
      epoch 3/5 n=616 mean_loss=0.5871
      epoch 4/5 n=616 mean_loss=0.3562
      epoch 5/5 n=616 mean_loss=0.4162
       eval tcga_esca  acc=0.0667
       eval tcga_rcc   acc=0.9079
    ── stage 2: 訓練 tcga_brca
      epoch 1/5 n=763 mean_loss=0.5623
      epoch 2/5 n=763 mean_loss=0.5791
      epoch 3/5 n=763 mean_loss=0.3341
      epoch 4/5 n=763 mean_loss=0.4065
      epoch 5/5 n=763 mean_loss=0.3484
       eval tcga_esca  acc=0.0667
       eval tcga_rcc   acc=0.0263
       eval tcga_brca  acc=0.8280
    ── stage 3: 訓練 tcga_lung
      epoch 1/5 n=774 mean_loss=0.7273
      epoch 2/5 n=774 mean_loss=0.5088
      epoch 3/5 n=774 mean_loss=0.4540
      epoch 4/5 n=774 mean_loss=0.3332
      epoch 5/5 n=774 mean_loss=0.4676
       eval tcga_esca  acc=0.1333
       eval tcga_rcc   acc=0.0526
       eval tcga_brca  acc=0.5376
       eval tcga_lung  acc=0.8105
  ▶ order=main seed=0  序列 tcga_lung → tcga_brca → tcga_rcc → tcga_esca
    ── stage 0: 訓練 tcga_lung
      epoch 1/5 n=774 mean_loss=0.6983
      epoch 2/5 n=774 mean_loss=0.3729
      epoch 3/5 n=774 mean_loss=0.3517
      epoch 4/5 n=774 mean_loss=0.3887
      epoch 5/5 n=774 mean_loss=0.2905
       eval tcga_lung  acc=0.8105
    ── stage 1: 訓練 tcga_brca
      epoch 1/5 n=763 mean_loss=0.5535
      epoch 2/5 n=763 mean_loss=0.4811
      epoch 3/5 n=763 mean_loss=0.4196
      epoch 4/5 n=763 mean_loss=0.3356
      epoch 5/5 n=763 mean_loss=0.3525
       eval tcga_lung  acc=0.1158
       eval tcga_brca  acc=0.8817
    ── stage 2: 訓練 tcga_rcc
      epoch 1/5 n=616 mean_loss=0.4991
      epoch 2/5 n=616 mean_loss=0.4281
      epoch 3/5 n=616 mean_loss=0.3676
      epoch 4/5 n=616 mean_loss=0.3161
      epoch 5/5 n=616 mean_loss=0.4632
       eval tcga_lung  acc=0.4526
       eval tcga_brca  acc=0.2903
       eval tcga_rcc   acc=0.9342
    ── stage 3: 訓練 tcga_esca
      epoch 1/5 n=120 mean_loss=0.6707
      epoch 2/5 n=120 mean_loss=0.5007
      epoch 3/5 n=120 mean_loss=0.2630
      epoch 4/5 n=120 mean_loss=0.3926
      epoch 5/5 n=120 mean_loss=0.8370
       eval tcga_lung  acc=0.2211
       eval tcga_brca  acc=0.6237
       eval tcga_rcc   acc=0.2368
       eval tcga_esca  acc=0.8000
  ▶ order=main seed=1  序列 tcga_lung → tcga_brca → tcga_rcc → tcga_esca
    ── stage 0: 訓練 tcga_lung
      epoch 1/5 n=774 mean_loss=0.7053
      epoch 2/5 n=774 mean_loss=0.4025
      epoch 3/5 n=774 mean_loss=0.5383
      epoch 4/5 n=774 mean_loss=0.3945
      epoch 5/5 n=774 mean_loss=0.3120
       eval tcga_lung  acc=0.8526
    ── stage 1: 訓練 tcga_brca
      epoch 1/5 n=763 mean_loss=0.4827
      epoch 2/5 n=763 mean_loss=0.3785
      epoch 3/5 n=763 mean_loss=0.3685
      epoch 4/5 n=763 mean_loss=0.3658
      epoch 5/5 n=763 mean_loss=0.3485
       eval tcga_lung  acc=0.1474
       eval tcga_brca  acc=0.9032
    ── stage 2: 訓練 tcga_rcc
      epoch 1/5 n=616 mean_loss=0.3581
      epoch 2/5 n=616 mean_loss=0.4232
      epoch 3/5 n=616 mean_loss=0.3507
      epoch 4/5 n=616 mean_loss=0.3202
      epoch 5/5 n=616 mean_loss=0.4178
       eval tcga_lung  acc=0.3053
       eval tcga_brca  acc=0.2581
       eval tcga_rcc   acc=0.8947
    ── stage 3: 訓練 tcga_esca
      epoch 1/5 n=120 mean_loss=1.2296
      epoch 2/5 n=120 mean_loss=0.4442
      epoch 3/5 n=120 mean_loss=0.5114
      epoch 4/5 n=120 mean_loss=0.3221
      epoch 5/5 n=120 mean_loss=0.4542
       eval tcga_lung  acc=0.3474
       eval tcga_brca  acc=0.4301
       eval tcga_rcc   acc=0.5526
       eval tcga_esca  acc=0.7333
  ▶ order=main seed=2  序列 tcga_lung → tcga_brca → tcga_rcc → tcga_esca
    ── stage 0: 訓練 tcga_lung
      epoch 1/5 n=774 mean_loss=0.5615
      epoch 2/5 n=774 mean_loss=0.3856
      epoch 3/5 n=774 mean_loss=0.3970
      epoch 4/5 n=774 mean_loss=0.3344
      epoch 5/5 n=774 mean_loss=0.3541
       eval tcga_lung  acc=0.8421
    ── stage 1: 訓練 tcga_brca
      epoch 1/5 n=763 mean_loss=0.5022
      epoch 2/5 n=763 mean_loss=0.4436
      epoch 3/5 n=763 mean_loss=0.3673
      epoch 4/5 n=763 mean_loss=0.3632
      epoch 5/5 n=763 mean_loss=0.3311
       eval tcga_lung  acc=0.1368
       eval tcga_brca  acc=0.8065
    ── stage 2: 訓練 tcga_rcc
      epoch 1/5 n=616 mean_loss=0.5575
      epoch 2/5 n=616 mean_loss=0.3984
      epoch 3/5 n=616 mean_loss=0.3462
      epoch 4/5 n=616 mean_loss=0.3181
      epoch 5/5 n=616 mean_loss=0.2684
       eval tcga_lung  acc=0.3579
       eval tcga_brca  acc=0.4516
       eval tcga_rcc   acc=0.9079
    ── stage 3: 訓練 tcga_esca
      epoch 1/5 n=120 mean_loss=1.7965
      epoch 2/5 n=120 mean_loss=0.4476
      epoch 3/5 n=120 mean_loss=0.1253
      epoch 4/5 n=120 mean_loss=0.3232
      epoch 5/5 n=120 mean_loss=0.3668
       eval tcga_lung  acc=0.2000
       eval tcga_brca  acc=0.6452
       eval tcga_rcc   acc=0.1316
       eval tcga_esca  acc=0.8667

→ /Users/aaron/research/02_pathselect/outputs/exp2/seqft/SEQFT.md
