Exp2  arms=['A5']  order=reverse  seeds=[3]  B=8 c=1 epochs=5 arch=flat alloc=per_budget prior=discriminative head=fixed beta_u=0.1 replay_k=1 λ=(1.0,1.0,1.0)
  ▶ A5 (Ours (Replay+KD+eq)) seed=3
    ── stage 0: tcga_esca
      epoch 1/5 n=120 mean_loss=0.6703
      epoch 2/5 n=120 mean_loss=0.2117
      epoch 3/5 n=120 mean_loss=0.1819
      epoch 4/5 n=120 mean_loss=0.1137
      epoch 5/5 n=120 mean_loss=0.1493
       記憶體 +120 → |M|=120
       eval tcga_esca  class-IL=1.0000 task-IL=1.0000
    ── stage 1: tcga_rcc
      epoch 1/5 n=617 mean_loss=0.5635
      epoch 2/5 n=617 mean_loss=0.4206
      epoch 3/5 n=617 mean_loss=0.3036
      epoch 4/5 n=617 mean_loss=0.2608
      epoch 5/5 n=617 mean_loss=0.3467
       記憶體 +617 → |M|=512
       eval tcga_esca  class-IL=1.0000 task-IL=1.0000
       eval tcga_rcc   class-IL=0.9605 task-IL=0.9737
    ── stage 2: tcga_brca
      epoch 1/5 n=763 mean_loss=1.2377
      epoch 2/5 n=763 mean_loss=1.0978
      epoch 3/5 n=763 mean_loss=0.9215
      epoch 4/5 n=763 mean_loss=0.9982
      epoch 5/5 n=763 mean_loss=0.8236
       記憶體 +763 → |M|=512
       eval tcga_esca  class-IL=0.8667 task-IL=0.8667
       eval tcga_rcc   class-IL=0.9605 task-IL=0.9737
       eval tcga_brca  class-IL=0.8542 task-IL=0.8750
    ── stage 3: tcga_lung
      epoch 1/5 n=765 mean_loss=1.6774
      epoch 2/5 n=765 mean_loss=1.2298
      epoch 3/5 n=765 mean_loss=1.2465
      epoch 4/5 n=765 mean_loss=1.2962
      epoch 5/5 n=765 mean_loss=1.2626
       記憶體 +765 → |M|=512
       eval tcga_esca  class-IL=0.8000 task-IL=0.8667
       eval tcga_rcc   class-IL=0.9211 task-IL=0.9737
       eval tcga_brca  class-IL=0.8333 task-IL=0.8750
       eval tcga_lung  class-IL=0.8692 task-IL=0.8972

→ outputs/exp3/sota_fixed/EXP2.md
