Exp2  arms=['A5']  order=main  seeds=[3]  B=8 c=1 epochs=5 arch=hier alloc=per_budget prior=discriminative head=fixed beta_u=0.1 replay_k=1 λ=(1.0,1.0,1.0)
  ▶ A5 (Ours (Replay+KD+eq)) seed=3
    ── stage 0: tcga_lung
      epoch 1/5 n=765 mean_loss=0.6234
      epoch 2/5 n=765 mean_loss=0.4138
      epoch 3/5 n=765 mean_loss=0.5225
      epoch 4/5 n=765 mean_loss=0.4522
      epoch 5/5 n=765 mean_loss=0.5361
       記憶體 +765 → |M|=512
       eval tcga_lung  class-IL=0.8505 task-IL=0.8505
    ── stage 1: tcga_brca
      epoch 1/5 n=763 mean_loss=3.0352
      epoch 2/5 n=763 mean_loss=2.7298
      epoch 3/5 n=763 mean_loss=2.2495
      epoch 4/5 n=763 mean_loss=2.0334
      epoch 5/5 n=763 mean_loss=2.3151
       記憶體 +763 → |M|=512
       eval tcga_lung  class-IL=0.8131 task-IL=0.8505
       eval tcga_brca  class-IL=0.7812 task-IL=0.8333
    ── stage 2: tcga_rcc
      epoch 1/5 n=617 mean_loss=3.0061
      epoch 2/5 n=617 mean_loss=2.6356
      epoch 3/5 n=617 mean_loss=2.4540
      epoch 4/5 n=617 mean_loss=2.0530
      epoch 5/5 n=617 mean_loss=2.3477
       記憶體 +617 → |M|=512
       eval tcga_lung  class-IL=0.7664 task-IL=0.8411
       eval tcga_brca  class-IL=0.7083 task-IL=0.8021
       eval tcga_rcc   class-IL=0.8947 task-IL=0.9211
    ── stage 3: tcga_esca
      epoch 1/5 n=120 mean_loss=7.3276
      epoch 2/5 n=120 mean_loss=3.5293
      epoch 3/5 n=120 mean_loss=2.9169
      epoch 4/5 n=120 mean_loss=2.7113
      epoch 5/5 n=120 mean_loss=2.7873
       記憶體 +120 → |M|=512
       eval tcga_lung  class-IL=0.6729 task-IL=0.8224
       eval tcga_brca  class-IL=0.7083 task-IL=0.8125
       eval tcga_rcc   class-IL=0.8553 task-IL=0.8947
       eval tcga_esca  class-IL=0.9333 task-IL=1.0000

→ outputs/exp3/sota_fixed/EXP2_hier.md
