Exp2  arms=['A2']  order=reverse  seeds=[4]  B=8 c=1 epochs=5 arch=flat alloc=per_budget prior=discriminative head=fixed beta_u=0.1 replay_k=1 λ=(1.0,1.0,1.0)
  ▶ A2 (+ LoRA merge) seed=4
    ── stage 0: tcga_esca
      epoch 1/5 n=120 mean_loss=1.6190
      epoch 2/5 n=120 mean_loss=0.1774
      epoch 3/5 n=120 mean_loss=0.0753
      epoch 4/5 n=120 mean_loss=0.1064
      epoch 5/5 n=120 mean_loss=0.2032
       eval tcga_esca  class-IL=0.8667 task-IL=0.8667
    ── stage 1: tcga_rcc
      epoch 1/5 n=616 mean_loss=0.3923
      epoch 2/5 n=616 mean_loss=0.2153
      epoch 3/5 n=616 mean_loss=0.1683
      epoch 4/5 n=616 mean_loss=0.1930
      epoch 5/5 n=616 mean_loss=0.1875
       eval tcga_esca  class-IL=0.2667 task-IL=0.4667
       eval tcga_rcc   class-IL=0.9605 task-IL=0.9605
    ── stage 2: tcga_brca
      epoch 1/5 n=763 mean_loss=0.5051
      epoch 2/5 n=763 mean_loss=0.3113
      epoch 3/5 n=763 mean_loss=0.3205
      epoch 4/5 n=763 mean_loss=0.3115
      epoch 5/5 n=763 mean_loss=0.3062
       eval tcga_esca  class-IL=0.2000 task-IL=0.8667
       eval tcga_rcc   class-IL=0.1316 task-IL=0.7500
       eval tcga_brca  class-IL=0.8387 task-IL=0.8495
    ── stage 3: tcga_lung
      epoch 1/5 n=774 mean_loss=0.6340
      epoch 2/5 n=774 mean_loss=0.4360
      epoch 3/5 n=774 mean_loss=0.3499
      epoch 4/5 n=774 mean_loss=0.3451
      epoch 5/5 n=774 mean_loss=0.3516
       eval tcga_esca  class-IL=0.4667 task-IL=0.8667
       eval tcga_rcc   class-IL=0.2500 task-IL=0.7895
       eval tcga_brca  class-IL=0.3226 task-IL=0.8495
       eval tcga_lung  class-IL=0.8421 task-IL=0.8632

→ outputs/exp3/ablation_fixed/EXP2.md
