Exp2  arms=['A5']  order=main  seeds=[4]  B=8 c=1 epochs=5 arch=hier alloc=per_budget prior=discriminative head=accumulating uold=current beta_u=0.1 replay_k=1 λ=(1.0,1.0,1.0)
  ▶ A5 (Ours (Replay+KD+eq)) seed=4
    ── stage 0: tcga_lung
      epoch 1/5 n=756 mean_loss=0.8319
      epoch 2/5 n=756 mean_loss=0.3917
      epoch 3/5 n=756 mean_loss=0.4009
      epoch 4/5 n=756 mean_loss=0.3691
      epoch 5/5 n=756 mean_loss=0.4035
       記憶體 +756 → |M|=512
       eval tcga_lung  class-IL=0.8304 task-IL=0.8304
    ── stage 1: tcga_brca
      epoch 1/5 n=762 mean_loss=1.3028
      epoch 2/5 n=762 mean_loss=1.1016
      epoch 3/5 n=762 mean_loss=1.0338
      epoch 4/5 n=762 mean_loss=0.9640
      epoch 5/5 n=762 mean_loss=0.9767
       記憶體 +762 → |M|=512
       eval tcga_lung  class-IL=0.8929 task-IL=0.9018
       eval tcga_brca  class-IL=0.8830 task-IL=0.9255
    ── stage 2: tcga_rcc
      epoch 1/5 n=613 mean_loss=0.9263
      epoch 2/5 n=613 mean_loss=0.8145
      epoch 3/5 n=613 mean_loss=0.6541
      epoch 4/5 n=613 mean_loss=0.5708
      epoch 5/5 n=613 mean_loss=0.6563
       記憶體 +613 → |M|=512
       eval tcga_lung  class-IL=0.8482 task-IL=0.8661
       eval tcga_brca  class-IL=0.8617 task-IL=0.9149
       eval tcga_rcc   class-IL=0.8462 task-IL=0.8590
    ── stage 3: tcga_esca
      epoch 1/5 n=119 mean_loss=2.0570
      epoch 2/5 n=119 mean_loss=1.3398
      epoch 3/5 n=119 mean_loss=1.3757
      epoch 4/5 n=119 mean_loss=0.8596
      epoch 5/5 n=119 mean_loss=1.2022
       記憶體 +119 → |M|=512
       eval tcga_lung  class-IL=0.7768 task-IL=0.8125
       eval tcga_brca  class-IL=0.8191 task-IL=0.9255
       eval tcga_rcc   class-IL=0.8590 task-IL=0.8846
       eval tcga_esca  class-IL=0.9375 task-IL=1.0000

→ outputs/exp3/sota_ucur/EXP2_hier.md
