Exp2  arms=['A5']  order=main  seeds=[7]  B=8 c=1 epochs=5 arch=flat alloc=per_budget prior=discriminative head=accumulating beta_u=0.1 replay_k=1 λ=(1.0,1.0,1.0)
  ▶ A5 (Ours (Replay+KD+eq)) seed=7
    ── stage 0: tcga_lung
      epoch 1/5 n=774 mean_loss=0.5638
      epoch 2/5 n=774 mean_loss=0.4328
      epoch 3/5 n=774 mean_loss=0.3656
      epoch 4/5 n=774 mean_loss=0.3211
      epoch 5/5 n=774 mean_loss=0.3281
       記憶體 +774 → |M|=512
       eval tcga_lung  class-IL=0.9278 task-IL=0.9278
    ── stage 1: tcga_brca
      epoch 1/5 n=760 mean_loss=1.6068
      epoch 2/5 n=760 mean_loss=1.6117
      epoch 3/5 n=760 mean_loss=1.3407
      epoch 4/5 n=760 mean_loss=1.2684
      epoch 5/5 n=760 mean_loss=1.3391
       記憶體 +760 → |M|=512
       eval tcga_lung  class-IL=0.8144 task-IL=0.8763
       eval tcga_brca  class-IL=0.8438 task-IL=0.8854
    ── stage 2: tcga_rcc
      epoch 1/5 n=615 mean_loss=1.4727
      epoch 2/5 n=615 mean_loss=1.4122
      epoch 3/5 n=615 mean_loss=1.0110
      epoch 4/5 n=615 mean_loss=1.1853
      epoch 5/5 n=615 mean_loss=1.0115
       記憶體 +615 → |M|=512
       eval tcga_lung  class-IL=0.8351 task-IL=0.9381
       eval tcga_brca  class-IL=0.8542 task-IL=0.8958
       eval tcga_rcc   class-IL=0.9467 task-IL=0.9600
    ── stage 3: tcga_esca
      epoch 1/5 n=120 mean_loss=2.5896
      epoch 2/5 n=120 mean_loss=1.3758
      epoch 3/5 n=120 mean_loss=1.7064
      epoch 4/5 n=120 mean_loss=1.7759
      epoch 5/5 n=120 mean_loss=1.5243
       記憶體 +120 → |M|=512
       eval tcga_lung  class-IL=0.7629 task-IL=0.8454
       eval tcga_brca  class-IL=0.8646 task-IL=0.9062
       eval tcga_rcc   class-IL=0.9200 task-IL=0.9333
       eval tcga_esca  class-IL=0.8667 task-IL=0.8667

→ outputs/exp3/sota_acc/EXP2.md
