Exp2  arms=['A3']  order=reverse  seeds=[4]  B=8 c=1 epochs=5 arch=flat alloc=per_budget prior=discriminative head=fixed beta_u=0.1 replay_k=1 λ=(1.0,1.0,1.0)
  ▶ A3 (+ Replay) seed=4
    ── stage 0: tcga_esca
      epoch 1/5 n=120 mean_loss=1.6190
      epoch 2/5 n=120 mean_loss=0.1774
      epoch 3/5 n=120 mean_loss=0.0753
      epoch 4/5 n=120 mean_loss=0.1064
      epoch 5/5 n=120 mean_loss=0.2032
       記憶體 +120 → |M|=120
       eval tcga_esca  class-IL=0.8667 task-IL=0.8667
    ── stage 1: tcga_rcc
      epoch 1/5 n=616 mean_loss=0.6025
      epoch 2/5 n=616 mean_loss=0.3624
      epoch 3/5 n=616 mean_loss=0.3811
      epoch 4/5 n=616 mean_loss=0.3085
      epoch 5/5 n=616 mean_loss=0.2959
       記憶體 +616 → |M|=512
       eval tcga_esca  class-IL=0.8667 task-IL=0.8667
       eval tcga_rcc   class-IL=0.9342 task-IL=0.9342
    ── stage 2: tcga_brca
      epoch 1/5 n=763 mean_loss=0.9908
      epoch 2/5 n=763 mean_loss=0.9294
      epoch 3/5 n=763 mean_loss=0.8017
      epoch 4/5 n=763 mean_loss=0.7434
      epoch 5/5 n=763 mean_loss=0.7175
       記憶體 +763 → |M|=512
       eval tcga_esca  class-IL=0.8667 task-IL=0.9333
       eval tcga_rcc   class-IL=0.9605 task-IL=0.9605
       eval tcga_brca  class-IL=0.7527 task-IL=0.8387
    ── stage 3: tcga_lung
      epoch 1/5 n=774 mean_loss=1.7785
      epoch 2/5 n=774 mean_loss=1.1949
      epoch 3/5 n=774 mean_loss=1.1834
      epoch 4/5 n=774 mean_loss=1.1346
      epoch 5/5 n=774 mean_loss=1.0138
       記憶體 +774 → |M|=512
       eval tcga_esca  class-IL=0.6000 task-IL=0.9333
       eval tcga_rcc   class-IL=0.9079 task-IL=0.9342
       eval tcga_brca  class-IL=0.8280 task-IL=0.9140
       eval tcga_lung  class-IL=0.7895 task-IL=0.8211

→ outputs/exp3/ablation_fixed/EXP2.md
