Exp2  arms=['A5']  order=reverse  seeds=[1]  B=8 c=1 epochs=5 arch=flat alloc=per_budget prior=discriminative head=accumulating beta_u=0.1 replay_k=1 λ=(1.0,1.0,1.0)
  ▶ A5 (Ours (Replay+KD+eq)) seed=1
    ── stage 0: tcga_esca
      epoch 1/5 n=120 mean_loss=0.1700
      epoch 2/5 n=120 mean_loss=0.1838
      epoch 3/5 n=120 mean_loss=0.0211
      epoch 4/5 n=120 mean_loss=0.0660
      epoch 5/5 n=120 mean_loss=0.0135
       記憶體 +120 → |M|=120
       eval tcga_esca  class-IL=1.0000 task-IL=1.0000
    ── stage 1: tcga_rcc
      epoch 1/5 n=616 mean_loss=0.4652
      epoch 2/5 n=616 mean_loss=0.3641
      epoch 3/5 n=616 mean_loss=0.2825
      epoch 4/5 n=616 mean_loss=0.2438
      epoch 5/5 n=616 mean_loss=0.2317
       記憶體 +616 → |M|=512
       eval tcga_esca  class-IL=1.0000 task-IL=1.0000
       eval tcga_rcc   class-IL=0.9605 task-IL=0.9605
    ── stage 2: tcga_brca
      epoch 1/5 n=763 mean_loss=0.8972
      epoch 2/5 n=763 mean_loss=0.7719
      epoch 3/5 n=763 mean_loss=0.8310
      epoch 4/5 n=763 mean_loss=0.7502
      epoch 5/5 n=763 mean_loss=0.7370
       記憶體 +763 → |M|=512
       eval tcga_esca  class-IL=0.8667 task-IL=1.0000
       eval tcga_rcc   class-IL=0.9342 task-IL=0.9474
       eval tcga_brca  class-IL=0.7419 task-IL=0.8387
    ── stage 3: tcga_lung
      epoch 1/5 n=774 mean_loss=1.4300
      epoch 2/5 n=774 mean_loss=1.3051
      epoch 3/5 n=774 mean_loss=1.3960
      epoch 4/5 n=774 mean_loss=1.1196
      epoch 5/5 n=774 mean_loss=1.1678
       記憶體 +774 → |M|=512
       eval tcga_esca  class-IL=0.4000 task-IL=1.0000
       eval tcga_rcc   class-IL=0.9079 task-IL=0.9474
       eval tcga_brca  class-IL=0.7742 task-IL=0.8710
       eval tcga_lung  class-IL=0.8105 task-IL=0.8421

→ outputs/exp3/sota_acc/EXP2.md
