Exp2  arms=['B1']  order=reverse  seeds=[4]  B=8 c=1 epochs=5 arch=flat alloc=per_budget prior=discriminative head=accumulating beta_u=0.1 replay_k=1 λ=(1.0,1.0,1.0)
  ▶ B1 (只 KD (λ_r=λ_eq=0)) seed=4
    ── stage 0: tcga_esca
      epoch 1/5 n=120 mean_loss=0.3262
      epoch 2/5 n=120 mean_loss=0.0376
      epoch 3/5 n=120 mean_loss=0.0349
      epoch 4/5 n=120 mean_loss=0.0801
      epoch 5/5 n=120 mean_loss=0.0328
       記憶體 +120 → |M|=120
       eval tcga_esca  class-IL=0.9333 task-IL=0.9333
    ── stage 1: tcga_rcc
      epoch 1/5 n=616 mean_loss=0.2776
      epoch 2/5 n=616 mean_loss=0.2221
      epoch 3/5 n=616 mean_loss=0.2044
      epoch 4/5 n=616 mean_loss=0.1113
      epoch 5/5 n=616 mean_loss=0.1030
       記憶體 +616 → |M|=512
       eval tcga_esca  class-IL=0.9333 task-IL=0.9333
       eval tcga_rcc   class-IL=0.9605 task-IL=0.9605
    ── stage 2: tcga_brca
      epoch 1/5 n=763 mean_loss=0.4096
      epoch 2/5 n=763 mean_loss=0.3199
      epoch 3/5 n=763 mean_loss=0.3546
      epoch 4/5 n=763 mean_loss=0.3014
      epoch 5/5 n=763 mean_loss=0.2974
       記憶體 +763 → |M|=512
       eval tcga_esca  class-IL=0.2667 task-IL=0.8000
       eval tcga_rcc   class-IL=0.7500 task-IL=0.8947
       eval tcga_brca  class-IL=0.9032 task-IL=0.9032
    ── stage 3: tcga_lung
      epoch 1/5 n=774 mean_loss=0.6937
      epoch 2/5 n=774 mean_loss=0.4442
      epoch 3/5 n=774 mean_loss=0.4099
      epoch 4/5 n=774 mean_loss=0.4156
      epoch 5/5 n=774 mean_loss=0.3800
       記憶體 +774 → |M|=512
       eval tcga_esca  class-IL=0.3333 task-IL=0.8667
       eval tcga_rcc   class-IL=0.7237 task-IL=0.8947
       eval tcga_brca  class-IL=0.6559 task-IL=0.8172
       eval tcga_lung  class-IL=0.8737 task-IL=0.8947

→ outputs/exp3/ablation_acc/EXP2.md
