Exp2  arms=['B1']  order=reverse  seeds=[0]  B=8 c=1 epochs=5 arch=flat alloc=per_budget prior=discriminative head=fixed beta_u=0.1 replay_k=1 λ=(1.0,1.0,1.0)
  ▶ B1 (只 KD (λ_r=λ_eq=0)) seed=0
    ── stage 0: tcga_esca
      epoch 1/5 n=120 mean_loss=0.5796
      epoch 2/5 n=120 mean_loss=0.1847
      epoch 3/5 n=120 mean_loss=0.0653
      epoch 4/5 n=120 mean_loss=0.0417
      epoch 5/5 n=120 mean_loss=0.1188
       記憶體 +120 → |M|=120
       eval tcga_esca  class-IL=0.8000 task-IL=0.8667
    ── stage 1: tcga_rcc
      epoch 1/5 n=616 mean_loss=0.3828
      epoch 2/5 n=616 mean_loss=0.2346
      epoch 3/5 n=616 mean_loss=0.2436
      epoch 4/5 n=616 mean_loss=0.1940
      epoch 5/5 n=616 mean_loss=0.2241
       記憶體 +616 → |M|=512
       eval tcga_esca  class-IL=0.8000 task-IL=0.8667
       eval tcga_rcc   class-IL=0.9474 task-IL=0.9474
    ── stage 2: tcga_brca
      epoch 1/5 n=763 mean_loss=0.5376
      epoch 2/5 n=763 mean_loss=0.3748
      epoch 3/5 n=763 mean_loss=0.3592
      epoch 4/5 n=763 mean_loss=0.3138
      epoch 5/5 n=763 mean_loss=0.3585
       記憶體 +763 → |M|=512
       eval tcga_esca  class-IL=0.5333 task-IL=0.8000
       eval tcga_rcc   class-IL=0.4868 task-IL=0.9342
       eval tcga_brca  class-IL=0.8710 task-IL=0.8817
    ── stage 3: tcga_lung
      epoch 1/5 n=774 mean_loss=0.5903
      epoch 2/5 n=774 mean_loss=0.4906
      epoch 3/5 n=774 mean_loss=0.4535
      epoch 4/5 n=774 mean_loss=0.3796
      epoch 5/5 n=774 mean_loss=0.3566
       記憶體 +774 → |M|=512
       eval tcga_esca  class-IL=0.3333 task-IL=0.8667
       eval tcga_rcc   class-IL=0.4079 task-IL=0.8947
       eval tcga_brca  class-IL=0.4731 task-IL=0.8710
       eval tcga_lung  class-IL=0.8526 task-IL=0.8526

→ outputs/exp3/ablation_fixed/EXP2.md
