Exp2  arms=['A4']  order=reverse  seeds=[0]  B=8 c=1 epochs=5 arch=flat alloc=per_budget prior=discriminative head=accumulating beta_u=0.1 replay_k=1 λ=(1.0,1.0,1.0)
  ▶ A4 (+ Replay + KD) seed=0
    ── stage 0: tcga_esca
      epoch 1/5 n=120 mean_loss=0.4049
      epoch 2/5 n=120 mean_loss=0.1213
      epoch 3/5 n=120 mean_loss=0.0553
      epoch 4/5 n=120 mean_loss=0.0247
      epoch 5/5 n=120 mean_loss=0.0207
       記憶體 +120 → |M|=120
       eval tcga_esca  class-IL=1.0000 task-IL=1.0000
    ── stage 1: tcga_rcc
      epoch 1/5 n=616 mean_loss=0.4207
      epoch 2/5 n=616 mean_loss=0.3750
      epoch 3/5 n=616 mean_loss=0.3067
      epoch 4/5 n=616 mean_loss=0.3194
      epoch 5/5 n=616 mean_loss=0.2546
       記憶體 +616 → |M|=512
       eval tcga_esca  class-IL=1.0000 task-IL=1.0000
       eval tcga_rcc   class-IL=0.9605 task-IL=0.9605
    ── stage 2: tcga_brca
      epoch 1/5 n=763 mean_loss=1.0632
      epoch 2/5 n=763 mean_loss=0.9475
      epoch 3/5 n=763 mean_loss=0.7820
      epoch 4/5 n=763 mean_loss=0.7930
      epoch 5/5 n=763 mean_loss=0.8422
       記憶體 +763 → |M|=512
       eval tcga_esca  class-IL=0.6000 task-IL=0.8667
       eval tcga_rcc   class-IL=0.9474 task-IL=0.9605
       eval tcga_brca  class-IL=0.8280 task-IL=0.8495
    ── stage 3: tcga_lung
      epoch 1/5 n=774 mean_loss=1.5208
      epoch 2/5 n=774 mean_loss=1.2644
      epoch 3/5 n=774 mean_loss=1.0690
      epoch 4/5 n=774 mean_loss=1.1034
      epoch 5/5 n=774 mean_loss=1.1013
       記憶體 +774 → |M|=512
       eval tcga_esca  class-IL=0.6667 task-IL=0.9333
       eval tcga_rcc   class-IL=0.8816 task-IL=0.9474
       eval tcga_brca  class-IL=0.7849 task-IL=0.9032
       eval tcga_lung  class-IL=0.8526 task-IL=0.8737

→ outputs/exp3/ablation_acc/EXP2.md
