Exp2  arms=['A5']  order=reverse  seeds=[9]  B=4 c=1 epochs=5 arch=hier alloc=per_budget prior=discriminative head=accumulating uold=current beta_u=0.1 replay_k=1 λ=(1.0,1.0,1.0)
  ▶ A5 (Ours (Replay+KD+eq)) seed=9
    ── stage 0: tcga_esca
      epoch 1/5 n=121 mean_loss=0.2577
      epoch 2/5 n=121 mean_loss=0.2022
      epoch 3/5 n=121 mean_loss=0.0895
      epoch 4/5 n=121 mean_loss=0.0414
      epoch 5/5 n=121 mean_loss=0.0403
       記憶體 +121 → |M|=121
       eval tcga_esca  class-IL=1.0000 task-IL=1.0000
    ── stage 1: tcga_rcc
      epoch 1/5 n=612 mean_loss=0.6945
      epoch 2/5 n=612 mean_loss=0.4942
      epoch 3/5 n=612 mean_loss=0.4293
      epoch 4/5 n=612 mean_loss=0.3652
      epoch 5/5 n=612 mean_loss=0.3614
       記憶體 +612 → |M|=512
       eval tcga_esca  class-IL=1.0000 task-IL=1.0000
       eval tcga_rcc   class-IL=0.9136 task-IL=0.9136
    ── stage 2: tcga_brca
      epoch 1/5 n=760 mean_loss=1.2445
      epoch 2/5 n=760 mean_loss=1.0464
      epoch 3/5 n=760 mean_loss=0.8387
      epoch 4/5 n=760 mean_loss=0.9514
      epoch 5/5 n=760 mean_loss=1.0366
       記憶體 +760 → |M|=512
       eval tcga_esca  class-IL=0.6429 task-IL=0.9286
       eval tcga_rcc   class-IL=0.9383 task-IL=0.9383
       eval tcga_brca  class-IL=0.8990 task-IL=0.8990
    ── stage 3: tcga_lung
      epoch 1/5 n=762 mean_loss=2.1355
      epoch 2/5 n=762 mean_loss=1.7063
      epoch 3/5 n=762 mean_loss=1.5829
      epoch 4/5 n=762 mean_loss=1.4457
      epoch 5/5 n=762 mean_loss=1.5196
       記憶體 +762 → |M|=512
       eval tcga_esca  class-IL=0.6429 task-IL=0.9286
       eval tcga_rcc   class-IL=0.8765 task-IL=0.9259
       eval tcga_brca  class-IL=0.8485 task-IL=0.8788
       eval tcga_lung  class-IL=0.8152 task-IL=0.8370

→ outputs/exp3/sota_ucur_b4/EXP2.md
