Exp2  arms=['B2']  order=reverse  seeds=[0]  B=8 c=1 epochs=5 arch=flat alloc=per_budget prior=discriminative head=fixed beta_u=0.1 replay_k=1 λ=(1.0,1.0,1.0)
  ▶ B2 (只 eq (λ_r=λ_kd=0)) seed=0
    ── stage 0: tcga_esca
      epoch 1/5 n=120 mean_loss=0.5796
      epoch 2/5 n=120 mean_loss=0.1847
      epoch 3/5 n=120 mean_loss=0.0653
      epoch 4/5 n=120 mean_loss=0.0417
      epoch 5/5 n=120 mean_loss=0.1188
       記憶體 +120 → |M|=120
       eval tcga_esca  class-IL=0.8000 task-IL=0.8667
    ── stage 1: tcga_rcc
      epoch 1/5 n=616 mean_loss=0.5975
      epoch 2/5 n=616 mean_loss=0.3478
      epoch 3/5 n=616 mean_loss=0.3831
      epoch 4/5 n=616 mean_loss=0.3265
      epoch 5/5 n=616 mean_loss=0.2682
       記憶體 +616 → |M|=512
       eval tcga_esca  class-IL=0.8000 task-IL=0.9333
       eval tcga_rcc   class-IL=0.9474 task-IL=0.9474
    ── stage 2: tcga_brca
      epoch 1/5 n=763 mean_loss=0.9059
      epoch 2/5 n=763 mean_loss=0.8987
      epoch 3/5 n=763 mean_loss=0.7899
      epoch 4/5 n=763 mean_loss=0.8170
      epoch 5/5 n=763 mean_loss=0.6748
       記憶體 +763 → |M|=512
       eval tcga_esca  class-IL=0.8000 task-IL=0.9333
       eval tcga_rcc   class-IL=0.9474 task-IL=0.9474
       eval tcga_brca  class-IL=0.8280 task-IL=0.8710
    ── stage 3: tcga_lung
      epoch 1/5 n=774 mean_loss=1.3806
      epoch 2/5 n=774 mean_loss=1.1540
      epoch 3/5 n=774 mean_loss=0.9964
      epoch 4/5 n=774 mean_loss=0.9691
      epoch 5/5 n=774 mean_loss=0.9291
       記憶體 +774 → |M|=512
       eval tcga_esca  class-IL=0.6000 task-IL=0.9333
       eval tcga_rcc   class-IL=0.8947 task-IL=0.9474
       eval tcga_brca  class-IL=0.7419 task-IL=0.8925
       eval tcga_lung  class-IL=0.8105 task-IL=0.8316

→ outputs/exp3/ablation_fixed/EXP2.md
