Exp2  arms=['A5']  order=main  seeds=[2]  B=4 c=1 epochs=5 arch=hier alloc=per_budget prior=discriminative head=accumulating uold=current beta_u=0.1 replay_k=1 λ=(1.0,1.0,1.0)
  ▶ A5 (Ours (Replay+KD+eq)) seed=2
    ── stage 0: tcga_lung
      epoch 1/5 n=761 mean_loss=0.9632
      epoch 2/5 n=761 mean_loss=0.9927
      epoch 3/5 n=761 mean_loss=0.7788
      epoch 4/5 n=761 mean_loss=0.7884
      epoch 5/5 n=761 mean_loss=0.7542
       記憶體 +761 → |M|=512
       eval tcga_lung  class-IL=0.8421 task-IL=0.8421
    ── stage 1: tcga_brca
      epoch 1/5 n=764 mean_loss=3.0216
      epoch 2/5 n=764 mean_loss=2.2821
      epoch 3/5 n=764 mean_loss=2.0425
      epoch 4/5 n=764 mean_loss=1.6361
      epoch 5/5 n=764 mean_loss=1.5267
       記憶體 +764 → |M|=512
       eval tcga_lung  class-IL=0.8316 task-IL=0.8526
       eval tcga_brca  class-IL=0.8000 task-IL=0.8421
    ── stage 2: tcga_rcc
      epoch 1/5 n=613 mean_loss=2.2568
      epoch 2/5 n=613 mean_loss=1.8635
      epoch 3/5 n=613 mean_loss=1.7792
      epoch 4/5 n=613 mean_loss=1.7753
      epoch 5/5 n=613 mean_loss=1.8416
       記憶體 +613 → |M|=512
       eval tcga_lung  class-IL=0.7789 task-IL=0.8632
       eval tcga_brca  class-IL=0.7895 task-IL=0.8316
       eval tcga_rcc   class-IL=0.8642 task-IL=0.9136
    ── stage 3: tcga_esca
      epoch 1/5 n=120 mean_loss=2.3836
      epoch 2/5 n=120 mean_loss=2.1917
      epoch 3/5 n=120 mean_loss=2.2861
      epoch 4/5 n=120 mean_loss=2.1629
      epoch 5/5 n=120 mean_loss=2.1802
       記憶體 +120 → |M|=512
       eval tcga_lung  class-IL=0.7579 task-IL=0.8526
       eval tcga_brca  class-IL=0.7789 task-IL=0.8105
       eval tcga_rcc   class-IL=0.7654 task-IL=0.8519
       eval tcga_esca  class-IL=0.8667 task-IL=0.9333

→ outputs/exp3/sota_ucur_b4/EXP2.md
