Exp2  arms=['A2']  order=reverse  seeds=[4]  B=8 c=1 epochs=5 arch=flat alloc=per_budget prior=discriminative head=accumulating beta_u=0.1 replay_k=1 λ=(1.0,1.0,1.0)
  ▶ A2 (+ LoRA merge) seed=4
    ── stage 0: tcga_esca
      epoch 1/5 n=120 mean_loss=0.3262
      epoch 2/5 n=120 mean_loss=0.0376
      epoch 3/5 n=120 mean_loss=0.0349
      epoch 4/5 n=120 mean_loss=0.0801
      epoch 5/5 n=120 mean_loss=0.0328
       eval tcga_esca  class-IL=0.9333 task-IL=0.9333
    ── stage 1: tcga_rcc
      epoch 1/5 n=616 mean_loss=0.2631
      epoch 2/5 n=616 mean_loss=0.1971
      epoch 3/5 n=616 mean_loss=0.1772
      epoch 4/5 n=616 mean_loss=0.1464
      epoch 5/5 n=616 mean_loss=0.1487
       eval tcga_esca  class-IL=0.1333 task-IL=0.6000
       eval tcga_rcc   class-IL=0.9474 task-IL=0.9474
    ── stage 2: tcga_brca
      epoch 1/5 n=763 mean_loss=0.5374
      epoch 2/5 n=763 mean_loss=0.3388
      epoch 3/5 n=763 mean_loss=0.3328
      epoch 4/5 n=763 mean_loss=0.3113
      epoch 5/5 n=763 mean_loss=0.3294
       eval tcga_esca  class-IL=0.2000 task-IL=0.6000
       eval tcga_rcc   class-IL=0.4737 task-IL=0.8684
       eval tcga_brca  class-IL=0.8817 task-IL=0.8925
    ── stage 3: tcga_lung
      epoch 1/5 n=774 mean_loss=0.6504
      epoch 2/5 n=774 mean_loss=0.3553
      epoch 3/5 n=774 mean_loss=0.3829
      epoch 4/5 n=774 mean_loss=0.3400
      epoch 5/5 n=774 mean_loss=0.3211
       eval tcga_esca  class-IL=0.2000 task-IL=0.8667
       eval tcga_rcc   class-IL=0.1447 task-IL=0.5921
       eval tcga_brca  class-IL=0.0430 task-IL=0.7634
       eval tcga_lung  class-IL=0.8632 task-IL=0.8737

→ outputs/exp3/ablation_acc/EXP2.md
