Exp2  arms=['B2']  order=reverse  seeds=[2]  B=8 c=1 epochs=5 arch=flat alloc=per_budget prior=discriminative head=accumulating uold=current beta_u=0.1 replay_k=1 λ=(1.0,1.0,1.0)
  ▶ B2 (只 eq (λ_r=λ_kd=0)) seed=2
    ── stage 0: tcga_esca
      epoch 1/5 n=120 mean_loss=0.2250
      epoch 2/5 n=120 mean_loss=0.0264
      epoch 3/5 n=120 mean_loss=0.0172
      epoch 4/5 n=120 mean_loss=0.0701
      epoch 5/5 n=120 mean_loss=0.0354
       記憶體 +120 → |M|=120
       eval tcga_esca  class-IL=1.0000 task-IL=1.0000
    ── stage 1: tcga_rcc
      epoch 1/5 n=616 mean_loss=0.4558
      epoch 2/5 n=616 mean_loss=0.2873
      epoch 3/5 n=616 mean_loss=0.2136
      epoch 4/5 n=616 mean_loss=0.2486
      epoch 5/5 n=616 mean_loss=0.3106
       記憶體 +616 → |M|=512
       eval tcga_esca  class-IL=0.9333 task-IL=1.0000
       eval tcga_rcc   class-IL=0.9079 task-IL=0.9211
    ── stage 2: tcga_brca
      epoch 1/5 n=763 mean_loss=0.9111
      epoch 2/5 n=763 mean_loss=0.8724
      epoch 3/5 n=763 mean_loss=0.8602
      epoch 4/5 n=763 mean_loss=0.7415
      epoch 5/5 n=763 mean_loss=0.8093
       記憶體 +763 → |M|=512
       eval tcga_esca  class-IL=0.8667 task-IL=0.9333
       eval tcga_rcc   class-IL=0.9474 task-IL=0.9605
       eval tcga_brca  class-IL=0.8817 task-IL=0.8925
    ── stage 3: tcga_lung
      epoch 1/5 n=774 mean_loss=1.2282
      epoch 2/5 n=774 mean_loss=1.1178
      epoch 3/5 n=774 mean_loss=1.0119
      epoch 4/5 n=774 mean_loss=0.9636
      epoch 5/5 n=774 mean_loss=0.8869
       記憶體 +774 → |M|=512
       eval tcga_esca  class-IL=0.6000 task-IL=0.9333
       eval tcga_rcc   class-IL=0.8947 task-IL=0.9474
       eval tcga_brca  class-IL=0.7957 task-IL=0.8602
       eval tcga_lung  class-IL=0.8316 task-IL=0.8842

→ outputs/exp3/ablation_ucur/EXP2.md
