Exp2  arms=['A5']  order=reverse  seeds=[4]  B=8 c=1 epochs=5 arch=hier alloc=per_budget prior=discriminative head=accumulating uold=current beta_u=0.1 replay_k=1 λ=(1.0,1.0,1.0)
  ▶ A5 (Ours (Replay+KD+eq)) seed=4
    ── stage 0: tcga_esca
      epoch 1/5 n=119 mean_loss=0.5677
      epoch 2/5 n=119 mean_loss=0.1512
      epoch 3/5 n=119 mean_loss=0.0773
      epoch 4/5 n=119 mean_loss=0.0627
      epoch 5/5 n=119 mean_loss=0.0444
       記憶體 +119 → |M|=119
       eval tcga_esca  class-IL=1.0000 task-IL=1.0000
    ── stage 1: tcga_rcc
      epoch 1/5 n=613 mean_loss=0.3984
      epoch 2/5 n=613 mean_loss=0.3290
      epoch 3/5 n=613 mean_loss=0.2349
      epoch 4/5 n=613 mean_loss=0.2145
      epoch 5/5 n=613 mean_loss=0.2589
       記憶體 +613 → |M|=512
       eval tcga_esca  class-IL=1.0000 task-IL=1.0000
       eval tcga_rcc   class-IL=0.9103 task-IL=0.9103
    ── stage 2: tcga_brca
      epoch 1/5 n=762 mean_loss=1.2344
      epoch 2/5 n=762 mean_loss=0.8072
      epoch 3/5 n=762 mean_loss=0.8301
      epoch 4/5 n=762 mean_loss=0.6476
      epoch 5/5 n=762 mean_loss=0.6225
       記憶體 +762 → |M|=512
       eval tcga_esca  class-IL=0.9375 task-IL=1.0000
       eval tcga_rcc   class-IL=0.8974 task-IL=0.9103
       eval tcga_brca  class-IL=0.8723 task-IL=0.9468
    ── stage 3: tcga_lung
      epoch 1/5 n=756 mean_loss=1.4849
      epoch 2/5 n=756 mean_loss=1.2656
      epoch 3/5 n=756 mean_loss=1.2678
      epoch 4/5 n=756 mean_loss=1.0234
      epoch 5/5 n=756 mean_loss=0.9582
       記憶體 +756 → |M|=512
       eval tcga_esca  class-IL=0.8125 task-IL=1.0000
       eval tcga_rcc   class-IL=0.9103 task-IL=0.9103
       eval tcga_brca  class-IL=0.8511 task-IL=0.9255
       eval tcga_lung  class-IL=0.8393 task-IL=0.8571

→ outputs/exp3/sota_ucur/EXP2_hier.md
