Exp2  arms=['A5']  order=reverse  seeds=[2]  B=8 c=1 epochs=5 arch=hier alloc=per_budget prior=discriminative head=fixed beta_u=0.1 replay_k=1 λ=(1.0,1.0,1.0)
  ▶ A5 (Ours (Replay+KD+eq)) seed=2
    ── stage 0: tcga_esca
      epoch 1/5 n=120 mean_loss=0.4651
      epoch 2/5 n=120 mean_loss=0.1918
      epoch 3/5 n=120 mean_loss=0.1530
      epoch 4/5 n=120 mean_loss=0.1023
      epoch 5/5 n=120 mean_loss=0.0757
       記憶體 +120 → |M|=120
       eval tcga_esca  class-IL=0.9333 task-IL=0.9333
    ── stage 1: tcga_rcc
      epoch 1/5 n=613 mean_loss=0.6320
      epoch 2/5 n=613 mean_loss=0.4029
      epoch 3/5 n=613 mean_loss=0.3542
      epoch 4/5 n=613 mean_loss=0.3323
      epoch 5/5 n=613 mean_loss=0.4315
       記憶體 +613 → |M|=512
       eval tcga_esca  class-IL=0.8667 task-IL=0.9333
       eval tcga_rcc   class-IL=1.0000 task-IL=1.0000
    ── stage 2: tcga_brca
      epoch 1/5 n=764 mean_loss=1.1197
      epoch 2/5 n=764 mean_loss=0.9436
      epoch 3/5 n=764 mean_loss=1.1298
      epoch 4/5 n=764 mean_loss=0.8178
      epoch 5/5 n=764 mean_loss=0.7436
       記憶體 +764 → |M|=512
       eval tcga_esca  class-IL=1.0000 task-IL=1.0000
       eval tcga_rcc   class-IL=0.9877 task-IL=1.0000
       eval tcga_brca  class-IL=0.8842 task-IL=0.9158
    ── stage 3: tcga_lung
      epoch 1/5 n=761 mean_loss=2.2250
      epoch 2/5 n=761 mean_loss=1.7659
      epoch 3/5 n=761 mean_loss=1.7379
      epoch 4/5 n=761 mean_loss=1.4325
      epoch 5/5 n=761 mean_loss=1.5498
       記憶體 +761 → |M|=512
       eval tcga_esca  class-IL=0.8000 task-IL=1.0000
       eval tcga_rcc   class-IL=1.0000 task-IL=1.0000
       eval tcga_brca  class-IL=0.9158 task-IL=0.9474
       eval tcga_lung  class-IL=0.8105 task-IL=0.8526

→ outputs/exp3/sota_fixed/EXP2.md
