Exp2  arms=['A5']  order=main  seeds=[8]  B=4 c=1 epochs=5 arch=hier alloc=per_budget prior=discriminative head=accumulating uold=current beta_u=0.1 replay_k=1 λ=(1.0,1.0,1.0)
  ▶ A5 (Ours (Replay+KD+eq)) seed=8
    ── stage 0: tcga_lung
      epoch 1/5 n=777 mean_loss=0.8582
      epoch 2/5 n=777 mean_loss=0.6069
      epoch 3/5 n=777 mean_loss=0.7504
      epoch 4/5 n=777 mean_loss=0.8541
      epoch 5/5 n=777 mean_loss=0.8671
       記憶體 +777 → |M|=512
       eval tcga_lung  class-IL=0.8065 task-IL=0.8065
    ── stage 1: tcga_brca
      epoch 1/5 n=762 mean_loss=3.6134
      epoch 2/5 n=762 mean_loss=3.0188
      epoch 3/5 n=762 mean_loss=2.6308
      epoch 4/5 n=762 mean_loss=2.6073
      epoch 5/5 n=762 mean_loss=2.2993
       記憶體 +762 → |M|=512
       eval tcga_lung  class-IL=0.7957 task-IL=0.8280
       eval tcga_brca  class-IL=0.7188 task-IL=0.7500
    ── stage 2: tcga_rcc
      epoch 1/5 n=617 mean_loss=3.1968
      epoch 2/5 n=617 mean_loss=2.5326
      epoch 3/5 n=617 mean_loss=2.8389
      epoch 4/5 n=617 mean_loss=2.7560
      epoch 5/5 n=617 mean_loss=2.2786
       記憶體 +617 → |M|=512
       eval tcga_lung  class-IL=0.7312 task-IL=0.7957
       eval tcga_brca  class-IL=0.7188 task-IL=0.7500
       eval tcga_rcc   class-IL=0.8684 task-IL=0.9211
    ── stage 3: tcga_esca
      epoch 1/5 n=120 mean_loss=4.0670
      epoch 2/5 n=120 mean_loss=2.8923
      epoch 3/5 n=120 mean_loss=2.9226
      epoch 4/5 n=120 mean_loss=2.4853
      epoch 5/5 n=120 mean_loss=2.6579
       記憶體 +120 → |M|=512
       eval tcga_lung  class-IL=0.5806 task-IL=0.8065
       eval tcga_brca  class-IL=0.7083 task-IL=0.7604
       eval tcga_rcc   class-IL=0.8421 task-IL=0.8816
       eval tcga_esca  class-IL=0.6667 task-IL=0.8667

→ outputs/exp3/sota_ucur_b4/EXP2.md
