Exp2  arms=['A5']  order=reverse  seeds=[2]  B=8 c=1 epochs=5 arch=hier alloc=per_budget prior=discriminative head=accumulating beta_u=0.1 replay_k=1 λ=(1.0,1.0,1.0)
  ▶ A5 (Ours (Replay+KD+eq)) seed=2
    ── stage 0: tcga_esca
      epoch 1/5 n=120 mean_loss=0.2085
      epoch 2/5 n=120 mean_loss=0.0887
      epoch 3/5 n=120 mean_loss=0.0416
      epoch 4/5 n=120 mean_loss=0.0280
      epoch 5/5 n=120 mean_loss=0.0168
       記憶體 +120 → |M|=120
       eval tcga_esca  class-IL=1.0000 task-IL=1.0000
    ── stage 1: tcga_rcc
      epoch 1/5 n=613 mean_loss=0.3758
      epoch 2/5 n=613 mean_loss=0.3438
      epoch 3/5 n=613 mean_loss=0.3340
      epoch 4/5 n=613 mean_loss=0.2647
      epoch 5/5 n=613 mean_loss=0.2980
       記憶體 +613 → |M|=512
       eval tcga_esca  class-IL=1.0000 task-IL=1.0000
       eval tcga_rcc   class-IL=0.9877 task-IL=0.9877
    ── stage 2: tcga_brca
      epoch 1/5 n=764 mean_loss=0.9904
      epoch 2/5 n=764 mean_loss=0.9680
      epoch 3/5 n=764 mean_loss=1.0149
      epoch 4/5 n=764 mean_loss=0.7132
      epoch 5/5 n=764 mean_loss=0.8250
       記憶體 +764 → |M|=512
       eval tcga_esca  class-IL=0.8667 task-IL=1.0000
       eval tcga_rcc   class-IL=0.9753 task-IL=0.9877
       eval tcga_brca  class-IL=0.9158 task-IL=0.9474
    ── stage 3: tcga_lung
      epoch 1/5 n=761 mean_loss=1.5949
      epoch 2/5 n=761 mean_loss=1.4463
      epoch 3/5 n=761 mean_loss=1.5521
      epoch 4/5 n=761 mean_loss=1.1837
      epoch 5/5 n=761 mean_loss=1.2954
       記憶體 +761 → |M|=512
       eval tcga_esca  class-IL=0.4000 task-IL=1.0000
       eval tcga_rcc   class-IL=0.9753 task-IL=0.9877
       eval tcga_brca  class-IL=0.9053 task-IL=0.9579
       eval tcga_lung  class-IL=0.8737 task-IL=0.8947

→ outputs/exp3/sota_acc/EXP2.md
