Exp2  arms=['A5']  order=main  seeds=[1]  B=8 c=1 epochs=5 arch=flat alloc=per_budget prior=discriminative head=fixed beta_u=0.1 replay_k=1 λ=(1.0,1.0,1.0)
  ▶ A5 (Ours (Replay+KD+eq)) seed=1
    ── stage 0: tcga_lung
      epoch 1/5 n=774 mean_loss=0.6066
      epoch 2/5 n=774 mean_loss=0.3879
      epoch 3/5 n=774 mean_loss=0.3768
      epoch 4/5 n=774 mean_loss=0.3605
      epoch 5/5 n=774 mean_loss=0.3413
       記憶體 +774 → |M|=512
       eval tcga_lung  class-IL=0.8421 task-IL=0.8421
    ── stage 1: tcga_brca
      epoch 1/5 n=763 mean_loss=1.4355
      epoch 2/5 n=763 mean_loss=1.1492
      epoch 3/5 n=763 mean_loss=1.1256
      epoch 4/5 n=763 mean_loss=1.2977
      epoch 5/5 n=763 mean_loss=1.1549
       記憶體 +763 → |M|=512
       eval tcga_lung  class-IL=0.7895 task-IL=0.8105
       eval tcga_brca  class-IL=0.7849 task-IL=0.8387
    ── stage 2: tcga_rcc
      epoch 1/5 n=616 mean_loss=1.7195
      epoch 2/5 n=616 mean_loss=1.1083
      epoch 3/5 n=616 mean_loss=1.2310
      epoch 4/5 n=616 mean_loss=1.2761
      epoch 5/5 n=616 mean_loss=0.9881
       記憶體 +616 → |M|=512
       eval tcga_lung  class-IL=0.8211 task-IL=0.8526
       eval tcga_brca  class-IL=0.7849 task-IL=0.8602
       eval tcga_rcc   class-IL=0.9474 task-IL=0.9605
    ── stage 3: tcga_esca
      epoch 1/5 n=120 mean_loss=2.9422
      epoch 2/5 n=120 mean_loss=2.0462
      epoch 3/5 n=120 mean_loss=1.7431
      epoch 4/5 n=120 mean_loss=1.3442
      epoch 5/5 n=120 mean_loss=1.3471
       記憶體 +120 → |M|=512
       eval tcga_lung  class-IL=0.6421 task-IL=0.8421
       eval tcga_brca  class-IL=0.7527 task-IL=0.8710
       eval tcga_rcc   class-IL=0.9474 task-IL=0.9737
       eval tcga_esca  class-IL=0.8667 task-IL=0.9333

→ outputs/exp3/sota_fixed/EXP2.md
