Exp2  arms=['A3']  order=main  seeds=[4]  B=8 c=1 epochs=5 arch=flat alloc=per_budget prior=discriminative head=accumulating beta_u=0.1 replay_k=1 λ=(1.0,1.0,1.0)
  ▶ A3 (+ Replay) seed=4
    ── stage 0: tcga_lung
      epoch 1/5 n=756 mean_loss=0.6293
      epoch 2/5 n=756 mean_loss=0.3811
      epoch 3/5 n=756 mean_loss=0.3783
      epoch 4/5 n=756 mean_loss=0.3287
      epoch 5/5 n=756 mean_loss=0.2760
       記憶體 +756 → |M|=512
       eval tcga_lung  class-IL=0.8393 task-IL=0.8393
    ── stage 1: tcga_brca
      epoch 1/5 n=762 mean_loss=1.2016
      epoch 2/5 n=762 mean_loss=1.0347
      epoch 3/5 n=762 mean_loss=0.8502
      epoch 4/5 n=762 mean_loss=0.8497
      epoch 5/5 n=762 mean_loss=0.7199
       記憶體 +762 → |M|=512
       eval tcga_lung  class-IL=0.9107 task-IL=0.9196
       eval tcga_brca  class-IL=0.8511 task-IL=0.9255
    ── stage 2: tcga_rcc
      epoch 1/5 n=613 mean_loss=0.9162
      epoch 2/5 n=613 mean_loss=0.5862
      epoch 3/5 n=613 mean_loss=0.5310
      epoch 4/5 n=613 mean_loss=0.6215
      epoch 5/5 n=613 mean_loss=0.5433
       記憶體 +613 → |M|=512
       eval tcga_lung  class-IL=0.8929 task-IL=0.9107
       eval tcga_brca  class-IL=0.8830 task-IL=0.9468
       eval tcga_rcc   class-IL=0.8718 task-IL=0.8974
    ── stage 3: tcga_esca
      epoch 1/5 n=119 mean_loss=1.6269
      epoch 2/5 n=119 mean_loss=1.0729
      epoch 3/5 n=119 mean_loss=0.9139
      epoch 4/5 n=119 mean_loss=1.0185
      epoch 5/5 n=119 mean_loss=0.8506
       記憶體 +119 → |M|=512
       eval tcga_lung  class-IL=0.7232 task-IL=0.8482
       eval tcga_brca  class-IL=0.8085 task-IL=0.9043
       eval tcga_rcc   class-IL=0.8718 task-IL=0.8974
       eval tcga_esca  class-IL=0.9375 task-IL=0.9375

→ outputs/exp3/sota_acc/EXP2.md
