Exp2  arms=['A5']  order=main  seeds=[8]  B=8 c=1 epochs=5 arch=flat alloc=per_budget prior=discriminative head=accumulating uold=current beta_u=0.1 replay_k=1 λ=(1.0,1.0,1.0)
  ▶ A5 (Ours (Replay+KD+eq)) seed=8
    ── stage 0: tcga_lung
      epoch 1/5 n=777 mean_loss=0.5537
      epoch 2/5 n=777 mean_loss=0.3427
      epoch 3/5 n=777 mean_loss=0.3472
      epoch 4/5 n=777 mean_loss=0.2968
      epoch 5/5 n=777 mean_loss=0.3422
       記憶體 +777 → |M|=512
       eval tcga_lung  class-IL=0.8925 task-IL=0.8925
    ── stage 1: tcga_brca
      epoch 1/5 n=762 mean_loss=1.4846
      epoch 2/5 n=762 mean_loss=1.0817
      epoch 3/5 n=762 mean_loss=0.9717
      epoch 4/5 n=762 mean_loss=0.8319
      epoch 5/5 n=762 mean_loss=0.7088
       記憶體 +762 → |M|=512
       eval tcga_lung  class-IL=0.8280 task-IL=0.8817
       eval tcga_brca  class-IL=0.8438 task-IL=0.8542
    ── stage 2: tcga_rcc
      epoch 1/5 n=617 mean_loss=1.6229
      epoch 2/5 n=617 mean_loss=1.2190
      epoch 3/5 n=617 mean_loss=1.0762
      epoch 4/5 n=617 mean_loss=1.0594
      epoch 5/5 n=617 mean_loss=0.8679
       記憶體 +617 → |M|=512
       eval tcga_lung  class-IL=0.8172 task-IL=0.9032
       eval tcga_brca  class-IL=0.8542 task-IL=0.8646
       eval tcga_rcc   class-IL=0.8947 task-IL=0.9079
    ── stage 3: tcga_esca
      epoch 1/5 n=120 mean_loss=2.6353
      epoch 2/5 n=120 mean_loss=1.7997
      epoch 3/5 n=120 mean_loss=1.7071
      epoch 4/5 n=120 mean_loss=1.5622
      epoch 5/5 n=120 mean_loss=2.1665
       記憶體 +120 → |M|=512
       eval tcga_lung  class-IL=0.6667 task-IL=0.8817
       eval tcga_brca  class-IL=0.7500 task-IL=0.7917
       eval tcga_rcc   class-IL=0.8816 task-IL=0.8947
       eval tcga_esca  class-IL=0.7333 task-IL=0.9333

→ outputs/exp3/sota_ucur/EXP2.md
