Exp2  arms=['B1']  order=reverse  seeds=[3]  B=8 c=1 epochs=5 arch=flat alloc=per_budget prior=discriminative head=accumulating beta_u=0.1 replay_k=1 λ=(1.0,1.0,1.0)
  ▶ B1 (只 KD (λ_r=λ_eq=0)) seed=3
    ── stage 0: tcga_esca
      epoch 1/5 n=120 mean_loss=0.2726
      epoch 2/5 n=120 mean_loss=0.0528
      epoch 3/5 n=120 mean_loss=0.0201
      epoch 4/5 n=120 mean_loss=0.0132
      epoch 5/5 n=120 mean_loss=0.0154
       記憶體 +120 → |M|=120
       eval tcga_esca  class-IL=1.0000 task-IL=1.0000
    ── stage 1: tcga_rcc
      epoch 1/5 n=616 mean_loss=0.2895
      epoch 2/5 n=616 mean_loss=0.1601
      epoch 3/5 n=616 mean_loss=0.1481
      epoch 4/5 n=616 mean_loss=0.1823
      epoch 5/5 n=616 mean_loss=0.1616
       記憶體 +616 → |M|=512
       eval tcga_esca  class-IL=0.8000 task-IL=0.9333
       eval tcga_rcc   class-IL=0.9342 task-IL=0.9342
    ── stage 2: tcga_brca
      epoch 1/5 n=763 mean_loss=0.3945
      epoch 2/5 n=763 mean_loss=0.3462
      epoch 3/5 n=763 mean_loss=0.3323
      epoch 4/5 n=763 mean_loss=0.3029
      epoch 5/5 n=763 mean_loss=0.2895
       記憶體 +763 → |M|=512
       eval tcga_esca  class-IL=0.2667 task-IL=0.6667
       eval tcga_rcc   class-IL=0.2632 task-IL=0.7763
       eval tcga_brca  class-IL=0.9140 task-IL=0.9247
    ── stage 3: tcga_lung
      epoch 1/5 n=774 mean_loss=0.6496
      epoch 2/5 n=774 mean_loss=0.4927
      epoch 3/5 n=774 mean_loss=0.3921
      epoch 4/5 n=774 mean_loss=0.3934
      epoch 5/5 n=774 mean_loss=0.3997
       記憶體 +774 → |M|=512
       eval tcga_esca  class-IL=0.2000 task-IL=0.8000
       eval tcga_rcc   class-IL=0.1184 task-IL=0.5526
       eval tcga_brca  class-IL=0.3118 task-IL=0.7957
       eval tcga_lung  class-IL=0.8526 task-IL=0.8632

→ outputs/exp3/ablation_acc/EXP2.md
