Exp2  arms=['A5']  order=main  seeds=[5]  B=8 c=1 epochs=5 arch=flat alloc=per_budget prior=discriminative head=accumulating beta_u=0.1 replay_k=1 λ=(1.0,1.0,1.0)
  ▶ A5 (Ours (Replay+KD+eq)) seed=5
    ── stage 0: tcga_lung
      epoch 1/5 n=764 mean_loss=0.4447
      epoch 2/5 n=764 mean_loss=0.3599
      epoch 3/5 n=764 mean_loss=0.3498
      epoch 4/5 n=764 mean_loss=0.3123
      epoch 5/5 n=764 mean_loss=0.2843
       記憶體 +764 → |M|=512
       eval tcga_lung  class-IL=0.9167 task-IL=0.9167
    ── stage 1: tcga_brca
      epoch 1/5 n=763 mean_loss=1.5784
      epoch 2/5 n=763 mean_loss=1.3277
      epoch 3/5 n=763 mean_loss=1.0738
      epoch 4/5 n=763 mean_loss=1.1031
      epoch 5/5 n=763 mean_loss=1.0247
       記憶體 +763 → |M|=512
       eval tcga_lung  class-IL=0.8125 task-IL=0.8958
       eval tcga_brca  class-IL=0.9149 task-IL=0.9362
    ── stage 2: tcga_rcc
      epoch 1/5 n=619 mean_loss=1.3697
      epoch 2/5 n=619 mean_loss=1.0295
      epoch 3/5 n=619 mean_loss=1.1451
      epoch 4/5 n=619 mean_loss=1.1027
      epoch 5/5 n=619 mean_loss=0.8582
       記憶體 +619 → |M|=512
       eval tcga_lung  class-IL=0.8021 task-IL=0.9062
       eval tcga_brca  class-IL=0.9149 task-IL=0.9362
       eval tcga_rcc   class-IL=0.9459 task-IL=0.9730
    ── stage 3: tcga_esca
      epoch 1/5 n=120 mean_loss=1.7738
      epoch 2/5 n=120 mean_loss=1.7484
      epoch 3/5 n=120 mean_loss=2.2248
      epoch 4/5 n=120 mean_loss=1.3651
      epoch 5/5 n=120 mean_loss=1.1405
       記憶體 +120 → |M|=512
       eval tcga_lung  class-IL=0.7917 task-IL=0.9062
       eval tcga_brca  class-IL=0.7340 task-IL=0.8191
       eval tcga_rcc   class-IL=0.9324 task-IL=0.9324
       eval tcga_esca  class-IL=0.9333 task-IL=1.0000

→ outputs/exp3/sota_acc/EXP2.md
