Exp2  arms=['A5']  order=reverse  seeds=[6]  B=16 c=1 epochs=5 arch=hier alloc=per_budget prior=discriminative head=accumulating uold=current beta_u=0.1 replay_k=1 λ=(1.0,1.0,1.0)
  ▶ A5 (Ours (Replay+KD+eq)) seed=6
    ── stage 0: tcga_esca
      epoch 1/5 n=119 mean_loss=0.1401
      epoch 2/5 n=119 mean_loss=0.0853
      epoch 3/5 n=119 mean_loss=0.0475
      epoch 4/5 n=119 mean_loss=0.0408
      epoch 5/5 n=119 mean_loss=0.0384
       記憶體 +119 → |M|=119
       eval tcga_esca  class-IL=1.0000 task-IL=1.0000
    ── stage 1: tcga_rcc
      epoch 1/5 n=616 mean_loss=0.4154
      epoch 2/5 n=616 mean_loss=0.3248
      epoch 3/5 n=616 mean_loss=0.2435
      epoch 4/5 n=616 mean_loss=0.2522
      epoch 5/5 n=616 mean_loss=0.2292
       記憶體 +616 → |M|=512
       eval tcga_esca  class-IL=0.9375 task-IL=0.9375
       eval tcga_rcc   class-IL=0.9610 task-IL=0.9610
    ── stage 2: tcga_brca
      epoch 1/5 n=758 mean_loss=1.2176
      epoch 2/5 n=758 mean_loss=1.0155
      epoch 3/5 n=758 mean_loss=0.8906
      epoch 4/5 n=758 mean_loss=0.7173
      epoch 5/5 n=758 mean_loss=0.7589
       記憶體 +758 → |M|=512
       eval tcga_esca  class-IL=0.8750 task-IL=0.8750
       eval tcga_rcc   class-IL=0.9740 task-IL=0.9740
       eval tcga_brca  class-IL=0.8776 task-IL=0.8980
    ── stage 3: tcga_lung
      epoch 1/5 n=759 mean_loss=1.4801
      epoch 2/5 n=759 mean_loss=1.2586
      epoch 3/5 n=759 mean_loss=1.0120
      epoch 4/5 n=759 mean_loss=1.0156
      epoch 5/5 n=759 mean_loss=0.9434
       記憶體 +759 → |M|=512
       eval tcga_esca  class-IL=0.6875 task-IL=0.8125
       eval tcga_rcc   class-IL=0.9610 task-IL=0.9740
       eval tcga_brca  class-IL=0.8980 task-IL=0.9082
       eval tcga_lung  class-IL=0.8750 task-IL=0.9091

→ outputs/exp3/sota_ucur_b16/EXP2.md
