Exp2  arms=['A5']  order=reverse  seeds=[8]  B=8 c=1 epochs=5 arch=flat alloc=per_budget prior=discriminative head=accumulating uold=current beta_u=0.1 replay_k=1 λ=(1.0,1.0,1.0)
  ▶ A5 (Ours (Replay+KD+eq)) seed=8
    ── stage 0: tcga_esca
      epoch 1/5 n=120 mean_loss=0.3718
      epoch 2/5 n=120 mean_loss=0.0535
      epoch 3/5 n=120 mean_loss=0.0436
      epoch 4/5 n=120 mean_loss=0.0168
      epoch 5/5 n=120 mean_loss=0.0124
       記憶體 +120 → |M|=120
       eval tcga_esca  class-IL=0.8667 task-IL=0.8667
    ── stage 1: tcga_rcc
      epoch 1/5 n=617 mean_loss=0.3432
      epoch 2/5 n=617 mean_loss=0.3681
      epoch 3/5 n=617 mean_loss=0.3975
      epoch 4/5 n=617 mean_loss=0.3316
      epoch 5/5 n=617 mean_loss=0.2782
       記憶體 +617 → |M|=512
       eval tcga_esca  class-IL=0.8667 task-IL=0.8667
       eval tcga_rcc   class-IL=0.8816 task-IL=0.8816
    ── stage 2: tcga_brca
      epoch 1/5 n=762 mean_loss=1.0378
      epoch 2/5 n=762 mean_loss=1.1527
      epoch 3/5 n=762 mean_loss=0.9592
      epoch 4/5 n=762 mean_loss=0.7774
      epoch 5/5 n=762 mean_loss=0.7658
       記憶體 +762 → |M|=512
       eval tcga_esca  class-IL=0.8000 task-IL=0.8667
       eval tcga_rcc   class-IL=0.9079 task-IL=0.9211
       eval tcga_brca  class-IL=0.8438 task-IL=0.8438
    ── stage 3: tcga_lung
      epoch 1/5 n=777 mean_loss=1.4082
      epoch 2/5 n=777 mean_loss=1.3690
      epoch 3/5 n=777 mean_loss=1.2751
      epoch 4/5 n=777 mean_loss=1.2389
      epoch 5/5 n=777 mean_loss=1.2201
       記憶體 +777 → |M|=512
       eval tcga_esca  class-IL=0.5333 task-IL=0.8667
       eval tcga_rcc   class-IL=0.9079 task-IL=0.9211
       eval tcga_brca  class-IL=0.8229 task-IL=0.8438
       eval tcga_lung  class-IL=0.7419 task-IL=0.8495

→ outputs/exp3/sota_ucur/EXP2.md
