Exp2  arms=['A5']  order=main  seeds=[4]  B=8 c=1 epochs=5 arch=hier alloc=per_budget prior=discriminative head=accumulating beta_u=0.1 replay_k=1 λ=(1.0,1.0,1.0)
  ▶ A5 (Ours (Replay+KD+eq)) seed=4
    ── stage 0: tcga_lung
      epoch 1/5 n=756 mean_loss=0.8319
      epoch 2/5 n=756 mean_loss=0.3917
      epoch 3/5 n=756 mean_loss=0.4009
      epoch 4/5 n=756 mean_loss=0.3691
      epoch 5/5 n=756 mean_loss=0.4035
       記憶體 +756 → |M|=512
       eval tcga_lung  class-IL=0.8304 task-IL=0.8304
    ── stage 1: tcga_brca
      epoch 1/5 n=762 mean_loss=1.5847
      epoch 2/5 n=762 mean_loss=1.3969
      epoch 3/5 n=762 mean_loss=1.3214
      epoch 4/5 n=762 mean_loss=1.2471
      epoch 5/5 n=762 mean_loss=1.2749
       記憶體 +762 → |M|=512
       eval tcga_lung  class-IL=0.8661 task-IL=0.8750
       eval tcga_brca  class-IL=0.9255 task-IL=0.9468
    ── stage 2: tcga_rcc
      epoch 1/5 n=613 mean_loss=1.2418
      epoch 2/5 n=613 mean_loss=0.9587
      epoch 3/5 n=613 mean_loss=0.7677
      epoch 4/5 n=613 mean_loss=0.8618
      epoch 5/5 n=613 mean_loss=0.8504
       記憶體 +613 → |M|=512
       eval tcga_lung  class-IL=0.8482 task-IL=0.8571
       eval tcga_brca  class-IL=0.8936 task-IL=0.9468
       eval tcga_rcc   class-IL=0.8846 task-IL=0.8974
    ── stage 3: tcga_esca
      epoch 1/5 n=119 mean_loss=2.3547
      epoch 2/5 n=119 mean_loss=1.6423
      epoch 3/5 n=119 mean_loss=1.5032
      epoch 4/5 n=119 mean_loss=1.0461
      epoch 5/5 n=119 mean_loss=1.4981
       記憶體 +119 → |M|=512
       eval tcga_lung  class-IL=0.7143 task-IL=0.8214
       eval tcga_brca  class-IL=0.8191 task-IL=0.9255
       eval tcga_rcc   class-IL=0.8846 task-IL=0.8846
       eval tcga_esca  class-IL=1.0000 task-IL=1.0000

→ outputs/exp3/sota_acc/EXP2_hier.md
