Exp2  arms=['A5']  order=main  seeds=[1]  B=8 c=1 epochs=5 arch=hier alloc=per_budget prior=discriminative head=fixed beta_u=0.1 replay_k=1 λ=(1.0,1.0,1.0)
  ▶ A5 (Ours (Replay+KD+eq)) seed=1
    ── stage 0: tcga_lung
      epoch 1/5 n=774 mean_loss=0.6678
      epoch 2/5 n=774 mean_loss=0.4187
      epoch 3/5 n=774 mean_loss=0.4051
      epoch 4/5 n=774 mean_loss=0.3465
      epoch 5/5 n=774 mean_loss=0.3980
       記憶體 +774 → |M|=512
       eval tcga_lung  class-IL=0.8737 task-IL=0.8737
    ── stage 1: tcga_brca
      epoch 1/5 n=763 mean_loss=1.8933
      epoch 2/5 n=763 mean_loss=1.3637
      epoch 3/5 n=763 mean_loss=1.3943
      epoch 4/5 n=763 mean_loss=1.3407
      epoch 5/5 n=763 mean_loss=1.3280
       記憶體 +763 → |M|=512
       eval tcga_lung  class-IL=0.8737 task-IL=0.9053
       eval tcga_brca  class-IL=0.6774 task-IL=0.8387
    ── stage 2: tcga_rcc
      epoch 1/5 n=616 mean_loss=2.3286
      epoch 2/5 n=616 mean_loss=2.0463
      epoch 3/5 n=616 mean_loss=1.4282
      epoch 4/5 n=616 mean_loss=1.4321
      epoch 5/5 n=616 mean_loss=1.6903
       記憶體 +616 → |M|=512
       eval tcga_lung  class-IL=0.8526 task-IL=0.9053
       eval tcga_brca  class-IL=0.6882 task-IL=0.8065
       eval tcga_rcc   class-IL=0.9079 task-IL=0.9342
    ── stage 3: tcga_esca
      epoch 1/5 n=120 mean_loss=3.7998
      epoch 2/5 n=120 mean_loss=2.2588
      epoch 3/5 n=120 mean_loss=2.4722
      epoch 4/5 n=120 mean_loss=2.1598
      epoch 5/5 n=120 mean_loss=2.7386
       記憶體 +120 → |M|=512
       eval tcga_lung  class-IL=0.7579 task-IL=0.8737
       eval tcga_brca  class-IL=0.7312 task-IL=0.8495
       eval tcga_rcc   class-IL=0.9079 task-IL=0.9342
       eval tcga_esca  class-IL=0.7333 task-IL=0.9333

→ outputs/exp3/sota_fixed/EXP2_hier.md
