Exp2  arms=['A5']  order=reverse  seeds=[6]  B=8 c=1 epochs=5 arch=hier alloc=per_budget prior=discriminative head=accumulating beta_u=0.1 replay_k=1 λ=(1.0,1.0,1.0)
  ▶ A5 (Ours (Replay+KD+eq)) seed=6
    ── stage 0: tcga_esca
      epoch 1/5 n=119 mean_loss=0.1428
      epoch 2/5 n=119 mean_loss=0.0959
      epoch 3/5 n=119 mean_loss=0.0599
      epoch 4/5 n=119 mean_loss=0.0836
      epoch 5/5 n=119 mean_loss=0.0461
       記憶體 +119 → |M|=119
       eval tcga_esca  class-IL=1.0000 task-IL=1.0000
    ── stage 1: tcga_rcc
      epoch 1/5 n=616 mean_loss=0.4536
      epoch 2/5 n=616 mean_loss=0.3343
      epoch 3/5 n=616 mean_loss=0.2744
      epoch 4/5 n=616 mean_loss=0.2591
      epoch 5/5 n=616 mean_loss=0.2117
       記憶體 +616 → |M|=512
       eval tcga_esca  class-IL=0.9375 task-IL=0.9375
       eval tcga_rcc   class-IL=0.9221 task-IL=0.9351
    ── stage 2: tcga_brca
      epoch 1/5 n=758 mean_loss=1.3238
      epoch 2/5 n=758 mean_loss=1.0406
      epoch 3/5 n=758 mean_loss=0.9528
      epoch 4/5 n=758 mean_loss=0.8678
      epoch 5/5 n=758 mean_loss=0.8109
       記憶體 +758 → |M|=512
       eval tcga_esca  class-IL=0.6250 task-IL=0.8125
       eval tcga_rcc   class-IL=0.9610 task-IL=0.9740
       eval tcga_brca  class-IL=0.8980 task-IL=0.9082
    ── stage 3: tcga_lung
      epoch 1/5 n=759 mean_loss=1.9609
      epoch 2/5 n=759 mean_loss=1.4541
      epoch 3/5 n=759 mean_loss=1.3748
      epoch 4/5 n=759 mean_loss=1.4490
      epoch 5/5 n=759 mean_loss=1.4059
       記憶體 +759 → |M|=512
       eval tcga_esca  class-IL=0.5625 task-IL=0.8750
       eval tcga_rcc   class-IL=0.9740 task-IL=0.9870
       eval tcga_brca  class-IL=0.8673 task-IL=0.8776
       eval tcga_lung  class-IL=0.8182 task-IL=0.8977

→ outputs/exp3/sota_acc/EXP2.md
