Exp2  arms=['A5']  order=main  seeds=[5]  B=8 c=1 epochs=5 arch=hier alloc=per_budget prior=discriminative head=accumulating beta_u=0.1 replay_k=1 λ=(1.0,1.0,1.0)
  ▶ A5 (Ours (Replay+KD+eq)) seed=5
    ── stage 0: tcga_lung
      epoch 1/5 n=764 mean_loss=0.5780
      epoch 2/5 n=764 mean_loss=0.3549
      epoch 3/5 n=764 mean_loss=0.3144
      epoch 4/5 n=764 mean_loss=0.3063
      epoch 5/5 n=764 mean_loss=0.3543
       記憶體 +764 → |M|=512
       eval tcga_lung  class-IL=0.9167 task-IL=0.9167
    ── stage 1: tcga_brca
      epoch 1/5 n=763 mean_loss=1.8877
      epoch 2/5 n=763 mean_loss=1.2907
      epoch 3/5 n=763 mean_loss=1.2483
      epoch 4/5 n=763 mean_loss=1.2410
      epoch 5/5 n=763 mean_loss=1.1702
       記憶體 +763 → |M|=512
       eval tcga_lung  class-IL=0.8438 task-IL=0.8958
       eval tcga_brca  class-IL=0.8830 task-IL=0.9149
    ── stage 2: tcga_rcc
      epoch 1/5 n=619 mean_loss=1.6993
      epoch 2/5 n=619 mean_loss=1.3595
      epoch 3/5 n=619 mean_loss=1.3188
      epoch 4/5 n=619 mean_loss=1.3983
      epoch 5/5 n=619 mean_loss=1.1965
       記憶體 +619 → |M|=512
       eval tcga_lung  class-IL=0.8333 task-IL=0.8854
       eval tcga_brca  class-IL=0.8617 task-IL=0.9043
       eval tcga_rcc   class-IL=0.9595 task-IL=0.9730
    ── stage 3: tcga_esca
      epoch 1/5 n=120 mean_loss=2.4007
      epoch 2/5 n=120 mean_loss=2.2073
      epoch 3/5 n=120 mean_loss=2.0160
      epoch 4/5 n=120 mean_loss=1.3583
      epoch 5/5 n=120 mean_loss=1.2224
       記憶體 +120 → |M|=512
       eval tcga_lung  class-IL=0.7708 task-IL=0.9271
       eval tcga_brca  class-IL=0.8191 task-IL=0.9149
       eval tcga_rcc   class-IL=0.9595 task-IL=0.9730
       eval tcga_esca  class-IL=1.0000 task-IL=1.0000

→ outputs/exp3/sota_acc/EXP2_hier.md
